[2022-07-20T09:40:09.814+0000][7][gc] Using G1
[2022-07-20T09:40:09.861+0000][7][gc,init] Version: 17.0.1+12 (release)
[2022-07-20T09:40:09.861+0000][7][gc,init] CPUs: 4 total, 4 available
[2022-07-20T09:40:09.861+0000][7][gc,init] Memory: 7848M
[2022-07-20T09:40:09.861+0000][7][gc,init] Large Page Support: Disabled
[2022-07-20T09:40:09.861+0000][7][gc,init] NUMA Support: Disabled
[2022-07-20T09:40:09.861+0000][7][gc,init] Compressed Oops: Enabled (32-bit)
[2022-07-20T09:40:09.861+0000][7][gc,init] Heap Region Size: 4M
[2022-07-20T09:40:09.861+0000][7][gc,init] Heap Min Capacity: 256M
[2022-07-20T09:40:09.861+0000][7][gc,init] Heap Initial Capacity: 256M
[2022-07-20T09:40:09.861+0000][7][gc,init] Heap Max Capacity: 256M
[2022-07-20T09:40:09.861+0000][7][gc,init] Pre-touch: Enabled
[2022-07-20T09:40:09.861+0000][7][gc,init] Parallel Workers: 4
[2022-07-20T09:40:09.861+0000][7][gc,init] Concurrent Workers: 1
[2022-07-20T09:40:09.861+0000][7][gc,init] Concurrent Refinement Workers: 4
[2022-07-20T09:40:09.861+0000][7][gc,init] Periodic GC: Disabled
[2022-07-20T09:40:09.861+0000][7][gc,metaspace] CDS archive(s) mapped at: [0x0000000800000000-0x0000000800bd1000-0x0000000800bd1000), size 12390400, SharedBaseAddress: 0x0000000800000000, ArchiveRelocationMode: 0.
[2022-07-20T09:40:09.861+0000][7][gc,metaspace] Compressed class space mapped at: 0x0000000800c00000-0x0000000840c00000, reserved size: 1073741824
[2022-07-20T09:40:09.861+0000][7][gc,metaspace] Narrow klass base: 0x0000000800000000, Narrow klass shift: 0, Narrow klass range: 0x100000000
[2022-07-20T09:40:10.142+0000][7][safepoint   ] Safepoint "ICBufferFull", Time since last: 275180758 ns, Reaching safepoint: 99229 ns, At safepoint: 3584 ns, Total: 102813 ns
[2022-07-20T09:40:10.143+0000][7][safepoint   ] Safepoint "ICBufferFull", Time since last: 1178785 ns, Reaching safepoint: 17948 ns, At safepoint: 3324 ns, Total: 21272 ns
[2022-07-20T09:40:10.158+0000][7][safepoint   ] Safepoint "ICBufferFull", Time since last: 15057550 ns, Reaching safepoint: 36837 ns, At safepoint: 3988 ns, Total: 40825 ns
[2022-07-20T09:40:10.173+0000][7][gc,start    ] GC(0) Pause Young (Normal) (G1 Evacuation Pause)
[2022-07-20T09:40:10.173+0000][7][gc,task     ] GC(0) Using 4 workers of 4 for evacuation
[2022-07-20T09:40:10.173+0000][7][gc,age      ] GC(0) Desired survivor size 2097152 bytes, new threshold 15 (max threshold 15)
[2022-07-20T09:40:10.175+0000][7][gc,age      ] GC(0) Age table with threshold 15 (max threshold 15)
[2022-07-20T09:40:10.175+0000][7][gc,age      ] GC(0) - age   1:    2797456 bytes,    2797456 total
[2022-07-20T09:40:10.175+0000][7][gc,phases   ] GC(0)   Pre Evacuate Collection Set: 0.0ms
[2022-07-20T09:40:10.175+0000][7][gc,phases   ] GC(0)   Merge Heap Roots: 0.0ms
[2022-07-20T09:40:10.175+0000][7][gc,phases   ] GC(0)   Evacuate Collection Set: 1.7ms
[2022-07-20T09:40:10.175+0000][7][gc,phases   ] GC(0)   Post Evacuate Collection Set: 0.3ms
[2022-07-20T09:40:10.175+0000][7][gc,phases   ] GC(0)   Other: 0.3ms
[2022-07-20T09:40:10.175+0000][7][gc,heap     ] GC(0) Eden regions: 3->0(2)
[2022-07-20T09:40:10.175+0000][7][gc,heap     ] GC(0) Survivor regions: 0->1(1)
[2022-07-20T09:40:10.175+0000][7][gc,heap     ] GC(0) Old regions: 0->0
[2022-07-20T09:40:10.175+0000][7][gc,heap     ] GC(0) Archive regions: 2->2
[2022-07-20T09:40:10.175+0000][7][gc,heap     ] GC(0) Humongous regions: 0->0
[2022-07-20T09:40:10.175+0000][7][gc,metaspace] GC(0) Metaspace: 3495K(3648K)->3495K(3648K) NonClass: 3146K(3200K)->3146K(3200K) Class: 348K(448K)->348K(448K)
[2022-07-20T09:40:10.175+0000][7][gc          ] GC(0) Pause Young (Normal) (G1 Evacuation Pause) 15M->6M(256M) 2.532ms
[2022-07-20T09:40:10.175+0000][7][gc,cpu      ] GC(0) User=0.00s Sys=0.00s Real=0.00s
[2022-07-20T09:40:10.175+0000][7][safepoint   ] Safepoint "G1CollectForAllocation", Time since last: 14717287 ns, Reaching safepoint: 36364 ns, At safepoint: 2657663 ns, Total: 2694027 ns
[2022-07-20T09:40:10.515+0000][7][gc,start    ] GC(1) Pause Young (Normal) (G1 Evacuation Pause)
[2022-07-20T09:40:10.515+0000][7][gc,task     ] GC(1) Using 4 workers of 4 for evacuation
[2022-07-20T09:40:10.515+0000][7][gc,age      ] GC(1) Desired survivor size 2097152 bytes, new threshold 1 (max threshold 15)
[2022-07-20T09:40:10.518+0000][7][gc,age      ] GC(1) Age table with threshold 1 (max threshold 15)
[2022-07-20T09:40:10.518+0000][7][gc,age      ] GC(1) - age   1:    1054888 bytes,    1054888 total
[2022-07-20T09:40:10.518+0000][7][gc,phases   ] GC(1)   Pre Evacuate Collection Set: 0.0ms
[2022-07-20T09:40:10.518+0000][7][gc,phases   ] GC(1)   Merge Heap Roots: 0.0ms
[2022-07-20T09:40:10.519+0000][7][gc,phases   ] GC(1)   Evacuate Collection Set: 2.9ms
[2022-07-20T09:40:10.519+0000][7][gc,phases   ] GC(1)   Post Evacuate Collection Set: 0.2ms
[2022-07-20T09:40:10.519+0000][7][gc,phases   ] GC(1)   Other: 0.2ms
[2022-07-20T09:40:10.519+0000][7][gc,heap     ] GC(1) Eden regions: 2->0(6)
[2022-07-20T09:40:10.519+0000][7][gc,heap     ] GC(1) Survivor regions: 1->1(1)
[2022-07-20T09:40:10.519+0000][7][gc,heap     ] GC(1) Old regions: 0->1
[2022-07-20T09:40:10.519+0000][7][gc,heap     ] GC(1) Archive regions: 2->2
[2022-07-20T09:40:10.519+0000][7][gc,heap     ] GC(1) Humongous regions: 0->0
[2022-07-20T09:40:10.519+0000][7][gc,metaspace] GC(1) Metaspace: 6505K(6720K)->6505K(6720K) NonClass: 5792K(5888K)->5792K(5888K) Class: 712K(832K)->712K(832K)
[2022-07-20T09:40:10.519+0000][7][gc          ] GC(1) Pause Young (Normal) (G1 Evacuation Pause) 14M->7M(256M) 3.386ms
[2022-07-20T09:40:10.519+0000][7][gc,cpu      ] GC(1) User=0.01s Sys=0.00s Real=0.00s
[2022-07-20T09:40:10.519+0000][7][safepoint   ] Safepoint "G1CollectForAllocation", Time since last: 339651259 ns, Reaching safepoint: 67615 ns, At safepoint: 3444889 ns, Total: 3512504 ns
[2022-07-20T09:40:10.990+0000][7][gc,start    ] GC(2) Pause Young (Normal) (G1 Evacuation Pause)
[2022-07-20T09:40:10.990+0000][7][gc,task     ] GC(2) Using 4 workers of 4 for evacuation
[2022-07-20T09:40:10.990+0000][7][gc,age      ] GC(2) Desired survivor size 2097152 bytes, new threshold 15 (max threshold 15)
[2022-07-20T09:40:10.994+0000][7][gc,age      ] GC(2) Age table with threshold 15 (max threshold 15)
[2022-07-20T09:40:10.994+0000][7][gc,age      ] GC(2) - age   1:    2006840 bytes,    2006840 total
[2022-07-20T09:40:10.995+0000][7][gc,age      ] GC(2) - age   2:     981512 bytes,    2988352 total
[2022-07-20T09:40:10.995+0000][7][gc,phases   ] GC(2)   Pre Evacuate Collection Set: 0.0ms
[2022-07-20T09:40:10.995+0000][7][gc,phases   ] GC(2)   Merge Heap Roots: 0.0ms
[2022-07-20T09:40:10.995+0000][7][gc,phases   ] GC(2)   Evacuate Collection Set: 4.5ms
[2022-07-20T09:40:10.995+0000][7][gc,phases   ] GC(2)   Post Evacuate Collection Set: 0.3ms
[2022-07-20T09:40:10.995+0000][7][gc,phases   ] GC(2)   Other: 0.2ms
[2022-07-20T09:40:10.995+0000][7][gc,heap     ] GC(2) Eden regions: 6->0(37)
[2022-07-20T09:40:10.995+0000][7][gc,heap     ] GC(2) Survivor regions: 1->1(1)
[2022-07-20T09:40:10.995+0000][7][gc,heap     ] GC(2) Old regions: 1->1
[2022-07-20T09:40:10.995+0000][7][gc,heap     ] GC(2) Archive regions: 2->2
[2022-07-20T09:40:10.995+0000][7][gc,heap     ] GC(2) Humongous regions: 0->0
[2022-07-20T09:40:10.995+0000][7][gc,metaspace] GC(2) Metaspace: 11279K(11520K)->11279K(11520K) NonClass: 9878K(9984K)->9878K(9984K) Class: 1401K(1536K)->1401K(1536K)
[2022-07-20T09:40:10.995+0000][7][gc          ] GC(2) Pause Young (Normal) (G1 Evacuation Pause) 31M->9M(256M) 5.198ms
[2022-07-20T09:40:10.995+0000][7][gc,cpu      ] GC(2) User=0.02s Sys=0.00s Real=0.01s
[2022-07-20T09:40:10.995+0000][7][safepoint   ] Safepoint "G1CollectForAllocation", Time since last: 470768243 ns, Reaching safepoint: 90242 ns, At safepoint: 5287610 ns, Total: 5377852 ns
[2022-07-20T09:40:11.209+0000][7][safepoint   ] Safepoint "ICBufferFull", Time since last: 213859638 ns, Reaching safepoint: 91355 ns, At safepoint: 4270 ns, Total: 95625 ns
[2022-07-20T09:40:12.209+0000][7][safepoint   ] Safepoint "Cleanup", Time since last: 1000180573 ns, Reaching safepoint: 332103 ns, At safepoint: 31526 ns, Total: 363629 ns
[2022-07-20T09:40:12.815+0000][7][gc,start    ] GC(3) Pause Young (Normal) (G1 Evacuation Pause)
[2022-07-20T09:40:12.815+0000][7][gc,task     ] GC(3) Using 4 workers of 4 for evacuation
[2022-07-20T09:40:12.815+0000][7][gc,age      ] GC(3) Desired survivor size 10485760 bytes, new threshold 15 (max threshold 15)
[2022-07-20T09:40:12.822+0000][7][gc,age      ] GC(3) Age table with threshold 15 (max threshold 15)
[2022-07-20T09:40:12.822+0000][7][gc,age      ] GC(3) - age   1:    3785016 bytes,    3785016 total
[2022-07-20T09:40:12.822+0000][7][gc,age      ] GC(3) - age   2:    1881512 bytes,    5666528 total
[2022-07-20T09:40:12.822+0000][7][gc,age      ] GC(3) - age   3:     975696 bytes,    6642224 total
[2022-07-20T09:40:12.822+0000][7][gc,phases   ] GC(3)   Pre Evacuate Collection Set: 0.0ms
[2022-07-20T09:40:12.822+0000][7][gc,phases   ] GC(3)   Merge Heap Roots: 0.0ms
[2022-07-20T09:40:12.822+0000][7][gc,phases   ] GC(3)   Evacuate Collection Set: 6.2ms
[2022-07-20T09:40:12.822+0000][7][gc,phases   ] GC(3)   Post Evacuate Collection Set: 0.5ms
[2022-07-20T09:40:12.822+0000][7][gc,phases   ] GC(3)   Other: 0.2ms
[2022-07-20T09:40:12.822+0000][7][gc,heap     ] GC(3) Eden regions: 37->0(36)
[2022-07-20T09:40:12.822+0000][7][gc,heap     ] GC(3) Survivor regions: 1->2(5)
[2022-07-20T09:40:12.822+0000][7][gc,heap     ] GC(3) Old regions: 1->1
[2022-07-20T09:40:12.822+0000][7][gc,heap     ] GC(3) Archive regions: 2->2
[2022-07-20T09:40:12.822+0000][7][gc,heap     ] GC(3) Humongous regions: 0->0
[2022-07-20T09:40:12.822+0000][7][gc,metaspace] GC(3) Metaspace: 16740K(17088K)->16740K(17088K) NonClass: 14769K(14976K)->14769K(14976K) Class: 1970K(2112K)->1970K(2112K)
[2022-07-20T09:40:12.822+0000][7][gc          ] GC(3) Pause Young (Normal) (G1 Evacuation Pause) 157M->13M(256M) 7.062ms
[2022-07-20T09:40:12.822+0000][7][gc,cpu      ] GC(3) User=0.02s Sys=0.00s Real=0.00s
[2022-07-20T09:40:12.822+0000][7][safepoint   ] Safepoint "G1CollectForAllocation", Time since last: 605176882 ns, Reaching safepoint: 164935 ns, At safepoint: 7124715 ns, Total: 7289650 ns
[2022-07-20T09:40:13.286+0000][7][gc,start    ] GC(4) Pause Young (Normal) (G1 Evacuation Pause)
[2022-07-20T09:40:13.286+0000][7][gc,task     ] GC(4) Using 4 workers of 4 for evacuation
[2022-07-20T09:40:13.287+0000][7][gc,age      ] GC(4) Desired survivor size 10485760 bytes, new threshold 15 (max threshold 15)
[2022-07-20T09:40:13.296+0000][7][gc,age      ] GC(4) Age table with threshold 15 (max threshold 15)
[2022-07-20T09:40:13.296+0000][7][gc,age      ] GC(4) - age   1:    3668952 bytes,    3668952 total
[2022-07-20T09:40:13.296+0000][7][gc,age      ] GC(4) - age   2:    3222672 bytes,    6891624 total
[2022-07-20T09:40:13.296+0000][7][gc,age      ] GC(4) - age   3:    1881032 bytes,    8772656 total
[2022-07-20T09:40:13.296+0000][7][gc,age      ] GC(4) - age   4:     975696 bytes,    9748352 total
[2022-07-20T09:40:13.296+0000][7][gc,phases   ] GC(4)   Pre Evacuate Collection Set: 0.0ms
[2022-07-20T09:40:13.296+0000][7][gc,phases   ] GC(4)   Merge Heap Roots: 0.0ms
[2022-07-20T09:40:13.296+0000][7][gc,phases   ] GC(4)   Evacuate Collection Set: 8.6ms
[2022-07-20T09:40:13.296+0000][7][gc,phases   ] GC(4)   Post Evacuate Collection Set: 0.5ms
[2022-07-20T09:40:13.296+0000][7][gc,phases   ] GC(4)   Other: 0.3ms
[2022-07-20T09:40:13.296+0000][7][gc,heap     ] GC(4) Eden regions: 36->0(35)
[2022-07-20T09:40:13.296+0000][7][gc,heap     ] GC(4) Survivor regions: 2->3(5)
[2022-07-20T09:40:13.296+0000][7][gc,heap     ] GC(4) Old regions: 1->1
[2022-07-20T09:40:13.296+0000][7][gc,heap     ] GC(4) Archive regions: 2->2
[2022-07-20T09:40:13.296+0000][7][gc,heap     ] GC(4) Humongous regions: 0->0
[2022-07-20T09:40:13.296+0000][7][gc,metaspace] GC(4) Metaspace: 20886K(21312K)->20886K(21312K) NonClass: 18388K(18624K)->18388K(18624K) Class: 2497K(2688K)->2497K(2688K)
[2022-07-20T09:40:13.296+0000][7][gc          ] GC(4) Pause Young (Normal) (G1 Evacuation Pause) 157M->16M(256M) 9.533ms
[2022-07-20T09:40:13.296+0000][7][gc,cpu      ] GC(4) User=0.04s Sys=0.00s Real=0.01s
[2022-07-20T09:40:13.296+0000][7][safepoint   ] Safepoint "G1CollectForAllocation", Time since last: 464556210 ns, Reaching safepoint: 147558 ns, At safepoint: 9595963 ns, Total: 9743521 ns
[2022-07-20T09:40:13.440+0000][7][gc,start    ] GC(5) Pause Young (Concurrent Start) (Metadata GC Threshold)
[2022-07-20T09:40:13.441+0000][7][gc,task     ] GC(5) Using 4 workers of 4 for evacuation
[2022-07-20T09:40:13.441+0000][7][gc,age      ] GC(5) Desired survivor size 10485760 bytes, new threshold 15 (max threshold 15)
[2022-07-20T09:40:13.450+0000][7][gc,age      ] GC(5) Age table with threshold 15 (max threshold 15)
[2022-07-20T09:40:13.450+0000][7][gc,age      ] GC(5) - age   1:     706600 bytes,     706600 total
[2022-07-20T09:40:13.450+0000][7][gc,age      ] GC(5) - age   2:    2821600 bytes,    3528200 total
[2022-07-20T09:40:13.450+0000][7][gc,age      ] GC(5) - age   3:    3220760 bytes,    6748960 total
[2022-07-20T09:40:13.450+0000][7][gc,age      ] GC(5) - age   4:    1881032 bytes,    8629992 total
[2022-07-20T09:40:13.450+0000][7][gc,age      ] GC(5) - age   5:     975696 bytes,    9605688 total
[2022-07-20T09:40:13.450+0000][7][gc,phases   ] GC(5)   Pre Evacuate Collection Set: 0.1ms
[2022-07-20T09:40:13.450+0000][7][gc,phases   ] GC(5)   Merge Heap Roots: 0.0ms
[2022-07-20T09:40:13.450+0000][7][gc,phases   ] GC(5)   Evacuate Collection Set: 8.4ms
[2022-07-20T09:40:13.450+0000][7][gc,phases   ] GC(5)   Post Evacuate Collection Set: 0.5ms
[2022-07-20T09:40:13.450+0000][7][gc,phases   ] GC(5)   Other: 0.3ms
[2022-07-20T09:40:13.450+0000][7][gc,heap     ] GC(5) Eden regions: 19->0(35)
[2022-07-20T09:40:13.450+0000][7][gc,heap     ] GC(5) Survivor regions: 3->3(5)
[2022-07-20T09:40:13.450+0000][7][gc,heap     ] GC(5) Old regions: 1->1
[2022-07-20T09:40:13.450+0000][7][gc,heap     ] GC(5) Archive regions: 2->2
[2022-07-20T09:40:13.450+0000][7][gc,heap     ] GC(5) Humongous regions: 0->0
[2022-07-20T09:40:13.450+0000][7][gc,metaspace] GC(5) Metaspace: 21150K(21504K)->21150K(21504K) NonClass: 18609K(18816K)->18609K(18816K) Class: 2541K(2688K)->2541K(2688K)
[2022-07-20T09:40:13.450+0000][7][gc          ] GC(5) Pause Young (Concurrent Start) (Metadata GC Threshold) 90M->16M(256M) 9.420ms
[2022-07-20T09:40:13.450+0000][7][gc,cpu      ] GC(5) User=0.03s Sys=0.00s Real=0.01s
[2022-07-20T09:40:13.450+0000][7][gc          ] GC(6) Concurrent Mark Cycle
[2022-07-20T09:40:13.450+0000][7][gc,marking  ] GC(6) Concurrent Clear Claimed Marks
[2022-07-20T09:40:13.450+0000][7][safepoint   ] Safepoint "CollectForMetadataAllocation", Time since last: 144378146 ns, Reaching safepoint: 43260 ns, At safepoint: 9570422 ns, Total: 9613682 ns
[2022-07-20T09:40:13.450+0000][7][gc,marking  ] GC(6) Concurrent Clear Claimed Marks 0.032ms
[2022-07-20T09:40:13.450+0000][7][gc,marking  ] GC(6) Concurrent Scan Root Regions
[2022-07-20T09:40:13.458+0000][7][gc,marking  ] GC(6) Concurrent Scan Root Regions 8.066ms
[2022-07-20T09:40:13.458+0000][7][gc,marking  ] GC(6) Concurrent Mark
[2022-07-20T09:40:13.458+0000][7][gc,marking  ] GC(6) Concurrent Mark From Roots
[2022-07-20T09:40:13.458+0000][7][gc,task     ] GC(6) Using 1 workers of 1 for marking
[2022-07-20T09:40:13.463+0000][7][gc,marking  ] GC(6) Concurrent Mark From Roots 5.181ms
[2022-07-20T09:40:13.463+0000][7][gc,marking  ] GC(6) Concurrent Preclean
[2022-07-20T09:40:13.464+0000][7][gc,marking  ] GC(6) Concurrent Preclean 0.095ms
[2022-07-20T09:40:13.464+0000][7][gc,start    ] GC(6) Pause Remark
[2022-07-20T09:40:13.468+0000][7][gc          ] GC(6) Pause Remark 18M->18M(256M) 3.992ms
[2022-07-20T09:40:13.468+0000][7][gc,cpu      ] GC(6) User=0.01s Sys=0.01s Real=0.01s
[2022-07-20T09:40:13.468+0000][7][safepoint   ] Safepoint "G1Concurrent", Time since last: 13574344 ns, Reaching safepoint: 233110 ns, At safepoint: 4086067 ns, Total: 4319177 ns
[2022-07-20T09:40:13.468+0000][7][gc,marking  ] GC(6) Concurrent Mark 9.750ms
[2022-07-20T09:40:13.468+0000][7][gc,marking  ] GC(6) Concurrent Rebuild Remembered Sets
[2022-07-20T09:40:13.471+0000][7][gc,marking  ] GC(6) Concurrent Rebuild Remembered Sets 2.533ms
[2022-07-20T09:40:13.471+0000][7][gc,start    ] GC(6) Pause Cleanup
[2022-07-20T09:40:13.471+0000][7][gc          ] GC(6) Pause Cleanup 18M->18M(256M) 0.070ms
[2022-07-20T09:40:13.471+0000][7][gc,cpu      ] GC(6) User=0.00s Sys=0.00s Real=0.00s
[2022-07-20T09:40:13.471+0000][7][safepoint   ] Safepoint "G1Concurrent", Time since last: 2686986 ns, Reaching safepoint: 90012 ns, At safepoint: 115417 ns, Total: 205429 ns
[2022-07-20T09:40:13.471+0000][7][gc,marking  ] GC(6) Concurrent Cleanup for Next Mark
[2022-07-20T09:40:13.472+0000][7][gc,marking  ] GC(6) Concurrent Cleanup for Next Mark 0.744ms
[2022-07-20T09:40:13.472+0000][7][gc          ] GC(6) Concurrent Mark Cycle 21.683ms
[2022-07-20T09:40:13.541+0000][7][safepoint   ] Safepoint "ICBufferFull", Time since last: 69863708 ns, Reaching safepoint: 47346 ns, At safepoint: 4730 ns, Total: 52076 ns
[2022-07-20T09:40:13.544+0000][7][safepoint   ] Safepoint "ICBufferFull", Time since last: 3254870 ns, Reaching safepoint: 23538 ns, At safepoint: 9383 ns, Total: 32921 ns
[2022-07-20T09:40:13.546+0000][7][safepoint   ] Safepoint "ICBufferFull", Time since last: 1823985 ns, Reaching safepoint: 32082 ns, At safepoint: 3171 ns, Total: 35253 ns
[2022-07-20T09:40:13.547+0000][7][safepoint   ] Safepoint "ICBufferFull", Time since last: 1099831 ns, Reaching safepoint: 20714 ns, At safepoint: 3112 ns, Total: 23826 ns
[2022-07-20T09:40:13.548+0000][7][safepoint   ] Safepoint "ICBufferFull", Time since last: 1163569 ns, Reaching safepoint: 16987 ns, At safepoint: 2856 ns, Total: 19843 ns
[2022-07-20T09:40:13.845+0000][7][gc,start    ] GC(7) Pause Young (Normal) (G1 Evacuation Pause)
[2022-07-20T09:40:13.845+0000][7][gc,task     ] GC(7) Using 4 workers of 4 for evacuation
[2022-07-20T09:40:13.845+0000][7][gc,age      ] GC(7) Desired survivor size 10485760 bytes, new threshold 15 (max threshold 15)
[2022-07-20T09:40:13.857+0000][7][gc,age      ] GC(7) Age table with threshold 15 (max threshold 15)
[2022-07-20T09:40:13.857+0000][7][gc,age      ] GC(7) - age   1:    2764624 bytes,    2764624 total
[2022-07-20T09:40:13.857+0000][7][gc,age      ] GC(7) - age   2:     696464 bytes,    3461088 total
[2022-07-20T09:40:13.857+0000][7][gc,age      ] GC(7) - age   3:    2820464 bytes,    6281552 total
[2022-07-20T09:40:13.857+0000][7][gc,age      ] GC(7) - age   4:    3214432 bytes,    9495984 total
[2022-07-20T09:40:13.857+0000][7][gc,age      ] GC(7) - age   5:    1878256 bytes,   11374240 total
[2022-07-20T09:40:13.857+0000][7][gc,age      ] GC(7) - age   6:     973680 bytes,   12347920 total
[2022-07-20T09:40:13.857+0000][7][gc,phases   ] GC(7)   Pre Evacuate Collection Set: 0.0ms
[2022-07-20T09:40:13.857+0000][7][gc,phases   ] GC(7)   Merge Heap Roots: 0.0ms
[2022-07-20T09:40:13.857+0000][7][gc,phases   ] GC(7)   Evacuate Collection Set: 11.8ms
[2022-07-20T09:40:13.858+0000][7][gc,phases   ] GC(7)   Post Evacuate Collection Set: 0.8ms
[2022-07-20T09:40:13.858+0000][7][gc,phases   ] GC(7)   Other: 0.3ms
[2022-07-20T09:40:13.858+0000][7][gc,heap     ] GC(7) Eden regions: 35->0(34)
[2022-07-20T09:40:13.858+0000][7][gc,heap     ] GC(7) Survivor regions: 3->4(5)
[2022-07-20T09:40:13.858+0000][7][gc,heap     ] GC(7) Old regions: 1->1
[2022-07-20T09:40:13.858+0000][7][gc,heap     ] GC(7) Archive regions: 2->2
[2022-07-20T09:40:13.858+0000][7][gc,heap     ] GC(7) Humongous regions: 0->0
[2022-07-20T09:40:13.858+0000][7][gc,metaspace] GC(7) Metaspace: 22756K(23168K)->22756K(23168K) NonClass: 19995K(20224K)->19995K(20224K) Class: 2761K(2944K)->2761K(2944K)
[2022-07-20T09:40:13.858+0000][7][gc          ] GC(7) Pause Young (Normal) (G1 Evacuation Pause) 156M->19M(256M) 13.071ms
[2022-07-20T09:40:13.858+0000][7][gc,cpu      ] GC(7) User=0.04s Sys=0.00s Real=0.01s
[2022-07-20T09:40:13.858+0000][7][safepoint   ] Safepoint "G1CollectForAllocation", Time since last: 296287593 ns, Reaching safepoint: 52949 ns, At safepoint: 13148191 ns, Total: 13201140 ns
[2022-07-20T09:40:14.063+0000][7][gc,start    ] GC(8) Pause Young (Normal) (G1 Evacuation Pause)
[2022-07-20T09:40:14.063+0000][7][gc,task     ] GC(8) Using 4 workers of 4 for evacuation
[2022-07-20T09:40:14.063+0000][7][gc,age      ] GC(8) Desired survivor size 10485760 bytes, new threshold 5 (max threshold 15)
[2022-07-20T09:40:14.071+0000][7][gc,age      ] GC(8) Age table with threshold 5 (max threshold 15)
[2022-07-20T09:40:14.071+0000][7][gc,age      ] GC(8) - age   1:    1356584 bytes,    1356584 total
[2022-07-20T09:40:14.071+0000][7][gc,age      ] GC(8) - age   2:    2026688 bytes,    3383272 total
[2022-07-20T09:40:14.071+0000][7][gc,age      ] GC(8) - age   3:     696464 bytes,    4079736 total
[2022-07-20T09:40:14.071+0000][7][gc,age      ] GC(8) - age   4:    2820464 bytes,    6900200 total
[2022-07-20T09:40:14.071+0000][7][gc,age      ] GC(8) - age   5:    3214368 bytes,   10114568 total
[2022-07-20T09:40:14.071+0000][7][gc,phases   ] GC(8)   Pre Evacuate Collection Set: 0.0ms
[2022-07-20T09:40:14.071+0000][7][gc,phases   ] GC(8)   Merge Heap Roots: 0.0ms
[2022-07-20T09:40:14.071+0000][7][gc,phases   ] GC(8)   Evacuate Collection Set: 8.1ms
[2022-07-20T09:40:14.071+0000][7][gc,phases   ] GC(8)   Post Evacuate Collection Set: 0.4ms
[2022-07-20T09:40:14.071+0000][7][gc,phases   ] GC(8)   Other: 0.2ms
[2022-07-20T09:40:14.071+0000][7][gc,heap     ] GC(8) Eden regions: 34->0(35)
[2022-07-20T09:40:14.071+0000][7][gc,heap     ] GC(8) Survivor regions: 4->3(5)
[2022-07-20T09:40:14.072+0000][7][gc,heap     ] GC(8) Old regions: 1->2
[2022-07-20T09:40:14.072+0000][7][gc,heap     ] GC(8) Archive regions: 2->2
[2022-07-20T09:40:14.072+0000][7][gc,heap     ] GC(8) Humongous regions: 0->0
[2022-07-20T09:40:14.072+0000][7][gc,metaspace] GC(8) Metaspace: 23111K(23488K)->23111K(23488K) NonClass: 20312K(20544K)->20312K(20544K) Class: 2799K(2944K)->2799K(2944K)
[2022-07-20T09:40:14.072+0000][7][gc          ] GC(8) Pause Young (Normal) (G1 Evacuation Pause) 155M->19M(256M) 8.877ms
[2022-07-20T09:40:14.072+0000][7][gc,cpu      ] GC(8) User=0.03s Sys=0.00s Real=0.01s
[2022-07-20T09:40:14.072+0000][7][safepoint   ] Safepoint "G1CollectForAllocation", Time since last: 204951066 ns, Reaching safepoint: 54011 ns, At safepoint: 8958015 ns, Total: 9012026 ns
[2022-07-20T09:40:14.256+0000][7][gc,start    ] GC(9) Pause Young (Normal) (G1 Evacuation Pause)
[2022-07-20T09:40:14.256+0000][7][gc,task     ] GC(9) Using 4 workers of 4 for evacuation
[2022-07-20T09:40:14.256+0000][7][gc,age      ] GC(9) Desired survivor size 10485760 bytes, new threshold 15 (max threshold 15)
[2022-07-20T09:40:14.263+0000][7][gc,age      ] GC(9) Age table with threshold 15 (max threshold 15)
[2022-07-20T09:40:14.263+0000][7][gc,age      ] GC(9) - age   1:     257576 bytes,     257576 total
[2022-07-20T09:40:14.263+0000][7][gc,age      ] GC(9) - age   2:     997856 bytes,    1255432 total
[2022-07-20T09:40:14.263+0000][7][gc,age      ] GC(9) - age   3:    2026400 bytes,    3281832 total
[2022-07-20T09:40:14.263+0000][7][gc,age      ] GC(9) - age   4:     696464 bytes,    3978296 total
[2022-07-20T09:40:14.263+0000][7][gc,age      ] GC(9) - age   5:    2820176 bytes,    6798472 total
[2022-07-20T09:40:14.263+0000][7][gc,age      ] GC(9) - age   6:    3214368 bytes,   10012840 total
[2022-07-20T09:40:14.263+0000][7][gc,phases   ] GC(9)   Pre Evacuate Collection Set: 0.0ms
[2022-07-20T09:40:14.264+0000][7][gc,phases   ] GC(9)   Merge Heap Roots: 0.0ms
[2022-07-20T09:40:14.264+0000][7][gc,phases   ] GC(9)   Evacuate Collection Set: 7.1ms
[2022-07-20T09:40:14.264+0000][7][gc,phases   ] GC(9)   Post Evacuate Collection Set: 0.6ms
[2022-07-20T09:40:14.264+0000][7][gc,phases   ] GC(9)   Other: 0.3ms
[2022-07-20T09:40:14.264+0000][7][gc,heap     ] GC(9) Eden regions: 35->0(35)
[2022-07-20T09:40:14.264+0000][7][gc,heap     ] GC(9) Survivor regions: 3->3(5)
[2022-07-20T09:40:14.264+0000][7][gc,heap     ] GC(9) Old regions: 2->2
[2022-07-20T09:40:14.264+0000][7][gc,heap     ] GC(9) Archive regions: 2->2
[2022-07-20T09:40:14.264+0000][7][gc,heap     ] GC(9) Humongous regions: 0->0
[2022-07-20T09:40:14.264+0000][7][gc,metaspace] GC(9) Metaspace: 23354K(23808K)->23354K(23808K) NonClass: 20513K(20800K)->20513K(20800K) Class: 2840K(3008K)->2840K(3008K)
[2022-07-20T09:40:14.264+0000][7][gc          ] GC(9) Pause Young (Normal) (G1 Evacuation Pause) 159M->20M(256M) 8.096ms
[2022-07-20T09:40:14.264+0000][7][gc,cpu      ] GC(9) User=0.03s Sys=0.00s Real=0.00s
[2022-07-20T09:40:14.264+0000][7][safepoint   ] Safepoint "G1CollectForAllocation", Time since last: 183791988 ns, Reaching safepoint: 82664 ns, At safepoint: 8195376 ns, Total: 8278040 ns
[2022-07-20T09:40:14.685+0000][7][gc,start    ] GC(10) Pause Young (Normal) (G1 Evacuation Pause)
[2022-07-20T09:40:14.685+0000][7][gc,task     ] GC(10) Using 4 workers of 4 for evacuation
[2022-07-20T09:40:14.685+0000][7][gc,age      ] GC(10) Desired survivor size 10485760 bytes, new threshold 15 (max threshold 15)
[2022-07-20T09:40:14.694+0000][7][gc,age      ] GC(10) Age table with threshold 15 (max threshold 15)
[2022-07-20T09:40:14.694+0000][7][gc,age      ] GC(10) - age   1:    2785400 bytes,    2785400 total
[2022-07-20T09:40:14.694+0000][7][gc,age      ] GC(10) - age   2:     249136 bytes,    3034536 total
[2022-07-20T09:40:14.694+0000][7][gc,age      ] GC(10) - age   3:     997672 bytes,    4032208 total
[2022-07-20T09:40:14.694+0000][7][gc,age      ] GC(10) - age   4:    2024616 bytes,    6056824 total
[2022-07-20T09:40:14.694+0000][7][gc,age      ] GC(10) - age   5:     693696 bytes,    6750520 total
[2022-07-20T09:40:14.694+0000][7][gc,age      ] GC(10) - age   6:    2818176 bytes,    9568696 total
[2022-07-20T09:40:14.694+0000][7][gc,age      ] GC(10) - age   7:    3190664 bytes,   12759360 total
[2022-07-20T09:40:14.694+0000][7][gc,phases   ] GC(10)   Pre Evacuate Collection Set: 0.0ms
[2022-07-20T09:40:14.694+0000][7][gc,phases   ] GC(10)   Merge Heap Roots: 0.0ms
[2022-07-20T09:40:14.694+0000][7][gc,phases   ] GC(10)   Evacuate Collection Set: 7.8ms
[2022-07-20T09:40:14.694+0000][7][gc,phases   ] GC(10)   Post Evacuate Collection Set: 0.5ms
[2022-07-20T09:40:14.694+0000][7][gc,phases   ] GC(10)   Other: 0.2ms
[2022-07-20T09:40:14.694+0000][7][gc,heap     ] GC(10) Eden regions: 35->0(34)
[2022-07-20T09:40:14.694+0000][7][gc,heap     ] GC(10) Survivor regions: 3->4(5)
[2022-07-20T09:40:14.694+0000][7][gc,heap     ] GC(10) Old regions: 2->2
[2022-07-20T09:40:14.694+0000][7][gc,heap     ] GC(10) Archive regions: 2->2
[2022-07-20T09:40:14.694+0000][7][gc,heap     ] GC(10) Humongous regions: 0->0
[2022-07-20T09:40:14.694+0000][7][gc,metaspace] GC(10) Metaspace: 28156K(28672K)->28156K(28672K) NonClass: 24761K(25088K)->24761K(25088K) Class: 3395K(3584K)->3395K(3584K)
[2022-07-20T09:40:14.694+0000][7][gc          ] GC(10) Pause Young (Normal) (G1 Evacuation Pause) 160M->22M(256M) 8.681ms
[2022-07-20T09:40:14.694+0000][7][gc,cpu      ] GC(10) User=0.03s Sys=0.00s Real=0.01s
[2022-07-20T09:40:14.694+0000][7][safepoint   ] Safepoint "G1CollectForAllocation", Time since last: 421264240 ns, Reaching safepoint: 156186 ns, At safepoint: 8747439 ns, Total: 8903625 ns
[2022-07-20T09:40:14.888+0000][7][gc,start    ] GC(11) Pause Young (Normal) (G1 Evacuation Pause)
[2022-07-20T09:40:14.888+0000][7][gc,task     ] GC(11) Using 4 workers of 4 for evacuation
[2022-07-20T09:40:14.888+0000][7][gc,age      ] GC(11) Desired survivor size 10485760 bytes, new threshold 7 (max threshold 15)
[2022-07-20T09:40:14.897+0000][7][gc,age      ] GC(11) Age table with threshold 7 (max threshold 15)
[2022-07-20T09:40:14.897+0000][7][gc,age      ] GC(11) - age   1:     356928 bytes,     356928 total
[2022-07-20T09:40:14.897+0000][7][gc,age      ] GC(11) - age   2:    2753440 bytes,    3110368 total
[2022-07-20T09:40:14.897+0000][7][gc,age      ] GC(11) - age   3:     249136 bytes,    3359504 total
[2022-07-20T09:40:14.897+0000][7][gc,age      ] GC(11) - age   4:     997672 bytes,    4357176 total
[2022-07-20T09:40:14.897+0000][7][gc,age      ] GC(11) - age   5:    2024616 bytes,    6381792 total
[2022-07-20T09:40:14.897+0000][7][gc,age      ] GC(11) - age   6:     693696 bytes,    7075488 total
[2022-07-20T09:40:14.897+0000][7][gc,age      ] GC(11) - age   7:    2818176 bytes,    9893664 total
[2022-07-20T09:40:14.897+0000][7][gc,phases   ] GC(11)   Pre Evacuate Collection Set: 0.0ms
[2022-07-20T09:40:14.897+0000][7][gc,phases   ] GC(11)   Merge Heap Roots: 0.0ms
[2022-07-20T09:40:14.897+0000][7][gc,phases   ] GC(11)   Evacuate Collection Set: 8.6ms
[2022-07-20T09:40:14.897+0000][7][gc,phases   ] GC(11)   Post Evacuate Collection Set: 0.5ms
[2022-07-20T09:40:14.897+0000][7][gc,phases   ] GC(11)   Other: 0.2ms
[2022-07-20T09:40:14.897+0000][7][gc,heap     ] GC(11) Eden regions: 34->0(35)
[2022-07-20T09:40:14.897+0000][7][gc,heap     ] GC(11) Survivor regions: 4->3(5)
[2022-07-20T09:40:14.897+0000][7][gc,heap     ] GC(11) Old regions: 2->3
[2022-07-20T09:40:14.897+0000][7][gc,heap     ] GC(11) Archive regions: 2->2
[2022-07-20T09:40:14.897+0000][7][gc,heap     ] GC(11) Humongous regions: 0->0
[2022-07-20T09:40:14.897+0000][7][gc,metaspace] GC(11) Metaspace: 28234K(28864K)->28234K(28864K) NonClass: 24823K(25216K)->24823K(25216K) Class: 3411K(3648K)->3411K(3648K)
[2022-07-20T09:40:14.897+0000][7][gc          ] GC(11) Pause Young (Normal) (G1 Evacuation Pause) 158M->22M(256M) 9.513ms
[2022-07-20T09:40:14.897+0000][7][gc,cpu      ] GC(11) User=0.03s Sys=0.00s Real=0.01s
[2022-07-20T09:40:14.897+0000][7][safepoint   ] Safepoint "G1CollectForAllocation", Time since last: 193494665 ns, Reaching safepoint: 134875 ns, At safepoint: 9579576 ns, Total: 9714451 ns
[2022-07-20T09:40:15.140+0000][7][gc,start    ] GC(12) Pause Young (Normal) (G1 Evacuation Pause)
[2022-07-20T09:40:15.140+0000][7][gc,task     ] GC(12) Using 4 workers of 4 for evacuation
[2022-07-20T09:40:15.140+0000][7][gc,age      ] GC(12) Desired survivor size 10485760 bytes, new threshold 15 (max threshold 15)
[2022-07-20T09:40:15.146+0000][7][gc,age      ] GC(12) Age table with threshold 15 (max threshold 15)
[2022-07-20T09:40:15.146+0000][7][gc,age      ] GC(12) - age   1:    2868424 bytes,    2868424 total
[2022-07-20T09:40:15.146+0000][7][gc,age      ] GC(12) - age   2:     348104 bytes,    3216528 total
[2022-07-20T09:40:15.146+0000][7][gc,age      ] GC(12) - age   3:    2753440 bytes,    5969968 total
[2022-07-20T09:40:15.146+0000][7][gc,age      ] GC(12) - age   4:     248592 bytes,    6218560 total
[2022-07-20T09:40:15.146+0000][7][gc,age      ] GC(12) - age   5:     996616 bytes,    7215176 total
[2022-07-20T09:40:15.146+0000][7][gc,age      ] GC(12) - age   6:    2024552 bytes,    9239728 total
[2022-07-20T09:40:15.146+0000][7][gc,age      ] GC(12) - age   7:     693608 bytes,    9933336 total
[2022-07-20T09:40:15.146+0000][7][gc,age      ] GC(12) - age   8:    2818112 bytes,   12751448 total
[2022-07-20T09:40:15.146+0000][7][gc,phases   ] GC(12)   Pre Evacuate Collection Set: 0.0ms
[2022-07-20T09:40:15.146+0000][7][gc,phases   ] GC(12)   Merge Heap Roots: 0.0ms
[2022-07-20T09:40:15.146+0000][7][gc,phases   ] GC(12)   Evacuate Collection Set: 5.6ms
[2022-07-20T09:40:15.146+0000][7][gc,phases   ] GC(12)   Post Evacuate Collection Set: 0.4ms
[2022-07-20T09:40:15.146+0000][7][gc,phases   ] GC(12)   Other: 0.3ms
[2022-07-20T09:40:15.146+0000][7][gc,heap     ] GC(12) Eden regions: 35->0(34)
[2022-07-20T09:40:15.146+0000][7][gc,heap     ] GC(12) Survivor regions: 3->4(5)
[2022-07-20T09:40:15.146+0000][7][gc,heap     ] GC(12) Old regions: 3->3
[2022-07-20T09:40:15.146+0000][7][gc,heap     ] GC(12) Archive regions: 2->2
[2022-07-20T09:40:15.146+0000][7][gc,heap     ] GC(12) Humongous regions: 0->0
[2022-07-20T09:40:15.146+0000][7][gc,metaspace] GC(12) Metaspace: 29190K(29760K)->29190K(29760K) NonClass: 25647K(25984K)->25647K(25984K) Class: 3542K(3776K)->3542K(3776K)
[2022-07-20T09:40:15.146+0000][7][gc          ] GC(12) Pause Young (Normal) (G1 Evacuation Pause) 162M->25M(256M) 6.538ms
[2022-07-20T09:40:15.146+0000][7][gc,cpu      ] GC(12) User=0.03s Sys=0.00s Real=0.01s
[2022-07-20T09:40:15.146+0000][7][safepoint   ] Safepoint "G1CollectForAllocation", Time since last: 242615710 ns, Reaching safepoint: 112871 ns, At safepoint: 6608980 ns, Total: 6721851 ns
[2022-07-20T09:40:15.377+0000][7][gc,start    ] GC(13) Pause Young (Normal) (G1 Evacuation Pause)
[2022-07-20T09:40:15.377+0000][7][gc,task     ] GC(13) Using 4 workers of 4 for evacuation
[2022-07-20T09:40:15.377+0000][7][gc,age      ] GC(13) Desired survivor size 10485760 bytes, new threshold 8 (max threshold 15)
[2022-07-20T09:40:15.385+0000][7][gc,age      ] GC(13) Age table with threshold 8 (max threshold 15)
[2022-07-20T09:40:15.385+0000][7][gc,age      ] GC(13) - age   1:     653016 bytes,     653016 total
[2022-07-20T09:40:15.385+0000][7][gc,age      ] GC(13) - age   2:    2125272 bytes,    2778288 total
[2022-07-20T09:40:15.385+0000][7][gc,age      ] GC(13) - age   3:     348104 bytes,    3126392 total
[2022-07-20T09:40:15.385+0000][7][gc,age      ] GC(13) - age   4:    2753000 bytes,    5879392 total
[2022-07-20T09:40:15.385+0000][7][gc,age      ] GC(13) - age   5:     247984 bytes,    6127376 total
[2022-07-20T09:40:15.385+0000][7][gc,age      ] GC(13) - age   6:     996584 bytes,    7123960 total
[2022-07-20T09:40:15.385+0000][7][gc,age      ] GC(13) - age   7:    2024328 bytes,    9148288 total
[2022-07-20T09:40:15.385+0000][7][gc,age      ] GC(13) - age   8:     693544 bytes,    9841832 total
[2022-07-20T09:40:15.386+0000][7][gc,phases   ] GC(13)   Pre Evacuate Collection Set: 0.0ms
[2022-07-20T09:40:15.386+0000][7][gc,phases   ] GC(13)   Merge Heap Roots: 0.0ms
[2022-07-20T09:40:15.386+0000][7][gc,phases   ] GC(13)   Evacuate Collection Set: 7.6ms
[2022-07-20T09:40:15.386+0000][7][gc,phases   ] GC(13)   Post Evacuate Collection Set: 0.5ms
[2022-07-20T09:40:15.386+0000][7][gc,phases   ] GC(13)   Other: 0.3ms
[2022-07-20T09:40:15.386+0000][7][gc,heap     ] GC(13) Eden regions: 34->0(35)
[2022-07-20T09:40:15.386+0000][7][gc,heap     ] GC(13) Survivor regions: 4->3(5)
[2022-07-20T09:40:15.386+0000][7][gc,heap     ] GC(13) Old regions: 3->3
[2022-07-20T09:40:15.386+0000][7][gc,heap     ] GC(13) Archive regions: 2->2
[2022-07-20T09:40:15.386+0000][7][gc,heap     ] GC(13) Humongous regions: 0->0
[2022-07-20T09:40:15.386+0000][7][gc,metaspace] GC(13) Metaspace: 29433K(30080K)->29433K(30080K) NonClass: 25846K(26240K)->25846K(26240K) Class: 3587K(3840K)->3587K(3840K)
[2022-07-20T09:40:15.386+0000][7][gc          ] GC(13) Pause Young (Normal) (G1 Evacuation Pause) 161M->25M(256M) 8.600ms
[2022-07-20T09:40:15.386+0000][7][gc,cpu      ] GC(13) User=0.03s Sys=0.00s Real=0.01s
[2022-07-20T09:40:15.386+0000][7][safepoint   ] Safepoint "G1CollectForAllocation", Time since last: 230541644 ns, Reaching safepoint: 73679 ns, At safepoint: 8669811 ns, Total: 8743490 ns
[2022-07-20T09:40:15.615+0000][7][gc,start    ] GC(14) Pause Young (Normal) (G1 Evacuation Pause)
[2022-07-20T09:40:15.615+0000][7][gc,task     ] GC(14) Using 4 workers of 4 for evacuation
[2022-07-20T09:40:15.615+0000][7][gc,age      ] GC(14) Desired survivor size 10485760 bytes, new threshold 15 (max threshold 15)
[2022-07-20T09:40:15.622+0000][7][gc,age      ] GC(14) Age table with threshold 15 (max threshold 15)
[2022-07-20T09:40:15.622+0000][7][gc,age      ] GC(14) - age   1:    2422904 bytes,    2422904 total
[2022-07-20T09:40:15.622+0000][7][gc,age      ] GC(14) - age   2:     204992 bytes,    2627896 total
[2022-07-20T09:40:15.622+0000][7][gc,age      ] GC(14) - age   3:    2125272 bytes,    4753168 total
[2022-07-20T09:40:15.622+0000][7][gc,age      ] GC(14) - age   4:     348104 bytes,    5101272 total
[2022-07-20T09:40:15.622+0000][7][gc,age      ] GC(14) - age   5:    2753000 bytes,    7854272 total
[2022-07-20T09:40:15.622+0000][7][gc,age      ] GC(14) - age   6:     247984 bytes,    8102256 total
[2022-07-20T09:40:15.622+0000][7][gc,age      ] GC(14) - age   7:     996584 bytes,    9098840 total
[2022-07-20T09:40:15.622+0000][7][gc,age      ] GC(14) - age   8:    2024088 bytes,   11122928 total
[2022-07-20T09:40:15.622+0000][7][gc,age      ] GC(14) - age   9:     693544 bytes,   11816472 total
[2022-07-20T09:40:15.622+0000][7][gc,phases   ] GC(14)   Pre Evacuate Collection Set: 0.0ms
[2022-07-20T09:40:15.622+0000][7][gc,phases   ] GC(14)   Merge Heap Roots: 0.0ms
[2022-07-20T09:40:15.622+0000][7][gc,phases   ] GC(14)   Evacuate Collection Set: 6.2ms
[2022-07-20T09:40:15.622+0000][7][gc,phases   ] GC(14)   Post Evacuate Collection Set: 0.4ms
[2022-07-20T09:40:15.622+0000][7][gc,phases   ] GC(14)   Other: 0.3ms
[2022-07-20T09:40:15.622+0000][7][gc,heap     ] GC(14) Eden regions: 35->0(34)
[2022-07-20T09:40:15.622+0000][7][gc,heap     ] GC(14) Survivor regions: 3->4(5)
[2022-07-20T09:40:15.622+0000][7][gc,heap     ] GC(14) Old regions: 3->3
[2022-07-20T09:40:15.622+0000][7][gc,heap     ] GC(14) Archive regions: 2->2
[2022-07-20T09:40:15.622+0000][7][gc,heap     ] GC(14) Humongous regions: 0->0
[2022-07-20T09:40:15.622+0000][7][gc,metaspace] GC(14) Metaspace: 29485K(30144K)->29485K(30144K) NonClass: 25887K(26304K)->25887K(26304K) Class: 3597K(3840K)->3597K(3840K)
[2022-07-20T09:40:15.622+0000][7][gc          ] GC(14) Pause Young (Normal) (G1 Evacuation Pause) 165M->27M(256M) 7.029ms
[2022-07-20T09:40:15.622+0000][7][gc,cpu      ] GC(14) User=0.03s Sys=0.00s Real=0.00s
[2022-07-20T09:40:15.622+0000][7][safepoint   ] Safepoint "G1CollectForAllocation", Time since last: 229210321 ns, Reaching safepoint: 80104 ns, At safepoint: 7100746 ns, Total: 7180850 ns
[2022-07-20T09:40:15.910+0000][7][gc,heap,exit] Heap
[2022-07-20T09:40:15.910+0000][7][gc,heap,exit]  garbage-first heap   total 262144K, used 144388K [0x00000000f0000000, 0x0000000100000000)
[2022-07-20T09:40:15.910+0000][7][gc,heap,exit]   region size 4096K, 33 young (135168K), 4 survivors (16384K)
[2022-07-20T09:40:15.910+0000][7][gc,heap,exit]  Metaspace       used 31354K, committed 32128K, reserved 1081344K
[2022-07-20T09:40:15.910+0000][7][gc,heap,exit]   class space    used 3835K, committed 4160K, reserved 1048576K
