[2022-07-20T09:40:31.430+0000][240][gc] Using G1
[2022-07-20T09:40:31.433+0000][240][gc,init] Version: 17.0.1+12 (release)
[2022-07-20T09:40:31.433+0000][240][gc,init] CPUs: 4 total, 4 available
[2022-07-20T09:40:31.433+0000][240][gc,init] Memory: 7848M
[2022-07-20T09:40:31.433+0000][240][gc,init] Large Page Support: Disabled
[2022-07-20T09:40:31.433+0000][240][gc,init] NUMA Support: Disabled
[2022-07-20T09:40:31.433+0000][240][gc,init] Compressed Oops: Enabled (32-bit)
[2022-07-20T09:40:31.433+0000][240][gc,init] Heap Region Size: 1M
[2022-07-20T09:40:31.433+0000][240][gc,init] Heap Min Capacity: 256M
[2022-07-20T09:40:31.433+0000][240][gc,init] Heap Initial Capacity: 256M
[2022-07-20T09:40:31.433+0000][240][gc,init] Heap Max Capacity: 256M
[2022-07-20T09:40:31.433+0000][240][gc,init] Pre-touch: Disabled
[2022-07-20T09:40:31.433+0000][240][gc,init] Parallel Workers: 4
[2022-07-20T09:40:31.433+0000][240][gc,init] Concurrent Workers: 1
[2022-07-20T09:40:31.434+0000][240][gc,init] Concurrent Refinement Workers: 4
[2022-07-20T09:40:31.434+0000][240][gc,init] Periodic GC: Disabled
[2022-07-20T09:40:31.434+0000][240][gc,metaspace] CDS archive(s) not mapped
[2022-07-20T09:40:31.434+0000][240][gc,metaspace] Compressed class space mapped at: 0x0000000100000000-0x0000000140000000, reserved size: 1073741824
[2022-07-20T09:40:31.434+0000][240][gc,metaspace] Narrow klass base: 0x0000000000000000, Narrow klass shift: 3, Narrow klass range: 0x140000000
[2022-07-20T09:40:31.526+0000][240][gc,heap,exit] Heap
[2022-07-20T09:40:31.526+0000][240][gc,heap,exit]  garbage-first heap   total 262144K, used 1558K [0x00000000f0000000, 0x0000000100000000)
[2022-07-20T09:40:31.526+0000][240][gc,heap,exit]   region size 1024K, 2 young (2048K), 0 survivors (0K)
[2022-07-20T09:40:31.526+0000][240][gc,heap,exit]  Metaspace       used 3478K, committed 3584K, reserved 1056768K
[2022-07-20T09:40:31.526+0000][240][gc,heap,exit]   class space    used 277K, committed 320K, reserved 1048576K
