[2022-07-20T09:39:10.235+0000][7][gc] Using G1
[2022-07-20T09:39:10.282+0000][7][gc,init] Version: 17.0.1+12 (release)
[2022-07-20T09:39:10.283+0000][7][gc,init] CPUs: 4 total, 4 available
[2022-07-20T09:39:10.283+0000][7][gc,init] Memory: 7848M
[2022-07-20T09:39:10.283+0000][7][gc,init] Large Page Support: Disabled
[2022-07-20T09:39:10.283+0000][7][gc,init] NUMA Support: Disabled
[2022-07-20T09:39:10.283+0000][7][gc,init] Compressed Oops: Enabled (32-bit)
[2022-07-20T09:39:10.283+0000][7][gc,init] Heap Region Size: 4M
[2022-07-20T09:39:10.283+0000][7][gc,init] Heap Min Capacity: 256M
[2022-07-20T09:39:10.283+0000][7][gc,init] Heap Initial Capacity: 256M
[2022-07-20T09:39:10.283+0000][7][gc,init] Heap Max Capacity: 256M
[2022-07-20T09:39:10.283+0000][7][gc,init] Pre-touch: Enabled
[2022-07-20T09:39:10.283+0000][7][gc,init] Parallel Workers: 4
[2022-07-20T09:39:10.283+0000][7][gc,init] Concurrent Workers: 1
[2022-07-20T09:39:10.283+0000][7][gc,init] Concurrent Refinement Workers: 4
[2022-07-20T09:39:10.283+0000][7][gc,init] Periodic GC: Disabled
[2022-07-20T09:39:10.283+0000][7][gc,metaspace] CDS archive(s) mapped at: [0x0000000800000000-0x0000000800bd1000-0x0000000800bd1000), size 12390400, SharedBaseAddress: 0x0000000800000000, ArchiveRelocationMode: 0.
[2022-07-20T09:39:10.283+0000][7][gc,metaspace] Compressed class space mapped at: 0x0000000800c00000-0x0000000840c00000, reserved size: 1073741824
[2022-07-20T09:39:10.283+0000][7][gc,metaspace] Narrow klass base: 0x0000000800000000, Narrow klass shift: 0, Narrow klass range: 0x100000000
[2022-07-20T09:39:10.570+0000][7][safepoint   ] Safepoint "ICBufferFull", Time since last: 281798632 ns, Reaching safepoint: 71868 ns, At safepoint: 4478 ns, Total: 76346 ns
[2022-07-20T09:39:10.571+0000][7][safepoint   ] Safepoint "ICBufferFull", Time since last: 1455454 ns, Reaching safepoint: 28700 ns, At safepoint: 4513 ns, Total: 33213 ns
[2022-07-20T09:39:10.598+0000][7][gc,start    ] GC(0) Pause Young (Normal) (G1 Evacuation Pause)
[2022-07-20T09:39:10.598+0000][7][gc,task     ] GC(0) Using 4 workers of 4 for evacuation
[2022-07-20T09:39:10.598+0000][7][gc,age      ] GC(0) Desired survivor size 2097152 bytes, new threshold 15 (max threshold 15)
[2022-07-20T09:39:10.601+0000][7][gc,age      ] GC(0) Age table with threshold 15 (max threshold 15)
[2022-07-20T09:39:10.601+0000][7][gc,age      ] GC(0) - age   1:    2797472 bytes,    2797472 total
[2022-07-20T09:39:10.601+0000][7][gc,phases   ] GC(0)   Pre Evacuate Collection Set: 0.0ms
[2022-07-20T09:39:10.601+0000][7][gc,phases   ] GC(0)   Merge Heap Roots: 0.0ms
[2022-07-20T09:39:10.601+0000][7][gc,phases   ] GC(0)   Evacuate Collection Set: 2.1ms
[2022-07-20T09:39:10.601+0000][7][gc,phases   ] GC(0)   Post Evacuate Collection Set: 0.3ms
[2022-07-20T09:39:10.601+0000][7][gc,phases   ] GC(0)   Other: 0.2ms
[2022-07-20T09:39:10.601+0000][7][gc,heap     ] GC(0) Eden regions: 3->0(2)
[2022-07-20T09:39:10.601+0000][7][gc,heap     ] GC(0) Survivor regions: 0->1(1)
[2022-07-20T09:39:10.601+0000][7][gc,heap     ] GC(0) Old regions: 0->0
[2022-07-20T09:39:10.601+0000][7][gc,heap     ] GC(0) Archive regions: 2->2
[2022-07-20T09:39:10.601+0000][7][gc,heap     ] GC(0) Humongous regions: 0->0
[2022-07-20T09:39:10.601+0000][7][gc,metaspace] GC(0) Metaspace: 3496K(3648K)->3496K(3648K) NonClass: 3147K(3200K)->3147K(3200K) Class: 348K(448K)->348K(448K)
[2022-07-20T09:39:10.601+0000][7][gc          ] GC(0) Pause Young (Normal) (G1 Evacuation Pause) 15M->6M(256M) 2.691ms
[2022-07-20T09:39:10.601+0000][7][gc,cpu      ] GC(0) User=0.01s Sys=0.00s Real=0.00s
[2022-07-20T09:39:10.601+0000][7][safepoint   ] Safepoint "G1CollectForAllocation", Time since last: 26787653 ns, Reaching safepoint: 37414 ns, At safepoint: 2797897 ns, Total: 2835311 ns
[2022-07-20T09:39:10.928+0000][7][gc,start    ] GC(1) Pause Young (Normal) (G1 Evacuation Pause)
[2022-07-20T09:39:10.928+0000][7][gc,task     ] GC(1) Using 4 workers of 4 for evacuation
[2022-07-20T09:39:10.928+0000][7][gc,age      ] GC(1) Desired survivor size 2097152 bytes, new threshold 1 (max threshold 15)
[2022-07-20T09:39:10.932+0000][7][gc,age      ] GC(1) Age table with threshold 1 (max threshold 15)
[2022-07-20T09:39:10.932+0000][7][gc,age      ] GC(1) - age   1:    1077248 bytes,    1077248 total
[2022-07-20T09:39:10.932+0000][7][gc,phases   ] GC(1)   Pre Evacuate Collection Set: 0.0ms
[2022-07-20T09:39:10.932+0000][7][gc,phases   ] GC(1)   Merge Heap Roots: 0.0ms
[2022-07-20T09:39:10.932+0000][7][gc,phases   ] GC(1)   Evacuate Collection Set: 3.3ms
[2022-07-20T09:39:10.932+0000][7][gc,phases   ] GC(1)   Post Evacuate Collection Set: 0.3ms
[2022-07-20T09:39:10.932+0000][7][gc,phases   ] GC(1)   Other: 0.3ms
[2022-07-20T09:39:10.932+0000][7][gc,heap     ] GC(1) Eden regions: 2->0(6)
[2022-07-20T09:39:10.932+0000][7][gc,heap     ] GC(1) Survivor regions: 1->1(1)
[2022-07-20T09:39:10.932+0000][7][gc,heap     ] GC(1) Old regions: 0->1
[2022-07-20T09:39:10.932+0000][7][gc,heap     ] GC(1) Archive regions: 2->2
[2022-07-20T09:39:10.932+0000][7][gc,heap     ] GC(1) Humongous regions: 0->0
[2022-07-20T09:39:10.932+0000][7][gc,metaspace] GC(1) Metaspace: 6533K(6720K)->6533K(6720K) NonClass: 5813K(5888K)->5813K(5888K) Class: 720K(832K)->720K(832K)
[2022-07-20T09:39:10.932+0000][7][gc          ] GC(1) Pause Young (Normal) (G1 Evacuation Pause) 14M->7M(256M) 4.018ms
[2022-07-20T09:39:10.932+0000][7][gc,cpu      ] GC(1) User=0.01s Sys=0.00s Real=0.00s
[2022-07-20T09:39:10.932+0000][7][safepoint   ] Safepoint "G1CollectForAllocation", Time since last: 327167886 ns, Reaching safepoint: 72005 ns, At safepoint: 4101337 ns, Total: 4173342 ns
[2022-07-20T09:39:11.614+0000][7][gc,start    ] GC(2) Pause Young (Normal) (G1 Evacuation Pause)
[2022-07-20T09:39:11.614+0000][7][gc,task     ] GC(2) Using 4 workers of 4 for evacuation
[2022-07-20T09:39:11.614+0000][7][gc,age      ] GC(2) Desired survivor size 2097152 bytes, new threshold 15 (max threshold 15)
[2022-07-20T09:39:11.624+0000][7][gc,age      ] GC(2) Age table with threshold 15 (max threshold 15)
[2022-07-20T09:39:11.624+0000][7][gc,age      ] GC(2) - age   1:    1998920 bytes,    1998920 total
[2022-07-20T09:39:11.624+0000][7][gc,age      ] GC(2) - age   2:    1004256 bytes,    3003176 total
[2022-07-20T09:39:11.624+0000][7][gc,phases   ] GC(2)   Pre Evacuate Collection Set: 0.1ms
[2022-07-20T09:39:11.624+0000][7][gc,phases   ] GC(2)   Merge Heap Roots: 0.1ms
[2022-07-20T09:39:11.625+0000][7][gc,phases   ] GC(2)   Evacuate Collection Set: 9.2ms
[2022-07-20T09:39:11.625+0000][7][gc,phases   ] GC(2)   Post Evacuate Collection Set: 0.7ms
[2022-07-20T09:39:11.625+0000][7][gc,phases   ] GC(2)   Other: 0.5ms
[2022-07-20T09:39:11.625+0000][7][gc,heap     ] GC(2) Eden regions: 6->0(37)
[2022-07-20T09:39:11.625+0000][7][gc,heap     ] GC(2) Survivor regions: 1->1(1)
[2022-07-20T09:39:11.625+0000][7][gc,heap     ] GC(2) Old regions: 1->1
[2022-07-20T09:39:11.625+0000][7][gc,heap     ] GC(2) Archive regions: 2->2
[2022-07-20T09:39:11.625+0000][7][gc,heap     ] GC(2) Humongous regions: 0->0
[2022-07-20T09:39:11.625+0000][7][gc,metaspace] GC(2) Metaspace: 11300K(11584K)->11300K(11584K) NonClass: 9893K(10048K)->9893K(10048K) Class: 1407K(1536K)->1407K(1536K)
[2022-07-20T09:39:11.625+0000][7][gc          ] GC(2) Pause Young (Normal) (G1 Evacuation Pause) 31M->9M(256M) 10.723ms
[2022-07-20T09:39:11.625+0000][7][gc,cpu      ] GC(2) User=0.03s Sys=0.00s Real=0.01s
[2022-07-20T09:39:11.625+0000][7][safepoint   ] Safepoint "G1CollectForAllocation", Time since last: 681556783 ns, Reaching safepoint: 186109 ns, At safepoint: 10881008 ns, Total: 11067117 ns
[2022-07-20T09:39:12.154+0000][7][safepoint   ] Safepoint "ICBufferFull", Time since last: 529176356 ns, Reaching safepoint: 249393 ns, At safepoint: 16163 ns, Total: 265556 ns
[2022-07-20T09:39:12.900+0000][7][safepoint   ] Safepoint "ICBufferFull", Time since last: 745889144 ns, Reaching safepoint: 124770 ns, At safepoint: 5454 ns, Total: 130224 ns
[2022-07-20T09:39:13.088+0000][7][gc,start    ] GC(3) Pause Young (Normal) (G1 Evacuation Pause)
[2022-07-20T09:39:13.088+0000][7][gc,task     ] GC(3) Using 4 workers of 4 for evacuation
[2022-07-20T09:39:13.088+0000][7][gc,age      ] GC(3) Desired survivor size 10485760 bytes, new threshold 15 (max threshold 15)
[2022-07-20T09:39:13.097+0000][7][gc,age      ] GC(3) Age table with threshold 15 (max threshold 15)
[2022-07-20T09:39:13.097+0000][7][gc,age      ] GC(3) - age   1:    4287728 bytes,    4287728 total
[2022-07-20T09:39:13.097+0000][7][gc,age      ] GC(3) - age   2:    1874632 bytes,    6162360 total
[2022-07-20T09:39:13.097+0000][7][gc,age      ] GC(3) - age   3:     997928 bytes,    7160288 total
[2022-07-20T09:39:13.097+0000][7][gc,phases   ] GC(3)   Pre Evacuate Collection Set: 0.0ms
[2022-07-20T09:39:13.097+0000][7][gc,phases   ] GC(3)   Merge Heap Roots: 0.1ms
[2022-07-20T09:39:13.097+0000][7][gc,phases   ] GC(3)   Evacuate Collection Set: 7.8ms
[2022-07-20T09:39:13.097+0000][7][gc,phases   ] GC(3)   Post Evacuate Collection Set: 0.6ms
[2022-07-20T09:39:13.097+0000][7][gc,phases   ] GC(3)   Other: 0.3ms
[2022-07-20T09:39:13.097+0000][7][gc,heap     ] GC(3) Eden regions: 37->0(36)
[2022-07-20T09:39:13.097+0000][7][gc,heap     ] GC(3) Survivor regions: 1->2(5)
[2022-07-20T09:39:13.097+0000][7][gc,heap     ] GC(3) Old regions: 1->1
[2022-07-20T09:39:13.097+0000][7][gc,heap     ] GC(3) Archive regions: 2->2
[2022-07-20T09:39:13.097+0000][7][gc,heap     ] GC(3) Humongous regions: 0->0
[2022-07-20T09:39:13.097+0000][7][gc,metaspace] GC(3) Metaspace: 16773K(17088K)->16773K(17088K) NonClass: 14796K(14976K)->14796K(14976K) Class: 1977K(2112K)->1977K(2112K)
[2022-07-20T09:39:13.097+0000][7][gc          ] GC(3) Pause Young (Normal) (G1 Evacuation Pause) 157M->13M(256M) 8.878ms
[2022-07-20T09:39:13.097+0000][7][gc,cpu      ] GC(3) User=0.04s Sys=0.00s Real=0.01s
[2022-07-20T09:39:13.097+0000][7][safepoint   ] Safepoint "G1CollectForAllocation", Time since last: 187828687 ns, Reaching safepoint: 74903 ns, At safepoint: 8944577 ns, Total: 9019480 ns
[2022-07-20T09:39:13.592+0000][7][gc,start    ] GC(4) Pause Young (Normal) (G1 Evacuation Pause)
[2022-07-20T09:39:13.592+0000][7][gc,task     ] GC(4) Using 4 workers of 4 for evacuation
[2022-07-20T09:39:13.592+0000][7][gc,age      ] GC(4) Desired survivor size 10485760 bytes, new threshold 15 (max threshold 15)
[2022-07-20T09:39:13.601+0000][7][gc,age      ] GC(4) Age table with threshold 15 (max threshold 15)
[2022-07-20T09:39:13.601+0000][7][gc,age      ] GC(4) - age   1:    4542568 bytes,    4542568 total
[2022-07-20T09:39:13.601+0000][7][gc,age      ] GC(4) - age   2:    3229472 bytes,    7772040 total
[2022-07-20T09:39:13.601+0000][7][gc,age      ] GC(4) - age   3:    1874152 bytes,    9646192 total
[2022-07-20T09:39:13.601+0000][7][gc,age      ] GC(4) - age   4:     997928 bytes,   10644120 total
[2022-07-20T09:39:13.601+0000][7][gc,phases   ] GC(4)   Pre Evacuate Collection Set: 0.0ms
[2022-07-20T09:39:13.601+0000][7][gc,phases   ] GC(4)   Merge Heap Roots: 0.0ms
[2022-07-20T09:39:13.601+0000][7][gc,phases   ] GC(4)   Evacuate Collection Set: 8.3ms
[2022-07-20T09:39:13.601+0000][7][gc,phases   ] GC(4)   Post Evacuate Collection Set: 0.5ms
[2022-07-20T09:39:13.601+0000][7][gc,phases   ] GC(4)   Other: 0.2ms
[2022-07-20T09:39:13.601+0000][7][gc,heap     ] GC(4) Eden regions: 36->0(35)
[2022-07-20T09:39:13.601+0000][7][gc,heap     ] GC(4) Survivor regions: 2->3(5)
[2022-07-20T09:39:13.601+0000][7][gc,heap     ] GC(4) Old regions: 1->1
[2022-07-20T09:39:13.601+0000][7][gc,heap     ] GC(4) Archive regions: 2->2
[2022-07-20T09:39:13.601+0000][7][gc,heap     ] GC(4) Humongous regions: 0->0
[2022-07-20T09:39:13.601+0000][7][gc,metaspace] GC(4) Metaspace: 20912K(21312K)->20912K(21312K) NonClass: 18409K(18624K)->18409K(18624K) Class: 2502K(2688K)->2502K(2688K)
[2022-07-20T09:39:13.601+0000][7][gc          ] GC(4) Pause Young (Normal) (G1 Evacuation Pause) 157M->17M(256M) 9.145ms
[2022-07-20T09:39:13.601+0000][7][gc,cpu      ] GC(4) User=0.03s Sys=0.01s Real=0.01s
[2022-07-20T09:39:13.601+0000][7][safepoint   ] Safepoint "G1CollectForAllocation", Time since last: 494955150 ns, Reaching safepoint: 129782 ns, At safepoint: 9208155 ns, Total: 9337937 ns
[2022-07-20T09:39:13.704+0000][7][gc,start    ] GC(5) Pause Young (Concurrent Start) (Metadata GC Threshold)
[2022-07-20T09:39:13.704+0000][7][gc,task     ] GC(5) Using 4 workers of 4 for evacuation
[2022-07-20T09:39:13.704+0000][7][gc,age      ] GC(5) Desired survivor size 10485760 bytes, new threshold 4 (max threshold 15)
[2022-07-20T09:39:13.713+0000][7][gc,age      ] GC(5) Age table with threshold 4 (max threshold 15)
[2022-07-20T09:39:13.713+0000][7][gc,age      ] GC(5) - age   1:     694016 bytes,     694016 total
[2022-07-20T09:39:13.713+0000][7][gc,age      ] GC(5) - age   2:    2822400 bytes,    3516416 total
[2022-07-20T09:39:13.713+0000][7][gc,age      ] GC(5) - age   3:    3227560 bytes,    6743976 total
[2022-07-20T09:39:13.713+0000][7][gc,age      ] GC(5) - age   4:    1874152 bytes,    8618128 total
[2022-07-20T09:39:13.713+0000][7][gc,phases   ] GC(5)   Pre Evacuate Collection Set: 0.1ms
[2022-07-20T09:39:13.713+0000][7][gc,phases   ] GC(5)   Merge Heap Roots: 0.0ms
[2022-07-20T09:39:13.713+0000][7][gc,phases   ] GC(5)   Evacuate Collection Set: 7.6ms
[2022-07-20T09:39:13.713+0000][7][gc,phases   ] GC(5)   Post Evacuate Collection Set: 0.5ms
[2022-07-20T09:39:13.713+0000][7][gc,phases   ] GC(5)   Other: 0.3ms
[2022-07-20T09:39:13.713+0000][7][gc,heap     ] GC(5) Eden regions: 18->0(35)
[2022-07-20T09:39:13.713+0000][7][gc,heap     ] GC(5) Survivor regions: 3->3(5)
[2022-07-20T09:39:13.713+0000][7][gc,heap     ] GC(5) Old regions: 1->1
[2022-07-20T09:39:13.713+0000][7][gc,heap     ] GC(5) Archive regions: 2->2
[2022-07-20T09:39:13.713+0000][7][gc,heap     ] GC(5) Humongous regions: 0->0
[2022-07-20T09:39:13.713+0000][7][gc,metaspace] GC(5) Metaspace: 21142K(21504K)->21142K(21504K) NonClass: 18606K(18816K)->18606K(18816K) Class: 2536K(2688K)->2536K(2688K)
[2022-07-20T09:39:13.713+0000][7][gc          ] GC(5) Pause Young (Concurrent Start) (Metadata GC Threshold) 87M->16M(256M) 8.518ms
[2022-07-20T09:39:13.713+0000][7][gc,cpu      ] GC(5) User=0.03s Sys=0.00s Real=0.02s
[2022-07-20T09:39:13.713+0000][7][gc          ] GC(6) Concurrent Mark Cycle
[2022-07-20T09:39:13.713+0000][7][gc,marking  ] GC(6) Concurrent Clear Claimed Marks
[2022-07-20T09:39:13.713+0000][7][safepoint   ] Safepoint "CollectForMetadataAllocation", Time since last: 102679661 ns, Reaching safepoint: 41991 ns, At safepoint: 8653996 ns, Total: 8695987 ns
[2022-07-20T09:39:13.713+0000][7][gc,marking  ] GC(6) Concurrent Clear Claimed Marks 0.027ms
[2022-07-20T09:39:13.713+0000][7][gc,marking  ] GC(6) Concurrent Scan Root Regions
[2022-07-20T09:39:13.720+0000][7][gc,marking  ] GC(6) Concurrent Scan Root Regions 6.640ms
[2022-07-20T09:39:13.720+0000][7][gc,marking  ] GC(6) Concurrent Mark
[2022-07-20T09:39:13.720+0000][7][gc,marking  ] GC(6) Concurrent Mark From Roots
[2022-07-20T09:39:13.720+0000][7][gc,task     ] GC(6) Using 1 workers of 1 for marking
[2022-07-20T09:39:13.724+0000][7][gc,marking  ] GC(6) Concurrent Mark From Roots 3.943ms
[2022-07-20T09:39:13.724+0000][7][gc,marking  ] GC(6) Concurrent Preclean
[2022-07-20T09:39:13.724+0000][7][gc,marking  ] GC(6) Concurrent Preclean 0.092ms
[2022-07-20T09:39:13.724+0000][7][gc,start    ] GC(6) Pause Remark
[2022-07-20T09:39:13.728+0000][7][gc          ] GC(6) Pause Remark 18M->18M(256M) 3.952ms
[2022-07-20T09:39:13.728+0000][7][gc,cpu      ] GC(6) User=0.01s Sys=0.00s Real=0.01s
[2022-07-20T09:39:13.728+0000][7][safepoint   ] Safepoint "G1Concurrent", Time since last: 10856001 ns, Reaching safepoint: 87285 ns, At safepoint: 4044061 ns, Total: 4131346 ns
[2022-07-20T09:39:13.728+0000][7][gc,marking  ] GC(6) Concurrent Mark 8.292ms
[2022-07-20T09:39:13.728+0000][7][gc,marking  ] GC(6) Concurrent Rebuild Remembered Sets
[2022-07-20T09:39:13.728+0000][7][gc,marking  ] GC(6) Concurrent Rebuild Remembered Sets 0.012ms
[2022-07-20T09:39:13.728+0000][7][gc,start    ] GC(6) Pause Cleanup
[2022-07-20T09:39:13.728+0000][7][gc          ] GC(6) Pause Cleanup 18M->18M(256M) 0.025ms
[2022-07-20T09:39:13.728+0000][7][gc,cpu      ] GC(6) User=0.00s Sys=0.00s Real=0.00s
[2022-07-20T09:39:13.728+0000][7][safepoint   ] Safepoint "G1Concurrent", Time since last: 80762 ns, Reaching safepoint: 25119 ns, At safepoint: 61784 ns, Total: 86903 ns
[2022-07-20T09:39:13.728+0000][7][gc,marking  ] GC(6) Concurrent Cleanup for Next Mark
[2022-07-20T09:39:13.728+0000][7][gc,marking  ] GC(6) Concurrent Cleanup for Next Mark 0.295ms
[2022-07-20T09:39:13.728+0000][7][gc          ] GC(6) Concurrent Mark Cycle 15.627ms
[2022-07-20T09:39:13.813+0000][7][safepoint   ] Safepoint "ICBufferFull", Time since last: 84625981 ns, Reaching safepoint: 47950 ns, At safepoint: 3976 ns, Total: 51926 ns
[2022-07-20T09:39:13.817+0000][7][safepoint   ] Safepoint "ICBufferFull", Time since last: 4556629 ns, Reaching safepoint: 26806 ns, At safepoint: 3651 ns, Total: 30457 ns
[2022-07-20T09:39:13.820+0000][7][safepoint   ] Safepoint "ICBufferFull", Time since last: 2780781 ns, Reaching safepoint: 33461 ns, At safepoint: 3511 ns, Total: 36972 ns
[2022-07-20T09:39:13.821+0000][7][safepoint   ] Safepoint "ICBufferFull", Time since last: 1311002 ns, Reaching safepoint: 35449 ns, At safepoint: 3577 ns, Total: 39026 ns
[2022-07-20T09:39:13.822+0000][7][safepoint   ] Safepoint "ICBufferFull", Time since last: 931771 ns, Reaching safepoint: 24943 ns, At safepoint: 3636 ns, Total: 28579 ns
[2022-07-20T09:39:14.033+0000][7][gc,start    ] GC(7) Pause Young (Normal) (G1 Evacuation Pause)
[2022-07-20T09:39:14.033+0000][7][gc,task     ] GC(7) Using 4 workers of 4 for evacuation
[2022-07-20T09:39:14.033+0000][7][gc,age      ] GC(7) Desired survivor size 10485760 bytes, new threshold 15 (max threshold 15)
[2022-07-20T09:39:14.044+0000][7][gc,age      ] GC(7) Age table with threshold 15 (max threshold 15)
[2022-07-20T09:39:14.044+0000][7][gc,age      ] GC(7) - age   1:    2776984 bytes,    2776984 total
[2022-07-20T09:39:14.044+0000][7][gc,age      ] GC(7) - age   2:     684344 bytes,    3461328 total
[2022-07-20T09:39:14.044+0000][7][gc,age      ] GC(7) - age   3:    2821264 bytes,    6282592 total
[2022-07-20T09:39:14.044+0000][7][gc,age      ] GC(7) - age   4:    3221648 bytes,    9504240 total
[2022-07-20T09:39:14.044+0000][7][gc,age      ] GC(7) - age   5:    1871776 bytes,   11376016 total
[2022-07-20T09:39:14.044+0000][7][gc,phases   ] GC(7)   Pre Evacuate Collection Set: 0.0ms
[2022-07-20T09:39:14.044+0000][7][gc,phases   ] GC(7)   Merge Heap Roots: 0.0ms
[2022-07-20T09:39:14.044+0000][7][gc,phases   ] GC(7)   Evacuate Collection Set: 9.7ms
[2022-07-20T09:39:14.044+0000][7][gc,phases   ] GC(7)   Post Evacuate Collection Set: 0.6ms
[2022-07-20T09:39:14.044+0000][7][gc,phases   ] GC(7)   Other: 0.2ms
[2022-07-20T09:39:14.044+0000][7][gc,heap     ] GC(7) Eden regions: 35->0(35)
[2022-07-20T09:39:14.044+0000][7][gc,heap     ] GC(7) Survivor regions: 3->3(5)
[2022-07-20T09:39:14.044+0000][7][gc,heap     ] GC(7) Old regions: 1->1
[2022-07-20T09:39:14.044+0000][7][gc,heap     ] GC(7) Archive regions: 2->2
[2022-07-20T09:39:14.044+0000][7][gc,heap     ] GC(7) Humongous regions: 0->0
[2022-07-20T09:39:14.044+0000][7][gc,metaspace] GC(7) Metaspace: 22772K(23168K)->22772K(23168K) NonClass: 20005K(20224K)->20005K(20224K) Class: 2767K(2944K)->2767K(2944K)
[2022-07-20T09:39:14.044+0000][7][gc          ] GC(7) Pause Young (Normal) (G1 Evacuation Pause) 156M->19M(256M) 10.721ms
[2022-07-20T09:39:14.044+0000][7][gc,cpu      ] GC(7) User=0.03s Sys=0.00s Real=0.00s
[2022-07-20T09:39:14.044+0000][7][safepoint   ] Safepoint "G1CollectForAllocation", Time since last: 210731901 ns, Reaching safepoint: 50867 ns, At safepoint: 10793514 ns, Total: 10844381 ns
[2022-07-20T09:39:14.254+0000][7][gc,start    ] GC(8) Pause Young (Normal) (G1 Evacuation Pause)
[2022-07-20T09:39:14.254+0000][7][gc,task     ] GC(8) Using 4 workers of 4 for evacuation
[2022-07-20T09:39:14.254+0000][7][gc,age      ] GC(8) Desired survivor size 10485760 bytes, new threshold 5 (max threshold 15)
[2022-07-20T09:39:14.263+0000][7][gc,age      ] GC(8) Age table with threshold 5 (max threshold 15)
[2022-07-20T09:39:14.263+0000][7][gc,age      ] GC(8) - age   1:    1203816 bytes,    1203816 total
[2022-07-20T09:39:14.263+0000][7][gc,age      ] GC(8) - age   2:    2038152 bytes,    3241968 total
[2022-07-20T09:39:14.263+0000][7][gc,age      ] GC(8) - age   3:     684344 bytes,    3926312 total
[2022-07-20T09:39:14.263+0000][7][gc,age      ] GC(8) - age   4:    2821264 bytes,    6747576 total
[2022-07-20T09:39:14.263+0000][7][gc,age      ] GC(8) - age   5:    3221584 bytes,    9969160 total
[2022-07-20T09:39:14.263+0000][7][gc,phases   ] GC(8)   Pre Evacuate Collection Set: 0.0ms
[2022-07-20T09:39:14.263+0000][7][gc,phases   ] GC(8)   Merge Heap Roots: 0.0ms
[2022-07-20T09:39:14.263+0000][7][gc,phases   ] GC(8)   Evacuate Collection Set: 8.5ms
[2022-07-20T09:39:14.263+0000][7][gc,phases   ] GC(8)   Post Evacuate Collection Set: 0.5ms
[2022-07-20T09:39:14.263+0000][7][gc,phases   ] GC(8)   Other: 0.2ms
[2022-07-20T09:39:14.263+0000][7][gc,heap     ] GC(8) Eden regions: 35->0(35)
[2022-07-20T09:39:14.263+0000][7][gc,heap     ] GC(8) Survivor regions: 3->3(5)
[2022-07-20T09:39:14.263+0000][7][gc,heap     ] GC(8) Old regions: 1->2
[2022-07-20T09:39:14.263+0000][7][gc,heap     ] GC(8) Archive regions: 2->2
[2022-07-20T09:39:14.263+0000][7][gc,heap     ] GC(8) Humongous regions: 0->0
[2022-07-20T09:39:14.263+0000][7][gc,metaspace] GC(8) Metaspace: 23130K(23616K)->23130K(23616K) NonClass: 20324K(20608K)->20324K(20608K) Class: 2805K(3008K)->2805K(3008K)
[2022-07-20T09:39:14.263+0000][7][gc          ] GC(8) Pause Young (Normal) (G1 Evacuation Pause) 159M->19M(256M) 9.365ms
[2022-07-20T09:39:14.263+0000][7][gc,cpu      ] GC(8) User=0.03s Sys=0.00s Real=0.00s
[2022-07-20T09:39:14.264+0000][7][safepoint   ] Safepoint "G1CollectForAllocation", Time since last: 210025736 ns, Reaching safepoint: 53592 ns, At safepoint: 9431078 ns, Total: 9484670 ns
[2022-07-20T09:39:14.453+0000][7][gc,start    ] GC(9) Pause Young (Normal) (G1 Evacuation Pause)
[2022-07-20T09:39:14.453+0000][7][gc,task     ] GC(9) Using 4 workers of 4 for evacuation
[2022-07-20T09:39:14.453+0000][7][gc,age      ] GC(9) Desired survivor size 10485760 bytes, new threshold 15 (max threshold 15)
[2022-07-20T09:39:14.461+0000][7][gc,age      ] GC(9) Age table with threshold 15 (max threshold 15)
[2022-07-20T09:39:14.461+0000][7][gc,age      ] GC(9) - age   1:     983032 bytes,     983032 total
[2022-07-20T09:39:14.461+0000][7][gc,age      ] GC(9) - age   2:     997872 bytes,    1980904 total
[2022-07-20T09:39:14.461+0000][7][gc,age      ] GC(9) - age   3:    2037864 bytes,    4018768 total
[2022-07-20T09:39:14.461+0000][7][gc,age      ] GC(9) - age   4:     684344 bytes,    4703112 total
[2022-07-20T09:39:14.461+0000][7][gc,age      ] GC(9) - age   5:    2820976 bytes,    7524088 total
[2022-07-20T09:39:14.461+0000][7][gc,age      ] GC(9) - age   6:    3221584 bytes,   10745672 total
[2022-07-20T09:39:14.461+0000][7][gc,phases   ] GC(9)   Pre Evacuate Collection Set: 0.0ms
[2022-07-20T09:39:14.461+0000][7][gc,phases   ] GC(9)   Merge Heap Roots: 0.0ms
[2022-07-20T09:39:14.461+0000][7][gc,phases   ] GC(9)   Evacuate Collection Set: 7.4ms
[2022-07-20T09:39:14.461+0000][7][gc,phases   ] GC(9)   Post Evacuate Collection Set: 0.5ms
[2022-07-20T09:39:14.461+0000][7][gc,phases   ] GC(9)   Other: 0.2ms
[2022-07-20T09:39:14.461+0000][7][gc,heap     ] GC(9) Eden regions: 35->0(35)
[2022-07-20T09:39:14.461+0000][7][gc,heap     ] GC(9) Survivor regions: 3->3(5)
[2022-07-20T09:39:14.461+0000][7][gc,heap     ] GC(9) Old regions: 2->2
[2022-07-20T09:39:14.462+0000][7][gc,heap     ] GC(9) Archive regions: 2->2
[2022-07-20T09:39:14.462+0000][7][gc,heap     ] GC(9) Humongous regions: 0->0
[2022-07-20T09:39:14.462+0000][7][gc,metaspace] GC(9) Metaspace: 23377K(23872K)->23377K(23872K) NonClass: 20530K(20864K)->20530K(20864K) Class: 2847K(3008K)->2847K(3008K)
[2022-07-20T09:39:14.462+0000][7][gc          ] GC(9) Pause Young (Normal) (G1 Evacuation Pause) 159M->20M(256M) 8.257ms
[2022-07-20T09:39:14.462+0000][7][gc,cpu      ] GC(9) User=0.03s Sys=0.00s Real=0.00s
[2022-07-20T09:39:14.462+0000][7][safepoint   ] Safepoint "G1CollectForAllocation", Time since last: 189705735 ns, Reaching safepoint: 38629 ns, At safepoint: 8323147 ns, Total: 8361776 ns
[2022-07-20T09:39:14.893+0000][7][gc,start    ] GC(10) Pause Young (Normal) (G1 Evacuation Pause)
[2022-07-20T09:39:14.893+0000][7][gc,task     ] GC(10) Using 4 workers of 4 for evacuation
[2022-07-20T09:39:14.893+0000][7][gc,age      ] GC(10) Desired survivor size 10485760 bytes, new threshold 6 (max threshold 15)
[2022-07-20T09:39:14.902+0000][7][gc,age      ] GC(10) Age table with threshold 6 (max threshold 15)
[2022-07-20T09:39:14.902+0000][7][gc,age      ] GC(10) - age   1:    3541856 bytes,    3541856 total
[2022-07-20T09:39:14.902+0000][7][gc,age      ] GC(10) - age   2:     249488 bytes,    3791344 total
[2022-07-20T09:39:14.902+0000][7][gc,age      ] GC(10) - age   3:     997688 bytes,    4789032 total
[2022-07-20T09:39:14.902+0000][7][gc,age      ] GC(10) - age   4:    2035952 bytes,    6824984 total
[2022-07-20T09:39:14.902+0000][7][gc,age      ] GC(10) - age   5:     681704 bytes,    7506688 total
[2022-07-20T09:39:14.902+0000][7][gc,age      ] GC(10) - age   6:    2818976 bytes,   10325664 total
[2022-07-20T09:39:14.902+0000][7][gc,phases   ] GC(10)   Pre Evacuate Collection Set: 0.0ms
[2022-07-20T09:39:14.902+0000][7][gc,phases   ] GC(10)   Merge Heap Roots: 0.0ms
[2022-07-20T09:39:14.902+0000][7][gc,phases   ] GC(10)   Evacuate Collection Set: 8.7ms
[2022-07-20T09:39:14.902+0000][7][gc,phases   ] GC(10)   Post Evacuate Collection Set: 0.5ms
[2022-07-20T09:39:14.902+0000][7][gc,phases   ] GC(10)   Other: 0.3ms
[2022-07-20T09:39:14.902+0000][7][gc,heap     ] GC(10) Eden regions: 35->0(35)
[2022-07-20T09:39:14.902+0000][7][gc,heap     ] GC(10) Survivor regions: 3->3(5)
[2022-07-20T09:39:14.902+0000][7][gc,heap     ] GC(10) Old regions: 2->3
[2022-07-20T09:39:14.902+0000][7][gc,heap     ] GC(10) Archive regions: 2->2
[2022-07-20T09:39:14.902+0000][7][gc,heap     ] GC(10) Humongous regions: 0->0
[2022-07-20T09:39:14.902+0000][7][gc,metaspace] GC(10) Metaspace: 28158K(28736K)->28158K(28736K) NonClass: 24758K(25088K)->24758K(25088K) Class: 3400K(3648K)->3400K(3648K)
[2022-07-20T09:39:14.902+0000][7][gc          ] GC(10) Pause Young (Normal) (G1 Evacuation Pause) 160M->23M(256M) 9.694ms
[2022-07-20T09:39:14.902+0000][7][gc,cpu      ] GC(10) User=0.03s Sys=0.00s Real=0.00s
[2022-07-20T09:39:14.902+0000][7][safepoint   ] Safepoint "G1CollectForAllocation", Time since last: 430928786 ns, Reaching safepoint: 183361 ns, At safepoint: 9772055 ns, Total: 9955416 ns
[2022-07-20T09:39:15.183+0000][7][gc,start    ] GC(11) Pause Young (Normal) (G1 Evacuation Pause)
[2022-07-20T09:39:15.183+0000][7][gc,task     ] GC(11) Using 4 workers of 4 for evacuation
[2022-07-20T09:39:15.183+0000][7][gc,age      ] GC(11) Desired survivor size 10485760 bytes, new threshold 15 (max threshold 15)
[2022-07-20T09:39:15.190+0000][7][gc,age      ] GC(11) Age table with threshold 15 (max threshold 15)
[2022-07-20T09:39:15.190+0000][7][gc,age      ] GC(11) - age   1:     974080 bytes,     974080 total
[2022-07-20T09:39:15.190+0000][7][gc,age      ] GC(11) - age   2:    2752960 bytes,    3727040 total
[2022-07-20T09:39:15.190+0000][7][gc,age      ] GC(11) - age   3:     249488 bytes,    3976528 total
[2022-07-20T09:39:15.190+0000][7][gc,age      ] GC(11) - age   4:     997688 bytes,    4974216 total
[2022-07-20T09:39:15.190+0000][7][gc,age      ] GC(11) - age   5:    2035952 bytes,    7010168 total
[2022-07-20T09:39:15.190+0000][7][gc,age      ] GC(11) - age   6:     681704 bytes,    7691872 total
[2022-07-20T09:39:15.190+0000][7][gc,age      ] GC(11) - age   7:    2818976 bytes,   10510848 total
[2022-07-20T09:39:15.190+0000][7][gc,phases   ] GC(11)   Pre Evacuate Collection Set: 0.0ms
[2022-07-20T09:39:15.190+0000][7][gc,phases   ] GC(11)   Merge Heap Roots: 0.0ms
[2022-07-20T09:39:15.190+0000][7][gc,phases   ] GC(11)   Evacuate Collection Set: 6.5ms
[2022-07-20T09:39:15.190+0000][7][gc,phases   ] GC(11)   Post Evacuate Collection Set: 0.5ms
[2022-07-20T09:39:15.190+0000][7][gc,phases   ] GC(11)   Other: 0.2ms
[2022-07-20T09:39:15.190+0000][7][gc,heap     ] GC(11) Eden regions: 35->0(35)
[2022-07-20T09:39:15.190+0000][7][gc,heap     ] GC(11) Survivor regions: 3->3(5)
[2022-07-20T09:39:15.191+0000][7][gc,heap     ] GC(11) Old regions: 3->3
[2022-07-20T09:39:15.191+0000][7][gc,heap     ] GC(11) Archive regions: 2->2
[2022-07-20T09:39:15.191+0000][7][gc,heap     ] GC(11) Humongous regions: 0->0
[2022-07-20T09:39:15.191+0000][7][gc,metaspace] GC(11) Metaspace: 28236K(28800K)->28236K(28800K) NonClass: 24819K(25152K)->24819K(25152K) Class: 3416K(3648K)->3416K(3648K)
[2022-07-20T09:39:15.191+0000][7][gc          ] GC(11) Pause Young (Normal) (G1 Evacuation Pause) 163M->23M(256M) 7.421ms
[2022-07-20T09:39:15.191+0000][7][gc,cpu      ] GC(11) User=0.02s Sys=0.00s Real=0.01s
[2022-07-20T09:39:15.191+0000][7][safepoint   ] Safepoint "G1CollectForAllocation", Time since last: 280592258 ns, Reaching safepoint: 55017 ns, At safepoint: 7485935 ns, Total: 7540952 ns
[2022-07-20T09:39:15.438+0000][7][gc,start    ] GC(12) Pause Young (Normal) (G1 Evacuation Pause)
[2022-07-20T09:39:15.438+0000][7][gc,task     ] GC(12) Using 4 workers of 4 for evacuation
[2022-07-20T09:39:15.438+0000][7][gc,age      ] GC(12) Desired survivor size 10485760 bytes, new threshold 7 (max threshold 15)
[2022-07-20T09:39:15.445+0000][7][gc,age      ] GC(12) Age table with threshold 7 (max threshold 15)
[2022-07-20T09:39:15.445+0000][7][gc,age      ] GC(12) - age   1:    2807744 bytes,    2807744 total
[2022-07-20T09:39:15.445+0000][7][gc,age      ] GC(12) - age   2:     348520 bytes,    3156264 total
[2022-07-20T09:39:15.445+0000][7][gc,age      ] GC(12) - age   3:    2752960 bytes,    5909224 total
[2022-07-20T09:39:15.445+0000][7][gc,age      ] GC(12) - age   4:     248944 bytes,    6158168 total
[2022-07-20T09:39:15.445+0000][7][gc,age      ] GC(12) - age   5:     996632 bytes,    7154800 total
[2022-07-20T09:39:15.445+0000][7][gc,age      ] GC(12) - age   6:    2035888 bytes,    9190688 total
[2022-07-20T09:39:15.445+0000][7][gc,age      ] GC(12) - age   7:     681616 bytes,    9872304 total
[2022-07-20T09:39:15.445+0000][7][gc,phases   ] GC(12)   Pre Evacuate Collection Set: 0.0ms
[2022-07-20T09:39:15.445+0000][7][gc,phases   ] GC(12)   Merge Heap Roots: 0.0ms
[2022-07-20T09:39:15.445+0000][7][gc,phases   ] GC(12)   Evacuate Collection Set: 6.0ms
[2022-07-20T09:39:15.445+0000][7][gc,phases   ] GC(12)   Post Evacuate Collection Set: 0.5ms
[2022-07-20T09:39:15.445+0000][7][gc,phases   ] GC(12)   Other: 0.3ms
[2022-07-20T09:39:15.445+0000][7][gc,heap     ] GC(12) Eden regions: 35->0(35)
[2022-07-20T09:39:15.445+0000][7][gc,heap     ] GC(12) Survivor regions: 3->3(5)
[2022-07-20T09:39:15.445+0000][7][gc,heap     ] GC(12) Old regions: 3->3
[2022-07-20T09:39:15.445+0000][7][gc,heap     ] GC(12) Archive regions: 2->2
[2022-07-20T09:39:15.445+0000][7][gc,heap     ] GC(12) Humongous regions: 0->0
[2022-07-20T09:39:15.445+0000][7][gc,metaspace] GC(12) Metaspace: 29218K(29824K)->29218K(29824K) NonClass: 25670K(26048K)->25670K(26048K) Class: 3548K(3776K)->3548K(3776K)
[2022-07-20T09:39:15.445+0000][7][gc          ] GC(12) Pause Young (Normal) (G1 Evacuation Pause) 163M->25M(256M) 6.923ms
[2022-07-20T09:39:15.445+0000][7][gc,cpu      ] GC(12) User=0.02s Sys=0.01s Real=0.01s
[2022-07-20T09:39:15.445+0000][7][safepoint   ] Safepoint "G1CollectForAllocation", Time since last: 247426289 ns, Reaching safepoint: 53534 ns, At safepoint: 7003238 ns, Total: 7056772 ns
[2022-07-20T09:39:15.621+0000][7][gc,start    ] GC(13) Pause Young (Normal) (G1 Evacuation Pause)
[2022-07-20T09:39:15.621+0000][7][gc,task     ] GC(13) Using 4 workers of 4 for evacuation
[2022-07-20T09:39:15.621+0000][7][gc,age      ] GC(13) Desired survivor size 10485760 bytes, new threshold 15 (max threshold 15)
[2022-07-20T09:39:15.627+0000][7][gc,age      ] GC(13) Age table with threshold 15 (max threshold 15)
[2022-07-20T09:39:15.627+0000][7][gc,age      ] GC(13) - age   1:    1062072 bytes,    1062072 total
[2022-07-20T09:39:15.627+0000][7][gc,age      ] GC(13) - age   2:    2124976 bytes,    3187048 total
[2022-07-20T09:39:15.627+0000][7][gc,age      ] GC(13) - age   3:     348520 bytes,    3535568 total
[2022-07-20T09:39:15.627+0000][7][gc,age      ] GC(13) - age   4:    2752584 bytes,    6288152 total
[2022-07-20T09:39:15.627+0000][7][gc,age      ] GC(13) - age   5:     248336 bytes,    6536488 total
[2022-07-20T09:39:15.627+0000][7][gc,age      ] GC(13) - age   6:     996600 bytes,    7533088 total
[2022-07-20T09:39:15.628+0000][7][gc,age      ] GC(13) - age   7:    2035664 bytes,    9568752 total
[2022-07-20T09:39:15.628+0000][7][gc,age      ] GC(13) - age   8:     681552 bytes,   10250304 total
[2022-07-20T09:39:15.628+0000][7][gc,phases   ] GC(13)   Pre Evacuate Collection Set: 0.0ms
[2022-07-20T09:39:15.628+0000][7][gc,phases   ] GC(13)   Merge Heap Roots: 0.0ms
[2022-07-20T09:39:15.628+0000][7][gc,phases   ] GC(13)   Evacuate Collection Set: 5.7ms
[2022-07-20T09:39:15.628+0000][7][gc,phases   ] GC(13)   Post Evacuate Collection Set: 0.5ms
[2022-07-20T09:39:15.628+0000][7][gc,phases   ] GC(13)   Other: 0.2ms
[2022-07-20T09:39:15.628+0000][7][gc,heap     ] GC(13) Eden regions: 35->0(35)
[2022-07-20T09:39:15.628+0000][7][gc,heap     ] GC(13) Survivor regions: 3->3(5)
[2022-07-20T09:39:15.628+0000][7][gc,heap     ] GC(13) Old regions: 3->3
[2022-07-20T09:39:15.628+0000][7][gc,heap     ] GC(13) Archive regions: 2->2
[2022-07-20T09:39:15.628+0000][7][gc,heap     ] GC(13) Humongous regions: 0->0
[2022-07-20T09:39:15.628+0000][7][gc,metaspace] GC(13) Metaspace: 29480K(30144K)->29480K(30144K) NonClass: 25886K(26304K)->25886K(26304K) Class: 3594K(3840K)->3594K(3840K)
[2022-07-20T09:39:15.628+0000][7][gc          ] GC(13) Pause Young (Normal) (G1 Evacuation Pause) 165M->26M(256M) 6.662ms
[2022-07-20T09:39:15.628+0000][7][gc,cpu      ] GC(13) User=0.02s Sys=0.00s Real=0.01s
[2022-07-20T09:39:15.628+0000][7][safepoint   ] Safepoint "G1CollectForAllocation", Time since last: 175831885 ns, Reaching safepoint: 49392 ns, At safepoint: 6728688 ns, Total: 6778080 ns
[2022-07-20T09:39:15.788+0000][7][gc,start    ] GC(14) Pause Young (Normal) (G1 Evacuation Pause)
[2022-07-20T09:39:15.788+0000][7][gc,task     ] GC(14) Using 4 workers of 4 for evacuation
[2022-07-20T09:39:15.788+0000][7][gc,age      ] GC(14) Desired survivor size 10485760 bytes, new threshold 15 (max threshold 15)
[2022-07-20T09:39:15.793+0000][7][gc,age      ] GC(14) Age table with threshold 15 (max threshold 15)
[2022-07-20T09:39:15.793+0000][7][gc,age      ] GC(14) - age   1:     787528 bytes,     787528 total
[2022-07-20T09:39:15.793+0000][7][gc,age      ] GC(14) - age   2:     343280 bytes,    1130808 total
[2022-07-20T09:39:15.793+0000][7][gc,age      ] GC(14) - age   3:    2124976 bytes,    3255784 total
[2022-07-20T09:39:15.793+0000][7][gc,age      ] GC(14) - age   4:     348520 bytes,    3604304 total
[2022-07-20T09:39:15.793+0000][7][gc,age      ] GC(14) - age   5:    2752584 bytes,    6356888 total
[2022-07-20T09:39:15.793+0000][7][gc,age      ] GC(14) - age   6:     248336 bytes,    6605224 total
[2022-07-20T09:39:15.793+0000][7][gc,age      ] GC(14) - age   7:     996600 bytes,    7601824 total
[2022-07-20T09:39:15.793+0000][7][gc,age      ] GC(14) - age   8:    2035424 bytes,    9637248 total
[2022-07-20T09:39:15.793+0000][7][gc,age      ] GC(14) - age   9:     681552 bytes,   10318800 total
[2022-07-20T09:39:15.793+0000][7][gc,phases   ] GC(14)   Pre Evacuate Collection Set: 0.0ms
[2022-07-20T09:39:15.793+0000][7][gc,phases   ] GC(14)   Merge Heap Roots: 0.0ms
[2022-07-20T09:39:15.793+0000][7][gc,phases   ] GC(14)   Evacuate Collection Set: 3.9ms
[2022-07-20T09:39:15.793+0000][7][gc,phases   ] GC(14)   Post Evacuate Collection Set: 0.5ms
[2022-07-20T09:39:15.793+0000][7][gc,phases   ] GC(14)   Other: 0.2ms
[2022-07-20T09:39:15.793+0000][7][gc,heap     ] GC(14) Eden regions: 35->0(35)
[2022-07-20T09:39:15.793+0000][7][gc,heap     ] GC(14) Survivor regions: 3->3(5)
[2022-07-20T09:39:15.793+0000][7][gc,heap     ] GC(14) Old regions: 3->3
[2022-07-20T09:39:15.793+0000][7][gc,heap     ] GC(14) Archive regions: 2->2
[2022-07-20T09:39:15.793+0000][7][gc,heap     ] GC(14) Humongous regions: 0->0
[2022-07-20T09:39:15.793+0000][7][gc,metaspace] GC(14) Metaspace: 29528K(30144K)->29528K(30144K) NonClass: 25922K(26304K)->25922K(26304K) Class: 3605K(3840K)->3605K(3840K)
[2022-07-20T09:39:15.793+0000][7][gc          ] GC(14) Pause Young (Normal) (G1 Evacuation Pause) 166M->26M(256M) 4.758ms
[2022-07-20T09:39:15.793+0000][7][gc,cpu      ] GC(14) User=0.02s Sys=0.00s Real=0.01s
[2022-07-20T09:39:15.793+0000][7][safepoint   ] Safepoint "G1CollectForAllocation", Time since last: 160228574 ns, Reaching safepoint: 133279 ns, At safepoint: 4827471 ns, Total: 4960750 ns
[2022-07-20T09:39:16.060+0000][7][gc,heap,exit] Heap
[2022-07-20T09:39:16.060+0000][7][gc,heap,exit]  garbage-first heap   total 262144K, used 129407K [0x00000000f0000000, 0x0000000100000000)
[2022-07-20T09:39:16.060+0000][7][gc,heap,exit]   region size 4096K, 29 young (118784K), 3 survivors (12288K)
[2022-07-20T09:39:16.060+0000][7][gc,heap,exit]  Metaspace       used 31385K, committed 32128K, reserved 1081344K
[2022-07-20T09:39:16.060+0000][7][gc,heap,exit]   class space    used 3841K, committed 4160K, reserved 1048576K
