[2022-07-20T09:39:54.601+0000][7][gc] Using G1
[2022-07-20T09:39:54.648+0000][7][gc,init] Version: 17.0.1+12 (release)
[2022-07-20T09:39:54.648+0000][7][gc,init] CPUs: 4 total, 4 available
[2022-07-20T09:39:54.648+0000][7][gc,init] Memory: 7848M
[2022-07-20T09:39:54.648+0000][7][gc,init] Large Page Support: Disabled
[2022-07-20T09:39:54.648+0000][7][gc,init] NUMA Support: Disabled
[2022-07-20T09:39:54.648+0000][7][gc,init] Compressed Oops: Enabled (32-bit)
[2022-07-20T09:39:54.648+0000][7][gc,init] Heap Region Size: 4M
[2022-07-20T09:39:54.648+0000][7][gc,init] Heap Min Capacity: 256M
[2022-07-20T09:39:54.648+0000][7][gc,init] Heap Initial Capacity: 256M
[2022-07-20T09:39:54.648+0000][7][gc,init] Heap Max Capacity: 256M
[2022-07-20T09:39:54.648+0000][7][gc,init] Pre-touch: Enabled
[2022-07-20T09:39:54.648+0000][7][gc,init] Parallel Workers: 4
[2022-07-20T09:39:54.648+0000][7][gc,init] Concurrent Workers: 1
[2022-07-20T09:39:54.648+0000][7][gc,init] Concurrent Refinement Workers: 4
[2022-07-20T09:39:54.648+0000][7][gc,init] Periodic GC: Disabled
[2022-07-20T09:39:54.649+0000][7][gc,metaspace] CDS archive(s) mapped at: [0x0000000800000000-0x0000000800bd1000-0x0000000800bd1000), size 12390400, SharedBaseAddress: 0x0000000800000000, ArchiveRelocationMode: 0.
[2022-07-20T09:39:54.649+0000][7][gc,metaspace] Compressed class space mapped at: 0x0000000800c00000-0x0000000840c00000, reserved size: 1073741824
[2022-07-20T09:39:54.649+0000][7][gc,metaspace] Narrow klass base: 0x0000000800000000, Narrow klass shift: 0, Narrow klass range: 0x100000000
[2022-07-20T09:39:54.935+0000][7][safepoint   ] Safepoint "ICBufferFull", Time since last: 280615503 ns, Reaching safepoint: 107602 ns, At safepoint: 4586 ns, Total: 112188 ns
[2022-07-20T09:39:54.936+0000][7][safepoint   ] Safepoint "ICBufferFull", Time since last: 1436956 ns, Reaching safepoint: 89739 ns, At safepoint: 4076 ns, Total: 93815 ns
[2022-07-20T09:39:54.938+0000][7][safepoint   ] Safepoint "ICBufferFull", Time since last: 1935991 ns, Reaching safepoint: 78440 ns, At safepoint: 3249 ns, Total: 81689 ns
[2022-07-20T09:39:54.967+0000][7][gc,start    ] GC(0) Pause Young (Normal) (G1 Evacuation Pause)
[2022-07-20T09:39:54.967+0000][7][gc,task     ] GC(0) Using 4 workers of 4 for evacuation
[2022-07-20T09:39:54.967+0000][7][gc,age      ] GC(0) Desired survivor size 2097152 bytes, new threshold 15 (max threshold 15)
[2022-07-20T09:39:54.970+0000][7][gc,age      ] GC(0) Age table with threshold 15 (max threshold 15)
[2022-07-20T09:39:54.970+0000][7][gc,age      ] GC(0) - age   1:    2797472 bytes,    2797472 total
[2022-07-20T09:39:54.970+0000][7][gc,phases   ] GC(0)   Pre Evacuate Collection Set: 0.0ms
[2022-07-20T09:39:54.970+0000][7][gc,phases   ] GC(0)   Merge Heap Roots: 0.0ms
[2022-07-20T09:39:54.970+0000][7][gc,phases   ] GC(0)   Evacuate Collection Set: 2.5ms
[2022-07-20T09:39:54.970+0000][7][gc,phases   ] GC(0)   Post Evacuate Collection Set: 0.3ms
[2022-07-20T09:39:54.970+0000][7][gc,phases   ] GC(0)   Other: 0.2ms
[2022-07-20T09:39:54.970+0000][7][gc,heap     ] GC(0) Eden regions: 3->0(2)
[2022-07-20T09:39:54.970+0000][7][gc,heap     ] GC(0) Survivor regions: 0->1(1)
[2022-07-20T09:39:54.970+0000][7][gc,heap     ] GC(0) Old regions: 0->0
[2022-07-20T09:39:54.971+0000][7][gc,heap     ] GC(0) Archive regions: 2->2
[2022-07-20T09:39:54.971+0000][7][gc,heap     ] GC(0) Humongous regions: 0->0
[2022-07-20T09:39:54.971+0000][7][gc,metaspace] GC(0) Metaspace: 3509K(3648K)->3509K(3648K) NonClass: 3160K(3200K)->3160K(3200K) Class: 348K(448K)->348K(448K)
[2022-07-20T09:39:54.971+0000][7][gc          ] GC(0) Pause Young (Normal) (G1 Evacuation Pause) 15M->6M(256M) 3.192ms
[2022-07-20T09:39:54.971+0000][7][gc,cpu      ] GC(0) User=0.01s Sys=0.00s Real=0.00s
[2022-07-20T09:39:54.971+0000][7][safepoint   ] Safepoint "G1CollectForAllocation", Time since last: 29035015 ns, Reaching safepoint: 41196 ns, At safepoint: 3320955 ns, Total: 3362151 ns
[2022-07-20T09:39:55.338+0000][7][gc,start    ] GC(1) Pause Young (Normal) (G1 Evacuation Pause)
[2022-07-20T09:39:55.338+0000][7][gc,task     ] GC(1) Using 4 workers of 4 for evacuation
[2022-07-20T09:39:55.338+0000][7][gc,age      ] GC(1) Desired survivor size 2097152 bytes, new threshold 1 (max threshold 15)
[2022-07-20T09:39:55.342+0000][7][gc,age      ] GC(1) Age table with threshold 1 (max threshold 15)
[2022-07-20T09:39:55.342+0000][7][gc,age      ] GC(1) - age   1:    1014408 bytes,    1014408 total
[2022-07-20T09:39:55.342+0000][7][gc,phases   ] GC(1)   Pre Evacuate Collection Set: 0.0ms
[2022-07-20T09:39:55.342+0000][7][gc,phases   ] GC(1)   Merge Heap Roots: 0.0ms
[2022-07-20T09:39:55.342+0000][7][gc,phases   ] GC(1)   Evacuate Collection Set: 2.8ms
[2022-07-20T09:39:55.342+0000][7][gc,phases   ] GC(1)   Post Evacuate Collection Set: 0.3ms
[2022-07-20T09:39:55.342+0000][7][gc,phases   ] GC(1)   Other: 0.2ms
[2022-07-20T09:39:55.342+0000][7][gc,heap     ] GC(1) Eden regions: 2->0(6)
[2022-07-20T09:39:55.342+0000][7][gc,heap     ] GC(1) Survivor regions: 1->1(1)
[2022-07-20T09:39:55.342+0000][7][gc,heap     ] GC(1) Old regions: 0->1
[2022-07-20T09:39:55.342+0000][7][gc,heap     ] GC(1) Archive regions: 2->2
[2022-07-20T09:39:55.342+0000][7][gc,heap     ] GC(1) Humongous regions: 0->0
[2022-07-20T09:39:55.342+0000][7][gc,metaspace] GC(1) Metaspace: 6437K(6592K)->6437K(6592K) NonClass: 5733K(5824K)->5733K(5824K) Class: 703K(768K)->703K(768K)
[2022-07-20T09:39:55.342+0000][7][gc          ] GC(1) Pause Young (Normal) (G1 Evacuation Pause) 14M->7M(256M) 3.439ms
[2022-07-20T09:39:55.342+0000][7][gc,cpu      ] GC(1) User=0.01s Sys=0.00s Real=0.00s
[2022-07-20T09:39:55.342+0000][7][safepoint   ] Safepoint "G1CollectForAllocation", Time since last: 367609979 ns, Reaching safepoint: 106335 ns, At safepoint: 3512778 ns, Total: 3619113 ns
[2022-07-20T09:39:56.026+0000][7][gc,start    ] GC(2) Pause Young (Normal) (G1 Evacuation Pause)
[2022-07-20T09:39:56.026+0000][7][gc,task     ] GC(2) Using 4 workers of 4 for evacuation
[2022-07-20T09:39:56.026+0000][7][gc,age      ] GC(2) Desired survivor size 2097152 bytes, new threshold 15 (max threshold 15)
[2022-07-20T09:39:56.035+0000][7][gc,age      ] GC(2) Age table with threshold 15 (max threshold 15)
[2022-07-20T09:39:56.035+0000][7][gc,age      ] GC(2) - age   1:    2010720 bytes,    2010720 total
[2022-07-20T09:39:56.035+0000][7][gc,age      ] GC(2) - age   2:     940672 bytes,    2951392 total
[2022-07-20T09:39:56.035+0000][7][gc,phases   ] GC(2)   Pre Evacuate Collection Set: 0.1ms
[2022-07-20T09:39:56.035+0000][7][gc,phases   ] GC(2)   Merge Heap Roots: 0.1ms
[2022-07-20T09:39:56.035+0000][7][gc,phases   ] GC(2)   Evacuate Collection Set: 7.8ms
[2022-07-20T09:39:56.035+0000][7][gc,phases   ] GC(2)   Post Evacuate Collection Set: 0.6ms
[2022-07-20T09:39:56.035+0000][7][gc,phases   ] GC(2)   Other: 0.4ms
[2022-07-20T09:39:56.035+0000][7][gc,heap     ] GC(2) Eden regions: 6->0(37)
[2022-07-20T09:39:56.035+0000][7][gc,heap     ] GC(2) Survivor regions: 1->1(1)
[2022-07-20T09:39:56.035+0000][7][gc,heap     ] GC(2) Old regions: 1->1
[2022-07-20T09:39:56.035+0000][7][gc,heap     ] GC(2) Archive regions: 2->2
[2022-07-20T09:39:56.036+0000][7][gc,heap     ] GC(2) Humongous regions: 0->0
[2022-07-20T09:39:56.036+0000][7][gc,metaspace] GC(2) Metaspace: 11174K(11392K)->11174K(11392K) NonClass: 9782K(9920K)->9782K(9920K) Class: 1391K(1472K)->1391K(1472K)
[2022-07-20T09:39:56.036+0000][7][gc          ] GC(2) Pause Young (Normal) (G1 Evacuation Pause) 31M->9M(256M) 9.329ms
[2022-07-20T09:39:56.036+0000][7][gc,cpu      ] GC(2) User=0.03s Sys=0.00s Real=0.01s
[2022-07-20T09:39:56.036+0000][7][safepoint   ] Safepoint "G1CollectForAllocation", Time since last: 684228676 ns, Reaching safepoint: 157399 ns, At safepoint: 9472031 ns, Total: 9629430 ns
[2022-07-20T09:39:56.471+0000][7][safepoint   ] Safepoint "ICBufferFull", Time since last: 435273466 ns, Reaching safepoint: 264290 ns, At safepoint: 21179 ns, Total: 285469 ns
[2022-07-20T09:39:57.252+0000][7][safepoint   ] Safepoint "ICBufferFull", Time since last: 780477048 ns, Reaching safepoint: 200527 ns, At safepoint: 5041 ns, Total: 205568 ns
[2022-07-20T09:39:57.386+0000][7][gc,start    ] GC(3) Pause Young (Normal) (G1 Evacuation Pause)
[2022-07-20T09:39:57.386+0000][7][gc,task     ] GC(3) Using 4 workers of 4 for evacuation
[2022-07-20T09:39:57.386+0000][7][gc,age      ] GC(3) Desired survivor size 10485760 bytes, new threshold 15 (max threshold 15)
[2022-07-20T09:39:57.394+0000][7][gc,age      ] GC(3) Age table with threshold 15 (max threshold 15)
[2022-07-20T09:39:57.394+0000][7][gc,age      ] GC(3) - age   1:    3937704 bytes,    3937704 total
[2022-07-20T09:39:57.394+0000][7][gc,age      ] GC(3) - age   2:    1883848 bytes,    5821552 total
[2022-07-20T09:39:57.394+0000][7][gc,age      ] GC(3) - age   3:     934920 bytes,    6756472 total
[2022-07-20T09:39:57.394+0000][7][gc,phases   ] GC(3)   Pre Evacuate Collection Set: 0.0ms
[2022-07-20T09:39:57.394+0000][7][gc,phases   ] GC(3)   Merge Heap Roots: 0.0ms
[2022-07-20T09:39:57.394+0000][7][gc,phases   ] GC(3)   Evacuate Collection Set: 7.5ms
[2022-07-20T09:39:57.394+0000][7][gc,phases   ] GC(3)   Post Evacuate Collection Set: 0.6ms
[2022-07-20T09:39:57.394+0000][7][gc,phases   ] GC(3)   Other: 0.2ms
[2022-07-20T09:39:57.394+0000][7][gc,heap     ] GC(3) Eden regions: 37->0(36)
[2022-07-20T09:39:57.394+0000][7][gc,heap     ] GC(3) Survivor regions: 1->2(5)
[2022-07-20T09:39:57.394+0000][7][gc,heap     ] GC(3) Old regions: 1->1
[2022-07-20T09:39:57.394+0000][7][gc,heap     ] GC(3) Archive regions: 2->2
[2022-07-20T09:39:57.394+0000][7][gc,heap     ] GC(3) Humongous regions: 0->0
[2022-07-20T09:39:57.395+0000][7][gc,metaspace] GC(3) Metaspace: 16547K(16832K)->16547K(16832K) NonClass: 14597K(14784K)->14597K(14784K) Class: 1949K(2048K)->1949K(2048K)
[2022-07-20T09:39:57.395+0000][7][gc          ] GC(3) Pause Young (Normal) (G1 Evacuation Pause) 157M->13M(256M) 8.499ms
[2022-07-20T09:39:57.395+0000][7][gc,cpu      ] GC(3) User=0.03s Sys=0.00s Real=0.01s
[2022-07-20T09:39:57.395+0000][7][safepoint   ] Safepoint "G1CollectForAllocation", Time since last: 134022183 ns, Reaching safepoint: 47836 ns, At safepoint: 8562803 ns, Total: 8610639 ns
[2022-07-20T09:39:57.873+0000][7][gc,start    ] GC(4) Pause Young (Normal) (G1 Evacuation Pause)
[2022-07-20T09:39:57.873+0000][7][gc,task     ] GC(4) Using 4 workers of 4 for evacuation
[2022-07-20T09:39:57.873+0000][7][gc,age      ] GC(4) Desired survivor size 10485760 bytes, new threshold 15 (max threshold 15)
[2022-07-20T09:39:57.881+0000][7][gc,age      ] GC(4) Age table with threshold 15 (max threshold 15)
[2022-07-20T09:39:57.881+0000][7][gc,age      ] GC(4) - age   1:    3791928 bytes,    3791928 total
[2022-07-20T09:39:57.881+0000][7][gc,age      ] GC(4) - age   2:    3180608 bytes,    6972536 total
[2022-07-20T09:39:57.881+0000][7][gc,age      ] GC(4) - age   3:    1883480 bytes,    8856016 total
[2022-07-20T09:39:57.881+0000][7][gc,age      ] GC(4) - age   4:     934920 bytes,    9790936 total
[2022-07-20T09:39:57.881+0000][7][gc,phases   ] GC(4)   Pre Evacuate Collection Set: 0.0ms
[2022-07-20T09:39:57.881+0000][7][gc,phases   ] GC(4)   Merge Heap Roots: 0.0ms
[2022-07-20T09:39:57.881+0000][7][gc,phases   ] GC(4)   Evacuate Collection Set: 7.3ms
[2022-07-20T09:39:57.881+0000][7][gc,phases   ] GC(4)   Post Evacuate Collection Set: 0.5ms
[2022-07-20T09:39:57.881+0000][7][gc,phases   ] GC(4)   Other: 0.2ms
[2022-07-20T09:39:57.881+0000][7][gc,heap     ] GC(4) Eden regions: 36->0(35)
[2022-07-20T09:39:57.881+0000][7][gc,heap     ] GC(4) Survivor regions: 2->3(5)
[2022-07-20T09:39:57.881+0000][7][gc,heap     ] GC(4) Old regions: 1->1
[2022-07-20T09:39:57.881+0000][7][gc,heap     ] GC(4) Archive regions: 2->2
[2022-07-20T09:39:57.881+0000][7][gc,heap     ] GC(4) Humongous regions: 0->0
[2022-07-20T09:39:57.882+0000][7][gc,metaspace] GC(4) Metaspace: 20717K(21120K)->20717K(21120K) NonClass: 18234K(18432K)->18234K(18432K) Class: 2482K(2688K)->2482K(2688K)
[2022-07-20T09:39:57.882+0000][7][gc          ] GC(4) Pause Young (Normal) (G1 Evacuation Pause) 157M->16M(256M) 8.168ms
[2022-07-20T09:39:57.882+0000][7][gc,cpu      ] GC(4) User=0.03s Sys=0.00s Real=0.00s
[2022-07-20T09:39:57.882+0000][7][safepoint   ] Safepoint "G1CollectForAllocation", Time since last: 478624784 ns, Reaching safepoint: 158619 ns, At safepoint: 8238523 ns, Total: 8397142 ns
[2022-07-20T09:39:58.068+0000][7][gc,start    ] GC(5) Pause Young (Concurrent Start) (Metadata GC Threshold)
[2022-07-20T09:39:58.068+0000][7][gc,task     ] GC(5) Using 4 workers of 4 for evacuation
[2022-07-20T09:39:58.068+0000][7][gc,age      ] GC(5) Desired survivor size 10485760 bytes, new threshold 15 (max threshold 15)
[2022-07-20T09:39:58.078+0000][7][gc,age      ] GC(5) Age table with threshold 15 (max threshold 15)
[2022-07-20T09:39:58.078+0000][7][gc,age      ] GC(5) - age   1:     759576 bytes,     759576 total
[2022-07-20T09:39:58.078+0000][7][gc,age      ] GC(5) - age   2:    2849616 bytes,    3609192 total
[2022-07-20T09:39:58.078+0000][7][gc,age      ] GC(5) - age   3:    3178696 bytes,    6787888 total
[2022-07-20T09:39:58.078+0000][7][gc,age      ] GC(5) - age   4:    1883480 bytes,    8671368 total
[2022-07-20T09:39:58.078+0000][7][gc,age      ] GC(5) - age   5:     934920 bytes,    9606288 total
[2022-07-20T09:39:58.078+0000][7][gc,phases   ] GC(5)   Pre Evacuate Collection Set: 0.1ms
[2022-07-20T09:39:58.078+0000][7][gc,phases   ] GC(5)   Merge Heap Roots: 0.0ms
[2022-07-20T09:39:58.078+0000][7][gc,phases   ] GC(5)   Evacuate Collection Set: 9.1ms
[2022-07-20T09:39:58.078+0000][7][gc,phases   ] GC(5)   Post Evacuate Collection Set: 0.5ms
[2022-07-20T09:39:58.078+0000][7][gc,phases   ] GC(5)   Other: 0.3ms
[2022-07-20T09:39:58.078+0000][7][gc,heap     ] GC(5) Eden regions: 21->0(35)
[2022-07-20T09:39:58.078+0000][7][gc,heap     ] GC(5) Survivor regions: 3->3(5)
[2022-07-20T09:39:58.078+0000][7][gc,heap     ] GC(5) Old regions: 1->1
[2022-07-20T09:39:58.078+0000][7][gc,heap     ] GC(5) Archive regions: 2->2
[2022-07-20T09:39:58.078+0000][7][gc,heap     ] GC(5) Humongous regions: 0->0
[2022-07-20T09:39:58.078+0000][7][gc,metaspace] GC(5) Metaspace: 21113K(21504K)->21113K(21504K) NonClass: 18556K(18752K)->18556K(18752K) Class: 2557K(2752K)->2557K(2752K)
[2022-07-20T09:39:58.078+0000][7][gc          ] GC(5) Pause Young (Concurrent Start) (Metadata GC Threshold) 98M->16M(256M) 10.126ms
[2022-07-20T09:39:58.078+0000][7][gc,cpu      ] GC(5) User=0.04s Sys=0.00s Real=0.01s
[2022-07-20T09:39:58.078+0000][7][gc          ] GC(6) Concurrent Mark Cycle
[2022-07-20T09:39:58.078+0000][7][gc,marking  ] GC(6) Concurrent Clear Claimed Marks
[2022-07-20T09:39:58.078+0000][7][safepoint   ] Safepoint "CollectForMetadataAllocation", Time since last: 186273263 ns, Reaching safepoint: 55349 ns, At safepoint: 10259308 ns, Total: 10314657 ns
[2022-07-20T09:39:58.078+0000][7][gc,marking  ] GC(6) Concurrent Clear Claimed Marks 0.034ms
[2022-07-20T09:39:58.078+0000][7][gc,marking  ] GC(6) Concurrent Scan Root Regions
[2022-07-20T09:39:58.085+0000][7][gc,marking  ] GC(6) Concurrent Scan Root Regions 6.309ms
[2022-07-20T09:39:58.085+0000][7][gc,marking  ] GC(6) Concurrent Mark
[2022-07-20T09:39:58.085+0000][7][gc,marking  ] GC(6) Concurrent Mark From Roots
[2022-07-20T09:39:58.085+0000][7][gc,task     ] GC(6) Using 1 workers of 1 for marking
[2022-07-20T09:39:58.089+0000][7][gc,marking  ] GC(6) Concurrent Mark From Roots 3.950ms
[2022-07-20T09:39:58.089+0000][7][gc,marking  ] GC(6) Concurrent Preclean
[2022-07-20T09:39:58.089+0000][7][gc,marking  ] GC(6) Concurrent Preclean 0.103ms
[2022-07-20T09:39:58.089+0000][7][gc,start    ] GC(6) Pause Remark
[2022-07-20T09:39:58.093+0000][7][gc          ] GC(6) Pause Remark 18M->18M(256M) 4.161ms
[2022-07-20T09:39:58.093+0000][7][gc,cpu      ] GC(6) User=0.01s Sys=0.00s Real=0.01s
[2022-07-20T09:39:58.093+0000][7][safepoint   ] Safepoint "G1Concurrent", Time since last: 10563517 ns, Reaching safepoint: 265812 ns, At safepoint: 4252861 ns, Total: 4518673 ns
[2022-07-20T09:39:58.093+0000][7][gc,marking  ] GC(6) Concurrent Mark 8.710ms
[2022-07-20T09:39:58.093+0000][7][gc,marking  ] GC(6) Concurrent Rebuild Remembered Sets
[2022-07-20T09:39:58.095+0000][7][gc,marking  ] GC(6) Concurrent Rebuild Remembered Sets 1.725ms
[2022-07-20T09:39:58.095+0000][7][gc,start    ] GC(6) Pause Cleanup
[2022-07-20T09:39:58.095+0000][7][gc          ] GC(6) Pause Cleanup 18M->18M(256M) 0.070ms
[2022-07-20T09:39:58.095+0000][7][gc,cpu      ] GC(6) User=0.00s Sys=0.00s Real=0.00s
[2022-07-20T09:39:58.095+0000][7][safepoint   ] Safepoint "G1Concurrent", Time since last: 1828163 ns, Reaching safepoint: 85038 ns, At safepoint: 121128 ns, Total: 206166 ns
[2022-07-20T09:39:58.095+0000][7][gc,marking  ] GC(6) Concurrent Cleanup for Next Mark
[2022-07-20T09:39:58.096+0000][7][gc,marking  ] GC(6) Concurrent Cleanup for Next Mark 0.272ms
[2022-07-20T09:39:58.096+0000][7][gc          ] GC(6) Concurrent Mark Cycle 17.515ms
[2022-07-20T09:39:58.180+0000][7][safepoint   ] Safepoint "ICBufferFull", Time since last: 84374431 ns, Reaching safepoint: 50970 ns, At safepoint: 4422 ns, Total: 55392 ns
[2022-07-20T09:39:58.182+0000][7][safepoint   ] Safepoint "ICBufferFull", Time since last: 1798929 ns, Reaching safepoint: 20746 ns, At safepoint: 2691 ns, Total: 23437 ns
[2022-07-20T09:39:58.186+0000][7][safepoint   ] Safepoint "ICBufferFull", Time since last: 4857257 ns, Reaching safepoint: 24625 ns, At safepoint: 3642 ns, Total: 28267 ns
[2022-07-20T09:39:58.188+0000][7][safepoint   ] Safepoint "ICBufferFull", Time since last: 1170517 ns, Reaching safepoint: 29298 ns, At safepoint: 3556 ns, Total: 32854 ns
[2022-07-20T09:39:58.189+0000][7][safepoint   ] Safepoint "ICBufferFull", Time since last: 1386988 ns, Reaching safepoint: 18843 ns, At safepoint: 3215 ns, Total: 22058 ns
[2022-07-20T09:39:58.410+0000][7][gc,start    ] GC(7) Pause Young (Normal) (G1 Evacuation Pause)
[2022-07-20T09:39:58.410+0000][7][gc,task     ] GC(7) Using 4 workers of 4 for evacuation
[2022-07-20T09:39:58.410+0000][7][gc,age      ] GC(7) Desired survivor size 10485760 bytes, new threshold 15 (max threshold 15)
[2022-07-20T09:39:58.422+0000][7][gc,age      ] GC(7) Age table with threshold 15 (max threshold 15)
[2022-07-20T09:39:58.422+0000][7][gc,age      ] GC(7) - age   1:    2734624 bytes,    2734624 total
[2022-07-20T09:39:58.422+0000][7][gc,age      ] GC(7) - age   2:     737824 bytes,    3472448 total
[2022-07-20T09:39:58.422+0000][7][gc,age      ] GC(7) - age   3:    2848376 bytes,    6320824 total
[2022-07-20T09:39:58.422+0000][7][gc,age      ] GC(7) - age   4:    3172528 bytes,    9493352 total
[2022-07-20T09:39:58.422+0000][7][gc,age      ] GC(7) - age   5:    1880584 bytes,   11373936 total
[2022-07-20T09:39:58.422+0000][7][gc,age      ] GC(7) - age   6:     933032 bytes,   12306968 total
[2022-07-20T09:39:58.422+0000][7][gc,phases   ] GC(7)   Pre Evacuate Collection Set: 0.0ms
[2022-07-20T09:39:58.422+0000][7][gc,phases   ] GC(7)   Merge Heap Roots: 0.0ms
[2022-07-20T09:39:58.422+0000][7][gc,phases   ] GC(7)   Evacuate Collection Set: 10.7ms
[2022-07-20T09:39:58.422+0000][7][gc,phases   ] GC(7)   Post Evacuate Collection Set: 0.6ms
[2022-07-20T09:39:58.422+0000][7][gc,phases   ] GC(7)   Other: 0.2ms
[2022-07-20T09:39:58.422+0000][7][gc,heap     ] GC(7) Eden regions: 35->0(34)
[2022-07-20T09:39:58.422+0000][7][gc,heap     ] GC(7) Survivor regions: 3->4(5)
[2022-07-20T09:39:58.422+0000][7][gc,heap     ] GC(7) Old regions: 1->1
[2022-07-20T09:39:58.422+0000][7][gc,heap     ] GC(7) Archive regions: 2->2
[2022-07-20T09:39:58.422+0000][7][gc,heap     ] GC(7) Humongous regions: 0->0
[2022-07-20T09:39:58.422+0000][7][gc,metaspace] GC(7) Metaspace: 22664K(23104K)->22664K(23104K) NonClass: 19911K(20160K)->19911K(20160K) Class: 2752K(2944K)->2752K(2944K)
[2022-07-20T09:39:58.422+0000][7][gc          ] GC(7) Pause Young (Normal) (G1 Evacuation Pause) 156M->19M(256M) 11.573ms
[2022-07-20T09:39:58.422+0000][7][gc,cpu      ] GC(7) User=0.04s Sys=0.00s Real=0.01s
[2022-07-20T09:39:58.422+0000][7][safepoint   ] Safepoint "G1CollectForAllocation", Time since last: 221026206 ns, Reaching safepoint: 111447 ns, At safepoint: 11644742 ns, Total: 11756189 ns
[2022-07-20T09:39:58.638+0000][7][gc,start    ] GC(8) Pause Young (Normal) (G1 Evacuation Pause)
[2022-07-20T09:39:58.638+0000][7][gc,task     ] GC(8) Using 4 workers of 4 for evacuation
[2022-07-20T09:39:58.638+0000][7][gc,age      ] GC(8) Desired survivor size 10485760 bytes, new threshold 5 (max threshold 15)
[2022-07-20T09:39:58.648+0000][7][gc,age      ] GC(8) Age table with threshold 5 (max threshold 15)
[2022-07-20T09:39:58.648+0000][7][gc,age      ] GC(8) - age   1:    1727872 bytes,    1727872 total
[2022-07-20T09:39:58.648+0000][7][gc,age      ] GC(8) - age   2:    1997744 bytes,    3725616 total
[2022-07-20T09:39:58.648+0000][7][gc,age      ] GC(8) - age   3:     737152 bytes,    4462768 total
[2022-07-20T09:39:58.648+0000][7][gc,age      ] GC(8) - age   4:    2848376 bytes,    7311144 total
[2022-07-20T09:39:58.648+0000][7][gc,age      ] GC(8) - age   5:    3172464 bytes,   10483608 total
[2022-07-20T09:39:58.648+0000][7][gc,phases   ] GC(8)   Pre Evacuate Collection Set: 0.0ms
[2022-07-20T09:39:58.648+0000][7][gc,phases   ] GC(8)   Merge Heap Roots: 0.0ms
[2022-07-20T09:39:58.648+0000][7][gc,phases   ] GC(8)   Evacuate Collection Set: 9.3ms
[2022-07-20T09:39:58.648+0000][7][gc,phases   ] GC(8)   Post Evacuate Collection Set: 0.5ms
[2022-07-20T09:39:58.648+0000][7][gc,phases   ] GC(8)   Other: 0.2ms
[2022-07-20T09:39:58.648+0000][7][gc,heap     ] GC(8) Eden regions: 34->0(35)
[2022-07-20T09:39:58.648+0000][7][gc,heap     ] GC(8) Survivor regions: 4->3(5)
[2022-07-20T09:39:58.648+0000][7][gc,heap     ] GC(8) Old regions: 1->2
[2022-07-20T09:39:58.648+0000][7][gc,heap     ] GC(8) Archive regions: 2->2
[2022-07-20T09:39:58.648+0000][7][gc,heap     ] GC(8) Humongous regions: 0->0
[2022-07-20T09:39:58.648+0000][7][gc,metaspace] GC(8) Metaspace: 23014K(23488K)->23014K(23488K) NonClass: 20224K(20480K)->20224K(20480K) Class: 2790K(3008K)->2790K(3008K)
[2022-07-20T09:39:58.648+0000][7][gc          ] GC(8) Pause Young (Normal) (G1 Evacuation Pause) 155M->20M(256M) 10.173ms
[2022-07-20T09:39:58.648+0000][7][gc,cpu      ] GC(8) User=0.04s Sys=0.00s Real=0.01s
[2022-07-20T09:39:58.648+0000][7][safepoint   ] Safepoint "G1CollectForAllocation", Time since last: 216193298 ns, Reaching safepoint: 44746 ns, At safepoint: 10237650 ns, Total: 10282396 ns
[2022-07-20T09:39:58.844+0000][7][gc,start    ] GC(9) Pause Young (Normal) (G1 Evacuation Pause)
[2022-07-20T09:39:58.844+0000][7][gc,task     ] GC(9) Using 4 workers of 4 for evacuation
[2022-07-20T09:39:58.844+0000][7][gc,age      ] GC(9) Desired survivor size 10485760 bytes, new threshold 15 (max threshold 15)
[2022-07-20T09:39:58.853+0000][7][gc,age      ] GC(9) Age table with threshold 15 (max threshold 15)
[2022-07-20T09:39:58.853+0000][7][gc,age      ] GC(9) - age   1:     972008 bytes,     972008 total
[2022-07-20T09:39:58.853+0000][7][gc,age      ] GC(9) - age   2:     998200 bytes,    1970208 total
[2022-07-20T09:39:58.853+0000][7][gc,age      ] GC(9) - age   3:    1997456 bytes,    3967664 total
[2022-07-20T09:39:58.853+0000][7][gc,age      ] GC(9) - age   4:     737152 bytes,    4704816 total
[2022-07-20T09:39:58.853+0000][7][gc,age      ] GC(9) - age   5:    2848088 bytes,    7552904 total
[2022-07-20T09:39:58.853+0000][7][gc,age      ] GC(9) - age   6:    3172464 bytes,   10725368 total
[2022-07-20T09:39:58.853+0000][7][gc,phases   ] GC(9)   Pre Evacuate Collection Set: 0.0ms
[2022-07-20T09:39:58.853+0000][7][gc,phases   ] GC(9)   Merge Heap Roots: 0.0ms
[2022-07-20T09:39:58.853+0000][7][gc,phases   ] GC(9)   Evacuate Collection Set: 8.2ms
[2022-07-20T09:39:58.853+0000][7][gc,phases   ] GC(9)   Post Evacuate Collection Set: 0.4ms
[2022-07-20T09:39:58.853+0000][7][gc,phases   ] GC(9)   Other: 0.2ms
[2022-07-20T09:39:58.853+0000][7][gc,heap     ] GC(9) Eden regions: 35->0(35)
[2022-07-20T09:39:58.853+0000][7][gc,heap     ] GC(9) Survivor regions: 3->3(5)
[2022-07-20T09:39:58.853+0000][7][gc,heap     ] GC(9) Old regions: 2->2
[2022-07-20T09:39:58.853+0000][7][gc,heap     ] GC(9) Archive regions: 2->2
[2022-07-20T09:39:58.853+0000][7][gc,heap     ] GC(9) Humongous regions: 0->0
[2022-07-20T09:39:58.853+0000][7][gc,metaspace] GC(9) Metaspace: 23262K(23744K)->23262K(23744K) NonClass: 20430K(20736K)->20430K(20736K) Class: 2831K(3008K)->2831K(3008K)
[2022-07-20T09:39:58.853+0000][7][gc          ] GC(9) Pause Young (Normal) (G1 Evacuation Pause) 160M->20M(256M) 8.992ms
[2022-07-20T09:39:58.853+0000][7][gc,cpu      ] GC(9) User=0.04s Sys=0.00s Real=0.02s
[2022-07-20T09:39:58.853+0000][7][safepoint   ] Safepoint "G1CollectForAllocation", Time since last: 195778495 ns, Reaching safepoint: 49218 ns, At safepoint: 9077829 ns, Total: 9127047 ns
[2022-07-20T09:39:59.271+0000][7][gc,start    ] GC(10) Pause Young (Normal) (G1 Evacuation Pause)
[2022-07-20T09:39:59.271+0000][7][gc,task     ] GC(10) Using 4 workers of 4 for evacuation
[2022-07-20T09:39:59.271+0000][7][gc,age      ] GC(10) Desired survivor size 10485760 bytes, new threshold 6 (max threshold 15)
[2022-07-20T09:39:59.279+0000][7][gc,age      ] GC(10) Age table with threshold 6 (max threshold 15)
[2022-07-20T09:39:59.279+0000][7][gc,age      ] GC(10) - age   1:    3297240 bytes,    3297240 total
[2022-07-20T09:39:59.279+0000][7][gc,age      ] GC(10) - age   2:     249504 bytes,    3546744 total
[2022-07-20T09:39:59.279+0000][7][gc,age      ] GC(10) - age   3:     998016 bytes,    4544760 total
[2022-07-20T09:39:59.279+0000][7][gc,age      ] GC(10) - age   4:    1996024 bytes,    6540784 total
[2022-07-20T09:39:59.279+0000][7][gc,age      ] GC(10) - age   5:     734032 bytes,    7274816 total
[2022-07-20T09:39:59.279+0000][7][gc,age      ] GC(10) - age   6:    2846056 bytes,   10120872 total
[2022-07-20T09:39:59.279+0000][7][gc,phases   ] GC(10)   Pre Evacuate Collection Set: 0.0ms
[2022-07-20T09:39:59.279+0000][7][gc,phases   ] GC(10)   Merge Heap Roots: 0.0ms
[2022-07-20T09:39:59.279+0000][7][gc,phases   ] GC(10)   Evacuate Collection Set: 7.4ms
[2022-07-20T09:39:59.279+0000][7][gc,phases   ] GC(10)   Post Evacuate Collection Set: 0.5ms
[2022-07-20T09:39:59.279+0000][7][gc,phases   ] GC(10)   Other: 0.2ms
[2022-07-20T09:39:59.279+0000][7][gc,heap     ] GC(10) Eden regions: 35->0(35)
[2022-07-20T09:39:59.279+0000][7][gc,heap     ] GC(10) Survivor regions: 3->3(5)
[2022-07-20T09:39:59.279+0000][7][gc,heap     ] GC(10) Old regions: 2->3
[2022-07-20T09:39:59.279+0000][7][gc,heap     ] GC(10) Archive regions: 2->2
[2022-07-20T09:39:59.279+0000][7][gc,heap     ] GC(10) Humongous regions: 0->0
[2022-07-20T09:39:59.279+0000][7][gc,metaspace] GC(10) Metaspace: 28053K(28608K)->28053K(28608K) NonClass: 24667K(24960K)->24667K(24960K) Class: 3385K(3648K)->3385K(3648K)
[2022-07-20T09:39:59.279+0000][7][gc          ] GC(10) Pause Young (Normal) (G1 Evacuation Pause) 160M->23M(256M) 8.269ms
[2022-07-20T09:39:59.279+0000][7][gc,cpu      ] GC(10) User=0.03s Sys=0.00s Real=0.01s
[2022-07-20T09:39:59.279+0000][7][safepoint   ] Safepoint "G1CollectForAllocation", Time since last: 417216950 ns, Reaching safepoint: 183661 ns, At safepoint: 8339925 ns, Total: 8523586 ns
[2022-07-20T09:39:59.489+0000][7][gc,start    ] GC(11) Pause Young (Normal) (G1 Evacuation Pause)
[2022-07-20T09:39:59.489+0000][7][gc,task     ] GC(11) Using 4 workers of 4 for evacuation
[2022-07-20T09:39:59.489+0000][7][gc,age      ] GC(11) Desired survivor size 10485760 bytes, new threshold 15 (max threshold 15)
[2022-07-20T09:39:59.496+0000][7][gc,age      ] GC(11) Age table with threshold 15 (max threshold 15)
[2022-07-20T09:39:59.496+0000][7][gc,age      ] GC(11) - age   1:     769912 bytes,     769912 total
[2022-07-20T09:39:59.496+0000][7][gc,age      ] GC(11) - age   2:    2752960 bytes,    3522872 total
[2022-07-20T09:39:59.496+0000][7][gc,age      ] GC(11) - age   3:     249504 bytes,    3772376 total
[2022-07-20T09:39:59.496+0000][7][gc,age      ] GC(11) - age   4:     998016 bytes,    4770392 total
[2022-07-20T09:39:59.496+0000][7][gc,age      ] GC(11) - age   5:    1996024 bytes,    6766416 total
[2022-07-20T09:39:59.496+0000][7][gc,age      ] GC(11) - age   6:     734032 bytes,    7500448 total
[2022-07-20T09:39:59.496+0000][7][gc,age      ] GC(11) - age   7:    2846056 bytes,   10346504 total
[2022-07-20T09:39:59.496+0000][7][gc,phases   ] GC(11)   Pre Evacuate Collection Set: 0.0ms
[2022-07-20T09:39:59.496+0000][7][gc,phases   ] GC(11)   Merge Heap Roots: 0.0ms
[2022-07-20T09:39:59.496+0000][7][gc,phases   ] GC(11)   Evacuate Collection Set: 5.8ms
[2022-07-20T09:39:59.496+0000][7][gc,phases   ] GC(11)   Post Evacuate Collection Set: 0.4ms
[2022-07-20T09:39:59.496+0000][7][gc,phases   ] GC(11)   Other: 0.2ms
[2022-07-20T09:39:59.496+0000][7][gc,heap     ] GC(11) Eden regions: 35->0(35)
[2022-07-20T09:39:59.496+0000][7][gc,heap     ] GC(11) Survivor regions: 3->3(5)
[2022-07-20T09:39:59.496+0000][7][gc,heap     ] GC(11) Old regions: 3->3
[2022-07-20T09:39:59.496+0000][7][gc,heap     ] GC(11) Archive regions: 2->2
[2022-07-20T09:39:59.496+0000][7][gc,heap     ] GC(11) Humongous regions: 0->0
[2022-07-20T09:39:59.496+0000][7][gc,metaspace] GC(11) Metaspace: 28135K(28736K)->28135K(28736K) NonClass: 24733K(25088K)->24733K(25088K) Class: 3401K(3648K)->3401K(3648K)
[2022-07-20T09:39:59.496+0000][7][gc          ] GC(11) Pause Young (Normal) (G1 Evacuation Pause) 163M->23M(256M) 6.663ms
[2022-07-20T09:39:59.496+0000][7][gc,cpu      ] GC(11) User=0.03s Sys=0.00s Real=0.01s
[2022-07-20T09:39:59.496+0000][7][safepoint   ] Safepoint "G1CollectForAllocation", Time since last: 210078560 ns, Reaching safepoint: 49835 ns, At safepoint: 6730777 ns, Total: 6780612 ns
[2022-07-20T09:39:59.749+0000][7][gc,start    ] GC(12) Pause Young (Normal) (G1 Evacuation Pause)
[2022-07-20T09:39:59.749+0000][7][gc,task     ] GC(12) Using 4 workers of 4 for evacuation
[2022-07-20T09:39:59.749+0000][7][gc,age      ] GC(12) Desired survivor size 10485760 bytes, new threshold 15 (max threshold 15)
[2022-07-20T09:39:59.755+0000][7][gc,age      ] GC(12) Age table with threshold 15 (max threshold 15)
[2022-07-20T09:39:59.755+0000][7][gc,age      ] GC(12) - age   1:    2665880 bytes,    2665880 total
[2022-07-20T09:39:59.755+0000][7][gc,age      ] GC(12) - age   2:     348520 bytes,    3014400 total
[2022-07-20T09:39:59.755+0000][7][gc,age      ] GC(12) - age   3:    2752960 bytes,    5767360 total
[2022-07-20T09:39:59.755+0000][7][gc,age      ] GC(12) - age   4:     248960 bytes,    6016320 total
[2022-07-20T09:39:59.755+0000][7][gc,age      ] GC(12) - age   5:     996960 bytes,    7013280 total
[2022-07-20T09:39:59.755+0000][7][gc,age      ] GC(12) - age   6:    1995960 bytes,    9009240 total
[2022-07-20T09:39:59.755+0000][7][gc,age      ] GC(12) - age   7:     733944 bytes,    9743184 total
[2022-07-20T09:39:59.755+0000][7][gc,age      ] GC(12) - age   8:    2845992 bytes,   12589176 total
[2022-07-20T09:39:59.755+0000][7][gc,phases   ] GC(12)   Pre Evacuate Collection Set: 0.0ms
[2022-07-20T09:39:59.755+0000][7][gc,phases   ] GC(12)   Merge Heap Roots: 0.0ms
[2022-07-20T09:39:59.755+0000][7][gc,phases   ] GC(12)   Evacuate Collection Set: 5.6ms
[2022-07-20T09:39:59.755+0000][7][gc,phases   ] GC(12)   Post Evacuate Collection Set: 0.5ms
[2022-07-20T09:39:59.755+0000][7][gc,phases   ] GC(12)   Other: 0.2ms
[2022-07-20T09:39:59.755+0000][7][gc,heap     ] GC(12) Eden regions: 35->0(34)
[2022-07-20T09:39:59.755+0000][7][gc,heap     ] GC(12) Survivor regions: 3->4(5)
[2022-07-20T09:39:59.755+0000][7][gc,heap     ] GC(12) Old regions: 3->3
[2022-07-20T09:39:59.755+0000][7][gc,heap     ] GC(12) Archive regions: 2->2
[2022-07-20T09:39:59.755+0000][7][gc,heap     ] GC(12) Humongous regions: 0->0
[2022-07-20T09:39:59.755+0000][7][gc,metaspace] GC(12) Metaspace: 29086K(29696K)->29086K(29696K) NonClass: 25553K(25920K)->25553K(25920K) Class: 3532K(3776K)->3532K(3776K)
[2022-07-20T09:39:59.755+0000][7][gc          ] GC(12) Pause Young (Normal) (G1 Evacuation Pause) 163M->25M(256M) 6.480ms
[2022-07-20T09:39:59.755+0000][7][gc,cpu      ] GC(12) User=0.02s Sys=0.00s Real=0.01s
[2022-07-20T09:39:59.755+0000][7][safepoint   ] Safepoint "G1CollectForAllocation", Time since last: 252640652 ns, Reaching safepoint: 61657 ns, At safepoint: 6545840 ns, Total: 6607497 ns
[2022-07-20T09:39:59.927+0000][7][gc,start    ] GC(13) Pause Young (Normal) (G1 Evacuation Pause)
[2022-07-20T09:39:59.927+0000][7][gc,task     ] GC(13) Using 4 workers of 4 for evacuation
[2022-07-20T09:39:59.927+0000][7][gc,age      ] GC(13) Desired survivor size 10485760 bytes, new threshold 8 (max threshold 15)
[2022-07-20T09:39:59.936+0000][7][gc,age      ] GC(13) Age table with threshold 8 (max threshold 15)
[2022-07-20T09:39:59.936+0000][7][gc,age      ] GC(13) - age   1:     165544 bytes,     165544 total
[2022-07-20T09:39:59.936+0000][7][gc,age      ] GC(13) - age   2:    2125008 bytes,    2290552 total
[2022-07-20T09:39:59.936+0000][7][gc,age      ] GC(13) - age   3:     348520 bytes,    2639072 total
[2022-07-20T09:39:59.936+0000][7][gc,age      ] GC(13) - age   4:    2752744 bytes,    5391816 total
[2022-07-20T09:39:59.936+0000][7][gc,age      ] GC(13) - age   5:     248416 bytes,    5640232 total
[2022-07-20T09:39:59.936+0000][7][gc,age      ] GC(13) - age   6:     996960 bytes,    6637192 total
[2022-07-20T09:39:59.936+0000][7][gc,age      ] GC(13) - age   7:    1995960 bytes,    8633152 total
[2022-07-20T09:39:59.936+0000][7][gc,age      ] GC(13) - age   8:     733944 bytes,    9367096 total
[2022-07-20T09:39:59.936+0000][7][gc,phases   ] GC(13)   Pre Evacuate Collection Set: 0.0ms
[2022-07-20T09:39:59.936+0000][7][gc,phases   ] GC(13)   Merge Heap Roots: 0.0ms
[2022-07-20T09:39:59.936+0000][7][gc,phases   ] GC(13)   Evacuate Collection Set: 8.3ms
[2022-07-20T09:39:59.936+0000][7][gc,phases   ] GC(13)   Post Evacuate Collection Set: 0.5ms
[2022-07-20T09:39:59.936+0000][7][gc,phases   ] GC(13)   Other: 0.3ms
[2022-07-20T09:39:59.936+0000][7][gc,heap     ] GC(13) Eden regions: 34->0(35)
[2022-07-20T09:39:59.936+0000][7][gc,heap     ] GC(13) Survivor regions: 4->3(5)
[2022-07-20T09:39:59.936+0000][7][gc,heap     ] GC(13) Old regions: 3->3
[2022-07-20T09:39:59.936+0000][7][gc,heap     ] GC(13) Archive regions: 2->2
[2022-07-20T09:39:59.936+0000][7][gc,heap     ] GC(13) Humongous regions: 0->0
[2022-07-20T09:39:59.936+0000][7][gc,metaspace] GC(13) Metaspace: 29336K(29952K)->29336K(29952K) NonClass: 25759K(26112K)->25759K(26112K) Class: 3576K(3840K)->3576K(3840K)
[2022-07-20T09:39:59.936+0000][7][gc          ] GC(13) Pause Young (Normal) (G1 Evacuation Pause) 161M->25M(256M) 9.264ms
[2022-07-20T09:39:59.936+0000][7][gc,cpu      ] GC(13) User=0.04s Sys=0.00s Real=0.01s
[2022-07-20T09:39:59.936+0000][7][safepoint   ] Safepoint "G1CollectForAllocation", Time since last: 171567535 ns, Reaching safepoint: 49221 ns, At safepoint: 9340554 ns, Total: 9389775 ns
[2022-07-20T09:40:00.108+0000][7][gc,start    ] GC(14) Pause Young (Normal) (G1 Evacuation Pause)
[2022-07-20T09:40:00.109+0000][7][gc,task     ] GC(14) Using 4 workers of 4 for evacuation
[2022-07-20T09:40:00.109+0000][7][gc,age      ] GC(14) Desired survivor size 10485760 bytes, new threshold 15 (max threshold 15)
[2022-07-20T09:40:00.113+0000][7][gc,age      ] GC(14) Age table with threshold 15 (max threshold 15)
[2022-07-20T09:40:00.113+0000][7][gc,age      ] GC(14) - age   1:    1188160 bytes,    1188160 total
[2022-07-20T09:40:00.113+0000][7][gc,age      ] GC(14) - age   2:     159016 bytes,    1347176 total
[2022-07-20T09:40:00.113+0000][7][gc,age      ] GC(14) - age   3:    2125008 bytes,    3472184 total
[2022-07-20T09:40:00.113+0000][7][gc,age      ] GC(14) - age   4:     348520 bytes,    3820704 total
[2022-07-20T09:40:00.113+0000][7][gc,age      ] GC(14) - age   5:    2752744 bytes,    6573448 total
[2022-07-20T09:40:00.113+0000][7][gc,age      ] GC(14) - age   6:     248416 bytes,    6821864 total
[2022-07-20T09:40:00.113+0000][7][gc,age      ] GC(14) - age   7:     996960 bytes,    7818824 total
[2022-07-20T09:40:00.113+0000][7][gc,age      ] GC(14) - age   8:    1995720 bytes,    9814544 total
[2022-07-20T09:40:00.113+0000][7][gc,age      ] GC(14) - age   9:     733944 bytes,   10548488 total
[2022-07-20T09:40:00.114+0000][7][gc,phases   ] GC(14)   Pre Evacuate Collection Set: 0.1ms
[2022-07-20T09:40:00.114+0000][7][gc,phases   ] GC(14)   Merge Heap Roots: 0.1ms
[2022-07-20T09:40:00.114+0000][7][gc,phases   ] GC(14)   Evacuate Collection Set: 4.2ms
[2022-07-20T09:40:00.114+0000][7][gc,phases   ] GC(14)   Post Evacuate Collection Set: 0.4ms
[2022-07-20T09:40:00.114+0000][7][gc,phases   ] GC(14)   Other: 0.2ms
[2022-07-20T09:40:00.114+0000][7][gc,heap     ] GC(14) Eden regions: 35->0(35)
[2022-07-20T09:40:00.114+0000][7][gc,heap     ] GC(14) Survivor regions: 3->3(5)
[2022-07-20T09:40:00.114+0000][7][gc,heap     ] GC(14) Old regions: 3->3
[2022-07-20T09:40:00.114+0000][7][gc,heap     ] GC(14) Archive regions: 2->2
[2022-07-20T09:40:00.114+0000][7][gc,heap     ] GC(14) Humongous regions: 0->0
[2022-07-20T09:40:00.114+0000][7][gc,metaspace] GC(14) Metaspace: 29402K(30016K)->29402K(30016K) NonClass: 25812K(26176K)->25812K(26176K) Class: 3590K(3840K)->3590K(3840K)
[2022-07-20T09:40:00.114+0000][7][gc          ] GC(14) Pause Young (Normal) (G1 Evacuation Pause) 165M->26M(256M) 5.147ms
[2022-07-20T09:40:00.114+0000][7][gc,cpu      ] GC(14) User=0.02s Sys=0.00s Real=0.01s
[2022-07-20T09:40:00.114+0000][7][safepoint   ] Safepoint "G1CollectForAllocation", Time since last: 172331453 ns, Reaching safepoint: 131213 ns, At safepoint: 5211495 ns, Total: 5342708 ns
[2022-07-20T09:40:00.387+0000][7][gc,heap,exit] Heap
[2022-07-20T09:40:00.387+0000][7][gc,heap,exit]  garbage-first heap   total 262144K, used 132317K [0x00000000f0000000, 0x0000000100000000)
[2022-07-20T09:40:00.387+0000][7][gc,heap,exit]   region size 4096K, 29 young (118784K), 3 survivors (12288K)
[2022-07-20T09:40:00.387+0000][7][gc,heap,exit]  Metaspace       used 31279K, committed 31872K, reserved 1081344K
[2022-07-20T09:40:00.387+0000][7][gc,heap,exit]   class space    used 3825K, committed 4032K, reserved 1048576K
