[2022-07-20T09:44:12.362+0000][7][gc] Using G1
[2022-07-20T09:44:12.517+0000][7][gc,init] Version: 15.0.1+9 (release)
[2022-07-20T09:44:12.517+0000][7][gc,init] CPUs: 4 total, 4 available
[2022-07-20T09:44:12.517+0000][7][gc,init] Memory: 7848M
[2022-07-20T09:44:12.517+0000][7][gc,init] Large Page Support: Disabled
[2022-07-20T09:44:12.517+0000][7][gc,init] NUMA Support: Disabled
[2022-07-20T09:44:12.517+0000][7][gc,init] Compressed Oops: Enabled (32-bit)
[2022-07-20T09:44:12.517+0000][7][gc,init] Heap Region Size: 4M
[2022-07-20T09:44:12.517+0000][7][gc,init] Heap Min Capacity: 256M
[2022-07-20T09:44:12.517+0000][7][gc,init] Heap Initial Capacity: 256M
[2022-07-20T09:44:12.517+0000][7][gc,init] Heap Max Capacity: 256M
[2022-07-20T09:44:12.517+0000][7][gc,init] Pre-touch: Enabled
[2022-07-20T09:44:12.517+0000][7][gc,init] Parallel Workers: 4
[2022-07-20T09:44:12.517+0000][7][gc,init] Concurrent Workers: 1
[2022-07-20T09:44:12.517+0000][7][gc,init] Concurrent Refinement Workers: 4
[2022-07-20T09:44:12.517+0000][7][gc,init] Periodic GC: Disabled
[2022-07-20T09:44:12.518+0000][7][gc,cds ] Mark closed archive regions in map: [0x00000000ffc00000, 0x00000000ffc7bff8]
[2022-07-20T09:44:12.518+0000][7][gc,cds ] Mark open archive regions in map: [0x00000000ffb00000, 0x00000000ffb51ff8]
[2022-07-20T09:44:12.518+0000][7][gc,metaspace] CDS archive(s) mapped at: [0x0000000800000000-0x0000000800b2a000-0x0000000800b2a000), size 11706368, SharedBaseAddress: 0x0000000800000000, ArchiveRelocationMode: 0.
[2022-07-20T09:44:12.518+0000][7][gc,metaspace] Compressed class space mapped at: 0x0000000800b2c000-0x0000000840b2c000, size: 1073741824
[2022-07-20T09:44:12.518+0000][7][gc,metaspace] Narrow klass base: 0x0000000800000000, Narrow klass shift: 3, Narrow klass range: 0x100000000
[2022-07-20T09:44:13.874+0000][7][gc,start    ] GC(0) Pause Young (Normal) (G1 Evacuation Pause)
[2022-07-20T09:44:13.886+0000][7][gc,task     ] GC(0) Using 4 workers of 4 for evacuation
[2022-07-20T09:44:13.886+0000][7][gc,age      ] GC(0) Desired survivor size 2097152 bytes, new threshold 15 (max threshold 15)
[2022-07-20T09:44:13.901+0000][7][gc,age      ] GC(0) Age table with threshold 15 (max threshold 15)
[2022-07-20T09:44:13.902+0000][7][gc,age      ] GC(0) - age   1:    3011864 bytes,    3011864 total
[2022-07-20T09:44:13.902+0000][7][gc,phases   ] GC(0)   Pre Evacuate Collection Set: 0.1ms
[2022-07-20T09:44:13.902+0000][7][gc,phases   ] GC(0)   Merge Heap Roots: 0.1ms
[2022-07-20T09:44:13.902+0000][7][gc,phases   ] GC(0)   Evacuate Collection Set: 14.3ms
[2022-07-20T09:44:13.902+0000][7][gc,phases   ] GC(0)   Post Evacuate Collection Set: 0.7ms
[2022-07-20T09:44:13.902+0000][7][gc,phases   ] GC(0)   Other: 12.4ms
[2022-07-20T09:44:13.902+0000][7][gc,heap     ] GC(0) Eden regions: 3->0(2)
[2022-07-20T09:44:13.902+0000][7][gc,heap     ] GC(0) Survivor regions: 0->1(1)
[2022-07-20T09:44:13.902+0000][7][gc,heap     ] GC(0) Old regions: 0->0
[2022-07-20T09:44:13.902+0000][7][gc,heap     ] GC(0) Archive regions: 2->2
[2022-07-20T09:44:13.903+0000][7][gc,heap     ] GC(0) Humongous regions: 0->0
[2022-07-20T09:44:13.903+0000][7][gc,metaspace] GC(0) Metaspace: 3496K(6528K)->3496K(6528K) NonClass: 3153K(5888K)->3153K(5888K) Class: 343K(640K)->343K(640K)
[2022-07-20T09:44:13.903+0000][7][gc          ] GC(0) Pause Young (Normal) (G1 Evacuation Pause) 15M->6M(256M) 28.531ms
[2022-07-20T09:44:13.903+0000][7][gc,cpu      ] GC(0) User=0.02s Sys=0.01s Real=0.04s
[2022-07-20T09:44:13.903+0000][7][safepoint   ] Safepoint "G1CollectForAllocation", Time since last: 1344030879 ns, Reaching safepoint: 353693 ns, At safepoint: 28857104 ns, Total: 29210797 ns
[2022-07-20T09:44:14.741+0000][7][gc,start    ] GC(1) Pause Young (Normal) (G1 Evacuation Pause)
[2022-07-20T09:44:14.741+0000][7][gc,task     ] GC(1) Using 4 workers of 4 for evacuation
[2022-07-20T09:44:14.741+0000][7][gc,age      ] GC(1) Desired survivor size 2097152 bytes, new threshold 1 (max threshold 15)
[2022-07-20T09:44:14.757+0000][7][gc,age      ] GC(1) Age table with threshold 1 (max threshold 15)
[2022-07-20T09:44:14.757+0000][7][gc,age      ] GC(1) - age   1:     852320 bytes,     852320 total
[2022-07-20T09:44:14.757+0000][7][gc,phases   ] GC(1)   Pre Evacuate Collection Set: 0.1ms
[2022-07-20T09:44:14.757+0000][7][gc,phases   ] GC(1)   Merge Heap Roots: 0.0ms
[2022-07-20T09:44:14.758+0000][7][gc,phases   ] GC(1)   Evacuate Collection Set: 15.8ms
[2022-07-20T09:44:14.758+0000][7][gc,phases   ] GC(1)   Post Evacuate Collection Set: 0.4ms
[2022-07-20T09:44:14.758+0000][7][gc,phases   ] GC(1)   Other: 0.3ms
[2022-07-20T09:44:14.758+0000][7][gc,heap     ] GC(1) Eden regions: 2->0(6)
[2022-07-20T09:44:14.758+0000][7][gc,heap     ] GC(1) Survivor regions: 1->1(1)
[2022-07-20T09:44:14.758+0000][7][gc,heap     ] GC(1) Old regions: 0->1
[2022-07-20T09:44:14.758+0000][7][gc,heap     ] GC(1) Archive regions: 2->2
[2022-07-20T09:44:14.758+0000][7][gc,heap     ] GC(1) Humongous regions: 0->0
[2022-07-20T09:44:14.758+0000][7][gc,metaspace] GC(1) Metaspace: 6715K(8960K)->6715K(8960K) NonClass: 5975K(7936K)->5975K(7936K) Class: 740K(1024K)->740K(1024K)
[2022-07-20T09:44:14.758+0000][7][gc          ] GC(1) Pause Young (Normal) (G1 Evacuation Pause) 14M->7M(256M) 16.969ms
[2022-07-20T09:44:14.758+0000][7][gc,cpu      ] GC(1) User=0.01s Sys=0.00s Real=0.02s
[2022-07-20T09:44:14.758+0000][7][safepoint   ] Safepoint "G1CollectForAllocation", Time since last: 835219966 ns, Reaching safepoint: 2620643 ns, At safepoint: 17113736 ns, Total: 19734379 ns
[2022-07-20T09:44:16.331+0000][7][safepoint   ] Safepoint "Cleanup", Time since last: 1567475928 ns, Reaching safepoint: 5234362 ns, At safepoint: 5925 ns, Total: 5240287 ns
[2022-07-20T09:44:17.410+0000][7][gc,start    ] GC(2) Pause Young (Normal) (G1 Evacuation Pause)
[2022-07-20T09:44:17.410+0000][7][gc,task     ] GC(2) Using 4 workers of 4 for evacuation
[2022-07-20T09:44:17.415+0000][7][gc,age      ] GC(2) Desired survivor size 2097152 bytes, new threshold 15 (max threshold 15)
[2022-07-20T09:44:17.435+0000][7][gc,age      ] GC(2) Age table with threshold 15 (max threshold 15)
[2022-07-20T09:44:17.435+0000][7][gc,age      ] GC(2) - age   1:    2260568 bytes,    2260568 total
[2022-07-20T09:44:17.435+0000][7][gc,age      ] GC(2) - age   2:     814112 bytes,    3074680 total
[2022-07-20T09:44:17.435+0000][7][gc,phases   ] GC(2)   Pre Evacuate Collection Set: 0.1ms
[2022-07-20T09:44:17.435+0000][7][gc,phases   ] GC(2)   Merge Heap Roots: 0.0ms
[2022-07-20T09:44:17.435+0000][7][gc,phases   ] GC(2)   Evacuate Collection Set: 19.3ms
[2022-07-20T09:44:17.435+0000][7][gc,phases   ] GC(2)   Post Evacuate Collection Set: 0.5ms
[2022-07-20T09:44:17.435+0000][7][gc,phases   ] GC(2)   Other: 5.0ms
[2022-07-20T09:44:17.435+0000][7][gc,heap     ] GC(2) Eden regions: 6->0(19)
[2022-07-20T09:44:17.435+0000][7][gc,heap     ] GC(2) Survivor regions: 1->1(1)
[2022-07-20T09:44:17.435+0000][7][gc,heap     ] GC(2) Old regions: 1->1
[2022-07-20T09:44:17.435+0000][7][gc,heap     ] GC(2) Archive regions: 2->2
[2022-07-20T09:44:17.435+0000][7][gc,heap     ] GC(2) Humongous regions: 0->0
[2022-07-20T09:44:17.435+0000][7][gc,metaspace] GC(2) Metaspace: 11923K(12288K)->11923K(12288K) NonClass: 10490K(10752K)->10490K(10752K) Class: 1433K(1536K)->1433K(1536K)
[2022-07-20T09:44:17.435+0000][7][gc          ] GC(2) Pause Young (Normal) (G1 Evacuation Pause) 31M->9M(256M) 25.318ms
[2022-07-20T09:44:17.435+0000][7][gc,cpu      ] GC(2) User=0.02s Sys=0.00s Real=0.03s
[2022-07-20T09:44:17.435+0000][7][safepoint   ] Safepoint "G1CollectForAllocation", Time since last: 1079002144 ns, Reaching safepoint: 189184 ns, At safepoint: 25445149 ns, Total: 25634333 ns
[2022-07-20T09:44:19.277+0000][7][safepoint   ] Safepoint "Cleanup", Time since last: 1840527917 ns, Reaching safepoint: 769290 ns, At safepoint: 8158 ns, Total: 777448 ns
[2022-07-20T09:44:20.283+0000][7][safepoint   ] Safepoint "Cleanup", Time since last: 1000192198 ns, Reaching safepoint: 5856436 ns, At safepoint: 14335 ns, Total: 5870771 ns
[2022-07-20T09:44:21.283+0000][7][safepoint   ] Safepoint "Cleanup", Time since last: 1000221032 ns, Reaching safepoint: 255542 ns, At safepoint: 8564 ns, Total: 264106 ns
[2022-07-20T09:44:22.059+0000][7][gc,start    ] GC(3) Pause Young (Normal) (G1 Evacuation Pause)
[2022-07-20T09:44:22.060+0000][7][gc,task     ] GC(3) Using 4 workers of 4 for evacuation
[2022-07-20T09:44:22.061+0000][7][gc,age      ] GC(3) Desired survivor size 6291456 bytes, new threshold 15 (max threshold 15)
[2022-07-20T09:44:22.097+0000][7][gc,age      ] GC(3) Age table with threshold 15 (max threshold 15)
[2022-07-20T09:44:22.097+0000][7][gc,age      ] GC(3) - age   1:    1689072 bytes,    1689072 total
[2022-07-20T09:44:22.097+0000][7][gc,age      ] GC(3) - age   2:    2148432 bytes,    3837504 total
[2022-07-20T09:44:22.097+0000][7][gc,age      ] GC(3) - age   3:     810896 bytes,    4648400 total
[2022-07-20T09:44:22.097+0000][7][gc,phases   ] GC(3)   Pre Evacuate Collection Set: 0.1ms
[2022-07-20T09:44:22.097+0000][7][gc,phases   ] GC(3)   Merge Heap Roots: 0.1ms
[2022-07-20T09:44:22.097+0000][7][gc,phases   ] GC(3)   Evacuate Collection Set: 32.9ms
[2022-07-20T09:44:22.097+0000][7][gc,phases   ] GC(3)   Post Evacuate Collection Set: 1.4ms
[2022-07-20T09:44:22.097+0000][7][gc,phases   ] GC(3)   Other: 3.4ms
[2022-07-20T09:44:22.098+0000][7][gc,heap     ] GC(3) Eden regions: 19->0(36)
[2022-07-20T09:44:22.098+0000][7][gc,heap     ] GC(3) Survivor regions: 1->2(3)
[2022-07-20T09:44:22.098+0000][7][gc,heap     ] GC(3) Old regions: 1->1
[2022-07-20T09:44:22.098+0000][7][gc,heap     ] GC(3) Archive regions: 2->2
[2022-07-20T09:44:22.098+0000][7][gc,heap     ] GC(3) Humongous regions: 0->0
[2022-07-20T09:44:22.098+0000][7][gc,metaspace] GC(3) Metaspace: 15022K(15488K)->15022K(15488K) NonClass: 13290K(13568K)->13290K(13568K) Class: 1732K(1920K)->1732K(1920K)
[2022-07-20T09:44:22.098+0000][7][gc          ] GC(3) Pause Young (Normal) (G1 Evacuation Pause) 85M->11M(256M) 38.281ms
[2022-07-20T09:44:22.098+0000][7][gc,cpu      ] GC(3) User=0.03s Sys=0.00s Real=0.04s
[2022-07-20T09:44:22.098+0000][7][safepoint   ] Safepoint "G1CollectForAllocation", Time since last: 776165115 ns, Reaching safepoint: 89021 ns, At safepoint: 38419394 ns, Total: 38508415 ns
[2022-07-20T09:44:22.351+0000][7][safepoint   ] Safepoint "ICBufferFull", Time since last: 250462138 ns, Reaching safepoint: 2664955 ns, At safepoint: 16318 ns, Total: 2681273 ns
[2022-07-20T09:44:22.396+0000][7][safepoint   ] Safepoint "ICBufferFull", Time since last: 44706574 ns, Reaching safepoint: 148810 ns, At safepoint: 4997 ns, Total: 153807 ns
[2022-07-20T09:44:22.414+0000][7][safepoint   ] Safepoint "ICBufferFull", Time since last: 9823468 ns, Reaching safepoint: 8212020 ns, At safepoint: 21338 ns, Total: 8233358 ns
[2022-07-20T09:44:22.431+0000][7][safepoint   ] Safepoint "ICBufferFull", Time since last: 4402156 ns, Reaching safepoint: 12319137 ns, At safepoint: 9294 ns, Total: 12328431 ns
[2022-07-20T09:44:22.455+0000][7][safepoint   ] Safepoint "ICBufferFull", Time since last: 23919679 ns, Reaching safepoint: 95467 ns, At safepoint: 5345 ns, Total: 100812 ns
[2022-07-20T09:44:22.473+0000][7][safepoint   ] Safepoint "ICBufferFull", Time since last: 17808678 ns, Reaching safepoint: 115328 ns, At safepoint: 6127 ns, Total: 121455 ns
[2022-07-20T09:44:22.495+0000][7][safepoint   ] Safepoint "ICBufferFull", Time since last: 21962385 ns, Reaching safepoint: 93624 ns, At safepoint: 4849 ns, Total: 98473 ns
[2022-07-20T09:44:22.525+0000][7][safepoint   ] Safepoint "ICBufferFull", Time since last: 4076723 ns, Reaching safepoint: 25855569 ns, At safepoint: 18141 ns, Total: 25873710 ns
[2022-07-20T09:44:22.538+0000][7][safepoint   ] Safepoint "ICBufferFull", Time since last: 10569285 ns, Reaching safepoint: 2670960 ns, At safepoint: 10721 ns, Total: 2681681 ns
[2022-07-20T09:44:22.559+0000][7][safepoint   ] Safepoint "ICBufferFull", Time since last: 20699872 ns, Reaching safepoint: 159187 ns, At safepoint: 5453 ns, Total: 164640 ns
[2022-07-20T09:44:22.580+0000][7][safepoint   ] Safepoint "ICBufferFull", Time since last: 21407725 ns, Reaching safepoint: 142800 ns, At safepoint: 4926 ns, Total: 147726 ns
[2022-07-20T09:44:22.609+0000][7][safepoint   ] Safepoint "ICBufferFull", Time since last: 28363116 ns, Reaching safepoint: 153801 ns, At safepoint: 8777 ns, Total: 162578 ns
[2022-07-20T09:44:22.629+0000][7][safepoint   ] Safepoint "ICBufferFull", Time since last: 5326846 ns, Reaching safepoint: 14602288 ns, At safepoint: 11561 ns, Total: 14613849 ns
[2022-07-20T09:44:22.652+0000][7][safepoint   ] Safepoint "ICBufferFull", Time since last: 17576132 ns, Reaching safepoint: 5657131 ns, At safepoint: 7563 ns, Total: 5664694 ns
[2022-07-20T09:44:22.662+0000][7][safepoint   ] Safepoint "ICBufferFull", Time since last: 4003716 ns, Reaching safepoint: 5907213 ns, At safepoint: 12114 ns, Total: 5919327 ns
[2022-07-20T09:44:22.669+0000][7][safepoint   ] Safepoint "ICBufferFull", Time since last: 4039525 ns, Reaching safepoint: 2525281 ns, At safepoint: 10639 ns, Total: 2535920 ns
[2022-07-20T09:44:23.675+0000][7][safepoint   ] Safepoint "Cleanup", Time since last: 1006074328 ns, Reaching safepoint: 224068 ns, At safepoint: 10193 ns, Total: 234261 ns
[2022-07-20T09:44:24.559+0000][7][gc,start    ] GC(4) Pause Young (Normal) (G1 Evacuation Pause)
[2022-07-20T09:44:24.559+0000][7][gc,task     ] GC(4) Using 4 workers of 4 for evacuation
[2022-07-20T09:44:24.559+0000][7][gc,age      ] GC(4) Desired survivor size 10485760 bytes, new threshold 15 (max threshold 15)
[2022-07-20T09:44:24.599+0000][7][gc,age      ] GC(4) Age table with threshold 15 (max threshold 15)
[2022-07-20T09:44:24.599+0000][7][gc,age      ] GC(4) - age   1:    2824320 bytes,    2824320 total
[2022-07-20T09:44:24.599+0000][7][gc,age      ] GC(4) - age   2:    1665192 bytes,    4489512 total
[2022-07-20T09:44:24.599+0000][7][gc,age      ] GC(4) - age   3:    2133096 bytes,    6622608 total
[2022-07-20T09:44:24.599+0000][7][gc,age      ] GC(4) - age   4:     807888 bytes,    7430496 total
[2022-07-20T09:44:24.599+0000][7][gc,phases   ] GC(4)   Pre Evacuate Collection Set: 0.9ms
[2022-07-20T09:44:24.599+0000][7][gc,phases   ] GC(4)   Merge Heap Roots: 6.2ms
[2022-07-20T09:44:24.599+0000][7][gc,phases   ] GC(4)   Evacuate Collection Set: 24.0ms
[2022-07-20T09:44:24.599+0000][7][gc,phases   ] GC(4)   Post Evacuate Collection Set: 8.0ms
[2022-07-20T09:44:24.599+0000][7][gc,phases   ] GC(4)   Other: 1.0ms
[2022-07-20T09:44:24.599+0000][7][gc,heap     ] GC(4) Eden regions: 36->0(36)
[2022-07-20T09:44:24.599+0000][7][gc,heap     ] GC(4) Survivor regions: 2->2(5)
[2022-07-20T09:44:24.599+0000][7][gc,heap     ] GC(4) Old regions: 1->1
[2022-07-20T09:44:24.599+0000][7][gc,heap     ] GC(4) Archive regions: 2->2
[2022-07-20T09:44:24.599+0000][7][gc,heap     ] GC(4) Humongous regions: 0->0
[2022-07-20T09:44:24.599+0000][7][gc,metaspace] GC(4) Metaspace: 18092K(18688K)->18092K(18688K) NonClass: 15941K(16384K)->15941K(16384K) Class: 2150K(2304K)->2150K(2304K)
[2022-07-20T09:44:24.599+0000][7][gc          ] GC(4) Pause Young (Normal) (G1 Evacuation Pause) 155M->14M(256M) 40.551ms
[2022-07-20T09:44:24.599+0000][7][gc,cpu      ] GC(4) User=0.03s Sys=0.00s Real=0.04s
[2022-07-20T09:44:24.599+0000][7][safepoint   ] Safepoint "G1CollectForAllocation", Time since last: 883764409 ns, Reaching safepoint: 199154 ns, At safepoint: 40695899 ns, Total: 40895053 ns
[2022-07-20T09:44:25.579+0000][7][gc,start    ] GC(5) Pause Young (Normal) (G1 Evacuation Pause)
[2022-07-20T09:44:25.579+0000][7][gc,task     ] GC(5) Using 4 workers of 4 for evacuation
[2022-07-20T09:44:25.579+0000][7][gc,age      ] GC(5) Desired survivor size 10485760 bytes, new threshold 15 (max threshold 15)
[2022-07-20T09:44:25.632+0000][7][gc,age      ] GC(5) Age table with threshold 15 (max threshold 15)
[2022-07-20T09:44:25.632+0000][7][gc,age      ] GC(5) - age   1:    2297784 bytes,    2297784 total
[2022-07-20T09:44:25.632+0000][7][gc,age      ] GC(5) - age   2:    2776008 bytes,    5073792 total
[2022-07-20T09:44:25.632+0000][7][gc,age      ] GC(5) - age   3:    1665168 bytes,    6738960 total
[2022-07-20T09:44:25.632+0000][7][gc,age      ] GC(5) - age   4:    2133096 bytes,    8872056 total
[2022-07-20T09:44:25.632+0000][7][gc,age      ] GC(5) - age   5:     807784 bytes,    9679840 total
[2022-07-20T09:44:25.633+0000][7][gc,phases   ] GC(5)   Pre Evacuate Collection Set: 0.0ms
[2022-07-20T09:44:25.633+0000][7][gc,phases   ] GC(5)   Merge Heap Roots: 0.0ms
[2022-07-20T09:44:25.633+0000][7][gc,phases   ] GC(5)   Evacuate Collection Set: 51.5ms
[2022-07-20T09:44:25.633+0000][7][gc,phases   ] GC(5)   Post Evacuate Collection Set: 1.7ms
[2022-07-20T09:44:25.633+0000][7][gc,phases   ] GC(5)   Other: 0.6ms
[2022-07-20T09:44:25.633+0000][7][gc,heap     ] GC(5) Eden regions: 36->0(35)
[2022-07-20T09:44:25.633+0000][7][gc,heap     ] GC(5) Survivor regions: 2->3(5)
[2022-07-20T09:44:25.633+0000][7][gc,heap     ] GC(5) Old regions: 1->1
[2022-07-20T09:44:25.633+0000][7][gc,heap     ] GC(5) Archive regions: 2->2
[2022-07-20T09:44:25.633+0000][7][gc,heap     ] GC(5) Humongous regions: 0->0
[2022-07-20T09:44:25.633+0000][7][gc,metaspace] GC(5) Metaspace: 18541K(19328K)->18541K(19328K) NonClass: 16326K(16896K)->16326K(16896K) Class: 2214K(2432K)->2214K(2432K)
[2022-07-20T09:44:25.633+0000][7][gc          ] GC(5) Pause Young (Normal) (G1 Evacuation Pause) 158M->16M(256M) 54.254ms
[2022-07-20T09:44:25.633+0000][7][gc,cpu      ] GC(5) User=0.08s Sys=0.00s Real=0.05s
[2022-07-20T09:44:25.633+0000][7][safepoint   ] Safepoint "G1CollectForAllocation", Time since last: 979102944 ns, Reaching safepoint: 192270 ns, At safepoint: 54386998 ns, Total: 54579268 ns
[2022-07-20T09:44:26.418+0000][7][gc,start    ] GC(6) Pause Young (Normal) (G1 Evacuation Pause)
[2022-07-20T09:44:26.418+0000][7][gc,task     ] GC(6) Using 4 workers of 4 for evacuation
[2022-07-20T09:44:26.418+0000][7][gc,age      ] GC(6) Desired survivor size 10485760 bytes, new threshold 15 (max threshold 15)
[2022-07-20T09:44:26.434+0000][7][gc,age      ] GC(6) Age table with threshold 15 (max threshold 15)
[2022-07-20T09:44:26.434+0000][7][gc,age      ] GC(6) - age   1:     840088 bytes,     840088 total
[2022-07-20T09:44:26.434+0000][7][gc,age      ] GC(6) - age   2:    1824904 bytes,    2664992 total
[2022-07-20T09:44:26.434+0000][7][gc,age      ] GC(6) - age   3:    2775520 bytes,    5440512 total
[2022-07-20T09:44:26.434+0000][7][gc,age      ] GC(6) - age   4:    1665088 bytes,    7105600 total
[2022-07-20T09:44:26.434+0000][7][gc,age      ] GC(6) - age   5:    2133096 bytes,    9238696 total
[2022-07-20T09:44:26.434+0000][7][gc,age      ] GC(6) - age   6:     807784 bytes,   10046480 total
[2022-07-20T09:44:26.434+0000][7][gc,phases   ] GC(6)   Pre Evacuate Collection Set: 0.0ms
[2022-07-20T09:44:26.434+0000][7][gc,phases   ] GC(6)   Merge Heap Roots: 0.1ms
[2022-07-20T09:44:26.434+0000][7][gc,phases   ] GC(6)   Evacuate Collection Set: 13.4ms
[2022-07-20T09:44:26.434+0000][7][gc,phases   ] GC(6)   Post Evacuate Collection Set: 1.7ms
[2022-07-20T09:44:26.434+0000][7][gc,phases   ] GC(6)   Other: 0.4ms
[2022-07-20T09:44:26.434+0000][7][gc,heap     ] GC(6) Eden regions: 35->0(35)
[2022-07-20T09:44:26.434+0000][7][gc,heap     ] GC(6) Survivor regions: 3->3(5)
[2022-07-20T09:44:26.434+0000][7][gc,heap     ] GC(6) Old regions: 1->1
[2022-07-20T09:44:26.434+0000][7][gc,heap     ] GC(6) Archive regions: 2->2
[2022-07-20T09:44:26.434+0000][7][gc,heap     ] GC(6) Humongous regions: 0->0
[2022-07-20T09:44:26.434+0000][7][gc,metaspace] GC(6) Metaspace: 18934K(19712K)->18934K(19712K) NonClass: 16654K(17152K)->16654K(17152K) Class: 2279K(2560K)->2279K(2560K)
[2022-07-20T09:44:26.434+0000][7][gc          ] GC(6) Pause Young (Normal) (G1 Evacuation Pause) 156M->17M(256M) 15.771ms
[2022-07-20T09:44:26.434+0000][7][gc,cpu      ] GC(6) User=0.03s Sys=0.00s Real=0.01s
[2022-07-20T09:44:26.434+0000][7][safepoint   ] Safepoint "G1CollectForAllocation", Time since last: 784975854 ns, Reaching safepoint: 129027 ns, At safepoint: 15874313 ns, Total: 16003340 ns
[2022-07-20T09:44:27.269+0000][7][gc,start    ] GC(7) Pause Young (Normal) (G1 Evacuation Pause)
[2022-07-20T09:44:27.269+0000][7][gc,task     ] GC(7) Using 4 workers of 4 for evacuation
[2022-07-20T09:44:27.269+0000][7][gc,age      ] GC(7) Desired survivor size 10485760 bytes, new threshold 15 (max threshold 15)
[2022-07-20T09:44:27.296+0000][7][gc,age      ] GC(7) Age table with threshold 15 (max threshold 15)
[2022-07-20T09:44:27.296+0000][7][gc,age      ] GC(7) - age   1:    1394072 bytes,    1394072 total
[2022-07-20T09:44:27.296+0000][7][gc,age      ] GC(7) - age   2:     806464 bytes,    2200536 total
[2022-07-20T09:44:27.296+0000][7][gc,age      ] GC(7) - age   3:    1824904 bytes,    4025440 total
[2022-07-20T09:44:27.296+0000][7][gc,age      ] GC(7) - age   4:    2774776 bytes,    6800216 total
[2022-07-20T09:44:27.296+0000][7][gc,age      ] GC(7) - age   5:    1665040 bytes,    8465256 total
[2022-07-20T09:44:27.296+0000][7][gc,age      ] GC(7) - age   6:    2133096 bytes,   10598352 total
[2022-07-20T09:44:27.296+0000][7][gc,age      ] GC(7) - age   7:     807784 bytes,   11406136 total
[2022-07-20T09:44:27.296+0000][7][gc,phases   ] GC(7)   Pre Evacuate Collection Set: 0.1ms
[2022-07-20T09:44:27.296+0000][7][gc,phases   ] GC(7)   Merge Heap Roots: 0.0ms
[2022-07-20T09:44:27.296+0000][7][gc,phases   ] GC(7)   Evacuate Collection Set: 25.4ms
[2022-07-20T09:44:27.296+0000][7][gc,phases   ] GC(7)   Post Evacuate Collection Set: 0.9ms
[2022-07-20T09:44:27.296+0000][7][gc,phases   ] GC(7)   Other: 0.6ms
[2022-07-20T09:44:27.296+0000][7][gc,heap     ] GC(7) Eden regions: 35->0(35)
[2022-07-20T09:44:27.296+0000][7][gc,heap     ] GC(7) Survivor regions: 3->3(5)
[2022-07-20T09:44:27.296+0000][7][gc,heap     ] GC(7) Old regions: 1->1
[2022-07-20T09:44:27.296+0000][7][gc,heap     ] GC(7) Archive regions: 2->2
[2022-07-20T09:44:27.296+0000][7][gc,heap     ] GC(7) Humongous regions: 0->0
[2022-07-20T09:44:27.296+0000][7][gc,metaspace] GC(7) Metaspace: 19156K(19968K)->19156K(19968K) NonClass: 16855K(17408K)->16855K(17408K) Class: 2300K(2560K)->2300K(2560K)
[2022-07-20T09:44:27.296+0000][7][gc          ] GC(7) Pause Young (Normal) (G1 Evacuation Pause) 157M->18M(256M) 27.503ms
[2022-07-20T09:44:27.296+0000][7][gc,cpu      ] GC(7) User=0.04s Sys=0.00s Real=0.03s
[2022-07-20T09:44:27.297+0000][7][safepoint   ] Safepoint "G1CollectForAllocation", Time since last: 833814379 ns, Reaching safepoint: 922861 ns, At safepoint: 27655683 ns, Total: 28578544 ns
[2022-07-20T09:44:27.961+0000][7][gc,start    ] GC(8) Pause Young (Normal) (G1 Evacuation Pause)
[2022-07-20T09:44:27.961+0000][7][gc,task     ] GC(8) Using 4 workers of 4 for evacuation
[2022-07-20T09:44:27.961+0000][7][gc,age      ] GC(8) Desired survivor size 10485760 bytes, new threshold 6 (max threshold 15)
[2022-07-20T09:44:27.995+0000][7][gc,age      ] GC(8) Age table with threshold 6 (max threshold 15)
[2022-07-20T09:44:27.995+0000][7][gc,age      ] GC(8) - age   1:    1136752 bytes,    1136752 total
[2022-07-20T09:44:27.996+0000][7][gc,age      ] GC(8) - age   2:    1104984 bytes,    2241736 total
[2022-07-20T09:44:27.996+0000][7][gc,age      ] GC(8) - age   3:     806176 bytes,    3047912 total
[2022-07-20T09:44:27.996+0000][7][gc,age      ] GC(8) - age   4:    1824904 bytes,    4872816 total
[2022-07-20T09:44:27.996+0000][7][gc,age      ] GC(8) - age   5:    2770784 bytes,    7643600 total
[2022-07-20T09:44:27.996+0000][7][gc,age      ] GC(8) - age   6:    1665040 bytes,    9308640 total
[2022-07-20T09:44:27.996+0000][7][gc,phases   ] GC(8)   Pre Evacuate Collection Set: 0.1ms
[2022-07-20T09:44:27.996+0000][7][gc,phases   ] GC(8)   Merge Heap Roots: 0.0ms
[2022-07-20T09:44:27.996+0000][7][gc,phases   ] GC(8)   Evacuate Collection Set: 33.5ms
[2022-07-20T09:44:27.996+0000][7][gc,phases   ] GC(8)   Post Evacuate Collection Set: 0.7ms
[2022-07-20T09:44:27.996+0000][7][gc,phases   ] GC(8)   Other: 0.6ms
[2022-07-20T09:44:27.996+0000][7][gc,heap     ] GC(8) Eden regions: 35->0(35)
[2022-07-20T09:44:27.996+0000][7][gc,heap     ] GC(8) Survivor regions: 3->3(5)
[2022-07-20T09:44:27.996+0000][7][gc,heap     ] GC(8) Old regions: 1->2
[2022-07-20T09:44:27.996+0000][7][gc,heap     ] GC(8) Archive regions: 2->2
[2022-07-20T09:44:27.997+0000][7][gc,heap     ] GC(8) Humongous regions: 0->0
[2022-07-20T09:44:27.997+0000][7][gc,metaspace] GC(8) Metaspace: 19337K(20224K)->19337K(20224K) NonClass: 17012K(17664K)->17012K(17664K) Class: 2325K(2560K)->2325K(2560K)
[2022-07-20T09:44:27.997+0000][7][gc          ] GC(8) Pause Young (Normal) (G1 Evacuation Pause) 158M->19M(256M) 36.214ms
[2022-07-20T09:44:27.997+0000][7][gc,cpu      ] GC(8) User=0.06s Sys=0.00s Real=0.04s
[2022-07-20T09:44:27.997+0000][7][safepoint   ] Safepoint "G1CollectForAllocation", Time since last: 664328497 ns, Reaching safepoint: 74250 ns, At safepoint: 36355272 ns, Total: 36429522 ns
[2022-07-20T09:44:28.501+0000][7][gc,start    ] GC(9) Pause Young (Normal) (G1 Evacuation Pause)
[2022-07-20T09:44:28.501+0000][7][gc,task     ] GC(9) Using 4 workers of 4 for evacuation
[2022-07-20T09:44:28.501+0000][7][gc,age      ] GC(9) Desired survivor size 10485760 bytes, new threshold 15 (max threshold 15)
[2022-07-20T09:44:28.535+0000][7][gc,age      ] GC(9) Age table with threshold 15 (max threshold 15)
[2022-07-20T09:44:28.535+0000][7][gc,age      ] GC(9) - age   1:    1876624 bytes,    1876624 total
[2022-07-20T09:44:28.535+0000][7][gc,age      ] GC(9) - age   2:    1112864 bytes,    2989488 total
[2022-07-20T09:44:28.535+0000][7][gc,age      ] GC(9) - age   3:    1104880 bytes,    4094368 total
[2022-07-20T09:44:28.535+0000][7][gc,age      ] GC(9) - age   4:     805888 bytes,    4900256 total
[2022-07-20T09:44:28.535+0000][7][gc,age      ] GC(9) - age   5:    1824904 bytes,    6725160 total
[2022-07-20T09:44:28.535+0000][7][gc,age      ] GC(9) - age   6:    2770784 bytes,    9495944 total
[2022-07-20T09:44:28.535+0000][7][gc,age      ] GC(9) - age   7:    1665040 bytes,   11160984 total
[2022-07-20T09:44:28.536+0000][7][gc,phases   ] GC(9)   Pre Evacuate Collection Set: 0.0ms
[2022-07-20T09:44:28.536+0000][7][gc,phases   ] GC(9)   Merge Heap Roots: 0.1ms
[2022-07-20T09:44:28.536+0000][7][gc,phases   ] GC(9)   Evacuate Collection Set: 32.6ms
[2022-07-20T09:44:28.536+0000][7][gc,phases   ] GC(9)   Post Evacuate Collection Set: 1.7ms
[2022-07-20T09:44:28.536+0000][7][gc,phases   ] GC(9)   Other: 0.6ms
[2022-07-20T09:44:28.536+0000][7][gc,heap     ] GC(9) Eden regions: 35->0(35)
[2022-07-20T09:44:28.536+0000][7][gc,heap     ] GC(9) Survivor regions: 3->3(5)
[2022-07-20T09:44:28.536+0000][7][gc,heap     ] GC(9) Old regions: 2->2
[2022-07-20T09:44:28.536+0000][7][gc,heap     ] GC(9) Archive regions: 2->2
[2022-07-20T09:44:28.536+0000][7][gc,heap     ] GC(9) Humongous regions: 0->0
[2022-07-20T09:44:28.536+0000][7][gc,metaspace] GC(9) Metaspace: 19366K(20224K)->19366K(20224K) NonClass: 17035K(17664K)->17035K(17664K) Class: 2331K(2560K)->2331K(2560K)
[2022-07-20T09:44:28.536+0000][7][gc          ] GC(9) Pause Young (Normal) (G1 Evacuation Pause) 159M->21M(256M) 35.477ms
[2022-07-20T09:44:28.536+0000][7][gc,cpu      ] GC(9) User=0.05s Sys=0.00s Real=0.04s
[2022-07-20T09:44:28.536+0000][7][safepoint   ] Safepoint "G1CollectForAllocation", Time since last: 503021878 ns, Reaching safepoint: 171807 ns, At safepoint: 35629524 ns, Total: 35801331 ns
[2022-07-20T09:44:29.168+0000][7][gc,start    ] GC(10) Pause Young (Normal) (G1 Evacuation Pause)
[2022-07-20T09:44:29.168+0000][7][gc,task     ] GC(10) Using 4 workers of 4 for evacuation
[2022-07-20T09:44:29.168+0000][7][gc,age      ] GC(10) Desired survivor size 10485760 bytes, new threshold 7 (max threshold 15)
[2022-07-20T09:44:29.248+0000][7][gc,age      ] GC(10) Age table with threshold 7 (max threshold 15)
[2022-07-20T09:44:29.248+0000][7][gc,age      ] GC(10) - age   1:     863384 bytes,     863384 total
[2022-07-20T09:44:29.248+0000][7][gc,age      ] GC(10) - age   2:     144656 bytes,    1008040 total
[2022-07-20T09:44:29.248+0000][7][gc,age      ] GC(10) - age   3:    1112736 bytes,    2120776 total
[2022-07-20T09:44:29.248+0000][7][gc,age      ] GC(10) - age   4:    1104880 bytes,    3225656 total
[2022-07-20T09:44:29.248+0000][7][gc,age      ] GC(10) - age   5:     805888 bytes,    4031544 total
[2022-07-20T09:44:29.248+0000][7][gc,age      ] GC(10) - age   6:    1824904 bytes,    5856448 total
[2022-07-20T09:44:29.249+0000][7][gc,age      ] GC(10) - age   7:    2770432 bytes,    8626880 total
[2022-07-20T09:44:29.249+0000][7][gc,phases   ] GC(10)   Pre Evacuate Collection Set: 0.1ms
[2022-07-20T09:44:29.249+0000][7][gc,phases   ] GC(10)   Merge Heap Roots: 0.1ms
[2022-07-20T09:44:29.249+0000][7][gc,phases   ] GC(10)   Evacuate Collection Set: 74.0ms
[2022-07-20T09:44:29.249+0000][7][gc,phases   ] GC(10)   Post Evacuate Collection Set: 5.2ms
[2022-07-20T09:44:29.249+0000][7][gc,phases   ] GC(10)   Other: 1.2ms
[2022-07-20T09:44:29.249+0000][7][gc,heap     ] GC(10) Eden regions: 35->0(35)
[2022-07-20T09:44:29.249+0000][7][gc,heap     ] GC(10) Survivor regions: 3->3(5)
[2022-07-20T09:44:29.249+0000][7][gc,heap     ] GC(10) Old regions: 2->2
[2022-07-20T09:44:29.249+0000][7][gc,heap     ] GC(10) Archive regions: 2->2
[2022-07-20T09:44:29.249+0000][7][gc,heap     ] GC(10) Humongous regions: 0->0
[2022-07-20T09:44:29.249+0000][7][gc,metaspace] GC(10) Metaspace: 19589K(20608K)->19589K(20608K) NonClass: 17217K(17920K)->17217K(17920K) Class: 2372K(2688K)->2372K(2688K)
[2022-07-20T09:44:29.249+0000][7][gc          ] GC(10) Pause Young (Normal) (G1 Evacuation Pause) 161M->19M(256M) 81.040ms
[2022-07-20T09:44:29.249+0000][7][gc,cpu      ] GC(10) User=0.12s Sys=0.00s Real=0.08s
[2022-07-20T09:44:29.249+0000][7][safepoint   ] Safepoint "G1CollectForAllocation", Time since last: 631648677 ns, Reaching safepoint: 218511 ns, At safepoint: 81232358 ns, Total: 81450869 ns
[2022-07-20T09:44:30.233+0000][7][gc,start    ] GC(11) Pause Young (Normal) (G1 Evacuation Pause)
[2022-07-20T09:44:30.233+0000][7][gc,task     ] GC(11) Using 4 workers of 4 for evacuation
[2022-07-20T09:44:30.233+0000][7][gc,age      ] GC(11) Desired survivor size 10485760 bytes, new threshold 15 (max threshold 15)
[2022-07-20T09:44:30.270+0000][7][gc,age      ] GC(11) Age table with threshold 15 (max threshold 15)
[2022-07-20T09:44:30.270+0000][7][gc,age      ] GC(11) - age   1:    1228872 bytes,    1228872 total
[2022-07-20T09:44:30.270+0000][7][gc,age      ] GC(11) - age   2:     276776 bytes,    1505648 total
[2022-07-20T09:44:30.270+0000][7][gc,age      ] GC(11) - age   3:     144504 bytes,    1650152 total
[2022-07-20T09:44:30.270+0000][7][gc,age      ] GC(11) - age   4:    1112736 bytes,    2762888 total
[2022-07-20T09:44:30.270+0000][7][gc,age      ] GC(11) - age   5:    1104880 bytes,    3867768 total
[2022-07-20T09:44:30.270+0000][7][gc,age      ] GC(11) - age   6:     805216 bytes,    4672984 total
[2022-07-20T09:44:30.270+0000][7][gc,age      ] GC(11) - age   7:    1824904 bytes,    6497888 total
[2022-07-20T09:44:30.270+0000][7][gc,age      ] GC(11) - age   8:    2770432 bytes,    9268320 total
[2022-07-20T09:44:30.270+0000][7][gc,phases   ] GC(11)   Pre Evacuate Collection Set: 0.1ms
[2022-07-20T09:44:30.270+0000][7][gc,phases   ] GC(11)   Merge Heap Roots: 0.1ms
[2022-07-20T09:44:30.270+0000][7][gc,phases   ] GC(11)   Evacuate Collection Set: 36.0ms
[2022-07-20T09:44:30.271+0000][7][gc,phases   ] GC(11)   Post Evacuate Collection Set: 0.6ms
[2022-07-20T09:44:30.271+0000][7][gc,phases   ] GC(11)   Other: 0.6ms
[2022-07-20T09:44:30.271+0000][7][gc,heap     ] GC(11) Eden regions: 35->0(35)
[2022-07-20T09:44:30.271+0000][7][gc,heap     ] GC(11) Survivor regions: 3->3(5)
[2022-07-20T09:44:30.271+0000][7][gc,heap     ] GC(11) Old regions: 2->2
[2022-07-20T09:44:30.271+0000][7][gc,heap     ] GC(11) Archive regions: 2->2
[2022-07-20T09:44:30.271+0000][7][gc,heap     ] GC(11) Humongous regions: 0->0
[2022-07-20T09:44:30.271+0000][7][gc,metaspace] GC(11) Metaspace: 19746K(20864K)->19746K(20864K) NonClass: 17344K(18176K)->17344K(18176K) Class: 2402K(2688K)->2402K(2688K)
[2022-07-20T09:44:30.271+0000][7][gc          ] GC(11) Pause Young (Normal) (G1 Evacuation Pause) 159M->20M(256M) 37.702ms
[2022-07-20T09:44:30.271+0000][7][gc,cpu      ] GC(11) User=0.04s Sys=0.00s Real=0.04s
[2022-07-20T09:44:30.271+0000][7][safepoint   ] Safepoint "G1CollectForAllocation", Time since last: 982556058 ns, Reaching safepoint: 1351050 ns, At safepoint: 37839555 ns, Total: 39190605 ns
[2022-07-20T09:44:30.979+0000][7][gc,start    ] GC(12) Pause Young (Normal) (G1 Evacuation Pause)
[2022-07-20T09:44:30.979+0000][7][gc,task     ] GC(12) Using 4 workers of 4 for evacuation
[2022-07-20T09:44:30.979+0000][7][gc,age      ] GC(12) Desired survivor size 10485760 bytes, new threshold 15 (max threshold 15)
[2022-07-20T09:44:31.025+0000][7][gc,age      ] GC(12) Age table with threshold 15 (max threshold 15)
[2022-07-20T09:44:31.025+0000][7][gc,age      ] GC(12) - age   1:     964648 bytes,     964648 total
[2022-07-20T09:44:31.025+0000][7][gc,age      ] GC(12) - age   2:     229864 bytes,    1194512 total
[2022-07-20T09:44:31.025+0000][7][gc,age      ] GC(12) - age   3:     276584 bytes,    1471096 total
[2022-07-20T09:44:31.025+0000][7][gc,age      ] GC(12) - age   4:     144504 bytes,    1615600 total
[2022-07-20T09:44:31.025+0000][7][gc,age      ] GC(12) - age   5:    1112736 bytes,    2728336 total
[2022-07-20T09:44:31.025+0000][7][gc,age      ] GC(12) - age   6:    1104880 bytes,    3833216 total
[2022-07-20T09:44:31.025+0000][7][gc,age      ] GC(12) - age   7:     805216 bytes,    4638432 total
[2022-07-20T09:44:31.025+0000][7][gc,age      ] GC(12) - age   8:    1824904 bytes,    6463336 total
[2022-07-20T09:44:31.025+0000][7][gc,age      ] GC(12) - age   9:    2770432 bytes,    9233768 total
[2022-07-20T09:44:31.025+0000][7][gc,phases   ] GC(12)   Pre Evacuate Collection Set: 0.1ms
[2022-07-20T09:44:31.025+0000][7][gc,phases   ] GC(12)   Merge Heap Roots: 0.1ms
[2022-07-20T09:44:31.025+0000][7][gc,phases   ] GC(12)   Evacuate Collection Set: 19.6ms
[2022-07-20T09:44:31.025+0000][7][gc,phases   ] GC(12)   Post Evacuate Collection Set: 26.6ms
[2022-07-20T09:44:31.026+0000][7][gc,phases   ] GC(12)   Other: 0.4ms
[2022-07-20T09:44:31.026+0000][7][gc,heap     ] GC(12) Eden regions: 35->0(35)
[2022-07-20T09:44:31.026+0000][7][gc,heap     ] GC(12) Survivor regions: 3->3(5)
[2022-07-20T09:44:31.026+0000][7][gc,heap     ] GC(12) Old regions: 2->2
[2022-07-20T09:44:31.026+0000][7][gc,heap     ] GC(12) Archive regions: 2->2
[2022-07-20T09:44:31.026+0000][7][gc,heap     ] GC(12) Humongous regions: 0->0
[2022-07-20T09:44:31.026+0000][7][gc,metaspace] GC(12) Metaspace: 19790K(20864K)->19790K(20864K) NonClass: 17380K(18176K)->17380K(18176K) Class: 2410K(2688K)->2410K(2688K)
[2022-07-20T09:44:31.026+0000][7][gc          ] GC(12) Pause Young (Normal) (G1 Evacuation Pause) 160M->20M(256M) 46.980ms
[2022-07-20T09:44:31.026+0000][7][gc,cpu      ] GC(12) User=0.03s Sys=0.00s Real=0.05s
[2022-07-20T09:44:31.026+0000][7][safepoint   ] Safepoint "G1CollectForAllocation", Time since last: 699635750 ns, Reaching safepoint: 8072476 ns, At safepoint: 47094625 ns, Total: 55167101 ns
[2022-07-20T09:44:31.486+0000][7][safepoint   ] Safepoint "CollectForMetadataAllocation", Time since last: 459564480 ns, Reaching safepoint: 69327 ns, At safepoint: 162915 ns, Total: 232242 ns
[2022-07-20T09:44:31.493+0000][7][gc,start    ] GC(13) Pause Young (Concurrent Start) (GCLocker Initiated GC)
[2022-07-20T09:44:31.493+0000][7][gc,task     ] GC(13) Using 4 workers of 4 for evacuation
[2022-07-20T09:44:31.493+0000][7][gc,age      ] GC(13) Desired survivor size 10485760 bytes, new threshold 15 (max threshold 15)
[2022-07-20T09:44:31.536+0000][7][gc,age      ] GC(13) Age table with threshold 15 (max threshold 15)
[2022-07-20T09:44:31.536+0000][7][gc,age      ] GC(13) - age   1:    1215448 bytes,    1215448 total
[2022-07-20T09:44:31.536+0000][7][gc,age      ] GC(13) - age   2:     378136 bytes,    1593584 total
[2022-07-20T09:44:31.536+0000][7][gc,age      ] GC(13) - age   3:     229760 bytes,    1823344 total
[2022-07-20T09:44:31.536+0000][7][gc,age      ] GC(13) - age   4:     276584 bytes,    2099928 total
[2022-07-20T09:44:31.536+0000][7][gc,age      ] GC(13) - age   5:     144504 bytes,    2244432 total
[2022-07-20T09:44:31.536+0000][7][gc,age      ] GC(13) - age   6:    1112648 bytes,    3357080 total
[2022-07-20T09:44:31.536+0000][7][gc,age      ] GC(13) - age   7:    1103840 bytes,    4460920 total
[2022-07-20T09:44:31.536+0000][7][gc,age      ] GC(13) - age   8:     805216 bytes,    5266136 total
[2022-07-20T09:44:31.536+0000][7][gc,age      ] GC(13) - age   9:    1824904 bytes,    7091040 total
[2022-07-20T09:44:31.536+0000][7][gc,age      ] GC(13) - age  10:    2770432 bytes,    9861472 total
[2022-07-20T09:44:31.536+0000][7][gc,phases   ] GC(13)   Pre Evacuate Collection Set: 9.3ms
[2022-07-20T09:44:31.536+0000][7][gc,phases   ] GC(13)   Merge Heap Roots: 0.5ms
[2022-07-20T09:44:31.536+0000][7][gc,phases   ] GC(13)   Evacuate Collection Set: 31.4ms
[2022-07-20T09:44:31.536+0000][7][gc,phases   ] GC(13)   Post Evacuate Collection Set: 1.1ms
[2022-07-20T09:44:31.536+0000][7][gc,phases   ] GC(13)   Other: 0.8ms
[2022-07-20T09:44:31.536+0000][7][gc,heap     ] GC(13) Eden regions: 13->0(35)
[2022-07-20T09:44:31.536+0000][7][gc,heap     ] GC(13) Survivor regions: 3->3(5)
[2022-07-20T09:44:31.536+0000][7][gc,heap     ] GC(13) Old regions: 2->2
[2022-07-20T09:44:31.536+0000][7][gc,heap     ] GC(13) Archive regions: 2->2
[2022-07-20T09:44:31.536+0000][7][gc,heap     ] GC(13) Humongous regions: 0->0
[2022-07-20T09:44:31.536+0000][7][gc,metaspace] GC(13) Metaspace: 20118K(21504K)->20118K(21504K) NonClass: 17663K(18688K)->17663K(18688K) Class: 2455K(2816K)->2455K(2816K)
[2022-07-20T09:44:31.536+0000][7][gc          ] GC(13) Pause Young (Concurrent Start) (GCLocker Initiated GC) 70M->21M(256M) 43.413ms
[2022-07-20T09:44:31.536+0000][7][gc,cpu      ] GC(13) User=0.04s Sys=0.00s Real=0.05s
[2022-07-20T09:44:31.536+0000][7][safepoint   ] Safepoint "G1CollectForAllocation", Time since last: 6048202 ns, Reaching safepoint: 1330064 ns, At safepoint: 43542852 ns, Total: 44872916 ns
[2022-07-20T09:44:31.537+0000][7][gc          ] GC(14) Concurrent Cycle
[2022-07-20T09:44:31.537+0000][7][gc,marking  ] GC(14) Concurrent Clear Claimed Marks
[2022-07-20T09:44:31.537+0000][7][gc,marking  ] GC(14) Concurrent Clear Claimed Marks 0.051ms
[2022-07-20T09:44:31.537+0000][7][gc,marking  ] GC(14) Concurrent Scan Root Regions
[2022-07-20T09:44:31.542+0000][7][gc,marking  ] GC(14) Concurrent Scan Root Regions 5.398ms
[2022-07-20T09:44:31.547+0000][7][gc,marking  ] GC(14) Concurrent Mark (19.199s)
[2022-07-20T09:44:31.547+0000][7][gc,marking  ] GC(14) Concurrent Mark From Roots
[2022-07-20T09:44:31.547+0000][7][gc,task     ] GC(14) Using 1 workers of 1 for marking
[2022-07-20T09:44:31.583+0000][7][gc,marking  ] GC(14) Concurrent Mark From Roots 36.207ms
[2022-07-20T09:44:31.591+0000][7][gc,marking  ] GC(14) Concurrent Preclean
[2022-07-20T09:44:31.591+0000][7][gc,marking  ] GC(14) Concurrent Preclean 0.181ms
[2022-07-20T09:44:31.591+0000][7][gc,marking  ] GC(14) Concurrent Mark (19.199s, 19.243s) 44.155ms
[2022-07-20T09:44:31.599+0000][7][gc,start    ] GC(14) Pause Remark
[2022-07-20T09:44:31.619+0000][7][gc          ] GC(14) Pause Remark 23M->23M(256M) 20.024ms
[2022-07-20T09:44:31.619+0000][7][gc,cpu      ] GC(14) User=0.01s Sys=0.00s Real=0.02s
[2022-07-20T09:44:31.619+0000][7][safepoint   ] Safepoint "G1Concurrent", Time since last: 54363982 ns, Reaching safepoint: 7803503 ns, At safepoint: 20182330 ns, Total: 27985833 ns
[2022-07-20T09:44:31.619+0000][7][gc,marking  ] GC(14) Concurrent Rebuild Remembered Sets
[2022-07-20T09:44:31.670+0000][7][gc,marking  ] GC(14) Concurrent Rebuild Remembered Sets 51.171ms
[2022-07-20T09:44:31.671+0000][7][gc,start    ] GC(14) Pause Cleanup
[2022-07-20T09:44:31.671+0000][7][gc          ] GC(14) Pause Cleanup 23M->23M(256M) 0.129ms
[2022-07-20T09:44:31.671+0000][7][gc,cpu      ] GC(14) User=0.00s Sys=0.00s Real=0.00s
[2022-07-20T09:44:31.671+0000][7][safepoint   ] Safepoint "G1Concurrent", Time since last: 51353279 ns, Reaching safepoint: 517662 ns, At safepoint: 233847 ns, Total: 751509 ns
[2022-07-20T09:44:31.671+0000][7][gc,marking  ] GC(14) Concurrent Cleanup for Next Mark
[2022-07-20T09:44:31.671+0000][7][gc,marking  ] GC(14) Concurrent Cleanup for Next Mark 0.365ms
[2022-07-20T09:44:31.671+0000][7][gc          ] GC(14) Concurrent Cycle 134.946ms
[2022-07-20T09:44:32.523+0000][7][gc,start    ] GC(15) Pause Young (Normal) (G1 Evacuation Pause)
[2022-07-20T09:44:32.523+0000][7][gc,task     ] GC(15) Using 4 workers of 4 for evacuation
[2022-07-20T09:44:32.529+0000][7][gc,age      ] GC(15) Desired survivor size 10485760 bytes, new threshold 15 (max threshold 15)
[2022-07-20T09:44:32.569+0000][7][gc,age      ] GC(15) Age table with threshold 15 (max threshold 15)
[2022-07-20T09:44:32.570+0000][7][gc,age      ] GC(15) - age   1:    2425880 bytes,    2425880 total
[2022-07-20T09:44:32.570+0000][7][gc,age      ] GC(15) - age   2:    1147888 bytes,    3573768 total
[2022-07-20T09:44:32.570+0000][7][gc,age      ] GC(15) - age   3:     378104 bytes,    3951872 total
[2022-07-20T09:44:32.572+0000][7][gc,age      ] GC(15) - age   4:     229760 bytes,    4181632 total
[2022-07-20T09:44:32.573+0000][7][gc,age      ] GC(15) - age   5:     275912 bytes,    4457544 total
[2022-07-20T09:44:32.573+0000][7][gc,age      ] GC(15) - age   6:     144504 bytes,    4602048 total
[2022-07-20T09:44:32.573+0000][7][gc,age      ] GC(15) - age   7:    1112648 bytes,    5714696 total
[2022-07-20T09:44:32.574+0000][7][gc,age      ] GC(15) - age   8:    1103840 bytes,    6818536 total
[2022-07-20T09:44:32.574+0000][7][gc,age      ] GC(15) - age   9:     805216 bytes,    7623752 total
[2022-07-20T09:44:32.574+0000][7][gc,age      ] GC(15) - age  10:    1824744 bytes,    9448496 total
[2022-07-20T09:44:32.574+0000][7][gc,age      ] GC(15) - age  11:    2769872 bytes,   12218368 total
[2022-07-20T09:44:32.574+0000][7][gc,phases   ] GC(15)   Pre Evacuate Collection Set: 0.1ms
[2022-07-20T09:44:32.576+0000][7][gc,phases   ] GC(15)   Merge Heap Roots: 0.1ms
[2022-07-20T09:44:32.576+0000][7][gc,phases   ] GC(15)   Evacuate Collection Set: 34.7ms
[2022-07-20T09:44:32.576+0000][7][gc,phases   ] GC(15)   Post Evacuate Collection Set: 4.7ms
[2022-07-20T09:44:32.576+0000][7][gc,phases   ] GC(15)   Other: 12.1ms
[2022-07-20T09:44:32.576+0000][7][gc,heap     ] GC(15) Eden regions: 35->0(34)
[2022-07-20T09:44:32.576+0000][7][gc,heap     ] GC(15) Survivor regions: 3->4(5)
[2022-07-20T09:44:32.577+0000][7][gc,heap     ] GC(15) Old regions: 2->2
[2022-07-20T09:44:32.577+0000][7][gc,heap     ] GC(15) Archive regions: 2->2
[2022-07-20T09:44:32.577+0000][7][gc,heap     ] GC(15) Humongous regions: 0->0
[2022-07-20T09:44:32.577+0000][7][gc,metaspace] GC(15) Metaspace: 20986K(22272K)->20986K(22272K) NonClass: 18418K(19456K)->18418K(19456K) Class: 2567K(2816K)->2567K(2816K)
[2022-07-20T09:44:32.577+0000][7][gc          ] GC(15) Pause Young (Normal) (G1 Evacuation Pause) 161M->23M(256M) 53.928ms
[2022-07-20T09:44:32.577+0000][7][gc,cpu      ] GC(15) User=0.05s Sys=0.00s Real=0.05s
[2022-07-20T09:44:32.578+0000][7][safepoint   ] Safepoint "G1CollectForAllocation", Time since last: 851670414 ns, Reaching safepoint: 117456 ns, At safepoint: 55555631 ns, Total: 55673087 ns
[2022-07-20T09:44:33.101+0000][7][gc,start    ] GC(16) Pause Young (Normal) (G1 Evacuation Pause)
[2022-07-20T09:44:33.101+0000][7][gc,task     ] GC(16) Using 4 workers of 4 for evacuation
[2022-07-20T09:44:33.101+0000][7][gc,age      ] GC(16) Desired survivor size 10485760 bytes, new threshold 11 (max threshold 15)
[2022-07-20T09:44:33.116+0000][7][gc,age      ] GC(16) Age table with threshold 11 (max threshold 15)
[2022-07-20T09:44:33.116+0000][7][gc,age      ] GC(16) - age   1:     677064 bytes,     677064 total
[2022-07-20T09:44:33.116+0000][7][gc,age      ] GC(16) - age   2:     676176 bytes,    1353240 total
[2022-07-20T09:44:33.116+0000][7][gc,age      ] GC(16) - age   3:    1147888 bytes,    2501128 total
[2022-07-20T09:44:33.116+0000][7][gc,age      ] GC(16) - age   4:     378104 bytes,    2879232 total
[2022-07-20T09:44:33.116+0000][7][gc,age      ] GC(16) - age   5:     228552 bytes,    3107784 total
[2022-07-20T09:44:33.116+0000][7][gc,age      ] GC(16) - age   6:     275912 bytes,    3383696 total
[2022-07-20T09:44:33.116+0000][7][gc,age      ] GC(16) - age   7:     143960 bytes,    3527656 total
[2022-07-20T09:44:33.116+0000][7][gc,age      ] GC(16) - age   8:    1112648 bytes,    4640304 total
[2022-07-20T09:44:33.116+0000][7][gc,age      ] GC(16) - age   9:    1103840 bytes,    5744144 total
[2022-07-20T09:44:33.116+0000][7][gc,age      ] GC(16) - age  10:     805216 bytes,    6549360 total
[2022-07-20T09:44:33.117+0000][7][gc,age      ] GC(16) - age  11:    1824744 bytes,    8374104 total
[2022-07-20T09:44:33.117+0000][7][gc,phases   ] GC(16)   Pre Evacuate Collection Set: 0.1ms
[2022-07-20T09:44:33.117+0000][7][gc,phases   ] GC(16)   Merge Heap Roots: 0.0ms
[2022-07-20T09:44:33.117+0000][7][gc,phases   ] GC(16)   Evacuate Collection Set: 14.6ms
[2022-07-20T09:44:33.117+0000][7][gc,phases   ] GC(16)   Post Evacuate Collection Set: 0.7ms
[2022-07-20T09:44:33.117+0000][7][gc,phases   ] GC(16)   Other: 0.6ms
[2022-07-20T09:44:33.117+0000][7][gc,heap     ] GC(16) Eden regions: 34->0(35)
[2022-07-20T09:44:33.117+0000][7][gc,heap     ] GC(16) Survivor regions: 4->3(5)
[2022-07-20T09:44:33.117+0000][7][gc,heap     ] GC(16) Old regions: 2->3
[2022-07-20T09:44:33.117+0000][7][gc,heap     ] GC(16) Archive regions: 2->2
[2022-07-20T09:44:33.117+0000][7][gc,heap     ] GC(16) Humongous regions: 0->0
[2022-07-20T09:44:33.117+0000][7][gc,metaspace] GC(16) Metaspace: 21062K(22400K)->21062K(22400K) NonClass: 18483K(19456K)->18483K(19456K) Class: 2579K(2944K)->2579K(2944K)
[2022-07-20T09:44:33.117+0000][7][gc          ] GC(16) Pause Young (Normal) (G1 Evacuation Pause) 159M->22M(256M) 16.275ms
[2022-07-20T09:44:33.117+0000][7][gc,cpu      ] GC(16) User=0.03s Sys=0.00s Real=0.02s
[2022-07-20T09:44:33.117+0000][7][safepoint   ] Safepoint "G1CollectForAllocation", Time since last: 522209858 ns, Reaching safepoint: 153560 ns, At safepoint: 16400762 ns, Total: 16554322 ns
[2022-07-20T09:44:33.739+0000][7][gc,start    ] GC(17) Pause Young (Normal) (G1 Evacuation Pause)
[2022-07-20T09:44:33.739+0000][7][gc,task     ] GC(17) Using 4 workers of 4 for evacuation
[2022-07-20T09:44:33.739+0000][7][gc,age      ] GC(17) Desired survivor size 10485760 bytes, new threshold 15 (max threshold 15)
[2022-07-20T09:44:33.770+0000][7][gc,age      ] GC(17) Age table with threshold 15 (max threshold 15)
[2022-07-20T09:44:33.770+0000][7][gc,age      ] GC(17) - age   1:    1352160 bytes,    1352160 total
[2022-07-20T09:44:33.770+0000][7][gc,age      ] GC(17) - age   2:     381656 bytes,    1733816 total
[2022-07-20T09:44:33.770+0000][7][gc,age      ] GC(17) - age   3:     676176 bytes,    2409992 total
[2022-07-20T09:44:33.770+0000][7][gc,age      ] GC(17) - age   4:    1147888 bytes,    3557880 total
[2022-07-20T09:44:33.770+0000][7][gc,age      ] GC(17) - age   5:     378104 bytes,    3935984 total
[2022-07-20T09:44:33.770+0000][7][gc,age      ] GC(17) - age   6:     228552 bytes,    4164536 total
[2022-07-20T09:44:33.770+0000][7][gc,age      ] GC(17) - age   7:     275912 bytes,    4440448 total
[2022-07-20T09:44:33.770+0000][7][gc,age      ] GC(17) - age   8:     143960 bytes,    4584408 total
[2022-07-20T09:44:33.770+0000][7][gc,age      ] GC(17) - age   9:    1112648 bytes,    5697056 total
[2022-07-20T09:44:33.770+0000][7][gc,age      ] GC(17) - age  10:    1103840 bytes,    6800896 total
[2022-07-20T09:44:33.770+0000][7][gc,age      ] GC(17) - age  11:     805216 bytes,    7606112 total
[2022-07-20T09:44:33.770+0000][7][gc,age      ] GC(17) - age  12:    1824744 bytes,    9430856 total
[2022-07-20T09:44:33.770+0000][7][gc,phases   ] GC(17)   Pre Evacuate Collection Set: 0.1ms
[2022-07-20T09:44:33.770+0000][7][gc,phases   ] GC(17)   Merge Heap Roots: 0.1ms
[2022-07-20T09:44:33.770+0000][7][gc,phases   ] GC(17)   Evacuate Collection Set: 27.8ms
[2022-07-20T09:44:33.770+0000][7][gc,phases   ] GC(17)   Post Evacuate Collection Set: 3.1ms
[2022-07-20T09:44:33.770+0000][7][gc,phases   ] GC(17)   Other: 0.5ms
[2022-07-20T09:44:33.770+0000][7][gc,heap     ] GC(17) Eden regions: 35->0(35)
[2022-07-20T09:44:33.770+0000][7][gc,heap     ] GC(17) Survivor regions: 3->3(5)
[2022-07-20T09:44:33.770+0000][7][gc,heap     ] GC(17) Old regions: 3->3
[2022-07-20T09:44:33.770+0000][7][gc,heap     ] GC(17) Archive regions: 2->2
[2022-07-20T09:44:33.770+0000][7][gc,heap     ] GC(17) Humongous regions: 0->0
[2022-07-20T09:44:33.770+0000][7][gc,metaspace] GC(17) Metaspace: 21083K(22400K)->21083K(22400K) NonClass: 18500K(19456K)->18500K(19456K) Class: 2582K(2944K)->2582K(2944K)
[2022-07-20T09:44:33.771+0000][7][gc          ] GC(17) Pause Young (Normal) (G1 Evacuation Pause) 162M->23M(256M) 31.753ms
[2022-07-20T09:44:33.771+0000][7][gc,cpu      ] GC(17) User=0.03s Sys=0.00s Real=0.03s
[2022-07-20T09:44:33.771+0000][7][safepoint   ] Safepoint "G1CollectForAllocation", Time since last: 621533568 ns, Reaching safepoint: 169575 ns, At safepoint: 32024538 ns, Total: 32194113 ns
[2022-07-20T09:44:34.772+0000][7][safepoint   ] Safepoint "Cleanup", Time since last: 1001056235 ns, Reaching safepoint: 150073 ns, At safepoint: 9493 ns, Total: 159566 ns
[2022-07-20T09:44:35.007+0000][7][gc,start    ] GC(18) Pause Young (Normal) (G1 Evacuation Pause)
[2022-07-20T09:44:35.007+0000][7][gc,task     ] GC(18) Using 4 workers of 4 for evacuation
[2022-07-20T09:44:35.007+0000][7][gc,age      ] GC(18) Desired survivor size 10485760 bytes, new threshold 15 (max threshold 15)
[2022-07-20T09:44:35.032+0000][7][gc,age      ] GC(18) Age table with threshold 15 (max threshold 15)
[2022-07-20T09:44:35.032+0000][7][gc,age      ] GC(18) - age   1:    1025128 bytes,    1025128 total
[2022-07-20T09:44:35.032+0000][7][gc,age      ] GC(18) - age   2:     259176 bytes,    1284304 total
[2022-07-20T09:44:35.032+0000][7][gc,age      ] GC(18) - age   3:     381248 bytes,    1665552 total
[2022-07-20T09:44:35.032+0000][7][gc,age      ] GC(18) - age   4:     674056 bytes,    2339608 total
[2022-07-20T09:44:35.032+0000][7][gc,age      ] GC(18) - age   5:    1147888 bytes,    3487496 total
[2022-07-20T09:44:35.032+0000][7][gc,age      ] GC(18) - age   6:     378104 bytes,    3865600 total
[2022-07-20T09:44:35.032+0000][7][gc,age      ] GC(18) - age   7:     228408 bytes,    4094008 total
[2022-07-20T09:44:35.032+0000][7][gc,age      ] GC(18) - age   8:     275912 bytes,    4369920 total
[2022-07-20T09:44:35.032+0000][7][gc,age      ] GC(18) - age   9:     143960 bytes,    4513880 total
[2022-07-20T09:44:35.032+0000][7][gc,age      ] GC(18) - age  10:    1110440 bytes,    5624320 total
[2022-07-20T09:44:35.032+0000][7][gc,age      ] GC(18) - age  11:    1103696 bytes,    6728016 total
[2022-07-20T09:44:35.032+0000][7][gc,age      ] GC(18) - age  12:     804848 bytes,    7532864 total
[2022-07-20T09:44:35.032+0000][7][gc,age      ] GC(18) - age  13:    1824168 bytes,    9357032 total
[2022-07-20T09:44:35.032+0000][7][gc,phases   ] GC(18)   Pre Evacuate Collection Set: 0.1ms
[2022-07-20T09:44:35.032+0000][7][gc,phases   ] GC(18)   Merge Heap Roots: 0.1ms
[2022-07-20T09:44:35.032+0000][7][gc,phases   ] GC(18)   Evacuate Collection Set: 23.9ms
[2022-07-20T09:44:35.032+0000][7][gc,phases   ] GC(18)   Post Evacuate Collection Set: 0.7ms
[2022-07-20T09:44:35.032+0000][7][gc,phases   ] GC(18)   Other: 0.8ms
[2022-07-20T09:44:35.032+0000][7][gc,heap     ] GC(18) Eden regions: 35->0(35)
[2022-07-20T09:44:35.032+0000][7][gc,heap     ] GC(18) Survivor regions: 3->3(5)
[2022-07-20T09:44:35.032+0000][7][gc,heap     ] GC(18) Old regions: 3->3
[2022-07-20T09:44:35.032+0000][7][gc,heap     ] GC(18) Archive regions: 2->2
[2022-07-20T09:44:35.033+0000][7][gc,heap     ] GC(18) Humongous regions: 0->0
[2022-07-20T09:44:35.033+0000][7][gc,metaspace] GC(18) Metaspace: 23589K(24960K)->23589K(24960K) NonClass: 20675K(21760K)->20675K(21760K) Class: 2913K(3200K)->2913K(3200K)
[2022-07-20T09:44:35.033+0000][7][gc          ] GC(18) Pause Young (Normal) (G1 Evacuation Pause) 163M->23M(256M) 25.874ms
[2022-07-20T09:44:35.033+0000][7][gc,cpu      ] GC(18) User=0.03s Sys=0.00s Real=0.02s
[2022-07-20T09:44:35.033+0000][7][safepoint   ] Safepoint "G1CollectForAllocation", Time since last: 234602437 ns, Reaching safepoint: 125911 ns, At safepoint: 26037707 ns, Total: 26163618 ns
[2022-07-20T09:44:36.263+0000][7][safepoint   ] Safepoint "Cleanup", Time since last: 1225697543 ns, Reaching safepoint: 4335714 ns, At safepoint: 17310 ns, Total: 4353024 ns
[2022-07-20T09:44:37.277+0000][7][safepoint   ] Safepoint "Cleanup", Time since last: 1007756009 ns, Reaching safepoint: 6043712 ns, At safepoint: 20728 ns, Total: 6064440 ns
[2022-07-20T09:44:38.287+0000][7][safepoint   ] Safepoint "Cleanup", Time since last: 1000316341 ns, Reaching safepoint: 9815365 ns, At safepoint: 7270 ns, Total: 9822635 ns
[2022-07-20T09:44:39.949+0000][7][safepoint   ] Safepoint "Cleanup", Time since last: 1647825270 ns, Reaching safepoint: 14344631 ns, At safepoint: 11547 ns, Total: 14356178 ns
[2022-07-20T09:44:40.951+0000][7][safepoint   ] Safepoint "Cleanup", Time since last: 1000395812 ns, Reaching safepoint: 1170048 ns, At safepoint: 11804 ns, Total: 1181852 ns
[2022-07-20T09:44:41.743+0000][7][gc,start    ] GC(19) Pause Young (Normal) (G1 Evacuation Pause)
[2022-07-20T09:44:41.743+0000][7][gc,task     ] GC(19) Using 4 workers of 4 for evacuation
[2022-07-20T09:44:41.743+0000][7][gc,age      ] GC(19) Desired survivor size 10485760 bytes, new threshold 15 (max threshold 15)
[2022-07-20T09:44:41.839+0000][7][gc,age      ] GC(19) Age table with threshold 15 (max threshold 15)
[2022-07-20T09:44:41.839+0000][7][gc,age      ] GC(19) - age   1:   11515512 bytes,   11515512 total
[2022-07-20T09:44:41.839+0000][7][gc,age      ] GC(19) - age   2:     965104 bytes,   12480616 total
[2022-07-20T09:44:41.839+0000][7][gc,age      ] GC(19) - age   3:     259176 bytes,   12739792 total
[2022-07-20T09:44:41.839+0000][7][gc,age      ] GC(19) - age   4:     381216 bytes,   13121008 total
[2022-07-20T09:44:41.839+0000][7][gc,age      ] GC(19) - age   5:     668480 bytes,   13789488 total
[2022-07-20T09:44:41.839+0000][7][gc,age      ] GC(19) - age   6:    1146800 bytes,   14936288 total
[2022-07-20T09:44:41.839+0000][7][gc,age      ] GC(19) - age   7:     377504 bytes,   15313792 total
[2022-07-20T09:44:41.839+0000][7][gc,age      ] GC(19) - age   8:     228048 bytes,   15541840 total
[2022-07-20T09:44:41.840+0000][7][gc,age      ] GC(19) - age   9:     273392 bytes,   15815232 total
[2022-07-20T09:44:41.840+0000][7][gc,age      ] GC(19) - age  10:     143864 bytes,   15959096 total
[2022-07-20T09:44:41.840+0000][7][gc,age      ] GC(19) - age  11:    1105672 bytes,   17064768 total
[2022-07-20T09:44:41.840+0000][7][gc,age      ] GC(19) - age  12:    1103176 bytes,   18167944 total
[2022-07-20T09:44:41.840+0000][7][gc,age      ] GC(19) - age  13:     801840 bytes,   18969784 total
[2022-07-20T09:44:41.840+0000][7][gc,age      ] GC(19) - age  14:    1819680 bytes,   20789464 total
[2022-07-20T09:44:41.840+0000][7][gc,phases   ] GC(19)   Pre Evacuate Collection Set: 0.1ms
[2022-07-20T09:44:41.840+0000][7][gc,phases   ] GC(19)   Merge Heap Roots: 0.1ms
[2022-07-20T09:44:41.840+0000][7][gc,phases   ] GC(19)   Evacuate Collection Set: 91.2ms
[2022-07-20T09:44:41.840+0000][7][gc,phases   ] GC(19)   Post Evacuate Collection Set: 4.9ms
[2022-07-20T09:44:41.840+0000][7][gc,phases   ] GC(19)   Other: 0.6ms
[2022-07-20T09:44:41.840+0000][7][gc,heap     ] GC(19) Eden regions: 35->0(33)
[2022-07-20T09:44:41.840+0000][7][gc,heap     ] GC(19) Survivor regions: 3->5(5)
[2022-07-20T09:44:41.840+0000][7][gc,heap     ] GC(19) Old regions: 3->5
[2022-07-20T09:44:41.840+0000][7][gc,heap     ] GC(19) Archive regions: 2->2
[2022-07-20T09:44:41.840+0000][7][gc,heap     ] GC(19) Humongous regions: 0->0
[2022-07-20T09:44:41.840+0000][7][gc,metaspace] GC(19) Metaspace: 30772K(32896K)->30772K(32896K) NonClass: 26923K(28416K)->26923K(28416K) Class: 3849K(4480K)->3849K(4480K)
[2022-07-20T09:44:41.840+0000][7][gc          ] GC(19) Pause Young (Normal) (G1 Evacuation Pause) 163M->41M(256M) 97.260ms
[2022-07-20T09:44:41.840+0000][7][gc,cpu      ] GC(19) User=0.19s Sys=0.00s Real=0.09s
[2022-07-20T09:44:41.840+0000][7][safepoint   ] Safepoint "G1CollectForAllocation", Time since last: 792097728 ns, Reaching safepoint: 166170 ns, At safepoint: 97383633 ns, Total: 97549803 ns
[2022-07-20T09:44:42.863+0000][7][safepoint   ] Safepoint "Cleanup", Time since last: 1002104786 ns, Reaching safepoint: 20347909 ns, At safepoint: 34843 ns, Total: 20382752 ns
[2022-07-20T09:44:43.867+0000][7][safepoint   ] Safepoint "Cleanup", Time since last: 1002942595 ns, Reaching safepoint: 1121711 ns, At safepoint: 10197 ns, Total: 1131908 ns
[2022-07-20T09:44:44.003+0000][7][gc,start    ] GC(20) Pause Young (Normal) (G1 Evacuation Pause)
[2022-07-20T09:44:44.003+0000][7][gc,task     ] GC(20) Using 4 workers of 4 for evacuation
[2022-07-20T09:44:44.003+0000][7][gc,age      ] GC(20) Desired survivor size 10485760 bytes, new threshold 1 (max threshold 15)
[2022-07-20T09:44:44.070+0000][7][gc,age      ] GC(20) Age table with threshold 1 (max threshold 15)
[2022-07-20T09:44:44.070+0000][7][gc,age      ] GC(20) - age   1:   18780200 bytes,   18780200 total
[2022-07-20T09:44:44.070+0000][7][gc,phases   ] GC(20)   Pre Evacuate Collection Set: 0.1ms
[2022-07-20T09:44:44.070+0000][7][gc,phases   ] GC(20)   Merge Heap Roots: 0.3ms
[2022-07-20T09:44:44.070+0000][7][gc,phases   ] GC(20)   Evacuate Collection Set: 65.0ms
[2022-07-20T09:44:44.070+0000][7][gc,phases   ] GC(20)   Post Evacuate Collection Set: 0.8ms
[2022-07-20T09:44:44.070+0000][7][gc,phases   ] GC(20)   Other: 0.3ms
[2022-07-20T09:44:44.070+0000][7][gc,heap     ] GC(20) Eden regions: 33->0(29)
[2022-07-20T09:44:44.070+0000][7][gc,heap     ] GC(20) Survivor regions: 5->5(5)
[2022-07-20T09:44:44.070+0000][7][gc,heap     ] GC(20) Old regions: 5->10
[2022-07-20T09:44:44.070+0000][7][gc,heap     ] GC(20) Archive regions: 2->2
[2022-07-20T09:44:44.070+0000][7][gc,heap     ] GC(20) Humongous regions: 0->0
[2022-07-20T09:44:44.070+0000][7][gc,metaspace] GC(20) Metaspace: 32919K(35328K)->32919K(35328K) NonClass: 28736K(30464K)->28736K(30464K) Class: 4183K(4864K)->4183K(4864K)
[2022-07-20T09:44:44.070+0000][7][gc          ] GC(20) Pause Young (Normal) (G1 Evacuation Pause) 173M->60M(256M) 66.638ms
[2022-07-20T09:44:44.070+0000][7][gc,cpu      ] GC(20) User=0.17s Sys=0.00s Real=0.06s
[2022-07-20T09:44:44.070+0000][7][safepoint   ] Safepoint "G1CollectForAllocation", Time since last: 136327500 ns, Reaching safepoint: 182660 ns, At safepoint: 66728686 ns, Total: 66911346 ns
[2022-07-20T09:44:44.162+0000][7][gc,start    ] GC(21) Pause Young (Concurrent Start) (Metadata GC Threshold)
[2022-07-20T09:44:44.162+0000][7][gc,task     ] GC(21) Using 4 workers of 4 for evacuation
[2022-07-20T09:44:44.162+0000][7][gc,age      ] GC(21) Desired survivor size 10485760 bytes, new threshold 1 (max threshold 15)
[2022-07-20T09:44:44.206+0000][7][gc,age      ] GC(21) Age table with threshold 1 (max threshold 15)
[2022-07-20T09:44:44.206+0000][7][gc,age      ] GC(21) - age   1:     365704 bytes,     365704 total
[2022-07-20T09:44:44.206+0000][7][gc,phases   ] GC(21)   Pre Evacuate Collection Set: 0.1ms
[2022-07-20T09:44:44.206+0000][7][gc,phases   ] GC(21)   Merge Heap Roots: 0.0ms
[2022-07-20T09:44:44.206+0000][7][gc,phases   ] GC(21)   Evacuate Collection Set: 42.5ms
[2022-07-20T09:44:44.206+0000][7][gc,phases   ] GC(21)   Post Evacuate Collection Set: 0.7ms
[2022-07-20T09:44:44.206+0000][7][gc,phases   ] GC(21)   Other: 0.3ms
[2022-07-20T09:44:44.206+0000][7][gc,heap     ] GC(21) Eden regions: 2->0(30)
[2022-07-20T09:44:44.206+0000][7][gc,heap     ] GC(21) Survivor regions: 5->1(5)
[2022-07-20T09:44:44.206+0000][7][gc,heap     ] GC(21) Old regions: 10->14
[2022-07-20T09:44:44.206+0000][7][gc,heap     ] GC(21) Archive regions: 2->2
[2022-07-20T09:44:44.206+0000][7][gc,heap     ] GC(21) Humongous regions: 0->0
[2022-07-20T09:44:44.206+0000][7][gc,metaspace] GC(21) Metaspace: 33570K(35840K)->33570K(35840K) NonClass: 29250K(30848K)->29250K(30848K) Class: 4320K(4992K)->4320K(4992K)
[2022-07-20T09:44:44.206+0000][7][gc          ] GC(21) Pause Young (Concurrent Start) (Metadata GC Threshold) 66M->63M(256M) 43.951ms
[2022-07-20T09:44:44.206+0000][7][gc,cpu      ] GC(21) User=0.12s Sys=0.00s Real=0.05s
[2022-07-20T09:44:44.206+0000][7][gc          ] GC(22) Concurrent Cycle
[2022-07-20T09:44:44.206+0000][7][gc,marking  ] GC(22) Concurrent Clear Claimed Marks
[2022-07-20T09:44:44.206+0000][7][gc,marking  ] GC(22) Concurrent Clear Claimed Marks 0.092ms
[2022-07-20T09:44:44.206+0000][7][safepoint   ] Safepoint "CollectForMetadataAllocation", Time since last: 92095634 ns, Reaching safepoint: 72579 ns, At safepoint: 44244136 ns, Total: 44316715 ns
[2022-07-20T09:44:44.206+0000][7][gc,marking  ] GC(22) Concurrent Scan Root Regions
[2022-07-20T09:44:44.229+0000][7][safepoint   ] Safepoint "CollectForMetadataAllocation", Time since last: 21951081 ns, Reaching safepoint: 148993 ns, At safepoint: 183638 ns, Total: 332631 ns
[2022-07-20T09:44:44.239+0000][7][gc,marking  ] GC(22) Concurrent Scan Root Regions 32.671ms
[2022-07-20T09:44:44.239+0000][7][gc,marking  ] GC(22) Concurrent Mark (31.891s)
[2022-07-20T09:44:44.239+0000][7][gc,marking  ] GC(22) Concurrent Mark From Roots
[2022-07-20T09:44:44.239+0000][7][gc,task     ] GC(22) Using 1 workers of 1 for marking
[2022-07-20T09:44:44.314+0000][7][safepoint   ] Safepoint "CollectForMetadataAllocation", Time since last: 84581837 ns, Reaching safepoint: 129717 ns, At safepoint: 217774 ns, Total: 347491 ns
[2022-07-20T09:44:44.349+0000][7][safepoint   ] Safepoint "CollectForMetadataAllocation", Time since last: 28400327 ns, Reaching safepoint: 7286371 ns, At safepoint: 194335 ns, Total: 7480706 ns
[2022-07-20T09:44:44.408+0000][7][safepoint   ] Safepoint "CollectForMetadataAllocation", Time since last: 58294552 ns, Reaching safepoint: 110717 ns, At safepoint: 189545 ns, Total: 300262 ns
[2022-07-20T09:44:44.436+0000][7][gc,marking  ] GC(22) Concurrent Mark From Roots 197.223ms
[2022-07-20T09:44:44.437+0000][7][gc,marking  ] GC(22) Concurrent Preclean
[2022-07-20T09:44:44.437+0000][7][gc,marking  ] GC(22) Concurrent Preclean 0.223ms
[2022-07-20T09:44:44.437+0000][7][gc,marking  ] GC(22) Concurrent Mark (31.891s, 32.089s) 197.633ms
[2022-07-20T09:44:44.437+0000][7][gc,start    ] GC(22) Pause Remark
[2022-07-20T09:44:44.445+0000][7][gc          ] GC(22) Pause Remark 77M->77M(256M) 7.983ms
[2022-07-20T09:44:44.445+0000][7][gc,cpu      ] GC(22) User=0.01s Sys=0.00s Real=0.01s
[2022-07-20T09:44:44.445+0000][7][safepoint   ] Safepoint "G1Concurrent", Time since last: 28838550 ns, Reaching safepoint: 150059 ns, At safepoint: 8096910 ns, Total: 8246969 ns
[2022-07-20T09:44:44.445+0000][7][gc,marking  ] GC(22) Concurrent Rebuild Remembered Sets
[2022-07-20T09:44:44.594+0000][7][gc,marking  ] GC(22) Concurrent Rebuild Remembered Sets 149.207ms
[2022-07-20T09:44:44.595+0000][7][gc,start    ] GC(22) Pause Cleanup
[2022-07-20T09:44:44.595+0000][7][gc          ] GC(22) Pause Cleanup 81M->81M(256M) 0.095ms
[2022-07-20T09:44:44.595+0000][7][gc,cpu      ] GC(22) User=0.00s Sys=0.00s Real=0.00s
[2022-07-20T09:44:44.595+0000][7][safepoint   ] Safepoint "G1Concurrent", Time since last: 149427901 ns, Reaching safepoint: 443837 ns, At safepoint: 172642 ns, Total: 616479 ns
[2022-07-20T09:44:44.595+0000][7][gc,marking  ] GC(22) Concurrent Cleanup for Next Mark
[2022-07-20T09:44:44.596+0000][7][gc,marking  ] GC(22) Concurrent Cleanup for Next Mark 0.316ms
[2022-07-20T09:44:44.596+0000][7][gc          ] GC(22) Concurrent Cycle 389.416ms
[2022-07-20T09:44:44.795+0000][7][gc,start    ] GC(23) Pause Young (Concurrent Start) (G1 Evacuation Pause)
[2022-07-20T09:44:44.795+0000][7][gc,task     ] GC(23) Using 4 workers of 4 for evacuation
[2022-07-20T09:44:44.795+0000][7][gc,age      ] GC(23) Desired survivor size 8388608 bytes, new threshold 15 (max threshold 15)
[2022-07-20T09:44:44.805+0000][7][gc,age      ] GC(23) Age table with threshold 15 (max threshold 15)
[2022-07-20T09:44:44.805+0000][7][gc,age      ] GC(23) - age   1:    1064472 bytes,    1064472 total
[2022-07-20T09:44:44.805+0000][7][gc,age      ] GC(23) - age   2:     259520 bytes,    1323992 total
[2022-07-20T09:44:44.805+0000][7][gc,phases   ] GC(23)   Pre Evacuate Collection Set: 0.1ms
[2022-07-20T09:44:44.805+0000][7][gc,phases   ] GC(23)   Merge Heap Roots: 0.1ms
[2022-07-20T09:44:44.805+0000][7][gc,phases   ] GC(23)   Evacuate Collection Set: 8.7ms
[2022-07-20T09:44:44.805+0000][7][gc,phases   ] GC(23)   Post Evacuate Collection Set: 0.8ms
[2022-07-20T09:44:44.805+0000][7][gc,phases   ] GC(23)   Other: 0.4ms
[2022-07-20T09:44:44.805+0000][7][gc,heap     ] GC(23) Eden regions: 30->0(31)
[2022-07-20T09:44:44.805+0000][7][gc,heap     ] GC(23) Survivor regions: 1->1(4)
[2022-07-20T09:44:44.805+0000][7][gc,heap     ] GC(23) Old regions: 14->14
[2022-07-20T09:44:44.805+0000][7][gc,heap     ] GC(23) Archive regions: 2->2
[2022-07-20T09:44:44.805+0000][7][gc,heap     ] GC(23) Humongous regions: 0->0
[2022-07-20T09:44:44.805+0000][7][gc,metaspace] GC(23) Metaspace: 36403K(38860K)->36403K(38860K) NonClass: 31767K(33536K)->31767K(33536K) Class: 4635K(5324K)->4635K(5324K)
[2022-07-20T09:44:44.805+0000][7][gc          ] GC(23) Pause Young (Concurrent Start) (G1 Evacuation Pause) 183M->61M(256M) 10.395ms
[2022-07-20T09:44:44.805+0000][7][gc,cpu      ] GC(23) User=0.02s Sys=0.00s Real=0.01s
[2022-07-20T09:44:44.805+0000][7][gc          ] GC(24) Concurrent Cycle
[2022-07-20T09:44:44.805+0000][7][safepoint   ] Safepoint "G1CollectForAllocation", Time since last: 195377730 ns, Reaching safepoint: 4071302 ns, At safepoint: 10534254 ns, Total: 14605556 ns
[2022-07-20T09:44:44.805+0000][7][gc,marking  ] GC(24) Concurrent Clear Claimed Marks
[2022-07-20T09:44:44.805+0000][7][gc,marking  ] GC(24) Concurrent Clear Claimed Marks 0.119ms
[2022-07-20T09:44:44.805+0000][7][gc,marking  ] GC(24) Concurrent Scan Root Regions
[2022-07-20T09:44:44.809+0000][7][gc,marking  ] GC(24) Concurrent Scan Root Regions 3.252ms
[2022-07-20T09:44:44.809+0000][7][gc,marking  ] GC(24) Concurrent Mark (32.461s)
[2022-07-20T09:44:44.809+0000][7][gc,marking  ] GC(24) Concurrent Mark From Roots
[2022-07-20T09:44:44.809+0000][7][gc,task     ] GC(24) Using 1 workers of 1 for marking
[2022-07-20T09:44:45.039+0000][7][gc,marking  ] GC(24) Concurrent Mark From Roots 230.232ms
[2022-07-20T09:44:45.039+0000][7][gc,marking  ] GC(24) Concurrent Preclean
[2022-07-20T09:44:45.039+0000][7][gc,marking  ] GC(24) Concurrent Preclean 0.203ms
[2022-07-20T09:44:45.039+0000][7][gc,marking  ] GC(24) Concurrent Mark (32.461s, 32.691s) 230.691ms
[2022-07-20T09:44:45.047+0000][7][gc,start    ] GC(24) Pause Remark
[2022-07-20T09:44:45.057+0000][7][gc          ] GC(24) Pause Remark 67M->67M(256M) 9.698ms
[2022-07-20T09:44:45.057+0000][7][gc,cpu      ] GC(24) User=0.02s Sys=0.00s Real=0.01s
[2022-07-20T09:44:45.057+0000][7][safepoint   ] Safepoint "G1Concurrent", Time since last: 237407415 ns, Reaching safepoint: 4576120 ns, At safepoint: 9873118 ns, Total: 14449238 ns
[2022-07-20T09:44:45.057+0000][7][gc,marking  ] GC(24) Concurrent Rebuild Remembered Sets
[2022-07-20T09:44:45.318+0000][7][gc,marking  ] GC(24) Concurrent Rebuild Remembered Sets 260.759ms
[2022-07-20T09:44:45.322+0000][7][gc,start    ] GC(24) Pause Cleanup
[2022-07-20T09:44:45.323+0000][7][gc          ] GC(24) Pause Cleanup 77M->77M(256M) 0.227ms
[2022-07-20T09:44:45.323+0000][7][gc,cpu      ] GC(24) User=0.00s Sys=0.00s Real=0.01s
[2022-07-20T09:44:45.323+0000][7][safepoint   ] Safepoint "G1Concurrent", Time since last: 261688191 ns, Reaching safepoint: 3649424 ns, At safepoint: 354805 ns, Total: 4004229 ns
[2022-07-20T09:44:45.323+0000][7][gc,marking  ] GC(24) Concurrent Cleanup for Next Mark
[2022-07-20T09:44:45.323+0000][7][gc,marking  ] GC(24) Concurrent Cleanup for Next Mark 0.323ms
[2022-07-20T09:44:45.323+0000][7][gc          ] GC(24) Concurrent Cycle 518.049ms
[2022-07-20T09:44:46.834+0000][7][safepoint   ] Safepoint "Cleanup", Time since last: 1511014824 ns, Reaching safepoint: 206850 ns, At safepoint: 10225 ns, Total: 217075 ns
[2022-07-20T09:44:47.836+0000][7][safepoint   ] Safepoint "Cleanup", Time since last: 1001445076 ns, Reaching safepoint: 583941 ns, At safepoint: 22519 ns, Total: 606460 ns
[2022-07-20T09:44:48.203+0000][7][gc,start    ] GC(25) Pause Young (Normal) (G1 Evacuation Pause)
[2022-07-20T09:44:48.203+0000][7][gc,task     ] GC(25) Using 4 workers of 4 for evacuation
[2022-07-20T09:44:48.203+0000][7][gc,age      ] GC(25) Desired survivor size 8388608 bytes, new threshold 15 (max threshold 15)
[2022-07-20T09:44:48.241+0000][7][gc,age      ] GC(25) Age table with threshold 15 (max threshold 15)
[2022-07-20T09:44:48.241+0000][7][gc,age      ] GC(25) - age   1:    6120472 bytes,    6120472 total
[2022-07-20T09:44:48.241+0000][7][gc,age      ] GC(25) - age   2:    1005712 bytes,    7126184 total
[2022-07-20T09:44:48.241+0000][7][gc,age      ] GC(25) - age   3:     241760 bytes,    7367944 total
[2022-07-20T09:44:48.241+0000][7][gc,phases   ] GC(25)   Pre Evacuate Collection Set: 0.1ms
[2022-07-20T09:44:48.241+0000][7][gc,phases   ] GC(25)   Merge Heap Roots: 0.3ms
[2022-07-20T09:44:48.241+0000][7][gc,phases   ] GC(25)   Evacuate Collection Set: 36.2ms
[2022-07-20T09:44:48.241+0000][7][gc,phases   ] GC(25)   Post Evacuate Collection Set: 0.9ms
[2022-07-20T09:44:48.241+0000][7][gc,phases   ] GC(25)   Other: 0.6ms
[2022-07-20T09:44:48.241+0000][7][gc,heap     ] GC(25) Eden regions: 31->0(30)
[2022-07-20T09:44:48.241+0000][7][gc,heap     ] GC(25) Survivor regions: 1->2(4)
[2022-07-20T09:44:48.241+0000][7][gc,heap     ] GC(25) Old regions: 14->14
[2022-07-20T09:44:48.241+0000][7][gc,heap     ] GC(25) Archive regions: 2->2
[2022-07-20T09:44:48.241+0000][7][gc,heap     ] GC(25) Humongous regions: 0->0
[2022-07-20T09:44:48.241+0000][7][gc,metaspace] GC(25) Metaspace: 52834K(56396K)->52834K(56396K) NonClass: 45770K(48384K)->45770K(48384K) Class: 7063K(8012K)->7063K(8012K)
[2022-07-20T09:44:48.241+0000][7][gc          ] GC(25) Pause Young (Normal) (G1 Evacuation Pause) 185M->67M(256M) 38.195ms
[2022-07-20T09:44:48.241+0000][7][gc,cpu      ] GC(25) User=0.06s Sys=0.00s Real=0.03s
[2022-07-20T09:44:48.241+0000][7][safepoint   ] Safepoint "G1CollectForAllocation", Time since last: 366191797 ns, Reaching safepoint: 292292 ns, At safepoint: 38330724 ns, Total: 38623016 ns
[2022-07-20T09:44:49.272+0000][7][safepoint   ] Safepoint "Cleanup", Time since last: 1030844888 ns, Reaching safepoint: 305697 ns, At safepoint: 3487 ns, Total: 309184 ns
[2022-07-20T09:44:50.235+0000][7][gc,start    ] GC(26) Pause Young (Concurrent Start) (Metadata GC Threshold)
[2022-07-20T09:44:50.236+0000][7][gc,task     ] GC(26) Using 4 workers of 4 for evacuation
[2022-07-20T09:44:50.236+0000][7][gc,age      ] GC(26) Desired survivor size 8388608 bytes, new threshold 15 (max threshold 15)
[2022-07-20T09:44:50.276+0000][7][gc,age      ] GC(26) Age table with threshold 15 (max threshold 15)
[2022-07-20T09:44:50.276+0000][7][gc,age      ] GC(26) - age   1:    4336664 bytes,    4336664 total
[2022-07-20T09:44:50.276+0000][7][gc,age      ] GC(26) - age   2:    5952024 bytes,   10288688 total
[2022-07-20T09:44:50.277+0000][7][gc,age      ] GC(26) - age   3:    1005520 bytes,   11294208 total
[2022-07-20T09:44:50.277+0000][7][gc,age      ] GC(26) - age   4:     241680 bytes,   11535888 total
[2022-07-20T09:44:50.277+0000][7][gc,phases   ] GC(26)   Pre Evacuate Collection Set: 0.1ms
[2022-07-20T09:44:50.277+0000][7][gc,phases   ] GC(26)   Merge Heap Roots: 0.1ms
[2022-07-20T09:44:50.277+0000][7][gc,phases   ] GC(26)   Evacuate Collection Set: 38.0ms
[2022-07-20T09:44:50.277+0000][7][gc,phases   ] GC(26)   Post Evacuate Collection Set: 2.4ms
[2022-07-20T09:44:50.277+0000][7][gc,phases   ] GC(26)   Other: 0.6ms
[2022-07-20T09:44:50.277+0000][7][gc,heap     ] GC(26) Eden regions: 26->0(30)
[2022-07-20T09:44:50.277+0000][7][gc,heap     ] GC(26) Survivor regions: 2->3(4)
[2022-07-20T09:44:50.277+0000][7][gc,heap     ] GC(26) Old regions: 14->14
[2022-07-20T09:44:50.277+0000][7][gc,heap     ] GC(26) Archive regions: 2->2
[2022-07-20T09:44:50.277+0000][7][gc,heap     ] GC(26) Humongous regions: 0->0
[2022-07-20T09:44:50.277+0000][7][gc,metaspace] GC(26) Metaspace: 61673K(65196K)->61673K(65196K) NonClass: 53407K(56032K)->53407K(56032K) Class: 8266K(9164K)->8266K(9164K)
[2022-07-20T09:44:50.277+0000][7][gc          ] GC(26) Pause Young (Concurrent Start) (Metadata GC Threshold) 169M->71M(256M) 41.809ms
[2022-07-20T09:44:50.277+0000][7][gc,cpu      ] GC(26) User=0.06s Sys=0.00s Real=0.04s
[2022-07-20T09:44:50.277+0000][7][safepoint   ] Safepoint "CollectForMetadataAllocation", Time since last: 962108462 ns, Reaching safepoint: 1292199 ns, At safepoint: 42104197 ns, Total: 43396396 ns
[2022-07-20T09:44:50.278+0000][7][gc          ] GC(27) Concurrent Cycle
[2022-07-20T09:44:50.280+0000][7][gc,marking  ] GC(27) Concurrent Clear Claimed Marks
[2022-07-20T09:44:50.280+0000][7][gc,marking  ] GC(27) Concurrent Clear Claimed Marks 0.133ms
[2022-07-20T09:44:50.280+0000][7][gc,marking  ] GC(27) Concurrent Scan Root Regions
[2022-07-20T09:44:50.303+0000][7][gc,marking  ] GC(27) Concurrent Scan Root Regions 22.858ms
[2022-07-20T09:44:50.303+0000][7][gc,marking  ] GC(27) Concurrent Mark (37.955s)
[2022-07-20T09:44:50.303+0000][7][gc,marking  ] GC(27) Concurrent Mark From Roots
[2022-07-20T09:44:50.303+0000][7][gc,task     ] GC(27) Using 1 workers of 1 for marking
[2022-07-20T09:44:50.347+0000][7][safepoint   ] Safepoint "CollectForMetadataAllocation", Time since last: 68793482 ns, Reaching safepoint: 217025 ns, At safepoint: 235029 ns, Total: 452054 ns
[2022-07-20T09:44:50.423+0000][7][safepoint   ] Safepoint "CollectForMetadataAllocation", Time since last: 75853734 ns, Reaching safepoint: 579132 ns, At safepoint: 207595 ns, Total: 786727 ns
[2022-07-20T09:44:50.522+0000][7][safepoint   ] Safepoint "CollectForMetadataAllocation", Time since last: 97784511 ns, Reaching safepoint: 310190 ns, At safepoint: 211697 ns, Total: 521887 ns
[2022-07-20T09:44:50.571+0000][7][gc,marking  ] GC(27) Concurrent Mark From Roots 267.716ms
[2022-07-20T09:44:50.571+0000][7][gc,marking  ] GC(27) Concurrent Preclean
[2022-07-20T09:44:50.571+0000][7][gc,marking  ] GC(27) Concurrent Preclean 0.422ms
[2022-07-20T09:44:50.572+0000][7][gc,marking  ] GC(27) Concurrent Mark (37.955s, 38.224s) 269.402ms
[2022-07-20T09:44:50.573+0000][7][gc,start    ] GC(27) Pause Remark
[2022-07-20T09:44:50.595+0000][7][gc          ] GC(27) Pause Remark 81M->81M(256M) 21.386ms
[2022-07-20T09:44:50.595+0000][7][gc,cpu      ] GC(27) User=0.02s Sys=0.00s Real=0.03s
[2022-07-20T09:44:50.595+0000][7][safepoint   ] Safepoint "G1Concurrent", Time since last: 50571868 ns, Reaching safepoint: 1044391 ns, At safepoint: 21539668 ns, Total: 22584059 ns
[2022-07-20T09:44:50.595+0000][7][gc,marking  ] GC(27) Concurrent Rebuild Remembered Sets
[2022-07-20T09:44:50.778+0000][7][gc,marking  ] GC(27) Concurrent Rebuild Remembered Sets 183.505ms
[2022-07-20T09:44:50.779+0000][7][gc,start    ] GC(27) Pause Cleanup
[2022-07-20T09:44:50.780+0000][7][gc          ] GC(27) Pause Cleanup 85M->85M(256M) 0.160ms
[2022-07-20T09:44:50.780+0000][7][gc,cpu      ] GC(27) User=0.00s Sys=0.00s Real=0.00s
[2022-07-20T09:44:50.780+0000][7][safepoint   ] Safepoint "G1Concurrent", Time since last: 183657536 ns, Reaching safepoint: 841185 ns, At safepoint: 294779 ns, Total: 1135964 ns
[2022-07-20T09:44:50.780+0000][7][gc,marking  ] GC(27) Concurrent Cleanup for Next Mark
[2022-07-20T09:44:50.780+0000][7][gc,marking  ] GC(27) Concurrent Cleanup for Next Mark 0.333ms
[2022-07-20T09:44:50.780+0000][7][gc          ] GC(27) Concurrent Cycle 502.594ms
[2022-07-20T09:44:52.244+0000][7][safepoint   ] Safepoint "Cleanup", Time since last: 1464160812 ns, Reaching safepoint: 169751 ns, At safepoint: 4371 ns, Total: 174122 ns
[2022-07-20T09:44:53.245+0000][7][safepoint   ] Safepoint "Cleanup", Time since last: 1000328859 ns, Reaching safepoint: 341387 ns, At safepoint: 20329 ns, Total: 361716 ns
[2022-07-20T09:44:54.163+0000][7][gc,start    ] GC(28) Pause Young (Concurrent Start) (G1 Evacuation Pause)
[2022-07-20T09:44:54.163+0000][7][gc,task     ] GC(28) Using 4 workers of 4 for evacuation
[2022-07-20T09:44:54.163+0000][7][gc,age      ] GC(28) Desired survivor size 10485760 bytes, new threshold 3 (max threshold 15)
[2022-07-20T09:44:54.186+0000][7][gc,age      ] GC(28) Age table with threshold 3 (max threshold 15)
[2022-07-20T09:44:54.186+0000][7][gc,age      ] GC(28) - age   1:    6614104 bytes,    6614104 total
[2022-07-20T09:44:54.186+0000][7][gc,age      ] GC(28) - age   2:    4202080 bytes,   10816184 total
[2022-07-20T09:44:54.186+0000][7][gc,age      ] GC(28) - age   3:    5914168 bytes,   16730352 total
[2022-07-20T09:44:54.186+0000][7][gc,phases   ] GC(28)   Pre Evacuate Collection Set: 0.1ms
[2022-07-20T09:44:54.186+0000][7][gc,phases   ] GC(28)   Merge Heap Roots: 0.1ms
[2022-07-20T09:44:54.186+0000][7][gc,phases   ] GC(28)   Evacuate Collection Set: 21.4ms
[2022-07-20T09:44:54.186+0000][7][gc,phases   ] GC(28)   Post Evacuate Collection Set: 1.2ms
[2022-07-20T09:44:54.186+0000][7][gc,phases   ] GC(28)   Other: 0.3ms
[2022-07-20T09:44:54.186+0000][7][gc,heap     ] GC(28) Eden regions: 30->0(27)
[2022-07-20T09:44:54.186+0000][7][gc,heap     ] GC(28) Survivor regions: 3->5(5)
[2022-07-20T09:44:54.186+0000][7][gc,heap     ] GC(28) Old regions: 14->15
[2022-07-20T09:44:54.186+0000][7][gc,heap     ] GC(28) Archive regions: 2->2
[2022-07-20T09:44:54.186+0000][7][gc,heap     ] GC(28) Humongous regions: 0->0
[2022-07-20T09:44:54.186+0000][7][gc,metaspace] GC(28) Metaspace: 80383K(84984K)->80383K(84984K) NonClass: 69509K(72876K)->69509K(72876K) Class: 10874K(12108K)->10874K(12108K)
[2022-07-20T09:44:54.186+0000][7][gc          ] GC(28) Pause Young (Concurrent Start) (G1 Evacuation Pause) 191M->77M(256M) 23.227ms
[2022-07-20T09:44:54.186+0000][7][gc,cpu      ] GC(28) User=0.08s Sys=0.00s Real=0.02s
[2022-07-20T09:44:54.186+0000][7][gc          ] GC(29) Concurrent Cycle
[2022-07-20T09:44:54.187+0000][7][gc,marking  ] GC(29) Concurrent Clear Claimed Marks
[2022-07-20T09:44:54.187+0000][7][gc,marking  ] GC(29) Concurrent Clear Claimed Marks 0.109ms
[2022-07-20T09:44:54.187+0000][7][gc,marking  ] GC(29) Concurrent Scan Root Regions
[2022-07-20T09:44:54.187+0000][7][safepoint   ] Safepoint "G1CollectForAllocation", Time since last: 918331426 ns, Reaching safepoint: 212146 ns, At safepoint: 23321721 ns, Total: 23533867 ns
[2022-07-20T09:44:54.210+0000][7][gc,marking  ] GC(29) Concurrent Scan Root Regions 23.162ms
[2022-07-20T09:44:54.210+0000][7][gc,marking  ] GC(29) Concurrent Mark (41.862s)
[2022-07-20T09:44:54.210+0000][7][gc,marking  ] GC(29) Concurrent Mark From Roots
[2022-07-20T09:44:54.210+0000][7][gc,task     ] GC(29) Using 1 workers of 1 for marking
[2022-07-20T09:44:54.377+0000][7][gc,marking  ] GC(29) Concurrent Mark From Roots 167.499ms
[2022-07-20T09:44:54.378+0000][7][gc,marking  ] GC(29) Concurrent Preclean
[2022-07-20T09:44:54.378+0000][7][gc,marking  ] GC(29) Concurrent Preclean 0.301ms
[2022-07-20T09:44:54.378+0000][7][gc,marking  ] GC(29) Concurrent Mark (41.862s, 42.030s) 167.894ms
[2022-07-20T09:44:54.378+0000][7][gc,start    ] GC(29) Pause Remark
[2022-07-20T09:44:54.384+0000][7][gc          ] GC(29) Pause Remark 85M->85M(256M) 5.660ms
[2022-07-20T09:44:54.384+0000][7][gc,cpu      ] GC(29) User=0.02s Sys=0.00s Real=0.01s
[2022-07-20T09:44:54.384+0000][7][safepoint   ] Safepoint "G1Concurrent", Time since last: 191362569 ns, Reaching safepoint: 104738 ns, At safepoint: 5762380 ns, Total: 5867118 ns
[2022-07-20T09:44:54.384+0000][7][gc,marking  ] GC(29) Concurrent Rebuild Remembered Sets
[2022-07-20T09:44:54.488+0000][7][gc,marking  ] GC(29) Concurrent Rebuild Remembered Sets 103.936ms
[2022-07-20T09:44:54.488+0000][7][gc,start    ] GC(29) Pause Cleanup
[2022-07-20T09:44:54.488+0000][7][gc          ] GC(29) Pause Cleanup 91M->91M(256M) 0.083ms
[2022-07-20T09:44:54.488+0000][7][gc,cpu      ] GC(29) User=0.00s Sys=0.00s Real=0.00s
[2022-07-20T09:44:54.488+0000][7][safepoint   ] Safepoint "G1Concurrent", Time since last: 104102336 ns, Reaching safepoint: 313542 ns, At safepoint: 134356 ns, Total: 447898 ns
[2022-07-20T09:44:54.488+0000][7][gc,marking  ] GC(29) Concurrent Cleanup for Next Mark
[2022-07-20T09:44:54.489+0000][7][gc,marking  ] GC(29) Concurrent Cleanup for Next Mark 0.266ms
[2022-07-20T09:44:54.489+0000][7][gc          ] GC(29) Concurrent Cycle 302.140ms
[2022-07-20T09:44:54.666+0000][7][safepoint   ] Safepoint "ICBufferFull", Time since last: 177428510 ns, Reaching safepoint: 160009 ns, At safepoint: 6644 ns, Total: 166653 ns
[2022-07-20T09:44:55.069+0000][7][safepoint   ] Safepoint "ICBufferFull", Time since last: 402697468 ns, Reaching safepoint: 160888 ns, At safepoint: 8607 ns, Total: 169495 ns
[2022-07-20T09:44:56.201+0000][7][safepoint   ] Safepoint "ICBufferFull", Time since last: 1132550619 ns, Reaching safepoint: 170249 ns, At safepoint: 8776 ns, Total: 179025 ns
[2022-07-20T09:44:56.547+0000][7][safepoint   ] Safepoint "ICBufferFull", Time since last: 344971782 ns, Reaching safepoint: 341188 ns, At safepoint: 20904 ns, Total: 362092 ns
[2022-07-20T09:44:56.695+0000][7][gc,start    ] GC(30) Pause Young (Normal) (G1 Evacuation Pause)
[2022-07-20T09:44:56.695+0000][7][gc,task     ] GC(30) Using 4 workers of 4 for evacuation
[2022-07-20T09:44:56.695+0000][7][gc,age      ] GC(30) Desired survivor size 8388608 bytes, new threshold 2 (max threshold 15)
[2022-07-20T09:44:56.729+0000][7][gc,age      ] GC(30) Age table with threshold 2 (max threshold 15)
[2022-07-20T09:44:56.729+0000][7][gc,age      ] GC(30) - age   1:    7375464 bytes,    7375464 total
[2022-07-20T09:44:56.729+0000][7][gc,age      ] GC(30) - age   2:    6432176 bytes,   13807640 total
[2022-07-20T09:44:56.729+0000][7][gc,phases   ] GC(30)   Pre Evacuate Collection Set: 0.1ms
[2022-07-20T09:44:56.729+0000][7][gc,phases   ] GC(30)   Merge Heap Roots: 0.1ms
[2022-07-20T09:44:56.729+0000][7][gc,phases   ] GC(30)   Evacuate Collection Set: 32.2ms
[2022-07-20T09:44:56.729+0000][7][gc,phases   ] GC(30)   Post Evacuate Collection Set: 1.2ms
[2022-07-20T09:44:56.729+0000][7][gc,phases   ] GC(30)   Other: 0.2ms
[2022-07-20T09:44:56.729+0000][7][gc,heap     ] GC(30) Eden regions: 27->0(24)
[2022-07-20T09:44:56.729+0000][7][gc,heap     ] GC(30) Survivor regions: 5->4(4)
[2022-07-20T09:44:56.729+0000][7][gc,heap     ] GC(30) Old regions: 15->17
[2022-07-20T09:44:56.729+0000][7][gc,heap     ] GC(30) Archive regions: 2->2
[2022-07-20T09:44:56.729+0000][7][gc,heap     ] GC(30) Humongous regions: 2->2
[2022-07-20T09:44:56.729+0000][7][gc,metaspace] GC(30) Metaspace: 91963K(96632K)->91963K(96632K) NonClass: 79452K(82860K)->79452K(82860K) Class: 12510K(13772K)->12510K(13772K)
[2022-07-20T09:44:56.729+0000][7][gc          ] GC(30) Pause Young (Normal) (G1 Evacuation Pause) 193M->92M(256M) 33.901ms
[2022-07-20T09:44:56.729+0000][7][gc,cpu      ] GC(30) User=0.13s Sys=0.00s Real=0.03s
[2022-07-20T09:44:56.729+0000][7][safepoint   ] Safepoint "G1CollectForAllocation", Time since last: 144310504 ns, Reaching safepoint: 3807263 ns, At safepoint: 34009504 ns, Total: 37816767 ns
[2022-07-20T09:44:57.324+0000][7][safepoint   ] Safepoint "ICBufferFull", Time since last: 594090505 ns, Reaching safepoint: 802810 ns, At safepoint: 50206 ns, Total: 853016 ns
[2022-07-20T09:44:58.054+0000][7][safepoint   ] Safepoint "G1CollectForAllocation", Time since last: 729689310 ns, Reaching safepoint: 547511 ns, At safepoint: 48357 ns, Total: 595868 ns
[2022-07-20T09:44:58.062+0000][7][gc,start    ] GC(31) Pause Young (Concurrent Start) (GCLocker Initiated GC)
[2022-07-20T09:44:58.062+0000][7][gc,task     ] GC(31) Using 4 workers of 4 for evacuation
[2022-07-20T09:44:58.062+0000][7][gc,age      ] GC(31) Desired survivor size 8388608 bytes, new threshold 2 (max threshold 15)
[2022-07-20T09:44:58.115+0000][7][gc,age      ] GC(31) Age table with threshold 2 (max threshold 15)
[2022-07-20T09:44:58.115+0000][7][gc,age      ] GC(31) - age   1:    6688416 bytes,    6688416 total
[2022-07-20T09:44:58.116+0000][7][gc,age      ] GC(31) - age   2:    6894736 bytes,   13583152 total
[2022-07-20T09:44:58.116+0000][7][gc,phases   ] GC(31)   Pre Evacuate Collection Set: 0.2ms
[2022-07-20T09:44:58.116+0000][7][gc,phases   ] GC(31)   Merge Heap Roots: 0.2ms
[2022-07-20T09:44:58.116+0000][7][gc,phases   ] GC(31)   Evacuate Collection Set: 51.1ms
[2022-07-20T09:44:58.116+0000][7][gc,phases   ] GC(31)   Post Evacuate Collection Set: 1.6ms
[2022-07-20T09:44:58.116+0000][7][gc,phases   ] GC(31)   Other: 0.6ms
[2022-07-20T09:44:58.116+0000][7][gc,heap     ] GC(31) Eden regions: 24->0(22)
[2022-07-20T09:44:58.116+0000][7][gc,heap     ] GC(31) Survivor regions: 4->4(4)
[2022-07-20T09:44:58.116+0000][7][gc,heap     ] GC(31) Old regions: 17->19
[2022-07-20T09:44:58.116+0000][7][gc,heap     ] GC(31) Archive regions: 2->2
[2022-07-20T09:44:58.116+0000][7][gc,heap     ] GC(31) Humongous regions: 2->2
[2022-07-20T09:44:58.116+0000][7][gc,metaspace] GC(31) Metaspace: 95693K(100088K)->95693K(100088K) NonClass: 82726K(85932K)->82726K(85932K) Class: 12966K(14156K)->12966K(14156K)
[2022-07-20T09:44:58.116+0000][7][gc          ] GC(31) Pause Young (Concurrent Start) (GCLocker Initiated GC) 188M->99M(256M) 54.074ms
[2022-07-20T09:44:58.116+0000][7][gc,cpu      ] GC(31) User=0.21s Sys=0.00s Real=0.06s
[2022-07-20T09:44:58.116+0000][7][gc          ] GC(32) Concurrent Cycle
[2022-07-20T09:44:58.116+0000][7][gc,marking  ] GC(32) Concurrent Clear Claimed Marks
[2022-07-20T09:44:58.116+0000][7][safepoint   ] Safepoint "G1CollectForAllocation", Time since last: 7416224 ns, Reaching safepoint: 271320 ns, At safepoint: 54303820 ns, Total: 54575140 ns
[2022-07-20T09:44:58.116+0000][7][gc,marking  ] GC(32) Concurrent Clear Claimed Marks 0.181ms
[2022-07-20T09:44:58.117+0000][7][gc,marking  ] GC(32) Concurrent Scan Root Regions
[2022-07-20T09:44:58.196+0000][7][gc,marking  ] GC(32) Concurrent Scan Root Regions 79.060ms
[2022-07-20T09:44:58.196+0000][7][gc,marking  ] GC(32) Concurrent Mark (45.848s)
[2022-07-20T09:44:58.196+0000][7][gc,marking  ] GC(32) Concurrent Mark From Roots
[2022-07-20T09:44:58.196+0000][7][gc,task     ] GC(32) Using 1 workers of 1 for marking
[2022-07-20T09:44:58.489+0000][7][gc,marking  ] GC(32) Concurrent Mark From Roots 293.301ms
[2022-07-20T09:44:58.489+0000][7][gc,marking  ] GC(32) Concurrent Preclean
[2022-07-20T09:44:58.489+0000][7][gc,marking  ] GC(32) Concurrent Preclean 0.232ms
[2022-07-20T09:44:58.490+0000][7][gc,marking  ] GC(32) Concurrent Mark (45.848s, 46.141s) 293.772ms
[2022-07-20T09:44:58.490+0000][7][gc,start    ] GC(32) Pause Remark
[2022-07-20T09:44:58.496+0000][7][gc          ] GC(32) Pause Remark 135M->135M(256M) 6.579ms
[2022-07-20T09:44:58.496+0000][7][gc,cpu      ] GC(32) User=0.02s Sys=0.00s Real=0.01s
[2022-07-20T09:44:58.497+0000][7][safepoint   ] Safepoint "G1Concurrent", Time since last: 373414949 ns, Reaching safepoint: 236345 ns, At safepoint: 6686226 ns, Total: 6922571 ns
[2022-07-20T09:44:58.497+0000][7][gc,marking  ] GC(32) Concurrent Rebuild Remembered Sets
[2022-07-20T09:44:58.671+0000][7][gc,marking  ] GC(32) Concurrent Rebuild Remembered Sets 174.779ms
[2022-07-20T09:44:58.672+0000][7][gc,start    ] GC(32) Pause Cleanup
[2022-07-20T09:44:58.672+0000][7][gc          ] GC(32) Pause Cleanup 154M->154M(256M) 0.090ms
[2022-07-20T09:44:58.672+0000][7][gc,cpu      ] GC(32) User=0.01s Sys=0.00s Real=0.00s
[2022-07-20T09:44:58.672+0000][7][safepoint   ] Safepoint "G1Concurrent", Time since last: 174917858 ns, Reaching safepoint: 349868 ns, At safepoint: 176657 ns, Total: 526525 ns
[2022-07-20T09:44:58.672+0000][7][gc,marking  ] GC(32) Concurrent Cleanup for Next Mark
[2022-07-20T09:44:58.672+0000][7][gc,marking  ] GC(32) Concurrent Cleanup for Next Mark 0.263ms
[2022-07-20T09:44:58.672+0000][7][gc          ] GC(32) Concurrent Cycle 556.161ms
[2022-07-20T09:44:59.673+0000][7][safepoint   ] Safepoint "Cleanup", Time since last: 1000096610 ns, Reaching safepoint: 633253 ns, At safepoint: 11117 ns, Total: 644370 ns
[2022-07-20T09:45:00.673+0000][7][safepoint   ] Safepoint "Cleanup", Time since last: 1000151290 ns, Reaching safepoint: 117512 ns, At safepoint: 8222 ns, Total: 125734 ns
[2022-07-20T09:45:01.549+0000][7][gc,start    ] GC(33) Pause Young (Normal) (G1 Evacuation Pause)
[2022-07-20T09:45:01.549+0000][7][gc,task     ] GC(33) Using 4 workers of 4 for evacuation
[2022-07-20T09:45:01.549+0000][7][gc,age      ] GC(33) Desired survivor size 8388608 bytes, new threshold 2 (max threshold 15)
[2022-07-20T09:45:01.582+0000][7][gc,age      ] GC(33) Age table with threshold 2 (max threshold 15)
[2022-07-20T09:45:01.582+0000][7][gc,age      ] GC(33) - age   1:    6462144 bytes,    6462144 total
[2022-07-20T09:45:01.582+0000][7][gc,age      ] GC(33) - age   2:    2903776 bytes,    9365920 total
[2022-07-20T09:45:01.582+0000][7][gc,phases   ] GC(33)   Pre Evacuate Collection Set: 0.1ms
[2022-07-20T09:45:01.582+0000][7][gc,phases   ] GC(33)   Merge Heap Roots: 0.1ms
[2022-07-20T09:45:01.582+0000][7][gc,phases   ] GC(33)   Evacuate Collection Set: 31.7ms
[2022-07-20T09:45:01.582+0000][7][gc,phases   ] GC(33)   Post Evacuate Collection Set: 0.9ms
[2022-07-20T09:45:01.582+0000][7][gc,phases   ] GC(33)   Other: 0.4ms
[2022-07-20T09:45:01.582+0000][7][gc,heap     ] GC(33) Eden regions: 22->0(21)
[2022-07-20T09:45:01.582+0000][7][gc,heap     ] GC(33) Survivor regions: 4->3(4)
[2022-07-20T09:45:01.582+0000][7][gc,heap     ] GC(33) Old regions: 19->21
[2022-07-20T09:45:01.582+0000][7][gc,heap     ] GC(33) Archive regions: 2->2
[2022-07-20T09:45:01.582+0000][7][gc,heap     ] GC(33) Humongous regions: 2->2
[2022-07-20T09:45:01.582+0000][7][gc,metaspace] GC(33) Metaspace: 98971K(103672K)->98971K(103672K) NonClass: 85573K(89004K)->85573K(89004K) Class: 13397K(14668K)->13397K(14668K)
[2022-07-20T09:45:01.582+0000][7][gc          ] GC(33) Pause Young (Normal) (G1 Evacuation Pause) 187M->103M(256M) 33.320ms
[2022-07-20T09:45:01.582+0000][7][gc,cpu      ] GC(33) User=0.07s Sys=0.00s Real=0.03s
[2022-07-20T09:45:01.582+0000][7][safepoint   ] Safepoint "G1CollectForAllocation", Time since last: 875436802 ns, Reaching safepoint: 171397 ns, At safepoint: 33448670 ns, Total: 33620067 ns
[2022-07-20T09:45:02.583+0000][7][safepoint   ] Safepoint "Cleanup", Time since last: 1000640393 ns, Reaching safepoint: 178425 ns, At safepoint: 9905 ns, Total: 188330 ns
[2022-07-20T09:45:03.583+0000][7][safepoint   ] Safepoint "Cleanup", Time since last: 1000353356 ns, Reaching safepoint: 151539 ns, At safepoint: 9539 ns, Total: 161078 ns
[2022-07-20T09:45:04.493+0000][7][safepoint   ] Safepoint "ICBufferFull", Time since last: 909888340 ns, Reaching safepoint: 190420 ns, At safepoint: 9158 ns, Total: 199578 ns
[2022-07-20T09:45:05.494+0000][7][safepoint   ] Safepoint "Cleanup", Time since last: 1000299039 ns, Reaching safepoint: 200352 ns, At safepoint: 8103 ns, Total: 208455 ns
[2022-07-20T09:45:06.494+0000][7][safepoint   ] Safepoint "Cleanup", Time since last: 1000185510 ns, Reaching safepoint: 146638 ns, At safepoint: 22699 ns, Total: 169337 ns
[2022-07-20T09:45:07.495+0000][7][safepoint   ] Safepoint "Cleanup", Time since last: 1000341219 ns, Reaching safepoint: 218245 ns, At safepoint: 9669 ns, Total: 227914 ns
[2022-07-20T09:45:08.495+0000][7][safepoint   ] Safepoint "Cleanup", Time since last: 1000188944 ns, Reaching safepoint: 115672 ns, At safepoint: 6610 ns, Total: 122282 ns
[2022-07-20T09:45:09.496+0000][7][safepoint   ] Safepoint "Cleanup", Time since last: 1000185037 ns, Reaching safepoint: 131925 ns, At safepoint: 6535 ns, Total: 138460 ns
[2022-07-20T09:45:10.496+0000][7][safepoint   ] Safepoint "Cleanup", Time since last: 1000121766 ns, Reaching safepoint: 128739 ns, At safepoint: 7784 ns, Total: 136523 ns
[2022-07-20T09:45:11.496+0000][7][safepoint   ] Safepoint "Cleanup", Time since last: 1000351521 ns, Reaching safepoint: 156468 ns, At safepoint: 8397 ns, Total: 164865 ns
[2022-07-20T09:45:12.497+0000][7][safepoint   ] Safepoint "Cleanup", Time since last: 1000350785 ns, Reaching safepoint: 140007 ns, At safepoint: 5745 ns, Total: 145752 ns
[2022-07-20T09:45:13.497+0000][7][safepoint   ] Safepoint "Cleanup", Time since last: 1000372494 ns, Reaching safepoint: 152406 ns, At safepoint: 8262 ns, Total: 160668 ns
[2022-07-20T09:45:14.498+0000][7][safepoint   ] Safepoint "Cleanup", Time since last: 1000293098 ns, Reaching safepoint: 113902 ns, At safepoint: 8743 ns, Total: 122645 ns
[2022-07-20T09:45:16.498+0000][7][safepoint   ] Safepoint "Cleanup", Time since last: 2000474366 ns, Reaching safepoint: 191910 ns, At safepoint: 6278 ns, Total: 198188 ns
[2022-07-20T09:45:16.710+0000][7][gc,start    ] GC(34) Pause Young (Concurrent Start) (G1 Evacuation Pause)
[2022-07-20T09:45:16.710+0000][7][gc,task     ] GC(34) Using 4 workers of 4 for evacuation
[2022-07-20T09:45:16.710+0000][7][gc,age      ] GC(34) Desired survivor size 6291456 bytes, new threshold 1 (max threshold 15)
[2022-07-20T09:45:16.723+0000][7][gc,age      ] GC(34) Age table with threshold 1 (max threshold 15)
[2022-07-20T09:45:16.723+0000][7][gc,age      ] GC(34) - age   1:    2276456 bytes,    2276456 total
[2022-07-20T09:45:16.723+0000][7][gc,phases   ] GC(34)   Pre Evacuate Collection Set: 0.1ms
[2022-07-20T09:45:16.723+0000][7][gc,phases   ] GC(34)   Merge Heap Roots: 0.1ms
[2022-07-20T09:45:16.723+0000][7][gc,phases   ] GC(34)   Evacuate Collection Set: 11.8ms
[2022-07-20T09:45:16.723+0000][7][gc,phases   ] GC(34)   Post Evacuate Collection Set: 0.5ms
[2022-07-20T09:45:16.723+0000][7][gc,phases   ] GC(34)   Other: 0.2ms
[2022-07-20T09:45:16.723+0000][7][gc,heap     ] GC(34) Eden regions: 21->0(22)
[2022-07-20T09:45:16.723+0000][7][gc,heap     ] GC(34) Survivor regions: 3->1(3)
[2022-07-20T09:45:16.723+0000][7][gc,heap     ] GC(34) Old regions: 21->23
[2022-07-20T09:45:16.723+0000][7][gc,heap     ] GC(34) Archive regions: 2->2
[2022-07-20T09:45:16.723+0000][7][gc,heap     ] GC(34) Humongous regions: 2->2
[2022-07-20T09:45:16.723+0000][7][gc,metaspace] GC(34) Metaspace: 100496K(105208K)->100496K(105208K) NonClass: 86951K(90284K)->86951K(90284K) Class: 13544K(14924K)->13544K(14924K)
[2022-07-20T09:45:16.723+0000][7][gc          ] GC(34) Pause Young (Concurrent Start) (G1 Evacuation Pause) 187M->103M(256M) 12.928ms
[2022-07-20T09:45:16.723+0000][7][gc,cpu      ] GC(34) User=0.05s Sys=0.00s Real=0.02s
[2022-07-20T09:45:16.723+0000][7][gc          ] GC(35) Concurrent Cycle
[2022-07-20T09:45:16.723+0000][7][gc,marking  ] GC(35) Concurrent Clear Claimed Marks
[2022-07-20T09:45:16.723+0000][7][safepoint   ] Safepoint "G1CollectForAllocation", Time since last: 211257548 ns, Reaching safepoint: 171081 ns, At safepoint: 13026039 ns, Total: 13197120 ns
[2022-07-20T09:45:16.723+0000][7][gc,marking  ] GC(35) Concurrent Clear Claimed Marks 0.103ms
[2022-07-20T09:45:16.723+0000][7][gc,marking  ] GC(35) Concurrent Scan Root Regions
[2022-07-20T09:45:16.735+0000][7][gc,marking  ] GC(35) Concurrent Scan Root Regions 11.904ms
[2022-07-20T09:45:16.735+0000][7][gc,marking  ] GC(35) Concurrent Mark (64.387s)
[2022-07-20T09:45:16.735+0000][7][gc,marking  ] GC(35) Concurrent Mark From Roots
[2022-07-20T09:45:16.735+0000][7][gc,task     ] GC(35) Using 1 workers of 1 for marking
[2022-07-20T09:45:16.887+0000][7][gc,marking  ] GC(35) Concurrent Mark From Roots 152.434ms
[2022-07-20T09:45:16.888+0000][7][gc,marking  ] GC(35) Concurrent Preclean
[2022-07-20T09:45:16.888+0000][7][gc,marking  ] GC(35) Concurrent Preclean 0.171ms
[2022-07-20T09:45:16.888+0000][7][gc,marking  ] GC(35) Concurrent Mark (64.387s, 64.540s) 152.719ms
[2022-07-20T09:45:16.888+0000][7][gc,start    ] GC(35) Pause Remark
[2022-07-20T09:45:16.899+0000][7][gc          ] GC(35) Pause Remark 107M->107M(256M) 11.495ms
[2022-07-20T09:45:16.900+0000][7][gc,cpu      ] GC(35) User=0.04s Sys=0.00s Real=0.01s
[2022-07-20T09:45:16.900+0000][7][safepoint   ] Safepoint "G1Concurrent", Time since last: 164900447 ns, Reaching safepoint: 206523 ns, At safepoint: 11623347 ns, Total: 11829870 ns
[2022-07-20T09:45:16.900+0000][7][gc,marking  ] GC(35) Concurrent Rebuild Remembered Sets
[2022-07-20T09:45:16.994+0000][7][gc,marking  ] GC(35) Concurrent Rebuild Remembered Sets 94.805ms
[2022-07-20T09:45:16.995+0000][7][gc,start    ] GC(35) Pause Cleanup
[2022-07-20T09:45:16.995+0000][7][gc          ] GC(35) Pause Cleanup 108M->108M(256M) 0.088ms
[2022-07-20T09:45:16.995+0000][7][gc,cpu      ] GC(35) User=0.00s Sys=0.00s Real=0.00s
[2022-07-20T09:45:16.995+0000][7][safepoint   ] Safepoint "G1Concurrent", Time since last: 95020574 ns, Reaching safepoint: 264963 ns, At safepoint: 149884 ns, Total: 414847 ns
[2022-07-20T09:45:16.995+0000][7][gc,marking  ] GC(35) Concurrent Cleanup for Next Mark
[2022-07-20T09:45:16.995+0000][7][gc,marking  ] GC(35) Concurrent Cleanup for Next Mark 0.260ms
[2022-07-20T09:45:16.995+0000][7][gc          ] GC(35) Concurrent Cycle 272.515ms
[2022-07-20T09:45:17.995+0000][7][safepoint   ] Safepoint "Cleanup", Time since last: 1000221126 ns, Reaching safepoint: 211123 ns, At safepoint: 8175 ns, Total: 219298 ns
[2022-07-20T09:45:18.996+0000][7][safepoint   ] Safepoint "Cleanup", Time since last: 1000224399 ns, Reaching safepoint: 188390 ns, At safepoint: 8513 ns, Total: 196903 ns
[2022-07-20T09:45:19.996+0000][7][safepoint   ] Safepoint "Cleanup", Time since last: 1000221425 ns, Reaching safepoint: 271611 ns, At safepoint: 8717 ns, Total: 280328 ns
[2022-07-20T09:45:20.997+0000][7][safepoint   ] Safepoint "Cleanup", Time since last: 1000143151 ns, Reaching safepoint: 125689 ns, At safepoint: 3644 ns, Total: 129333 ns
[2022-07-20T09:45:21.997+0000][7][safepoint   ] Safepoint "Cleanup", Time since last: 1000319015 ns, Reaching safepoint: 160932 ns, At safepoint: 7764 ns, Total: 168696 ns
[2022-07-20T09:45:22.998+0000][7][safepoint   ] Safepoint "Cleanup", Time since last: 1000337926 ns, Reaching safepoint: 167620 ns, At safepoint: 9873 ns, Total: 177493 ns
[2022-07-20T09:45:23.998+0000][7][safepoint   ] Safepoint "Cleanup", Time since last: 1000374711 ns, Reaching safepoint: 209367 ns, At safepoint: 7851 ns, Total: 217218 ns
[2022-07-20T09:45:25.999+0000][7][safepoint   ] Safepoint "Cleanup", Time since last: 2000413177 ns, Reaching safepoint: 215142 ns, At safepoint: 10359 ns, Total: 225501 ns
[2022-07-20T09:45:26.999+0000][7][safepoint   ] Safepoint "Cleanup", Time since last: 1000191188 ns, Reaching safepoint: 183805 ns, At safepoint: 7505 ns, Total: 191310 ns
[2022-07-20T09:45:28.000+0000][7][safepoint   ] Safepoint "Cleanup", Time since last: 1000323367 ns, Reaching safepoint: 93973 ns, At safepoint: 4176 ns, Total: 98149 ns
[2022-07-20T09:45:28.352+0000][7][safepoint   ] Safepoint "ICBufferFull", Time since last: 351815257 ns, Reaching safepoint: 254265 ns, At safepoint: 10844 ns, Total: 265109 ns
[2022-07-20T09:45:29.352+0000][7][safepoint   ] Safepoint "Cleanup", Time since last: 1000189176 ns, Reaching safepoint: 243003 ns, At safepoint: 13809 ns, Total: 256812 ns
[2022-07-20T09:45:31.353+0000][7][safepoint   ] Safepoint "Cleanup", Time since last: 2000297218 ns, Reaching safepoint: 193555 ns, At safepoint: 11125 ns, Total: 204680 ns
[2022-07-20T09:45:32.353+0000][7][safepoint   ] Safepoint "Cleanup", Time since last: 1000198488 ns, Reaching safepoint: 135382 ns, At safepoint: 10233 ns, Total: 145615 ns
[2022-07-20T09:45:34.354+0000][7][safepoint   ] Safepoint "Cleanup", Time since last: 2000431441 ns, Reaching safepoint: 137259 ns, At safepoint: 8730 ns, Total: 145989 ns
[2022-07-20T09:45:35.354+0000][7][safepoint   ] Safepoint "Cleanup", Time since last: 1000288305 ns, Reaching safepoint: 126822 ns, At safepoint: 8252 ns, Total: 135074 ns
[2022-07-20T09:45:36.355+0000][7][safepoint   ] Safepoint "Cleanup", Time since last: 1000305483 ns, Reaching safepoint: 128820 ns, At safepoint: 6608 ns, Total: 135428 ns
[2022-07-20T09:45:37.355+0000][7][safepoint   ] Safepoint "Cleanup", Time since last: 1000257242 ns, Reaching safepoint: 201106 ns, At safepoint: 9923 ns, Total: 211029 ns
[2022-07-20T09:45:38.355+0000][7][safepoint   ] Safepoint "Cleanup", Time since last: 1000273099 ns, Reaching safepoint: 125521 ns, At safepoint: 7492 ns, Total: 133013 ns
[2022-07-20T09:45:39.356+0000][7][safepoint   ] Safepoint "Cleanup", Time since last: 1000209007 ns, Reaching safepoint: 127407 ns, At safepoint: 8265 ns, Total: 135672 ns
[2022-07-20T09:45:40.356+0000][7][safepoint   ] Safepoint "Cleanup", Time since last: 1000140914 ns, Reaching safepoint: 186672 ns, At safepoint: 25908 ns, Total: 212580 ns
[2022-07-20T09:45:41.357+0000][7][safepoint   ] Safepoint "Cleanup", Time since last: 1000346360 ns, Reaching safepoint: 213754 ns, At safepoint: 8670 ns, Total: 222424 ns
[2022-07-20T09:45:42.357+0000][7][safepoint   ] Safepoint "Cleanup", Time since last: 1000318211 ns, Reaching safepoint: 163769 ns, At safepoint: 9883 ns, Total: 173652 ns
[2022-07-20T09:45:43.358+0000][7][safepoint   ] Safepoint "Cleanup", Time since last: 1000366301 ns, Reaching safepoint: 124947 ns, At safepoint: 10135 ns, Total: 135082 ns
[2022-07-20T09:45:44.358+0000][7][safepoint   ] Safepoint "Cleanup", Time since last: 1000351330 ns, Reaching safepoint: 173658 ns, At safepoint: 13577 ns, Total: 187235 ns
[2022-07-20T09:45:46.359+0000][7][safepoint   ] Safepoint "Cleanup", Time since last: 2000456674 ns, Reaching safepoint: 122610 ns, At safepoint: 10076 ns, Total: 132686 ns
[2022-07-20T09:45:47.359+0000][7][safepoint   ] Safepoint "Cleanup", Time since last: 1000196879 ns, Reaching safepoint: 125457 ns, At safepoint: 7596 ns, Total: 133053 ns
[2022-07-20T09:45:49.360+0000][7][safepoint   ] Safepoint "Cleanup", Time since last: 2000382838 ns, Reaching safepoint: 186718 ns, At safepoint: 10796 ns, Total: 197514 ns
[2022-07-20T09:45:50.360+0000][7][safepoint   ] Safepoint "Cleanup", Time since last: 1000184974 ns, Reaching safepoint: 117516 ns, At safepoint: 7213 ns, Total: 124729 ns
[2022-07-20T09:45:51.360+0000][7][safepoint   ] Safepoint "Cleanup", Time since last: 1000191642 ns, Reaching safepoint: 153122 ns, At safepoint: 11078 ns, Total: 164200 ns
[2022-07-20T09:45:52.361+0000][7][safepoint   ] Safepoint "Cleanup", Time since last: 1000298842 ns, Reaching safepoint: 249157 ns, At safepoint: 12960 ns, Total: 262117 ns
[2022-07-20T09:45:53.362+0000][7][safepoint   ] Safepoint "Cleanup", Time since last: 1000407424 ns, Reaching safepoint: 164121 ns, At safepoint: 23409 ns, Total: 187530 ns
[2022-07-20T09:45:55.362+0000][7][safepoint   ] Safepoint "Cleanup", Time since last: 2000599346 ns, Reaching safepoint: 171224 ns, At safepoint: 11077 ns, Total: 182301 ns
[2022-07-20T09:45:56.363+0000][7][safepoint   ] Safepoint "Cleanup", Time since last: 1000255969 ns, Reaching safepoint: 225844 ns, At safepoint: 12274 ns, Total: 238118 ns
[2022-07-20T09:45:57.363+0000][7][safepoint   ] Safepoint "Cleanup", Time since last: 1000201223 ns, Reaching safepoint: 158964 ns, At safepoint: 10335 ns, Total: 169299 ns
[2022-07-20T09:45:58.364+0000][7][safepoint   ] Safepoint "Cleanup", Time since last: 1000425232 ns, Reaching safepoint: 219447 ns, At safepoint: 10233 ns, Total: 229680 ns
[2022-07-20T09:45:59.364+0000][7][safepoint   ] Safepoint "Cleanup", Time since last: 1000437806 ns, Reaching safepoint: 158510 ns, At safepoint: 7971 ns, Total: 166481 ns
[2022-07-20T09:46:01.365+0000][7][safepoint   ] Safepoint "Cleanup", Time since last: 2000398795 ns, Reaching safepoint: 167362 ns, At safepoint: 9541 ns, Total: 176903 ns
[2022-07-20T09:46:02.366+0000][7][safepoint   ] Safepoint "Cleanup", Time since last: 1000319322 ns, Reaching safepoint: 213876 ns, At safepoint: 13593 ns, Total: 227469 ns
[2022-07-20T09:46:04.366+0000][7][safepoint   ] Safepoint "Cleanup", Time since last: 2000398398 ns, Reaching safepoint: 135025 ns, At safepoint: 8470 ns, Total: 143495 ns
[2022-07-20T09:46:04.427+0000][7][gc,start    ] GC(36) Pause Young (Normal) (G1 Evacuation Pause)
[2022-07-20T09:46:04.427+0000][7][gc,task     ] GC(36) Using 4 workers of 4 for evacuation
[2022-07-20T09:46:04.427+0000][7][gc,age      ] GC(36) Desired survivor size 6291456 bytes, new threshold 15 (max threshold 15)
[2022-07-20T09:46:04.435+0000][7][gc,age      ] GC(36) Age table with threshold 15 (max threshold 15)
[2022-07-20T09:46:04.435+0000][7][gc,age      ] GC(36) - age   1:    1933128 bytes,    1933128 total
[2022-07-20T09:46:04.435+0000][7][gc,age      ] GC(36) - age   2:     777128 bytes,    2710256 total
[2022-07-20T09:46:04.435+0000][7][gc,phases   ] GC(36)   Pre Evacuate Collection Set: 0.1ms
[2022-07-20T09:46:04.435+0000][7][gc,phases   ] GC(36)   Merge Heap Roots: 0.1ms
[2022-07-20T09:46:04.435+0000][7][gc,phases   ] GC(36)   Evacuate Collection Set: 7.3ms
[2022-07-20T09:46:04.435+0000][7][gc,phases   ] GC(36)   Post Evacuate Collection Set: 0.6ms
[2022-07-20T09:46:04.435+0000][7][gc,phases   ] GC(36)   Other: 0.3ms
[2022-07-20T09:46:04.435+0000][7][gc,heap     ] GC(36) Eden regions: 22->0(22)
[2022-07-20T09:46:04.435+0000][7][gc,heap     ] GC(36) Survivor regions: 1->1(3)
[2022-07-20T09:46:04.435+0000][7][gc,heap     ] GC(36) Old regions: 23->23
[2022-07-20T09:46:04.435+0000][7][gc,heap     ] GC(36) Archive regions: 2->2
[2022-07-20T09:46:04.435+0000][7][gc,heap     ] GC(36) Humongous regions: 2->2
[2022-07-20T09:46:04.435+0000][7][gc,metaspace] GC(36) Metaspace: 101768K(106488K)->101768K(106488K) NonClass: 88114K(91564K)->88114K(91564K) Class: 13653K(14924K)->13653K(14924K)
[2022-07-20T09:46:04.435+0000][7][gc          ] GC(36) Pause Young (Normal) (G1 Evacuation Pause) 191M->103M(256M) 8.385ms
[2022-07-20T09:46:04.435+0000][7][gc,cpu      ] GC(36) User=0.03s Sys=0.00s Real=0.01s
[2022-07-20T09:46:04.435+0000][7][safepoint   ] Safepoint "G1CollectForAllocation", Time since last: 60574679 ns, Reaching safepoint: 114539 ns, At safepoint: 8499615 ns, Total: 8614154 ns
[2022-07-20T09:46:05.436+0000][7][safepoint   ] Safepoint "Cleanup", Time since last: 1000216377 ns, Reaching safepoint: 179040 ns, At safepoint: 10220 ns, Total: 189260 ns
[2022-07-20T09:46:06.436+0000][7][safepoint   ] Safepoint "Cleanup", Time since last: 1000208642 ns, Reaching safepoint: 146497 ns, At safepoint: 11715 ns, Total: 158212 ns
[2022-07-20T09:46:07.374+0000][7][safepoint   ] Safepoint "ICBufferFull", Time since last: 937816699 ns, Reaching safepoint: 188374 ns, At safepoint: 13721 ns, Total: 202095 ns
[2022-07-20T09:46:08.375+0000][7][safepoint   ] Safepoint "Cleanup", Time since last: 1000289314 ns, Reaching safepoint: 162146 ns, At safepoint: 9132 ns, Total: 171278 ns
[2022-07-20T09:46:09.375+0000][7][safepoint   ] Safepoint "Cleanup", Time since last: 1000136528 ns, Reaching safepoint: 211202 ns, At safepoint: 10542 ns, Total: 221744 ns
[2022-07-20T09:46:10.375+0000][7][safepoint   ] Safepoint "Cleanup", Time since last: 1000221082 ns, Reaching safepoint: 156608 ns, At safepoint: 8917 ns, Total: 165525 ns
[2022-07-20T09:46:11.376+0000][7][safepoint   ] Safepoint "Cleanup", Time since last: 1000255768 ns, Reaching safepoint: 221930 ns, At safepoint: 10681 ns, Total: 232611 ns
[2022-07-20T09:46:12.376+0000][7][safepoint   ] Safepoint "Cleanup", Time since last: 1000225518 ns, Reaching safepoint: 150857 ns, At safepoint: 10668 ns, Total: 161525 ns
[2022-07-20T09:46:13.377+0000][7][safepoint   ] Safepoint "Cleanup", Time since last: 1000305970 ns, Reaching safepoint: 196459 ns, At safepoint: 8493 ns, Total: 204952 ns
[2022-07-20T09:46:14.377+0000][7][safepoint   ] Safepoint "Cleanup", Time since last: 1000298283 ns, Reaching safepoint: 186489 ns, At safepoint: 7909 ns, Total: 194398 ns
[2022-07-20T09:46:16.378+0000][7][safepoint   ] Safepoint "Cleanup", Time since last: 2000410814 ns, Reaching safepoint: 182937 ns, At safepoint: 7946 ns, Total: 190883 ns
[2022-07-20T09:46:17.378+0000][7][safepoint   ] Safepoint "Cleanup", Time since last: 1000154716 ns, Reaching safepoint: 216739 ns, At safepoint: 10555 ns, Total: 227294 ns
[2022-07-20T09:46:19.379+0000][7][safepoint   ] Safepoint "Cleanup", Time since last: 2000477667 ns, Reaching safepoint: 226933 ns, At safepoint: 11605 ns, Total: 238538 ns
[2022-07-20T09:46:21.379+0000][7][safepoint   ] Safepoint "Cleanup", Time since last: 2000202151 ns, Reaching safepoint: 164253 ns, At safepoint: 16574 ns, Total: 180827 ns
[2022-07-20T09:46:22.380+0000][7][safepoint   ] Safepoint "Cleanup", Time since last: 1000576151 ns, Reaching safepoint: 208432 ns, At safepoint: 7009 ns, Total: 215441 ns
[2022-07-20T09:46:23.381+0000][7][safepoint   ] Safepoint "Cleanup", Time since last: 1000375662 ns, Reaching safepoint: 176915 ns, At safepoint: 7728 ns, Total: 184643 ns
[2022-07-20T09:46:24.381+0000][7][safepoint   ] Safepoint "Cleanup", Time since last: 1000369111 ns, Reaching safepoint: 160134 ns, At safepoint: 8583 ns, Total: 168717 ns
[2022-07-20T09:46:25.381+0000][7][safepoint   ] Safepoint "Cleanup", Time since last: 1000186759 ns, Reaching safepoint: 171199 ns, At safepoint: 9624 ns, Total: 180823 ns
[2022-07-20T09:46:26.382+0000][7][safepoint   ] Safepoint "Cleanup", Time since last: 1000302072 ns, Reaching safepoint: 144994 ns, At safepoint: 9118 ns, Total: 154112 ns
[2022-07-20T09:46:27.382+0000][7][safepoint   ] Safepoint "Cleanup", Time since last: 1000252515 ns, Reaching safepoint: 117944 ns, At safepoint: 5500 ns, Total: 123444 ns
[2022-07-20T09:46:28.383+0000][7][safepoint   ] Safepoint "Cleanup", Time since last: 1000258632 ns, Reaching safepoint: 127707 ns, At safepoint: 7855 ns, Total: 135562 ns
[2022-07-20T09:46:29.383+0000][7][safepoint   ] Safepoint "Cleanup", Time since last: 1000435460 ns, Reaching safepoint: 227034 ns, At safepoint: 9983 ns, Total: 237017 ns
[2022-07-20T09:46:31.384+0000][7][safepoint   ] Safepoint "Cleanup", Time since last: 2000416246 ns, Reaching safepoint: 161262 ns, At safepoint: 7514 ns, Total: 168776 ns
[2022-07-20T09:46:32.385+0000][7][safepoint   ] Safepoint "Cleanup", Time since last: 1000357855 ns, Reaching safepoint: 167325 ns, At safepoint: 10563 ns, Total: 177888 ns
[2022-07-20T09:46:33.385+0000][7][safepoint   ] Safepoint "Cleanup", Time since last: 1000306157 ns, Reaching safepoint: 152148 ns, At safepoint: 9762 ns, Total: 161910 ns
[2022-07-20T09:46:34.385+0000][7][safepoint   ] Safepoint "Cleanup", Time since last: 1000298964 ns, Reaching safepoint: 145874 ns, At safepoint: 11037 ns, Total: 156911 ns
[2022-07-20T09:46:37.386+0000][7][safepoint   ] Safepoint "Cleanup", Time since last: 3000769410 ns, Reaching safepoint: 141896 ns, At safepoint: 9045 ns, Total: 150941 ns
[2022-07-20T09:46:38.387+0000][7][safepoint   ] Safepoint "Cleanup", Time since last: 1000327106 ns, Reaching safepoint: 151481 ns, At safepoint: 8974 ns, Total: 160455 ns
[2022-07-20T09:46:40.387+0000][7][safepoint   ] Safepoint "Cleanup", Time since last: 2000353989 ns, Reaching safepoint: 213424 ns, At safepoint: 9652 ns, Total: 223076 ns
[2022-07-20T09:46:40.449+0000][7][gc,start    ] GC(37) Pause Young (Concurrent Start) (G1 Evacuation Pause)
[2022-07-20T09:46:40.449+0000][7][gc,task     ] GC(37) Using 4 workers of 4 for evacuation
[2022-07-20T09:46:40.449+0000][7][gc,age      ] GC(37) Desired survivor size 6291456 bytes, new threshold 15 (max threshold 15)
[2022-07-20T09:46:40.454+0000][7][gc,age      ] GC(37) Age table with threshold 15 (max threshold 15)
[2022-07-20T09:46:40.454+0000][7][gc,age      ] GC(37) - age   1:    2381712 bytes,    2381712 total
[2022-07-20T09:46:40.454+0000][7][gc,age      ] GC(37) - age   2:     582576 bytes,    2964288 total
[2022-07-20T09:46:40.454+0000][7][gc,age      ] GC(37) - age   3:     762800 bytes,    3727088 total
[2022-07-20T09:46:40.454+0000][7][gc,phases   ] GC(37)   Pre Evacuate Collection Set: 0.2ms
[2022-07-20T09:46:40.454+0000][7][gc,phases   ] GC(37)   Merge Heap Roots: 0.1ms
[2022-07-20T09:46:40.454+0000][7][gc,phases   ] GC(37)   Evacuate Collection Set: 4.4ms
[2022-07-20T09:46:40.454+0000][7][gc,phases   ] GC(37)   Post Evacuate Collection Set: 0.5ms
[2022-07-20T09:46:40.454+0000][7][gc,phases   ] GC(37)   Other: 0.3ms
[2022-07-20T09:46:40.454+0000][7][gc,heap     ] GC(37) Eden regions: 22->0(23)
[2022-07-20T09:46:40.454+0000][7][gc,heap     ] GC(37) Survivor regions: 1->1(3)
[2022-07-20T09:46:40.454+0000][7][gc,heap     ] GC(37) Old regions: 23->23
[2022-07-20T09:46:40.454+0000][7][gc,heap     ] GC(37) Archive regions: 2->2
[2022-07-20T09:46:40.454+0000][7][gc,heap     ] GC(37) Humongous regions: 2->2
[2022-07-20T09:46:40.454+0000][7][gc,metaspace] GC(37) Metaspace: 102291K(107000K)->102291K(107000K) NonClass: 88637K(92076K)->88637K(92076K) Class: 13653K(14924K)->13653K(14924K)
[2022-07-20T09:46:40.454+0000][7][gc          ] GC(37) Pause Young (Concurrent Start) (G1 Evacuation Pause) 191M->104M(256M) 5.586ms
[2022-07-20T09:46:40.454+0000][7][gc,cpu      ] GC(37) User=0.02s Sys=0.00s Real=0.00s
[2022-07-20T09:46:40.454+0000][7][gc          ] GC(38) Concurrent Cycle
[2022-07-20T09:46:40.454+0000][7][safepoint   ] Safepoint "G1CollectForAllocation", Time since last: 61238800 ns, Reaching safepoint: 138047 ns, At safepoint: 5685983 ns, Total: 5824030 ns
[2022-07-20T09:46:40.455+0000][7][gc,marking  ] GC(38) Concurrent Clear Claimed Marks
[2022-07-20T09:46:40.455+0000][7][gc,marking  ] GC(38) Concurrent Clear Claimed Marks 0.128ms
[2022-07-20T09:46:40.455+0000][7][gc,marking  ] GC(38) Concurrent Scan Root Regions
[2022-07-20T09:46:40.458+0000][7][gc,marking  ] GC(38) Concurrent Scan Root Regions 2.949ms
[2022-07-20T09:46:40.458+0000][7][gc,marking  ] GC(38) Concurrent Mark (148.110s)
[2022-07-20T09:46:40.458+0000][7][gc,marking  ] GC(38) Concurrent Mark From Roots
[2022-07-20T09:46:40.458+0000][7][gc,task     ] GC(38) Using 1 workers of 1 for marking
[2022-07-20T09:46:40.615+0000][7][gc,marking  ] GC(38) Concurrent Mark From Roots 157.744ms
[2022-07-20T09:46:40.615+0000][7][gc,marking  ] GC(38) Concurrent Preclean
[2022-07-20T09:46:40.616+0000][7][gc,marking  ] GC(38) Concurrent Preclean 0.198ms
[2022-07-20T09:46:40.616+0000][7][gc,marking  ] GC(38) Concurrent Mark (148.110s, 148.268s) 158.041ms
[2022-07-20T09:46:40.616+0000][7][gc,start    ] GC(38) Pause Remark
[2022-07-20T09:46:40.628+0000][7][gc          ] GC(38) Pause Remark 104M->104M(256M) 11.731ms
[2022-07-20T09:46:40.628+0000][7][gc,cpu      ] GC(38) User=0.05s Sys=0.00s Real=0.01s
[2022-07-20T09:46:40.628+0000][7][safepoint   ] Safepoint "G1Concurrent", Time since last: 161242183 ns, Reaching safepoint: 229240 ns, At safepoint: 11859169 ns, Total: 12088409 ns
[2022-07-20T09:46:40.628+0000][7][gc,marking  ] GC(38) Concurrent Rebuild Remembered Sets
[2022-07-20T09:46:40.722+0000][7][gc,marking  ] GC(38) Concurrent Rebuild Remembered Sets 93.792ms
[2022-07-20T09:46:40.722+0000][7][gc,start    ] GC(38) Pause Cleanup
[2022-07-20T09:46:40.722+0000][7][gc          ] GC(38) Pause Cleanup 105M->105M(256M) 0.099ms
[2022-07-20T09:46:40.722+0000][7][gc,cpu      ] GC(38) User=0.00s Sys=0.00s Real=0.00s
[2022-07-20T09:46:40.722+0000][7][safepoint   ] Safepoint "G1Concurrent", Time since last: 93932216 ns, Reaching safepoint: 286099 ns, At safepoint: 183835 ns, Total: 469934 ns
[2022-07-20T09:46:40.722+0000][7][gc,marking  ] GC(38) Concurrent Cleanup for Next Mark
[2022-07-20T09:46:40.723+0000][7][gc,marking  ] GC(38) Concurrent Cleanup for Next Mark 0.318ms
[2022-07-20T09:46:40.723+0000][7][gc          ] GC(38) Concurrent Cycle 268.139ms
[2022-07-20T09:46:41.273+0000][7][safepoint   ] Safepoint "ICBufferFull", Time since last: 550730848 ns, Reaching safepoint: 252576 ns, At safepoint: 7071 ns, Total: 259647 ns
[2022-07-20T09:46:42.274+0000][7][safepoint   ] Safepoint "Cleanup", Time since last: 1000184440 ns, Reaching safepoint: 204565 ns, At safepoint: 4907 ns, Total: 209472 ns
[2022-07-20T09:46:44.135+0000][7][safepoint   ] Safepoint "Cleanup", Time since last: 1861228487 ns, Reaching safepoint: 288430 ns, At safepoint: 5148 ns, Total: 293578 ns
[2022-07-20T09:46:45.136+0000][7][safepoint   ] Safepoint "Cleanup", Time since last: 1000379154 ns, Reaching safepoint: 141963 ns, At safepoint: 7535 ns, Total: 149498 ns
[2022-07-20T09:46:47.136+0000][7][safepoint   ] Safepoint "Cleanup", Time since last: 2000294237 ns, Reaching safepoint: 135189 ns, At safepoint: 16622 ns, Total: 151811 ns
[2022-07-20T09:46:49.137+0000][7][safepoint   ] Safepoint "Cleanup", Time since last: 2000331845 ns, Reaching safepoint: 208843 ns, At safepoint: 12016 ns, Total: 220859 ns
[2022-07-20T09:46:50.137+0000][7][safepoint   ] Safepoint "Cleanup", Time since last: 1000356644 ns, Reaching safepoint: 129426 ns, At safepoint: 9771 ns, Total: 139197 ns
[2022-07-20T09:46:51.137+0000][7][safepoint   ] Safepoint "Cleanup", Time since last: 1000207021 ns, Reaching safepoint: 132667 ns, At safepoint: 5305 ns, Total: 137972 ns
[2022-07-20T09:46:52.138+0000][7][safepoint   ] Safepoint "Cleanup", Time since last: 1000104953 ns, Reaching safepoint: 153308 ns, At safepoint: 6587 ns, Total: 159895 ns
[2022-07-20T09:46:52.868+0000][7][safepoint   ] Safepoint "ICBufferFull", Time since last: 729771613 ns, Reaching safepoint: 198764 ns, At safepoint: 8732 ns, Total: 207496 ns
[2022-07-20T09:46:53.868+0000][7][safepoint   ] Safepoint "Cleanup", Time since last: 1000217131 ns, Reaching safepoint: 343215 ns, At safepoint: 14997 ns, Total: 358212 ns
[2022-07-20T09:46:55.869+0000][7][safepoint   ] Safepoint "Cleanup", Time since last: 2000519801 ns, Reaching safepoint: 211575 ns, At safepoint: 11014 ns, Total: 222589 ns
[2022-07-20T09:46:56.870+0000][7][safepoint   ] Safepoint "Cleanup", Time since last: 1000312981 ns, Reaching safepoint: 174893 ns, At safepoint: 8734 ns, Total: 183627 ns
[2022-07-20T09:46:57.870+0000][7][safepoint   ] Safepoint "Cleanup", Time since last: 1000492482 ns, Reaching safepoint: 154732 ns, At safepoint: 6155 ns, Total: 160887 ns
[2022-07-20T09:46:58.871+0000][7][safepoint   ] Safepoint "Cleanup", Time since last: 1000513712 ns, Reaching safepoint: 125055 ns, At safepoint: 10181 ns, Total: 135236 ns
[2022-07-20T09:47:00.871+0000][7][safepoint   ] Safepoint "Cleanup", Time since last: 2000409097 ns, Reaching safepoint: 136698 ns, At safepoint: 8875 ns, Total: 145573 ns
[2022-07-20T09:47:01.872+0000][7][safepoint   ] Safepoint "Cleanup", Time since last: 1000250802 ns, Reaching safepoint: 191177 ns, At safepoint: 22232 ns, Total: 213409 ns
[2022-07-20T09:47:03.872+0000][7][safepoint   ] Safepoint "Cleanup", Time since last: 2000329401 ns, Reaching safepoint: 147094 ns, At safepoint: 6595 ns, Total: 153689 ns
[2022-07-20T09:47:04.873+0000][7][safepoint   ] Safepoint "Cleanup", Time since last: 1000283827 ns, Reaching safepoint: 218246 ns, At safepoint: 9147 ns, Total: 227393 ns
[2022-07-20T09:47:05.873+0000][7][safepoint   ] Safepoint "Cleanup", Time since last: 1000223000 ns, Reaching safepoint: 145455 ns, At safepoint: 9228 ns, Total: 154683 ns
[2022-07-20T09:47:07.874+0000][7][safepoint   ] Safepoint "Cleanup", Time since last: 2000442141 ns, Reaching safepoint: 139074 ns, At safepoint: 7438 ns, Total: 146512 ns
[2022-07-20T09:47:08.874+0000][7][safepoint   ] Safepoint "Cleanup", Time since last: 1000235841 ns, Reaching safepoint: 138820 ns, At safepoint: 7618 ns, Total: 146438 ns
[2022-07-20T09:47:10.875+0000][7][safepoint   ] Safepoint "Cleanup", Time since last: 2000506442 ns, Reaching safepoint: 146940 ns, At safepoint: 21430 ns, Total: 168370 ns
[2022-07-20T09:47:11.875+0000][7][safepoint   ] Safepoint "Cleanup", Time since last: 1000197961 ns, Reaching safepoint: 161311 ns, At safepoint: 7606 ns, Total: 168917 ns
[2022-07-20T09:47:12.876+0000][7][safepoint   ] Safepoint "Cleanup", Time since last: 1000234960 ns, Reaching safepoint: 150207 ns, At safepoint: 9261 ns, Total: 159468 ns
[2022-07-20T09:47:13.876+0000][7][safepoint   ] Safepoint "Cleanup", Time since last: 1000240267 ns, Reaching safepoint: 114964 ns, At safepoint: 5214 ns, Total: 120178 ns
[2022-07-20T09:47:14.876+0000][7][safepoint   ] Safepoint "Cleanup", Time since last: 1000225196 ns, Reaching safepoint: 135833 ns, At safepoint: 7458 ns, Total: 143291 ns
[2022-07-20T09:47:16.877+0000][7][safepoint   ] Safepoint "Cleanup", Time since last: 2000527786 ns, Reaching safepoint: 235723 ns, At safepoint: 8772 ns, Total: 244495 ns
[2022-07-20T09:47:16.919+0000][7][gc,start    ] GC(39) Pause Young (Normal) (G1 Evacuation Pause)
[2022-07-20T09:47:16.919+0000][7][gc,task     ] GC(39) Using 4 workers of 4 for evacuation
[2022-07-20T09:47:16.919+0000][7][gc,age      ] GC(39) Desired survivor size 6291456 bytes, new threshold 15 (max threshold 15)
[2022-07-20T09:47:16.925+0000][7][gc,age      ] GC(39) Age table with threshold 15 (max threshold 15)
[2022-07-20T09:47:16.925+0000][7][gc,age      ] GC(39) - age   1:    1488016 bytes,    1488016 total
[2022-07-20T09:47:16.925+0000][7][gc,age      ] GC(39) - age   2:     193576 bytes,    1681592 total
[2022-07-20T09:47:16.925+0000][7][gc,age      ] GC(39) - age   3:     572288 bytes,    2253880 total
[2022-07-20T09:47:16.925+0000][7][gc,age      ] GC(39) - age   4:     753504 bytes,    3007384 total
[2022-07-20T09:47:16.925+0000][7][gc,phases   ] GC(39)   Pre Evacuate Collection Set: 0.1ms
[2022-07-20T09:47:16.925+0000][7][gc,phases   ] GC(39)   Merge Heap Roots: 0.1ms
[2022-07-20T09:47:16.925+0000][7][gc,phases   ] GC(39)   Evacuate Collection Set: 4.9ms
[2022-07-20T09:47:16.925+0000][7][gc,phases   ] GC(39)   Post Evacuate Collection Set: 0.5ms
[2022-07-20T09:47:16.925+0000][7][gc,phases   ] GC(39)   Other: 0.2ms
[2022-07-20T09:47:16.925+0000][7][gc,heap     ] GC(39) Eden regions: 23->0(23)
[2022-07-20T09:47:16.925+0000][7][gc,heap     ] GC(39) Survivor regions: 1->1(3)
[2022-07-20T09:47:16.925+0000][7][gc,heap     ] GC(39) Old regions: 23->23
[2022-07-20T09:47:16.925+0000][7][gc,heap     ] GC(39) Archive regions: 2->2
[2022-07-20T09:47:16.925+0000][7][gc,heap     ] GC(39) Humongous regions: 2->2
[2022-07-20T09:47:16.925+0000][7][gc,metaspace] GC(39) Metaspace: 102730K(107256K)->102730K(107256K) NonClass: 89075K(92332K)->89075K(92332K) Class: 13654K(14924K)->13654K(14924K)
[2022-07-20T09:47:16.925+0000][7][gc          ] GC(39) Pause Young (Normal) (G1 Evacuation Pause) 196M->103M(256M) 5.851ms
[2022-07-20T09:47:16.925+0000][7][gc,cpu      ] GC(39) User=0.02s Sys=0.00s Real=0.01s
[2022-07-20T09:47:16.925+0000][7][safepoint   ] Safepoint "G1CollectForAllocation", Time since last: 41621040 ns, Reaching safepoint: 165109 ns, At safepoint: 5947741 ns, Total: 6112850 ns
[2022-07-20T09:47:17.925+0000][7][safepoint   ] Safepoint "Cleanup", Time since last: 1000169485 ns, Reaching safepoint: 132646 ns, At safepoint: 6539 ns, Total: 139185 ns
[2022-07-20T09:47:19.926+0000][7][safepoint   ] Safepoint "Cleanup", Time since last: 2000424348 ns, Reaching safepoint: 141546 ns, At safepoint: 9438 ns, Total: 150984 ns
[2022-07-20T09:47:20.926+0000][7][safepoint   ] Safepoint "Cleanup", Time since last: 1000142206 ns, Reaching safepoint: 90747 ns, At safepoint: 6929 ns, Total: 97676 ns
[2022-07-20T09:47:21.926+0000][7][safepoint   ] Safepoint "Cleanup", Time since last: 1000126208 ns, Reaching safepoint: 138469 ns, At safepoint: 6195 ns, Total: 144664 ns
[2022-07-20T09:47:22.927+0000][7][safepoint   ] Safepoint "Cleanup", Time since last: 1000401788 ns, Reaching safepoint: 149760 ns, At safepoint: 8742 ns, Total: 158502 ns
[2022-07-20T09:47:25.927+0000][7][safepoint   ] Safepoint "Cleanup", Time since last: 3000414244 ns, Reaching safepoint: 150908 ns, At safepoint: 9029 ns, Total: 159937 ns
[2022-07-20T09:47:26.928+0000][7][safepoint   ] Safepoint "Cleanup", Time since last: 1000153239 ns, Reaching safepoint: 91936 ns, At safepoint: 4624 ns, Total: 96560 ns
[2022-07-20T09:47:28.929+0000][7][safepoint   ] Safepoint "Cleanup", Time since last: 2000673530 ns, Reaching safepoint: 196331 ns, At safepoint: 9907 ns, Total: 206238 ns
[2022-07-20T09:47:29.929+0000][7][safepoint   ] Safepoint "Cleanup", Time since last: 1000337345 ns, Reaching safepoint: 142786 ns, At safepoint: 10863 ns, Total: 153649 ns
[2022-07-20T09:47:31.930+0000][7][safepoint   ] Safepoint "Cleanup", Time since last: 2000374854 ns, Reaching safepoint: 293480 ns, At safepoint: 20321 ns, Total: 313801 ns
[2022-07-20T09:47:34.931+0000][7][safepoint   ] Safepoint "Cleanup", Time since last: 3000794838 ns, Reaching safepoint: 154598 ns, At safepoint: 8494 ns, Total: 163092 ns
[2022-07-20T09:47:35.931+0000][7][safepoint   ] Safepoint "Cleanup", Time since last: 1000164886 ns, Reaching safepoint: 203253 ns, At safepoint: 9495 ns, Total: 212748 ns
[2022-07-20T09:47:37.932+0000][7][safepoint   ] Safepoint "Cleanup", Time since last: 2000374148 ns, Reaching safepoint: 129215 ns, At safepoint: 8867 ns, Total: 138082 ns
[2022-07-20T09:47:38.932+0000][7][safepoint   ] Safepoint "Cleanup", Time since last: 1000206105 ns, Reaching safepoint: 157857 ns, At safepoint: 13295 ns, Total: 171152 ns
[2022-07-20T09:47:40.933+0000][7][safepoint   ] Safepoint "Cleanup", Time since last: 2000446712 ns, Reaching safepoint: 261571 ns, At safepoint: 11757 ns, Total: 273328 ns
[2022-07-20T09:47:41.933+0000][7][safepoint   ] Safepoint "Cleanup", Time since last: 1000254937 ns, Reaching safepoint: 233916 ns, At safepoint: 14604 ns, Total: 248520 ns
[2022-07-20T09:47:43.934+0000][7][safepoint   ] Safepoint "Cleanup", Time since last: 2000562597 ns, Reaching safepoint: 176909 ns, At safepoint: 16590 ns, Total: 193499 ns
[2022-07-20T09:47:44.934+0000][7][safepoint   ] Safepoint "Cleanup", Time since last: 1000181218 ns, Reaching safepoint: 102229 ns, At safepoint: 6161 ns, Total: 108390 ns
[2022-07-20T09:47:46.935+0000][7][safepoint   ] Safepoint "Cleanup", Time since last: 2000433340 ns, Reaching safepoint: 148239 ns, At safepoint: 7759 ns, Total: 155998 ns
[2022-07-20T09:47:51.936+0000][7][safepoint   ] Safepoint "Cleanup", Time since last: 5000750859 ns, Reaching safepoint: 186844 ns, At safepoint: 15684 ns, Total: 202528 ns
[2022-07-20T09:47:52.936+0000][7][safepoint   ] Safepoint "Cleanup", Time since last: 1000496329 ns, Reaching safepoint: 193579 ns, At safepoint: 6458 ns, Total: 200037 ns
[2022-07-20T09:47:53.937+0000][7][safepoint   ] Safepoint "Cleanup", Time since last: 1000214691 ns, Reaching safepoint: 152261 ns, At safepoint: 6788 ns, Total: 159049 ns
[2022-07-20T09:47:54.937+0000][7][safepoint   ] Safepoint "Cleanup", Time since last: 1000198451 ns, Reaching safepoint: 135548 ns, At safepoint: 9604 ns, Total: 145152 ns
[2022-07-20T09:47:55.938+0000][7][safepoint   ] Safepoint "Cleanup", Time since last: 1000203899 ns, Reaching safepoint: 204318 ns, At safepoint: 9557 ns, Total: 213875 ns
[2022-07-20T09:47:56.938+0000][7][safepoint   ] Safepoint "Cleanup", Time since last: 1000321006 ns, Reaching safepoint: 117251 ns, At safepoint: 6656 ns, Total: 123907 ns
[2022-07-20T09:47:58.939+0000][7][safepoint   ] Safepoint "Cleanup", Time since last: 2000651153 ns, Reaching safepoint: 107709 ns, At safepoint: 7592 ns, Total: 115301 ns
[2022-07-20T09:48:01.446+0000][7][gc,start    ] GC(40) Pause Young (Concurrent Start) (G1 Evacuation Pause)
[2022-07-20T09:48:01.446+0000][7][gc,task     ] GC(40) Using 4 workers of 4 for evacuation
[2022-07-20T09:48:01.446+0000][7][gc,age      ] GC(40) Desired survivor size 6291456 bytes, new threshold 15 (max threshold 15)
[2022-07-20T09:48:01.453+0000][7][gc,age      ] GC(40) Age table with threshold 15 (max threshold 15)
[2022-07-20T09:48:01.453+0000][7][gc,age      ] GC(40) - age   1:    2160112 bytes,    2160112 total
[2022-07-20T09:48:01.453+0000][7][gc,age      ] GC(40) - age   2:      11776 bytes,    2171888 total
[2022-07-20T09:48:01.453+0000][7][gc,age      ] GC(40) - age   3:     177360 bytes,    2349248 total
[2022-07-20T09:48:01.453+0000][7][gc,age      ] GC(40) - age   4:     464464 bytes,    2813712 total
[2022-07-20T09:48:01.453+0000][7][gc,age      ] GC(40) - age   5:     753504 bytes,    3567216 total
[2022-07-20T09:48:01.453+0000][7][gc,phases   ] GC(40)   Pre Evacuate Collection Set: 0.2ms
[2022-07-20T09:48:01.453+0000][7][gc,phases   ] GC(40)   Merge Heap Roots: 0.0ms
[2022-07-20T09:48:01.453+0000][7][gc,phases   ] GC(40)   Evacuate Collection Set: 6.1ms
[2022-07-20T09:48:01.453+0000][7][gc,phases   ] GC(40)   Post Evacuate Collection Set: 0.5ms
[2022-07-20T09:48:01.453+0000][7][gc,phases   ] GC(40)   Other: 0.4ms
[2022-07-20T09:48:01.453+0000][7][gc,heap     ] GC(40) Eden regions: 23->0(23)
[2022-07-20T09:48:01.453+0000][7][gc,heap     ] GC(40) Survivor regions: 1->1(3)
[2022-07-20T09:48:01.453+0000][7][gc,heap     ] GC(40) Old regions: 23->23
[2022-07-20T09:48:01.453+0000][7][gc,heap     ] GC(40) Archive regions: 2->2
[2022-07-20T09:48:01.453+0000][7][gc,heap     ] GC(40) Humongous regions: 2->2
[2022-07-20T09:48:01.453+0000][7][gc,metaspace] GC(40) Metaspace: 103089K(107768K)->103089K(107768K) NonClass: 89433K(92844K)->89433K(92844K) Class: 13655K(14924K)->13655K(14924K)
[2022-07-20T09:48:01.453+0000][7][gc          ] GC(40) Pause Young (Concurrent Start) (G1 Evacuation Pause) 195M->104M(256M) 7.346ms
[2022-07-20T09:48:01.453+0000][7][gc,cpu      ] GC(40) User=0.02s Sys=0.00s Real=0.00s
[2022-07-20T09:48:01.454+0000][7][gc          ] GC(41) Concurrent Cycle
[2022-07-20T09:48:01.454+0000][7][safepoint   ] Safepoint "G1CollectForAllocation", Time since last: 2507058562 ns, Reaching safepoint: 171950 ns, At safepoint: 7490874 ns, Total: 7662824 ns
[2022-07-20T09:48:01.454+0000][7][gc,marking  ] GC(41) Concurrent Clear Claimed Marks
[2022-07-20T09:48:01.454+0000][7][gc,marking  ] GC(41) Concurrent Clear Claimed Marks 0.124ms
[2022-07-20T09:48:01.454+0000][7][gc,marking  ] GC(41) Concurrent Scan Root Regions
[2022-07-20T09:48:01.459+0000][7][gc,marking  ] GC(41) Concurrent Scan Root Regions 5.424ms
[2022-07-20T09:48:01.459+0000][7][gc,marking  ] GC(41) Concurrent Mark (229.111s)
[2022-07-20T09:48:01.459+0000][7][gc,marking  ] GC(41) Concurrent Mark From Roots
[2022-07-20T09:48:01.459+0000][7][gc,task     ] GC(41) Using 1 workers of 1 for marking
[2022-07-20T09:48:01.634+0000][7][gc,marking  ] GC(41) Concurrent Mark From Roots 174.859ms
[2022-07-20T09:48:01.634+0000][7][gc,marking  ] GC(41) Concurrent Preclean
[2022-07-20T09:48:01.635+0000][7][gc,marking  ] GC(41) Concurrent Preclean 0.840ms
[2022-07-20T09:48:01.635+0000][7][gc,marking  ] GC(41) Concurrent Mark (229.111s, 229.287s) 175.787ms
[2022-07-20T09:48:01.635+0000][7][gc,start    ] GC(41) Pause Remark
[2022-07-20T09:48:01.652+0000][7][gc          ] GC(41) Pause Remark 105M->105M(256M) 16.557ms
[2022-07-20T09:48:01.652+0000][7][gc,cpu      ] GC(41) User=0.05s Sys=0.00s Real=0.01s
[2022-07-20T09:48:01.652+0000][7][safepoint   ] Safepoint "G1Concurrent", Time since last: 181498915 ns, Reaching safepoint: 194930 ns, At safepoint: 16668860 ns, Total: 16863790 ns
[2022-07-20T09:48:01.654+0000][7][gc,marking  ] GC(41) Concurrent Rebuild Remembered Sets
[2022-07-20T09:48:01.750+0000][7][gc,marking  ] GC(41) Concurrent Rebuild Remembered Sets 96.433ms
[2022-07-20T09:48:01.750+0000][7][gc,start    ] GC(41) Pause Cleanup
[2022-07-20T09:48:01.750+0000][7][gc          ] GC(41) Pause Cleanup 106M->106M(256M) 0.086ms
[2022-07-20T09:48:01.751+0000][7][gc,cpu      ] GC(41) User=0.00s Sys=0.00s Real=0.00s
[2022-07-20T09:48:01.751+0000][7][safepoint   ] Safepoint "G1Concurrent", Time since last: 98373575 ns, Reaching safepoint: 127123 ns, At safepoint: 164854 ns, Total: 291977 ns
[2022-07-20T09:48:01.751+0000][7][gc,marking  ] GC(41) Concurrent Cleanup for Next Mark
[2022-07-20T09:48:01.751+0000][7][gc,marking  ] GC(41) Concurrent Cleanup for Next Mark 0.263ms
[2022-07-20T09:48:01.751+0000][7][gc          ] GC(41) Concurrent Cycle 297.419ms
[2022-07-20T09:48:02.368+0000][7][safepoint   ] Safepoint "ICBufferFull", Time since last: 616751700 ns, Reaching safepoint: 264964 ns, At safepoint: 12148 ns, Total: 277112 ns
[2022-07-20T09:48:03.368+0000][7][safepoint   ] Safepoint "Cleanup", Time since last: 1000147080 ns, Reaching safepoint: 160828 ns, At safepoint: 5996 ns, Total: 166824 ns
[2022-07-20T09:48:04.335+0000][7][safepoint   ] Safepoint "ICBufferFull", Time since last: 967195616 ns, Reaching safepoint: 248368 ns, At safepoint: 11060 ns, Total: 259428 ns
[2022-07-20T09:48:05.336+0000][7][safepoint   ] Safepoint "Cleanup", Time since last: 1000154338 ns, Reaching safepoint: 258657 ns, At safepoint: 11101 ns, Total: 269758 ns
[2022-07-20T09:48:07.336+0000][7][safepoint   ] Safepoint "Cleanup", Time since last: 2000244931 ns, Reaching safepoint: 153369 ns, At safepoint: 8828 ns, Total: 162197 ns
[2022-07-20T09:48:09.337+0000][7][safepoint   ] Safepoint "Cleanup", Time since last: 2000259649 ns, Reaching safepoint: 103253 ns, At safepoint: 7933 ns, Total: 111186 ns
[2022-07-20T09:48:12.337+0000][7][safepoint   ] Safepoint "Cleanup", Time since last: 3000316110 ns, Reaching safepoint: 102300 ns, At safepoint: 7660 ns, Total: 109960 ns
[2022-07-20T09:48:13.337+0000][7][safepoint   ] Safepoint "Cleanup", Time since last: 1000119367 ns, Reaching safepoint: 100364 ns, At safepoint: 7121 ns, Total: 107485 ns
[2022-07-20T09:48:14.057+0000][7][safepoint   ] Safepoint "ICBufferFull", Time since last: 719682955 ns, Reaching safepoint: 278540 ns, At safepoint: 9556 ns, Total: 288096 ns
[2022-07-20T09:48:15.057+0000][7][safepoint   ] Safepoint "Cleanup", Time since last: 1000148191 ns, Reaching safepoint: 102006 ns, At safepoint: 5205 ns, Total: 107211 ns
[2022-07-20T09:48:17.058+0000][7][safepoint   ] Safepoint "Cleanup", Time since last: 2000173715 ns, Reaching safepoint: 191568 ns, At safepoint: 6012 ns, Total: 197580 ns
[2022-07-20T09:48:18.058+0000][7][safepoint   ] Safepoint "Cleanup", Time since last: 1000137140 ns, Reaching safepoint: 164364 ns, At safepoint: 7791 ns, Total: 172155 ns
[2022-07-20T09:48:20.059+0000][7][safepoint   ] Safepoint "Cleanup", Time since last: 2000252218 ns, Reaching safepoint: 133015 ns, At safepoint: 5325 ns, Total: 138340 ns
[2022-07-20T09:48:22.059+0000][7][safepoint   ] Safepoint "Cleanup", Time since last: 2000185877 ns, Reaching safepoint: 202696 ns, At safepoint: 6341 ns, Total: 209037 ns
[2022-07-20T09:48:23.059+0000][7][safepoint   ] Safepoint "Cleanup", Time since last: 1000243979 ns, Reaching safepoint: 110584 ns, At safepoint: 8101 ns, Total: 118685 ns
[2022-07-20T09:48:26.060+0000][7][safepoint   ] Safepoint "Cleanup", Time since last: 3000362079 ns, Reaching safepoint: 171760 ns, At safepoint: 17632 ns, Total: 189392 ns
[2022-07-20T09:48:27.060+0000][7][safepoint   ] Safepoint "Cleanup", Time since last: 1000186891 ns, Reaching safepoint: 123804 ns, At safepoint: 5505 ns, Total: 129309 ns
[2022-07-20T09:48:29.061+0000][7][safepoint   ] Safepoint "Cleanup", Time since last: 2000543213 ns, Reaching safepoint: 186857 ns, At safepoint: 6769 ns, Total: 193626 ns
[2022-07-20T09:48:30.061+0000][7][safepoint   ] Safepoint "Cleanup", Time since last: 1000144659 ns, Reaching safepoint: 175003 ns, At safepoint: 9093 ns, Total: 184096 ns
[2022-07-20T09:48:31.339+0000][7][gc,start    ] GC(42) Pause Young (Normal) (G1 Evacuation Pause)
[2022-07-20T09:48:31.339+0000][7][gc,task     ] GC(42) Using 4 workers of 4 for evacuation
[2022-07-20T09:48:31.339+0000][7][gc,age      ] GC(42) Desired survivor size 6291456 bytes, new threshold 15 (max threshold 15)
[2022-07-20T09:48:31.345+0000][7][gc,age      ] GC(42) Age table with threshold 15 (max threshold 15)
[2022-07-20T09:48:31.345+0000][7][gc,age      ] GC(42) - age   1:    1135408 bytes,    1135408 total
[2022-07-20T09:48:31.345+0000][7][gc,age      ] GC(42) - age   2:     155736 bytes,    1291144 total
[2022-07-20T09:48:31.345+0000][7][gc,age      ] GC(42) - age   3:      11008 bytes,    1302152 total
[2022-07-20T09:48:31.345+0000][7][gc,age      ] GC(42) - age   4:     176480 bytes,    1478632 total
[2022-07-20T09:48:31.345+0000][7][gc,age      ] GC(42) - age   5:     440904 bytes,    1919536 total
[2022-07-20T09:48:31.345+0000][7][gc,age      ] GC(42) - age   6:     727064 bytes,    2646600 total
[2022-07-20T09:48:31.345+0000][7][gc,phases   ] GC(42)   Pre Evacuate Collection Set: 0.1ms
[2022-07-20T09:48:31.345+0000][7][gc,phases   ] GC(42)   Merge Heap Roots: 0.1ms
[2022-07-20T09:48:31.345+0000][7][gc,phases   ] GC(42)   Evacuate Collection Set: 5.1ms
[2022-07-20T09:48:31.345+0000][7][gc,phases   ] GC(42)   Post Evacuate Collection Set: 0.5ms
[2022-07-20T09:48:31.345+0000][7][gc,phases   ] GC(42)   Other: 0.3ms
[2022-07-20T09:48:31.345+0000][7][gc,heap     ] GC(42) Eden regions: 23->0(23)
[2022-07-20T09:48:31.345+0000][7][gc,heap     ] GC(42) Survivor regions: 1->1(3)
[2022-07-20T09:48:31.345+0000][7][gc,heap     ] GC(42) Old regions: 23->23
[2022-07-20T09:48:31.345+0000][7][gc,heap     ] GC(42) Archive regions: 2->2
[2022-07-20T09:48:31.345+0000][7][gc,heap     ] GC(42) Humongous regions: 2->2
[2022-07-20T09:48:31.345+0000][7][gc,metaspace] GC(42) Metaspace: 103308K(108024K)->103308K(108024K) NonClass: 89670K(93100K)->89670K(93100K) Class: 13638K(14924K)->13638K(14924K)
[2022-07-20T09:48:31.345+0000][7][gc          ] GC(42) Pause Young (Normal) (G1 Evacuation Pause) 196M->103M(256M) 6.184ms
[2022-07-20T09:48:31.345+0000][7][gc,cpu      ] GC(42) User=0.02s Sys=0.00s Real=0.01s
[2022-07-20T09:48:31.345+0000][7][safepoint   ] Safepoint "G1CollectForAllocation", Time since last: 1277438332 ns, Reaching safepoint: 94205 ns, At safepoint: 6294325 ns, Total: 6388530 ns
[2022-07-20T09:48:32.345+0000][7][safepoint   ] Safepoint "Cleanup", Time since last: 1000305586 ns, Reaching safepoint: 130662 ns, At safepoint: 7591 ns, Total: 138253 ns
[2022-07-20T09:48:33.346+0000][7][safepoint   ] Safepoint "Cleanup", Time since last: 1000180585 ns, Reaching safepoint: 104447 ns, At safepoint: 5762 ns, Total: 110209 ns
[2022-07-20T09:48:34.346+0000][7][safepoint   ] Safepoint "Cleanup", Time since last: 1000175036 ns, Reaching safepoint: 118118 ns, At safepoint: 6447 ns, Total: 124565 ns
[2022-07-20T09:48:36.347+0000][7][safepoint   ] Safepoint "Cleanup", Time since last: 2000344543 ns, Reaching safepoint: 106966 ns, At safepoint: 6188 ns, Total: 113154 ns
[2022-07-20T09:48:37.347+0000][7][safepoint   ] Safepoint "Cleanup", Time since last: 1000265594 ns, Reaching safepoint: 153349 ns, At safepoint: 12352 ns, Total: 165701 ns
[2022-07-20T09:48:39.347+0000][7][safepoint   ] Safepoint "Cleanup", Time since last: 2000389333 ns, Reaching safepoint: 131195 ns, At safepoint: 8052 ns, Total: 139247 ns
[2022-07-20T09:48:40.348+0000][7][safepoint   ] Safepoint "Cleanup", Time since last: 1000135328 ns, Reaching safepoint: 153808 ns, At safepoint: 6331 ns, Total: 160139 ns
[2022-07-20T09:48:41.348+0000][7][safepoint   ] Safepoint "Cleanup", Time since last: 1000195486 ns, Reaching safepoint: 159747 ns, At safepoint: 10340 ns, Total: 170087 ns
[2022-07-20T09:48:42.348+0000][7][safepoint   ] Safepoint "Cleanup", Time since last: 1000176263 ns, Reaching safepoint: 110627 ns, At safepoint: 7441 ns, Total: 118068 ns
[2022-07-20T09:48:43.349+0000][7][safepoint   ] Safepoint "Cleanup", Time since last: 1000168341 ns, Reaching safepoint: 193288 ns, At safepoint: 16604 ns, Total: 209892 ns
[2022-07-20T09:48:44.349+0000][7][safepoint   ] Safepoint "Cleanup", Time since last: 1000210034 ns, Reaching safepoint: 130789 ns, At safepoint: 6028 ns, Total: 136817 ns
[2022-07-20T09:48:46.350+0000][7][safepoint   ] Safepoint "Cleanup", Time since last: 2000307931 ns, Reaching safepoint: 106458 ns, At safepoint: 6912 ns, Total: 113370 ns
[2022-07-20T09:48:49.350+0000][7][safepoint   ] Safepoint "Cleanup", Time since last: 3000603036 ns, Reaching safepoint: 94949 ns, At safepoint: 6107 ns, Total: 101056 ns
[2022-07-20T09:48:51.351+0000][7][safepoint   ] Safepoint "Cleanup", Time since last: 2000239086 ns, Reaching safepoint: 105978 ns, At safepoint: 7853 ns, Total: 113831 ns
[2022-07-20T09:48:52.351+0000][7][safepoint   ] Safepoint "Cleanup", Time since last: 1000103576 ns, Reaching safepoint: 116167 ns, At safepoint: 7872 ns, Total: 124039 ns
[2022-07-20T09:48:53.351+0000][7][safepoint   ] Safepoint "Cleanup", Time since last: 1000264385 ns, Reaching safepoint: 132108 ns, At safepoint: 6419 ns, Total: 138527 ns
[2022-07-20T09:48:54.352+0000][7][safepoint   ] Safepoint "Cleanup", Time since last: 1000242480 ns, Reaching safepoint: 153190 ns, At safepoint: 8845 ns, Total: 162035 ns
[2022-07-20T09:48:55.352+0000][7][safepoint   ] Safepoint "Cleanup", Time since last: 1000135534 ns, Reaching safepoint: 117770 ns, At safepoint: 7390 ns, Total: 125160 ns
[2022-07-20T09:48:56.352+0000][7][safepoint   ] Safepoint "Cleanup", Time since last: 1000123370 ns, Reaching safepoint: 108007 ns, At safepoint: 6895 ns, Total: 114902 ns
[2022-07-20T09:48:57.352+0000][7][safepoint   ] Safepoint "Cleanup", Time since last: 1000107826 ns, Reaching safepoint: 106279 ns, At safepoint: 7080 ns, Total: 113359 ns
[2022-07-20T09:48:58.353+0000][7][safepoint   ] Safepoint "Cleanup", Time since last: 1000290662 ns, Reaching safepoint: 125328 ns, At safepoint: 5770 ns, Total: 131098 ns
[2022-07-20T09:48:59.353+0000][7][safepoint   ] Safepoint "Cleanup", Time since last: 1000248638 ns, Reaching safepoint: 203138 ns, At safepoint: 13916 ns, Total: 217054 ns
[2022-07-20T09:49:00.354+0000][7][safepoint   ] Safepoint "Cleanup", Time since last: 1000290583 ns, Reaching safepoint: 159399 ns, At safepoint: 8767 ns, Total: 168166 ns
[2022-07-20T09:49:01.354+0000][7][safepoint   ] Safepoint "Cleanup", Time since last: 1000248561 ns, Reaching safepoint: 209860 ns, At safepoint: 20225 ns, Total: 230085 ns
[2022-07-20T09:49:04.355+0000][7][safepoint   ] Safepoint "Cleanup", Time since last: 3000433254 ns, Reaching safepoint: 115075 ns, At safepoint: 6287 ns, Total: 121362 ns
[2022-07-20T09:49:05.443+0000][7][safepoint   ] Safepoint "Cleanup", Time since last: 1088286515 ns, Reaching safepoint: 251193 ns, At safepoint: 10874 ns, Total: 262067 ns
[2022-07-20T09:49:06.444+0000][7][safepoint   ] Safepoint "Cleanup", Time since last: 1000363951 ns, Reaching safepoint: 136252 ns, At safepoint: 7145 ns, Total: 143397 ns
[2022-07-20T09:49:07.444+0000][7][safepoint   ] Safepoint "Cleanup", Time since last: 1000245428 ns, Reaching safepoint: 151807 ns, At safepoint: 7343 ns, Total: 159150 ns
[2022-07-20T09:49:09.445+0000][7][safepoint   ] Safepoint "Cleanup", Time since last: 2000246738 ns, Reaching safepoint: 139752 ns, At safepoint: 7428 ns, Total: 147180 ns
[2022-07-20T09:49:11.445+0000][7][safepoint   ] Safepoint "Cleanup", Time since last: 2000356025 ns, Reaching safepoint: 107295 ns, At safepoint: 6197 ns, Total: 113492 ns
[2022-07-20T09:49:12.445+0000][7][safepoint   ] Safepoint "Cleanup", Time since last: 1000194070 ns, Reaching safepoint: 150340 ns, At safepoint: 11148 ns, Total: 161488 ns
[2022-07-20T09:49:16.446+0000][7][safepoint   ] Safepoint "Cleanup", Time since last: 4000436594 ns, Reaching safepoint: 121182 ns, At safepoint: 12086 ns, Total: 133268 ns
[2022-07-20T09:49:17.134+0000][7][gc,start    ] GC(43) Pause Young (Concurrent Start) (G1 Evacuation Pause)
[2022-07-20T09:49:17.134+0000][7][gc,task     ] GC(43) Using 4 workers of 4 for evacuation
[2022-07-20T09:49:17.134+0000][7][gc,age      ] GC(43) Desired survivor size 6291456 bytes, new threshold 15 (max threshold 15)
[2022-07-20T09:49:17.144+0000][7][gc,age      ] GC(43) Age table with threshold 15 (max threshold 15)
[2022-07-20T09:49:17.144+0000][7][gc,age      ] GC(43) - age   1:    1295296 bytes,    1295296 total
[2022-07-20T09:49:17.144+0000][7][gc,age      ] GC(43) - age   2:     242112 bytes,    1537408 total
[2022-07-20T09:49:17.144+0000][7][gc,age      ] GC(43) - age   3:     152568 bytes,    1689976 total
[2022-07-20T09:49:17.144+0000][7][gc,age      ] GC(43) - age   4:      10376 bytes,    1700352 total
[2022-07-20T09:49:17.144+0000][7][gc,age      ] GC(43) - age   5:     176480 bytes,    1876832 total
[2022-07-20T09:49:17.144+0000][7][gc,age      ] GC(43) - age   6:     440840 bytes,    2317672 total
[2022-07-20T09:49:17.144+0000][7][gc,age      ] GC(43) - age   7:     727064 bytes,    3044736 total
[2022-07-20T09:49:17.145+0000][7][gc,phases   ] GC(43)   Pre Evacuate Collection Set: 0.2ms
[2022-07-20T09:49:17.145+0000][7][gc,phases   ] GC(43)   Merge Heap Roots: 0.1ms
[2022-07-20T09:49:17.145+0000][7][gc,phases   ] GC(43)   Evacuate Collection Set: 9.1ms
[2022-07-20T09:49:17.145+0000][7][gc,phases   ] GC(43)   Post Evacuate Collection Set: 0.5ms
[2022-07-20T09:49:17.145+0000][7][gc,phases   ] GC(43)   Other: 0.3ms
[2022-07-20T09:49:17.145+0000][7][gc,heap     ] GC(43) Eden regions: 23->0(24)
[2022-07-20T09:49:17.145+0000][7][gc,heap     ] GC(43) Survivor regions: 1->1(3)
[2022-07-20T09:49:17.145+0000][7][gc,heap     ] GC(43) Old regions: 23->23
[2022-07-20T09:49:17.145+0000][7][gc,heap     ] GC(43) Archive regions: 2->2
[2022-07-20T09:49:17.145+0000][7][gc,heap     ] GC(43) Humongous regions: 2->2
[2022-07-20T09:49:17.145+0000][7][gc,metaspace] GC(43) Metaspace: 103742K(108536K)->103742K(108536K) NonClass: 90102K(93612K)->90102K(93612K) Class: 13640K(14924K)->13640K(14924K)
[2022-07-20T09:49:17.145+0000][7][gc          ] GC(43) Pause Young (Concurrent Start) (G1 Evacuation Pause) 195M->103M(256M) 10.361ms
[2022-07-20T09:49:17.145+0000][7][gc,cpu      ] GC(43) User=0.02s Sys=0.00s Real=0.02s
[2022-07-20T09:49:17.145+0000][7][gc          ] GC(44) Concurrent Cycle
[2022-07-20T09:49:17.145+0000][7][safepoint   ] Safepoint "G1CollectForAllocation", Time since last: 688048885 ns, Reaching safepoint: 228271 ns, At safepoint: 10467102 ns, Total: 10695373 ns
[2022-07-20T09:49:17.145+0000][7][gc,marking  ] GC(44) Concurrent Clear Claimed Marks
[2022-07-20T09:49:17.145+0000][7][gc,marking  ] GC(44) Concurrent Clear Claimed Marks 0.124ms
[2022-07-20T09:49:17.145+0000][7][gc,marking  ] GC(44) Concurrent Scan Root Regions
[2022-07-20T09:49:17.149+0000][7][gc,marking  ] GC(44) Concurrent Scan Root Regions 3.674ms
[2022-07-20T09:49:17.149+0000][7][gc,marking  ] GC(44) Concurrent Mark (304.801s)
[2022-07-20T09:49:17.149+0000][7][gc,marking  ] GC(44) Concurrent Mark From Roots
[2022-07-20T09:49:17.149+0000][7][gc,task     ] GC(44) Using 1 workers of 1 for marking
[2022-07-20T09:49:17.313+0000][7][gc,marking  ] GC(44) Concurrent Mark From Roots 164.406ms
[2022-07-20T09:49:17.313+0000][7][gc,marking  ] GC(44) Concurrent Preclean
[2022-07-20T09:49:17.313+0000][7][gc,marking  ] GC(44) Concurrent Preclean 0.195ms
[2022-07-20T09:49:17.313+0000][7][gc,marking  ] GC(44) Concurrent Mark (304.801s, 304.965s) 164.705ms
[2022-07-20T09:49:17.314+0000][7][gc,start    ] GC(44) Pause Remark
[2022-07-20T09:49:17.322+0000][7][gc          ] GC(44) Pause Remark 108M->108M(256M) 8.290ms
[2022-07-20T09:49:17.322+0000][7][gc,cpu      ] GC(44) User=0.03s Sys=0.00s Real=0.01s
[2022-07-20T09:49:17.322+0000][7][safepoint   ] Safepoint "G1Concurrent", Time since last: 168642722 ns, Reaching safepoint: 158753 ns, At safepoint: 8406696 ns, Total: 8565449 ns
[2022-07-20T09:49:17.322+0000][7][gc,marking  ] GC(44) Concurrent Rebuild Remembered Sets
[2022-07-20T09:49:17.425+0000][7][gc,marking  ] GC(44) Concurrent Rebuild Remembered Sets 102.753ms
[2022-07-20T09:49:17.425+0000][7][gc,start    ] GC(44) Pause Cleanup
[2022-07-20T09:49:17.425+0000][7][gc          ] GC(44) Pause Cleanup 109M->109M(256M) 0.079ms
[2022-07-20T09:49:17.425+0000][7][gc,cpu      ] GC(44) User=0.00s Sys=0.00s Real=0.00s
[2022-07-20T09:49:17.425+0000][7][safepoint   ] Safepoint "G1Concurrent", Time since last: 102900194 ns, Reaching safepoint: 100913 ns, At safepoint: 157375 ns, Total: 258288 ns
[2022-07-20T09:49:17.425+0000][7][gc,marking  ] GC(44) Concurrent Cleanup for Next Mark
[2022-07-20T09:49:17.425+0000][7][gc,marking  ] GC(44) Concurrent Cleanup for Next Mark 0.239ms
[2022-07-20T09:49:17.425+0000][7][gc          ] GC(44) Concurrent Cycle 280.679ms
[2022-07-20T09:49:18.425+0000][7][safepoint   ] Safepoint "Cleanup", Time since last: 1000084654 ns, Reaching safepoint: 118747 ns, At safepoint: 5957 ns, Total: 124704 ns
[2022-07-20T09:49:19.426+0000][7][safepoint   ] Safepoint "Cleanup", Time since last: 1000126352 ns, Reaching safepoint: 168993 ns, At safepoint: 12017 ns, Total: 181010 ns
[2022-07-20T09:49:21.426+0000][7][safepoint   ] Safepoint "Cleanup", Time since last: 2000301016 ns, Reaching safepoint: 204386 ns, At safepoint: 6014 ns, Total: 210400 ns
[2022-07-20T09:49:22.426+0000][7][safepoint   ] Safepoint "Cleanup", Time since last: 1000126513 ns, Reaching safepoint: 153812 ns, At safepoint: 5087 ns, Total: 158899 ns
[2022-07-20T09:49:23.427+0000][7][safepoint   ] Safepoint "Cleanup", Time since last: 1000247921 ns, Reaching safepoint: 268823 ns, At safepoint: 10937 ns, Total: 279760 ns
[2022-07-20T09:49:24.877+0000][7][safepoint   ] Safepoint "ICBufferFull", Time since last: 1449430943 ns, Reaching safepoint: 453076 ns, At safepoint: 13242 ns, Total: 466318 ns
[2022-07-20T09:49:25.878+0000][7][safepoint   ] Safepoint "Cleanup", Time since last: 1000632083 ns, Reaching safepoint: 228444 ns, At safepoint: 9941 ns, Total: 238385 ns
[2022-07-20T09:49:26.878+0000][7][safepoint   ] Safepoint "Cleanup", Time since last: 1000129053 ns, Reaching safepoint: 162061 ns, At safepoint: 7663 ns, Total: 169724 ns
[2022-07-20T09:49:28.879+0000][7][safepoint   ] Safepoint "Cleanup", Time since last: 2000615331 ns, Reaching safepoint: 144798 ns, At safepoint: 8007 ns, Total: 152805 ns
[2022-07-20T09:49:29.879+0000][7][safepoint   ] Safepoint "Cleanup", Time since last: 1000278422 ns, Reaching safepoint: 102774 ns, At safepoint: 6358 ns, Total: 109132 ns
[2022-07-20T09:49:31.880+0000][7][safepoint   ] Safepoint "Cleanup", Time since last: 2000273045 ns, Reaching safepoint: 121866 ns, At safepoint: 7609 ns, Total: 129475 ns
[2022-07-20T09:49:37.880+0000][7][safepoint   ] Safepoint "Cleanup", Time since last: 6000601275 ns, Reaching safepoint: 117160 ns, At safepoint: 6299 ns, Total: 123459 ns
[2022-07-20T09:49:38.881+0000][7][safepoint   ] Safepoint "Cleanup", Time since last: 1000122754 ns, Reaching safepoint: 108957 ns, At safepoint: 6464 ns, Total: 115421 ns
[2022-07-20T09:49:39.881+0000][7][safepoint   ] Safepoint "Cleanup", Time since last: 1000140121 ns, Reaching safepoint: 189747 ns, At safepoint: 7094 ns, Total: 196841 ns
[2022-07-20T09:49:40.881+0000][7][safepoint   ] Safepoint "Cleanup", Time since last: 1000312875 ns, Reaching safepoint: 231855 ns, At safepoint: 7579 ns, Total: 239434 ns
[2022-07-20T09:49:41.882+0000][7][safepoint   ] Safepoint "Cleanup", Time since last: 1000249587 ns, Reaching safepoint: 106977 ns, At safepoint: 8253 ns, Total: 115230 ns
[2022-07-20T09:49:42.882+0000][7][safepoint   ] Safepoint "Cleanup", Time since last: 1000158728 ns, Reaching safepoint: 113160 ns, At safepoint: 6932 ns, Total: 120092 ns
[2022-07-20T09:49:43.883+0000][7][safepoint   ] Safepoint "Cleanup", Time since last: 1000255598 ns, Reaching safepoint: 158357 ns, At safepoint: 8310 ns, Total: 166667 ns
[2022-07-20T09:49:48.883+0000][7][safepoint   ] Safepoint "Cleanup", Time since last: 5000797512 ns, Reaching safepoint: 139392 ns, At safepoint: 8596 ns, Total: 147988 ns
[2022-07-20T09:49:49.884+0000][7][safepoint   ] Safepoint "Cleanup", Time since last: 1000162657 ns, Reaching safepoint: 119215 ns, At safepoint: 7331 ns, Total: 126546 ns
[2022-07-20T09:49:50.884+0000][7][safepoint   ] Safepoint "Cleanup", Time since last: 1000157168 ns, Reaching safepoint: 108158 ns, At safepoint: 4637 ns, Total: 112795 ns
[2022-07-20T09:49:51.884+0000][7][safepoint   ] Safepoint "Cleanup", Time since last: 1000140061 ns, Reaching safepoint: 101775 ns, At safepoint: 7197 ns, Total: 108972 ns
[2022-07-20T09:49:52.885+0000][7][safepoint   ] Safepoint "Cleanup", Time since last: 1000209771 ns, Reaching safepoint: 116141 ns, At safepoint: 7860 ns, Total: 124001 ns
[2022-07-20T09:49:53.218+0000][7][gc,start    ] GC(45) Pause Young (Normal) (G1 Evacuation Pause)
[2022-07-20T09:49:53.218+0000][7][gc,task     ] GC(45) Using 4 workers of 4 for evacuation
[2022-07-20T09:49:53.218+0000][7][gc,age      ] GC(45) Desired survivor size 8388608 bytes, new threshold 15 (max threshold 15)
[2022-07-20T09:49:53.227+0000][7][gc,age      ] GC(45) Age table with threshold 15 (max threshold 15)
[2022-07-20T09:49:53.227+0000][7][gc,age      ] GC(45) - age   1:    2830600 bytes,    2830600 total
[2022-07-20T09:49:53.227+0000][7][gc,age      ] GC(45) - age   2:     489408 bytes,    3320008 total
[2022-07-20T09:49:53.227+0000][7][gc,age      ] GC(45) - age   3:     127792 bytes,    3447800 total
[2022-07-20T09:49:53.227+0000][7][gc,age      ] GC(45) - age   4:     151216 bytes,    3599016 total
[2022-07-20T09:49:53.227+0000][7][gc,age      ] GC(45) - age   5:      10352 bytes,    3609368 total
[2022-07-20T09:49:53.227+0000][7][gc,age      ] GC(45) - age   6:     176168 bytes,    3785536 total
[2022-07-20T09:49:53.227+0000][7][gc,age      ] GC(45) - age   7:     439096 bytes,    4224632 total
[2022-07-20T09:49:53.227+0000][7][gc,age      ] GC(45) - age   8:     720816 bytes,    4945448 total
[2022-07-20T09:49:53.228+0000][7][gc,phases   ] GC(45)   Pre Evacuate Collection Set: 0.1ms
[2022-07-20T09:49:53.228+0000][7][gc,phases   ] GC(45)   Merge Heap Roots: 0.1ms
[2022-07-20T09:49:53.228+0000][7][gc,phases   ] GC(45)   Evacuate Collection Set: 8.7ms
[2022-07-20T09:49:53.228+0000][7][gc,phases   ] GC(45)   Post Evacuate Collection Set: 0.7ms
[2022-07-20T09:49:53.228+0000][7][gc,phases   ] GC(45)   Other: 0.3ms
[2022-07-20T09:49:53.228+0000][7][gc,heap     ] GC(45) Eden regions: 24->0(23)
[2022-07-20T09:49:53.228+0000][7][gc,heap     ] GC(45) Survivor regions: 1->2(4)
[2022-07-20T09:49:53.228+0000][7][gc,heap     ] GC(45) Old regions: 23->23
[2022-07-20T09:49:53.228+0000][7][gc,heap     ] GC(45) Archive regions: 2->2
[2022-07-20T09:49:53.228+0000][7][gc,heap     ] GC(45) Humongous regions: 2->2
[2022-07-20T09:49:53.228+0000][7][gc,metaspace] GC(45) Metaspace: 104563K(109176K)->104563K(109176K) NonClass: 90836K(94124K)->90836K(94124K) Class: 13727K(15052K)->13727K(15052K)
[2022-07-20T09:49:53.228+0000][7][gc          ] GC(45) Pause Young (Normal) (G1 Evacuation Pause) 199M->105M(256M) 9.878ms
[2022-07-20T09:49:53.228+0000][7][gc,cpu      ] GC(45) User=0.03s Sys=0.00s Real=0.01s
[2022-07-20T09:49:53.228+0000][7][safepoint   ] Safepoint "G1CollectForAllocation", Time since last: 332994263 ns, Reaching safepoint: 114161 ns, At safepoint: 9972737 ns, Total: 10086898 ns
[2022-07-20T09:49:54.228+0000][7][safepoint   ] Safepoint "Cleanup", Time since last: 1000181951 ns, Reaching safepoint: 152204 ns, At safepoint: 6505 ns, Total: 158709 ns
[2022-07-20T09:49:55.228+0000][7][safepoint   ] Safepoint "Cleanup", Time since last: 1000239522 ns, Reaching safepoint: 155327 ns, At safepoint: 7110 ns, Total: 162437 ns
[2022-07-20T09:49:57.229+0000][7][safepoint   ] Safepoint "Cleanup", Time since last: 2000430500 ns, Reaching safepoint: 160370 ns, At safepoint: 10103 ns, Total: 170473 ns
[2022-07-20T09:49:58.229+0000][7][safepoint   ] Safepoint "Cleanup", Time since last: 1000311533 ns, Reaching safepoint: 102655 ns, At safepoint: 6745 ns, Total: 109400 ns
[2022-07-20T09:49:59.230+0000][7][safepoint   ] Safepoint "Cleanup", Time since last: 1000266455 ns, Reaching safepoint: 110911 ns, At safepoint: 6847 ns, Total: 117758 ns
[2022-07-20T09:50:00.230+0000][7][safepoint   ] Safepoint "Cleanup", Time since last: 1000116910 ns, Reaching safepoint: 124739 ns, At safepoint: 8072 ns, Total: 132811 ns
[2022-07-20T09:50:01.230+0000][7][safepoint   ] Safepoint "Cleanup", Time since last: 1000140225 ns, Reaching safepoint: 165372 ns, At safepoint: 6663 ns, Total: 172035 ns
[2022-07-20T09:50:01.521+0000][7][safepoint   ] Safepoint "ICBufferFull", Time since last: 289531992 ns, Reaching safepoint: 673434 ns, At safepoint: 31007 ns, Total: 704441 ns
[2022-07-20T09:50:02.532+0000][7][safepoint   ] Safepoint "Cleanup", Time since last: 1011031764 ns, Reaching safepoint: 260913 ns, At safepoint: 5809 ns, Total: 266722 ns
[2022-07-20T09:50:03.532+0000][7][safepoint   ] Safepoint "Cleanup", Time since last: 1000367456 ns, Reaching safepoint: 154289 ns, At safepoint: 7021 ns, Total: 161310 ns
[2022-07-20T09:50:04.533+0000][7][safepoint   ] Safepoint "Cleanup", Time since last: 1000131086 ns, Reaching safepoint: 213788 ns, At safepoint: 9306 ns, Total: 223094 ns
[2022-07-20T09:50:05.226+0000][7][gc,start    ] GC(46) Pause Young (Concurrent Start) (G1 Evacuation Pause)
[2022-07-20T09:50:05.226+0000][7][gc,task     ] GC(46) Using 4 workers of 4 for evacuation
[2022-07-20T09:50:05.226+0000][7][gc,age      ] GC(46) Desired survivor size 8388608 bytes, new threshold 15 (max threshold 15)
[2022-07-20T09:50:05.235+0000][7][gc,age      ] GC(46) Age table with threshold 15 (max threshold 15)
[2022-07-20T09:50:05.235+0000][7][gc,age      ] GC(46) - age   1:    2296616 bytes,    2296616 total
[2022-07-20T09:50:05.235+0000][7][gc,age      ] GC(46) - age   2:     339520 bytes,    2636136 total
[2022-07-20T09:50:05.235+0000][7][gc,age      ] GC(46) - age   3:      30016 bytes,    2666152 total
[2022-07-20T09:50:05.235+0000][7][gc,age      ] GC(46) - age   4:      12744 bytes,    2678896 total
[2022-07-20T09:50:05.235+0000][7][gc,age      ] GC(46) - age   5:      36072 bytes,    2714968 total
[2022-07-20T09:50:05.235+0000][7][gc,age      ] GC(46) - age   6:      10352 bytes,    2725320 total
[2022-07-20T09:50:05.235+0000][7][gc,age      ] GC(46) - age   7:     176168 bytes,    2901488 total
[2022-07-20T09:50:05.235+0000][7][gc,age      ] GC(46) - age   8:     422320 bytes,    3323808 total
[2022-07-20T09:50:05.235+0000][7][gc,age      ] GC(46) - age   9:     716048 bytes,    4039856 total
[2022-07-20T09:50:05.235+0000][7][gc,phases   ] GC(46)   Pre Evacuate Collection Set: 0.2ms
[2022-07-20T09:50:05.235+0000][7][gc,phases   ] GC(46)   Merge Heap Roots: 0.1ms
[2022-07-20T09:50:05.235+0000][7][gc,phases   ] GC(46)   Evacuate Collection Set: 7.9ms
[2022-07-20T09:50:05.235+0000][7][gc,phases   ] GC(46)   Post Evacuate Collection Set: 0.8ms
[2022-07-20T09:50:05.235+0000][7][gc,phases   ] GC(46)   Other: 0.3ms
[2022-07-20T09:50:05.235+0000][7][gc,heap     ] GC(46) Eden regions: 23->0(24)
[2022-07-20T09:50:05.235+0000][7][gc,heap     ] GC(46) Survivor regions: 2->1(4)
[2022-07-20T09:50:05.235+0000][7][gc,heap     ] GC(46) Old regions: 23->23
[2022-07-20T09:50:05.235+0000][7][gc,heap     ] GC(46) Archive regions: 2->2
[2022-07-20T09:50:05.235+0000][7][gc,heap     ] GC(46) Humongous regions: 2->2
[2022-07-20T09:50:05.235+0000][7][gc,metaspace] GC(46) Metaspace: 106108K(110968K)->106108K(110968K) NonClass: 92155K(95660K)->92155K(95660K) Class: 13953K(15308K)->13953K(15308K)
[2022-07-20T09:50:05.235+0000][7][gc          ] GC(46) Pause Young (Concurrent Start) (G1 Evacuation Pause) 197M->104M(256M) 9.341ms
[2022-07-20T09:50:05.235+0000][7][gc,cpu      ] GC(46) User=0.01s Sys=0.00s Real=0.01s
[2022-07-20T09:50:05.235+0000][7][gc          ] GC(47) Concurrent Cycle
[2022-07-20T09:50:05.235+0000][7][safepoint   ] Safepoint "G1CollectForAllocation", Time since last: 692619896 ns, Reaching safepoint: 152612 ns, At safepoint: 9440397 ns, Total: 9593009 ns
[2022-07-20T09:50:05.235+0000][7][gc,marking  ] GC(47) Concurrent Clear Claimed Marks
[2022-07-20T09:50:05.235+0000][7][gc,marking  ] GC(47) Concurrent Clear Claimed Marks 0.131ms
[2022-07-20T09:50:05.235+0000][7][gc,marking  ] GC(47) Concurrent Scan Root Regions
[2022-07-20T09:50:05.241+0000][7][gc,marking  ] GC(47) Concurrent Scan Root Regions 6.160ms
[2022-07-20T09:50:05.241+0000][7][gc,marking  ] GC(47) Concurrent Mark (352.893s)
[2022-07-20T09:50:05.241+0000][7][gc,marking  ] GC(47) Concurrent Mark From Roots
[2022-07-20T09:50:05.241+0000][7][gc,task     ] GC(47) Using 1 workers of 1 for marking
[2022-07-20T09:50:05.451+0000][7][gc,marking  ] GC(47) Concurrent Mark From Roots 209.449ms
[2022-07-20T09:50:05.451+0000][7][gc,marking  ] GC(47) Concurrent Preclean
[2022-07-20T09:50:05.451+0000][7][gc,marking  ] GC(47) Concurrent Preclean 0.198ms
[2022-07-20T09:50:05.451+0000][7][gc,marking  ] GC(47) Concurrent Mark (352.893s, 353.103s) 209.739ms
[2022-07-20T09:50:05.451+0000][7][gc,start    ] GC(47) Pause Remark
[2022-07-20T09:50:05.463+0000][7][gc          ] GC(47) Pause Remark 107M->107M(256M) 11.522ms
[2022-07-20T09:50:05.463+0000][7][gc,cpu      ] GC(47) User=0.03s Sys=0.00s Real=0.02s
[2022-07-20T09:50:05.463+0000][7][safepoint   ] Safepoint "G1Concurrent", Time since last: 216140825 ns, Reaching safepoint: 114818 ns, At safepoint: 11637212 ns, Total: 11752030 ns
[2022-07-20T09:50:05.463+0000][7][gc,marking  ] GC(47) Concurrent Rebuild Remembered Sets
[2022-07-20T09:50:05.595+0000][7][gc,marking  ] GC(47) Concurrent Rebuild Remembered Sets 132.511ms
[2022-07-20T09:50:05.596+0000][7][gc,start    ] GC(47) Pause Cleanup
[2022-07-20T09:50:05.596+0000][7][gc          ] GC(47) Pause Cleanup 107M->107M(256M) 0.102ms
[2022-07-20T09:50:05.596+0000][7][gc,cpu      ] GC(47) User=0.00s Sys=0.00s Real=0.00s
[2022-07-20T09:50:05.596+0000][7][safepoint   ] Safepoint "G1Concurrent", Time since last: 132649741 ns, Reaching safepoint: 261118 ns, At safepoint: 183337 ns, Total: 444455 ns
[2022-07-20T09:50:05.596+0000][7][gc,marking  ] GC(47) Concurrent Cleanup for Next Mark
[2022-07-20T09:50:05.596+0000][7][gc,marking  ] GC(47) Concurrent Cleanup for Next Mark 0.299ms
[2022-07-20T09:50:05.596+0000][7][gc          ] GC(47) Concurrent Cycle 361.392ms
[2022-07-20T09:50:06.596+0000][7][safepoint   ] Safepoint "Cleanup", Time since last: 1000087645 ns, Reaching safepoint: 111346 ns, At safepoint: 9300 ns, Total: 120646 ns
[2022-07-20T09:50:07.597+0000][7][safepoint   ] Safepoint "Cleanup", Time since last: 1000294937 ns, Reaching safepoint: 160945 ns, At safepoint: 9459 ns, Total: 170404 ns
[2022-07-20T09:50:08.597+0000][7][safepoint   ] Safepoint "Cleanup", Time since last: 1000220684 ns, Reaching safepoint: 134880 ns, At safepoint: 7504 ns, Total: 142384 ns
[2022-07-20T09:50:10.598+0000][7][safepoint   ] Safepoint "Cleanup", Time since last: 2000428778 ns, Reaching safepoint: 157823 ns, At safepoint: 9031 ns, Total: 166854 ns
[2022-07-20T09:50:11.598+0000][7][safepoint   ] Safepoint "Cleanup", Time since last: 1000177662 ns, Reaching safepoint: 199008 ns, At safepoint: 6275 ns, Total: 205283 ns
[2022-07-20T09:50:12.598+0000][7][safepoint   ] Safepoint "Cleanup", Time since last: 1000135518 ns, Reaching safepoint: 133080 ns, At safepoint: 5149 ns, Total: 138229 ns
[2022-07-20T09:50:13.599+0000][7][safepoint   ] Safepoint "Cleanup", Time since last: 1000123356 ns, Reaching safepoint: 108242 ns, At safepoint: 6218 ns, Total: 114460 ns
[2022-07-20T09:50:14.599+0000][7][safepoint   ] Safepoint "Cleanup", Time since last: 1000141543 ns, Reaching safepoint: 229665 ns, At safepoint: 9246 ns, Total: 238911 ns
[2022-07-20T09:50:16.599+0000][7][safepoint   ] Safepoint "Cleanup", Time since last: 2000246806 ns, Reaching safepoint: 152186 ns, At safepoint: 9775 ns, Total: 161961 ns
[2022-07-20T09:50:17.600+0000][7][safepoint   ] Safepoint "Cleanup", Time since last: 1000377148 ns, Reaching safepoint: 155504 ns, At safepoint: 8049 ns, Total: 163553 ns
[2022-07-20T09:50:19.600+0000][7][safepoint   ] Safepoint "Cleanup", Time since last: 2000393946 ns, Reaching safepoint: 163095 ns, At safepoint: 11622 ns, Total: 174717 ns
[2022-07-20T09:50:20.601+0000][7][safepoint   ] Safepoint "Cleanup", Time since last: 1000171783 ns, Reaching safepoint: 140894 ns, At safepoint: 6685 ns, Total: 147579 ns
[2022-07-20T09:50:21.601+0000][7][safepoint   ] Safepoint "Cleanup", Time since last: 1000172209 ns, Reaching safepoint: 140781 ns, At safepoint: 6897 ns, Total: 147678 ns
[2022-07-20T09:50:22.602+0000][7][safepoint   ] Safepoint "Cleanup", Time since last: 1000305709 ns, Reaching safepoint: 198525 ns, At safepoint: 8162 ns, Total: 206687 ns
[2022-07-20T09:50:25.602+0000][7][safepoint   ] Safepoint "Cleanup", Time since last: 3000457253 ns, Reaching safepoint: 125088 ns, At safepoint: 7145 ns, Total: 132233 ns
[2022-07-20T09:50:26.603+0000][7][safepoint   ] Safepoint "Cleanup", Time since last: 1000316091 ns, Reaching safepoint: 151651 ns, At safepoint: 10507 ns, Total: 162158 ns
[2022-07-20T09:50:28.603+0000][7][safepoint   ] Safepoint "Cleanup", Time since last: 2000480227 ns, Reaching safepoint: 165907 ns, At safepoint: 7694 ns, Total: 173601 ns
[2022-07-20T09:50:29.604+0000][7][safepoint   ] Safepoint "Cleanup", Time since last: 1000430886 ns, Reaching safepoint: 176399 ns, At safepoint: 10221 ns, Total: 186620 ns
[2022-07-20T09:50:31.605+0000][7][safepoint   ] Safepoint "Cleanup", Time since last: 2000459929 ns, Reaching safepoint: 187801 ns, At safepoint: 5911 ns, Total: 193712 ns
[2022-07-20T09:50:32.605+0000][7][safepoint   ] Safepoint "Cleanup", Time since last: 1000316054 ns, Reaching safepoint: 150930 ns, At safepoint: 8270 ns, Total: 159200 ns
[2022-07-20T09:50:34.606+0000][7][safepoint   ] Safepoint "Cleanup", Time since last: 2000402458 ns, Reaching safepoint: 106862 ns, At safepoint: 5392 ns, Total: 112254 ns
[2022-07-20T09:50:35.606+0000][7][safepoint   ] Safepoint "Cleanup", Time since last: 1000146483 ns, Reaching safepoint: 168561 ns, At safepoint: 9524 ns, Total: 178085 ns
[2022-07-20T09:50:37.607+0000][7][safepoint   ] Safepoint "Cleanup", Time since last: 2000502347 ns, Reaching safepoint: 105349 ns, At safepoint: 6389 ns, Total: 111738 ns
[2022-07-20T09:50:40.391+0000][7][gc,start    ] GC(48) Pause Young (Normal) (G1 Evacuation Pause)
[2022-07-20T09:50:40.392+0000][7][gc,task     ] GC(48) Using 4 workers of 4 for evacuation
[2022-07-20T09:50:40.392+0000][7][gc,age      ] GC(48) Desired survivor size 8388608 bytes, new threshold 15 (max threshold 15)
[2022-07-20T09:50:40.399+0000][7][gc,age      ] GC(48) Age table with threshold 15 (max threshold 15)
[2022-07-20T09:50:40.399+0000][7][gc,age      ] GC(48) - age   1:     810392 bytes,     810392 total
[2022-07-20T09:50:40.399+0000][7][gc,age      ] GC(48) - age   2:    1733320 bytes,    2543712 total
[2022-07-20T09:50:40.399+0000][7][gc,age      ] GC(48) - age   3:     323464 bytes,    2867176 total
[2022-07-20T09:50:40.399+0000][7][gc,age      ] GC(48) - age   4:      29312 bytes,    2896488 total
[2022-07-20T09:50:40.399+0000][7][gc,age      ] GC(48) - age   5:      10888 bytes,    2907376 total
[2022-07-20T09:50:40.400+0000][7][gc,age      ] GC(48) - age   6:      19032 bytes,    2926408 total
[2022-07-20T09:50:40.400+0000][7][gc,age      ] GC(48) - age   7:      10352 bytes,    2936760 total
[2022-07-20T09:50:40.400+0000][7][gc,age      ] GC(48) - age   8:      26720 bytes,    2963480 total
[2022-07-20T09:50:40.400+0000][7][gc,age      ] GC(48) - age   9:     422184 bytes,    3385664 total
[2022-07-20T09:50:40.400+0000][7][gc,age      ] GC(48) - age  10:     715984 bytes,    4101648 total
[2022-07-20T09:50:40.400+0000][7][gc,phases   ] GC(48)   Pre Evacuate Collection Set: 0.0ms
[2022-07-20T09:50:40.400+0000][7][gc,phases   ] GC(48)   Merge Heap Roots: 0.1ms
[2022-07-20T09:50:40.400+0000][7][gc,phases   ] GC(48)   Evacuate Collection Set: 7.2ms
[2022-07-20T09:50:40.400+0000][7][gc,phases   ] GC(48)   Post Evacuate Collection Set: 0.6ms
[2022-07-20T09:50:40.400+0000][7][gc,phases   ] GC(48)   Other: 0.2ms
[2022-07-20T09:50:40.400+0000][7][gc,heap     ] GC(48) Eden regions: 24->0(23)
[2022-07-20T09:50:40.400+0000][7][gc,heap     ] GC(48) Survivor regions: 1->2(4)
[2022-07-20T09:50:40.400+0000][7][gc,heap     ] GC(48) Old regions: 23->23
[2022-07-20T09:50:40.400+0000][7][gc,heap     ] GC(48) Archive regions: 2->2
[2022-07-20T09:50:40.400+0000][7][gc,heap     ] GC(48) Humongous regions: 2->2
[2022-07-20T09:50:40.400+0000][7][gc,metaspace] GC(48) Metaspace: 106322K(111224K)->106322K(111224K) NonClass: 92368K(95916K)->92368K(95916K) Class: 13954K(15308K)->13954K(15308K)
[2022-07-20T09:50:40.400+0000][7][gc          ] GC(48) Pause Young (Normal) (G1 Evacuation Pause) 200M->104M(256M) 8.219ms
[2022-07-20T09:50:40.400+0000][7][gc,cpu      ] GC(48) User=0.03s Sys=0.00s Real=0.01s
[2022-07-20T09:50:40.400+0000][7][safepoint   ] Safepoint "G1CollectForAllocation", Time since last: 2784854467 ns, Reaching safepoint: 83001 ns, At safepoint: 8298680 ns, Total: 8381681 ns
[2022-07-20T09:50:41.400+0000][7][safepoint   ] Safepoint "Cleanup", Time since last: 1000082184 ns, Reaching safepoint: 215220 ns, At safepoint: 9366 ns, Total: 224586 ns
[2022-07-20T09:50:42.401+0000][7][safepoint   ] Safepoint "Cleanup", Time since last: 1000285262 ns, Reaching safepoint: 160695 ns, At safepoint: 9250 ns, Total: 169945 ns
[2022-07-20T09:50:43.401+0000][7][safepoint   ] Safepoint "Cleanup", Time since last: 1000300336 ns, Reaching safepoint: 137619 ns, At safepoint: 6968 ns, Total: 144587 ns
[2022-07-20T09:50:44.401+0000][7][safepoint   ] Safepoint "Cleanup", Time since last: 1000134582 ns, Reaching safepoint: 96148 ns, At safepoint: 7966 ns, Total: 104114 ns
[2022-07-20T09:50:49.402+0000][7][safepoint   ] Safepoint "Cleanup", Time since last: 5000816429 ns, Reaching safepoint: 168158 ns, At safepoint: 6810 ns, Total: 174968 ns
[2022-07-20T09:50:52.403+0000][7][safepoint   ] Safepoint "Cleanup", Time since last: 3000552408 ns, Reaching safepoint: 221096 ns, At safepoint: 11156 ns, Total: 232252 ns
[2022-07-20T09:50:54.334+0000][7][safepoint   ] Safepoint "Cleanup", Time since last: 1930424285 ns, Reaching safepoint: 202097 ns, At safepoint: 9674 ns, Total: 211771 ns
[2022-07-20T09:50:56.331+0000][7][safepoint   ] Safepoint "Cleanup", Time since last: 1997447672 ns, Reaching safepoint: 139200 ns, At safepoint: 7611 ns, Total: 146811 ns
[2022-07-20T09:50:57.332+0000][7][safepoint   ] Safepoint "Cleanup", Time since last: 1000357690 ns, Reaching safepoint: 153269 ns, At safepoint: 7488 ns, Total: 160757 ns
[2022-07-20T09:51:01.333+0000][7][safepoint   ] Safepoint "Cleanup", Time since last: 4000634185 ns, Reaching safepoint: 153889 ns, At safepoint: 6792 ns, Total: 160681 ns
[2022-07-20T09:51:02.333+0000][7][safepoint   ] Safepoint "Cleanup", Time since last: 1000372317 ns, Reaching safepoint: 117591 ns, At safepoint: 9013 ns, Total: 126604 ns
[2022-07-20T09:51:05.334+0000][7][safepoint   ] Safepoint "Cleanup", Time since last: 3000500564 ns, Reaching safepoint: 107804 ns, At safepoint: 9094 ns, Total: 116898 ns
[2022-07-20T09:51:06.334+0000][7][safepoint   ] Safepoint "Cleanup", Time since last: 1000198816 ns, Reaching safepoint: 133264 ns, At safepoint: 9395 ns, Total: 142659 ns
[2022-07-20T09:51:08.335+0000][7][safepoint   ] Safepoint "Cleanup", Time since last: 2000437757 ns, Reaching safepoint: 117667 ns, At safepoint: 5618 ns, Total: 123285 ns
[2022-07-20T09:51:12.335+0000][7][safepoint   ] Safepoint "Cleanup", Time since last: 4000337508 ns, Reaching safepoint: 108047 ns, At safepoint: 6801 ns, Total: 114848 ns
[2022-07-20T09:51:14.336+0000][7][safepoint   ] Safepoint "Cleanup", Time since last: 2000378126 ns, Reaching safepoint: 147860 ns, At safepoint: 6719 ns, Total: 154579 ns
[2022-07-20T09:51:17.336+0000][7][safepoint   ] Safepoint "Cleanup", Time since last: 3000399386 ns, Reaching safepoint: 145591 ns, At safepoint: 7849 ns, Total: 153440 ns
[2022-07-20T09:51:17.369+0000][7][gc,start    ] GC(49) Pause Young (Concurrent Start) (G1 Evacuation Pause)
[2022-07-20T09:51:17.369+0000][7][gc,task     ] GC(49) Using 4 workers of 4 for evacuation
[2022-07-20T09:51:17.369+0000][7][gc,age      ] GC(49) Desired survivor size 8388608 bytes, new threshold 15 (max threshold 15)
[2022-07-20T09:51:17.381+0000][7][gc,age      ] GC(49) Age table with threshold 15 (max threshold 15)
[2022-07-20T09:51:17.381+0000][7][gc,age      ] GC(49) - age   1:    1947104 bytes,    1947104 total
[2022-07-20T09:51:17.381+0000][7][gc,age      ] GC(49) - age   2:     345600 bytes,    2292704 total
[2022-07-20T09:51:17.381+0000][7][gc,age      ] GC(49) - age   3:    1623848 bytes,    3916552 total
[2022-07-20T09:51:17.381+0000][7][gc,age      ] GC(49) - age   4:     321384 bytes,    4237936 total
[2022-07-20T09:51:17.381+0000][7][gc,age      ] GC(49) - age   5:      28808 bytes,    4266744 total
[2022-07-20T09:51:17.381+0000][7][gc,age      ] GC(49) - age   6:      10712 bytes,    4277456 total
[2022-07-20T09:51:17.381+0000][7][gc,age      ] GC(49) - age   7:      19032 bytes,    4296488 total
[2022-07-20T09:51:17.381+0000][7][gc,age      ] GC(49) - age   8:      10352 bytes,    4306840 total
[2022-07-20T09:51:17.381+0000][7][gc,age      ] GC(49) - age   9:      26656 bytes,    4333496 total
[2022-07-20T09:51:17.381+0000][7][gc,age      ] GC(49) - age  10:     421848 bytes,    4755344 total
[2022-07-20T09:51:17.381+0000][7][gc,age      ] GC(49) - age  11:     715984 bytes,    5471328 total
[2022-07-20T09:51:17.381+0000][7][gc,phases   ] GC(49)   Pre Evacuate Collection Set: 0.1ms
[2022-07-20T09:51:17.381+0000][7][gc,phases   ] GC(49)   Merge Heap Roots: 0.1ms
[2022-07-20T09:51:17.381+0000][7][gc,phases   ] GC(49)   Evacuate Collection Set: 10.7ms
[2022-07-20T09:51:17.381+0000][7][gc,phases   ] GC(49)   Post Evacuate Collection Set: 1.3ms
[2022-07-20T09:51:17.381+0000][7][gc,phases   ] GC(49)   Other: 0.4ms
[2022-07-20T09:51:17.381+0000][7][gc,heap     ] GC(49) Eden regions: 23->0(23)
[2022-07-20T09:51:17.381+0000][7][gc,heap     ] GC(49) Survivor regions: 2->2(4)
[2022-07-20T09:51:17.381+0000][7][gc,heap     ] GC(49) Old regions: 23->23
[2022-07-20T09:51:17.381+0000][7][gc,heap     ] GC(49) Archive regions: 2->2
[2022-07-20T09:51:17.381+0000][7][gc,heap     ] GC(49) Humongous regions: 2->2
[2022-07-20T09:51:17.381+0000][7][gc,metaspace] GC(49) Metaspace: 106517K(111480K)->106517K(111480K) NonClass: 92561K(96172K)->92561K(96172K) Class: 13955K(15308K)->13955K(15308K)
[2022-07-20T09:51:17.381+0000][7][gc          ] GC(49) Pause Young (Concurrent Start) (G1 Evacuation Pause) 196M->106M(256M) 12.651ms
[2022-07-20T09:51:17.381+0000][7][gc,cpu      ] GC(49) User=0.04s Sys=0.00s Real=0.01s
[2022-07-20T09:51:17.381+0000][7][gc          ] GC(50) Concurrent Cycle
[2022-07-20T09:51:17.381+0000][7][safepoint   ] Safepoint "G1CollectForAllocation", Time since last: 32474729 ns, Reaching safepoint: 96935 ns, At safepoint: 12764944 ns, Total: 12861879 ns
[2022-07-20T09:51:17.381+0000][7][gc,marking  ] GC(50) Concurrent Clear Claimed Marks
[2022-07-20T09:51:17.382+0000][7][gc,marking  ] GC(50) Concurrent Clear Claimed Marks 0.141ms
[2022-07-20T09:51:17.382+0000][7][gc,marking  ] GC(50) Concurrent Scan Root Regions
[2022-07-20T09:51:17.389+0000][7][gc,marking  ] GC(50) Concurrent Scan Root Regions 7.697ms
[2022-07-20T09:51:17.389+0000][7][gc,marking  ] GC(50) Concurrent Mark (425.041s)
[2022-07-20T09:51:17.389+0000][7][gc,marking  ] GC(50) Concurrent Mark From Roots
[2022-07-20T09:51:17.389+0000][7][gc,task     ] GC(50) Using 1 workers of 1 for marking
[2022-07-20T09:51:17.531+0000][7][gc,marking  ] GC(50) Concurrent Mark From Roots 141.743ms
[2022-07-20T09:51:17.531+0000][7][gc,marking  ] GC(50) Concurrent Preclean
[2022-07-20T09:51:17.531+0000][7][gc,marking  ] GC(50) Concurrent Preclean 0.188ms
[2022-07-20T09:51:17.531+0000][7][gc,marking  ] GC(50) Concurrent Mark (425.041s, 425.183s) 142.012ms
[2022-07-20T09:51:17.532+0000][7][gc,start    ] GC(50) Pause Remark
[2022-07-20T09:51:17.541+0000][7][gc          ] GC(50) Pause Remark 109M->109M(256M) 9.273ms
[2022-07-20T09:51:17.541+0000][7][gc,cpu      ] GC(50) User=0.03s Sys=0.00s Real=0.01s
[2022-07-20T09:51:17.541+0000][7][safepoint   ] Safepoint "G1Concurrent", Time since last: 149967279 ns, Reaching safepoint: 133620 ns, At safepoint: 9401552 ns, Total: 9535172 ns
[2022-07-20T09:51:17.541+0000][7][gc,marking  ] GC(50) Concurrent Rebuild Remembered Sets
[2022-07-20T09:51:17.628+0000][7][gc,marking  ] GC(50) Concurrent Rebuild Remembered Sets 86.689ms
[2022-07-20T09:51:17.628+0000][7][gc,start    ] GC(50) Pause Cleanup
[2022-07-20T09:51:17.628+0000][7][gc          ] GC(50) Pause Cleanup 109M->109M(256M) 0.103ms
[2022-07-20T09:51:17.628+0000][7][gc,cpu      ] GC(50) User=0.00s Sys=0.00s Real=0.00s
[2022-07-20T09:51:17.628+0000][7][safepoint   ] Safepoint "G1Concurrent", Time since last: 86835077 ns, Reaching safepoint: 149040 ns, At safepoint: 186289 ns, Total: 335329 ns
[2022-07-20T09:51:17.628+0000][7][gc,marking  ] GC(50) Concurrent Cleanup for Next Mark
[2022-07-20T09:51:17.628+0000][7][gc,marking  ] GC(50) Concurrent Cleanup for Next Mark 0.228ms
[2022-07-20T09:51:17.628+0000][7][gc          ] GC(50) Concurrent Cycle 246.986ms
[2022-07-20T09:51:19.629+0000][7][safepoint   ] Safepoint "Cleanup", Time since last: 2000293916 ns, Reaching safepoint: 134924 ns, At safepoint: 7798 ns, Total: 142722 ns
[2022-07-20T09:51:22.629+0000][7][safepoint   ] Safepoint "Cleanup", Time since last: 3000542262 ns, Reaching safepoint: 202836 ns, At safepoint: 9754 ns, Total: 212590 ns
[2022-07-20T09:51:23.630+0000][7][safepoint   ] Safepoint "Cleanup", Time since last: 1000488761 ns, Reaching safepoint: 159196 ns, At safepoint: 10072 ns, Total: 169268 ns
[2022-07-20T09:51:25.630+0000][7][safepoint   ] Safepoint "Cleanup", Time since last: 2000360658 ns, Reaching safepoint: 125172 ns, At safepoint: 6581 ns, Total: 131753 ns
[2022-07-20T09:51:27.631+0000][7][safepoint   ] Safepoint "Cleanup", Time since last: 2000159817 ns, Reaching safepoint: 138116 ns, At safepoint: 6204 ns, Total: 144320 ns
[2022-07-20T09:51:28.631+0000][7][safepoint   ] Safepoint "Cleanup", Time since last: 1000302830 ns, Reaching safepoint: 141437 ns, At safepoint: 7092 ns, Total: 148529 ns
[2022-07-20T09:51:29.632+0000][7][safepoint   ] Safepoint "Cleanup", Time since last: 1000398414 ns, Reaching safepoint: 126578 ns, At safepoint: 6153 ns, Total: 132731 ns
[2022-07-20T09:51:34.632+0000][7][safepoint   ] Safepoint "Cleanup", Time since last: 5000525337 ns, Reaching safepoint: 119049 ns, At safepoint: 5906 ns, Total: 124955 ns
[2022-07-20T09:51:35.633+0000][7][safepoint   ] Safepoint "Cleanup", Time since last: 1000178847 ns, Reaching safepoint: 164643 ns, At safepoint: 9748 ns, Total: 174391 ns
[2022-07-20T09:51:40.633+0000][7][safepoint   ] Safepoint "Cleanup", Time since last: 5000628207 ns, Reaching safepoint: 119908 ns, At safepoint: 6160 ns, Total: 126068 ns
[2022-07-20T09:51:41.634+0000][7][safepoint   ] Safepoint "Cleanup", Time since last: 1000141285 ns, Reaching safepoint: 270903 ns, At safepoint: 10257 ns, Total: 281160 ns
[2022-07-20T09:51:42.634+0000][7][safepoint   ] Safepoint "Cleanup", Time since last: 1000213445 ns, Reaching safepoint: 134469 ns, At safepoint: 5733 ns, Total: 140202 ns
[2022-07-20T09:51:43.635+0000][7][safepoint   ] Safepoint "Cleanup", Time since last: 1000377344 ns, Reaching safepoint: 133917 ns, At safepoint: 10827 ns, Total: 144744 ns
[2022-07-20T09:51:46.635+0000][7][safepoint   ] Safepoint "Cleanup", Time since last: 3000397805 ns, Reaching safepoint: 151749 ns, At safepoint: 9881 ns, Total: 161630 ns
[2022-07-20T09:51:51.636+0000][7][safepoint   ] Safepoint "Cleanup", Time since last: 5000678188 ns, Reaching safepoint: 139179 ns, At safepoint: 4985 ns, Total: 144164 ns
[2022-07-20T09:51:52.636+0000][7][safepoint   ] Safepoint "Cleanup", Time since last: 1000115327 ns, Reaching safepoint: 153308 ns, At safepoint: 22249 ns, Total: 175557 ns
[2022-07-20T09:51:54.637+0000][7][safepoint   ] Safepoint "Cleanup", Time since last: 2000379135 ns, Reaching safepoint: 164802 ns, At safepoint: 5634 ns, Total: 170436 ns
[2022-07-20T09:51:55.638+0000][7][safepoint   ] Safepoint "Cleanup", Time since last: 1000298509 ns, Reaching safepoint: 197098 ns, At safepoint: 9040 ns, Total: 206138 ns
[2022-07-20T09:51:56.638+0000][7][safepoint   ] Safepoint "Cleanup", Time since last: 1000196138 ns, Reaching safepoint: 130497 ns, At safepoint: 6586 ns, Total: 137083 ns
[2022-07-20T09:51:59.639+0000][7][safepoint   ] Safepoint "Cleanup", Time since last: 3000606267 ns, Reaching safepoint: 124879 ns, At safepoint: 8706 ns, Total: 133585 ns
[2022-07-20T09:52:01.639+0000][7][safepoint   ] Safepoint "Cleanup", Time since last: 2000592866 ns, Reaching safepoint: 197749 ns, At safepoint: 8765 ns, Total: 206514 ns
[2022-07-20T09:52:03.640+0000][7][safepoint   ] Safepoint "Cleanup", Time since last: 2000380692 ns, Reaching safepoint: 150370 ns, At safepoint: 7734 ns, Total: 158104 ns
[2022-07-20T09:52:04.393+0000][7][gc,start    ] GC(51) Pause Young (Normal) (G1 Evacuation Pause)
[2022-07-20T09:52:04.393+0000][7][gc,task     ] GC(51) Using 4 workers of 4 for evacuation
[2022-07-20T09:52:04.393+0000][7][gc,age      ] GC(51) Desired survivor size 8388608 bytes, new threshold 15 (max threshold 15)
[2022-07-20T09:52:04.402+0000][7][gc,age      ] GC(51) Age table with threshold 15 (max threshold 15)
[2022-07-20T09:52:04.402+0000][7][gc,age      ] GC(51) - age   1:    2672808 bytes,    2672808 total
[2022-07-20T09:52:04.402+0000][7][gc,age      ] GC(51) - age   2:     365176 bytes,    3037984 total
[2022-07-20T09:52:04.402+0000][7][gc,age      ] GC(51) - age   3:     178184 bytes,    3216168 total
[2022-07-20T09:52:04.402+0000][7][gc,age      ] GC(51) - age   4:    1461088 bytes,    4677256 total
[2022-07-20T09:52:04.402+0000][7][gc,age      ] GC(51) - age   5:     319896 bytes,    4997152 total
[2022-07-20T09:52:04.402+0000][7][gc,age      ] GC(51) - age   6:      28648 bytes,    5025800 total
[2022-07-20T09:52:04.402+0000][7][gc,age      ] GC(51) - age   7:      10712 bytes,    5036512 total
[2022-07-20T09:52:04.402+0000][7][gc,age      ] GC(51) - age   8:      19032 bytes,    5055544 total
[2022-07-20T09:52:04.402+0000][7][gc,age      ] GC(51) - age   9:      10352 bytes,    5065896 total
[2022-07-20T09:52:04.402+0000][7][gc,age      ] GC(51) - age  10:      26656 bytes,    5092552 total
[2022-07-20T09:52:04.402+0000][7][gc,age      ] GC(51) - age  11:     421712 bytes,    5514264 total
[2022-07-20T09:52:04.402+0000][7][gc,age      ] GC(51) - age  12:     715984 bytes,    6230248 total
[2022-07-20T09:52:04.402+0000][7][gc,phases   ] GC(51)   Pre Evacuate Collection Set: 0.0ms
[2022-07-20T09:52:04.402+0000][7][gc,phases   ] GC(51)   Merge Heap Roots: 0.1ms
[2022-07-20T09:52:04.402+0000][7][gc,phases   ] GC(51)   Evacuate Collection Set: 7.6ms
[2022-07-20T09:52:04.402+0000][7][gc,phases   ] GC(51)   Post Evacuate Collection Set: 0.7ms
[2022-07-20T09:52:04.402+0000][7][gc,phases   ] GC(51)   Other: 0.3ms
[2022-07-20T09:52:04.402+0000][7][gc,heap     ] GC(51) Eden regions: 23->0(23)
[2022-07-20T09:52:04.402+0000][7][gc,heap     ] GC(51) Survivor regions: 2->2(4)
[2022-07-20T09:52:04.402+0000][7][gc,heap     ] GC(51) Old regions: 23->23
[2022-07-20T09:52:04.402+0000][7][gc,heap     ] GC(51) Archive regions: 2->2
[2022-07-20T09:52:04.402+0000][7][gc,heap     ] GC(51) Humongous regions: 2->2
[2022-07-20T09:52:04.402+0000][7][gc,metaspace] GC(51) Metaspace: 106695K(111480K)->106695K(111480K) NonClass: 92739K(96172K)->92739K(96172K) Class: 13955K(15308K)->13955K(15308K)
[2022-07-20T09:52:04.402+0000][7][gc          ] GC(51) Pause Young (Normal) (G1 Evacuation Pause) 198M->106M(256M) 8.768ms
[2022-07-20T09:52:04.402+0000][7][gc,cpu      ] GC(51) User=0.04s Sys=0.00s Real=0.01s
[2022-07-20T09:52:04.402+0000][7][safepoint   ] Safepoint "G1CollectForAllocation", Time since last: 753282747 ns, Reaching safepoint: 153389 ns, At safepoint: 8855316 ns, Total: 9008705 ns
[2022-07-20T09:52:05.403+0000][7][safepoint   ] Safepoint "Cleanup", Time since last: 1000187654 ns, Reaching safepoint: 267580 ns, At safepoint: 12942 ns, Total: 280522 ns
[2022-07-20T09:52:07.403+0000][7][safepoint   ] Safepoint "Cleanup", Time since last: 2000343069 ns, Reaching safepoint: 207967 ns, At safepoint: 10830 ns, Total: 218797 ns
[2022-07-20T09:52:09.404+0000][7][safepoint   ] Safepoint "Cleanup", Time since last: 2000462584 ns, Reaching safepoint: 148837 ns, At safepoint: 11414 ns, Total: 160251 ns
[2022-07-20T09:52:10.404+0000][7][safepoint   ] Safepoint "Cleanup", Time since last: 1000263141 ns, Reaching safepoint: 203844 ns, At safepoint: 11338 ns, Total: 215182 ns
[2022-07-20T09:52:13.405+0000][7][safepoint   ] Safepoint "Cleanup", Time since last: 3000915518 ns, Reaching safepoint: 204157 ns, At safepoint: 11001 ns, Total: 215158 ns
[2022-07-20T09:52:16.406+0000][7][safepoint   ] Safepoint "Cleanup", Time since last: 3000635322 ns, Reaching safepoint: 101022 ns, At safepoint: 7443 ns, Total: 108465 ns
[2022-07-20T09:52:17.407+0000][7][safepoint   ] Safepoint "Cleanup", Time since last: 1000369319 ns, Reaching safepoint: 206189 ns, At safepoint: 10937 ns, Total: 217126 ns
[2022-07-20T09:52:18.407+0000][7][safepoint   ] Safepoint "Cleanup", Time since last: 1000163495 ns, Reaching safepoint: 133618 ns, At safepoint: 8243 ns, Total: 141861 ns
[2022-07-20T09:52:22.408+0000][7][safepoint   ] Safepoint "Cleanup", Time since last: 4000903894 ns, Reaching safepoint: 219369 ns, At safepoint: 11797 ns, Total: 231166 ns
[2022-07-20T09:52:25.409+0000][7][safepoint   ] Safepoint "Cleanup", Time since last: 3000695169 ns, Reaching safepoint: 110020 ns, At safepoint: 8015 ns, Total: 118035 ns
[2022-07-20T09:52:26.409+0000][7][safepoint   ] Safepoint "Cleanup", Time since last: 1000138598 ns, Reaching safepoint: 139323 ns, At safepoint: 12260 ns, Total: 151583 ns
[2022-07-20T09:52:27.410+0000][7][safepoint   ] Safepoint "Cleanup", Time since last: 1000426648 ns, Reaching safepoint: 225028 ns, At safepoint: 20598 ns, Total: 245626 ns
[2022-07-20T09:52:29.411+0000][7][safepoint   ] Safepoint "Cleanup", Time since last: 2000706700 ns, Reaching safepoint: 161622 ns, At safepoint: 12450 ns, Total: 174072 ns
[2022-07-20T09:52:29.499+0000][7][gc,start    ] GC(52) Pause Young (Concurrent Start) (G1 Evacuation Pause)
[2022-07-20T09:52:29.500+0000][7][gc,task     ] GC(52) Using 4 workers of 4 for evacuation
[2022-07-20T09:52:29.500+0000][7][gc,age      ] GC(52) Desired survivor size 8388608 bytes, new threshold 15 (max threshold 15)
[2022-07-20T09:52:29.509+0000][7][gc,age      ] GC(52) Age table with threshold 15 (max threshold 15)
[2022-07-20T09:52:29.509+0000][7][gc,age      ] GC(52) - age   1:    1908848 bytes,    1908848 total
[2022-07-20T09:52:29.509+0000][7][gc,age      ] GC(52) - age   2:      35328 bytes,    1944176 total
[2022-07-20T09:52:29.509+0000][7][gc,age      ] GC(52) - age   3:     298240 bytes,    2242416 total
[2022-07-20T09:52:29.509+0000][7][gc,age      ] GC(52) - age   4:     177736 bytes,    2420152 total
[2022-07-20T09:52:29.509+0000][7][gc,age      ] GC(52) - age   5:    1460568 bytes,    3880720 total
[2022-07-20T09:52:29.510+0000][7][gc,age      ] GC(52) - age   6:     289472 bytes,    4170192 total
[2022-07-20T09:52:29.510+0000][7][gc,age      ] GC(52) - age   7:      28584 bytes,    4198776 total
[2022-07-20T09:52:29.510+0000][7][gc,age      ] GC(52) - age   8:      10712 bytes,    4209488 total
[2022-07-20T09:52:29.510+0000][7][gc,age      ] GC(52) - age   9:      19032 bytes,    4228520 total
[2022-07-20T09:52:29.510+0000][7][gc,age      ] GC(52) - age  10:      10352 bytes,    4238872 total
[2022-07-20T09:52:29.510+0000][7][gc,age      ] GC(52) - age  11:      26656 bytes,    4265528 total
[2022-07-20T09:52:29.510+0000][7][gc,age      ] GC(52) - age  12:     421416 bytes,    4686944 total
[2022-07-20T09:52:29.510+0000][7][gc,age      ] GC(52) - age  13:     715952 bytes,    5402896 total
[2022-07-20T09:52:29.510+0000][7][gc,phases   ] GC(52)   Pre Evacuate Collection Set: 0.1ms
[2022-07-20T09:52:29.510+0000][7][gc,phases   ] GC(52)   Merge Heap Roots: 0.1ms
[2022-07-20T09:52:29.510+0000][7][gc,phases   ] GC(52)   Evacuate Collection Set: 8.3ms
[2022-07-20T09:52:29.510+0000][7][gc,phases   ] GC(52)   Post Evacuate Collection Set: 1.3ms
[2022-07-20T09:52:29.510+0000][7][gc,phases   ] GC(52)   Other: 0.4ms
[2022-07-20T09:52:29.510+0000][7][gc,heap     ] GC(52) Eden regions: 23->0(23)
[2022-07-20T09:52:29.510+0000][7][gc,heap     ] GC(52) Survivor regions: 2->2(4)
[2022-07-20T09:52:29.510+0000][7][gc,heap     ] GC(52) Old regions: 23->23
[2022-07-20T09:52:29.510+0000][7][gc,heap     ] GC(52) Archive regions: 2->2
[2022-07-20T09:52:29.510+0000][7][gc,heap     ] GC(52) Humongous regions: 2->2
[2022-07-20T09:52:29.510+0000][7][gc,metaspace] GC(52) Metaspace: 106847K(111736K)->106847K(111736K) NonClass: 92891K(96428K)->92891K(96428K) Class: 13955K(15308K)->13955K(15308K)
[2022-07-20T09:52:29.510+0000][7][gc          ] GC(52) Pause Young (Concurrent Start) (G1 Evacuation Pause) 198M->106M(256M) 10.284ms
[2022-07-20T09:52:29.510+0000][7][gc,cpu      ] GC(52) User=0.03s Sys=0.00s Real=0.01s
[2022-07-20T09:52:29.510+0000][7][gc          ] GC(53) Concurrent Cycle
[2022-07-20T09:52:29.510+0000][7][safepoint   ] Safepoint "G1CollectForAllocation", Time since last: 88363099 ns, Reaching safepoint: 227220 ns, At safepoint: 10385114 ns, Total: 10612334 ns
[2022-07-20T09:52:29.510+0000][7][gc,marking  ] GC(53) Concurrent Clear Claimed Marks
[2022-07-20T09:52:29.510+0000][7][gc,marking  ] GC(53) Concurrent Clear Claimed Marks 0.134ms
[2022-07-20T09:52:29.510+0000][7][gc,marking  ] GC(53) Concurrent Scan Root Regions
[2022-07-20T09:52:29.517+0000][7][gc,marking  ] GC(53) Concurrent Scan Root Regions 7.313ms
[2022-07-20T09:52:29.517+0000][7][gc,marking  ] GC(53) Concurrent Mark (497.169s)
[2022-07-20T09:52:29.517+0000][7][gc,marking  ] GC(53) Concurrent Mark From Roots
[2022-07-20T09:52:29.518+0000][7][gc,task     ] GC(53) Using 1 workers of 1 for marking
[2022-07-20T09:52:29.698+0000][7][gc,marking  ] GC(53) Concurrent Mark From Roots 180.409ms
[2022-07-20T09:52:29.698+0000][7][gc,marking  ] GC(53) Concurrent Preclean
[2022-07-20T09:52:29.698+0000][7][gc,marking  ] GC(53) Concurrent Preclean 0.209ms
[2022-07-20T09:52:29.698+0000][7][gc,marking  ] GC(53) Concurrent Mark (497.169s, 497.350s) 180.725ms
[2022-07-20T09:52:29.698+0000][7][gc,start    ] GC(53) Pause Remark
[2022-07-20T09:52:29.707+0000][7][gc          ] GC(53) Pause Remark 116M->116M(256M) 8.971ms
[2022-07-20T09:52:29.707+0000][7][gc,cpu      ] GC(53) User=0.03s Sys=0.00s Real=0.01s
[2022-07-20T09:52:29.707+0000][7][safepoint   ] Safepoint "G1Concurrent", Time since last: 188372423 ns, Reaching safepoint: 136067 ns, At safepoint: 9077558 ns, Total: 9213625 ns
[2022-07-20T09:52:29.707+0000][7][gc,marking  ] GC(53) Concurrent Rebuild Remembered Sets
[2022-07-20T09:52:29.793+0000][7][gc,marking  ] GC(53) Concurrent Rebuild Remembered Sets 85.626ms
[2022-07-20T09:52:29.793+0000][7][gc,start    ] GC(53) Pause Cleanup
[2022-07-20T09:52:29.793+0000][7][gc          ] GC(53) Pause Cleanup 116M->116M(256M) 0.118ms
[2022-07-20T09:52:29.794+0000][7][gc,cpu      ] GC(53) User=0.00s Sys=0.00s Real=0.00s
[2022-07-20T09:52:29.794+0000][7][safepoint   ] Safepoint "G1Concurrent", Time since last: 85764174 ns, Reaching safepoint: 147201 ns, At safepoint: 201293 ns, Total: 348494 ns
[2022-07-20T09:52:29.794+0000][7][gc,marking  ] GC(53) Concurrent Cleanup for Next Mark
[2022-07-20T09:52:29.794+0000][7][gc,marking  ] GC(53) Concurrent Cleanup for Next Mark 0.418ms
[2022-07-20T09:52:29.794+0000][7][gc          ] GC(53) Concurrent Cycle 284.193ms
[2022-07-20T09:52:31.794+0000][7][safepoint   ] Safepoint "Cleanup", Time since last: 2000423013 ns, Reaching safepoint: 157317 ns, At safepoint: 8324 ns, Total: 165641 ns
[2022-07-20T09:52:34.795+0000][7][safepoint   ] Safepoint "Cleanup", Time since last: 3000729342 ns, Reaching safepoint: 221183 ns, At safepoint: 8821 ns, Total: 230004 ns
[2022-07-20T09:52:40.797+0000][7][safepoint   ] Safepoint "Cleanup", Time since last: 6001252586 ns, Reaching safepoint: 190357 ns, At safepoint: 7847 ns, Total: 198204 ns
[2022-07-20T09:52:41.797+0000][7][safepoint   ] Safepoint "Cleanup", Time since last: 1000298491 ns, Reaching safepoint: 125815 ns, At safepoint: 9332 ns, Total: 135147 ns
[2022-07-20T09:52:46.798+0000][7][safepoint   ] Safepoint "Cleanup", Time since last: 5001114144 ns, Reaching safepoint: 147992 ns, At safepoint: 7948 ns, Total: 155940 ns
[2022-07-20T09:52:49.799+0000][7][safepoint   ] Safepoint "Cleanup", Time since last: 3000423756 ns, Reaching safepoint: 141530 ns, At safepoint: 9479 ns, Total: 151009 ns
[2022-07-20T09:52:51.799+0000][7][safepoint   ] Safepoint "Cleanup", Time since last: 2000378086 ns, Reaching safepoint: 121232 ns, At safepoint: 7751 ns, Total: 128983 ns
[2022-07-20T09:52:52.800+0000][7][safepoint   ] Safepoint "Cleanup", Time since last: 1000196604 ns, Reaching safepoint: 196163 ns, At safepoint: 21541 ns, Total: 217704 ns
[2022-07-20T09:52:53.800+0000][7][safepoint   ] Safepoint "Cleanup", Time since last: 1000504111 ns, Reaching safepoint: 192758 ns, At safepoint: 12078 ns, Total: 204836 ns
[2022-07-20T09:52:55.801+0000][7][safepoint   ] Safepoint "Cleanup", Time since last: 2000587422 ns, Reaching safepoint: 125482 ns, At safepoint: 7338 ns, Total: 132820 ns
[2022-07-20T09:53:01.803+0000][7][safepoint   ] Safepoint "Cleanup", Time since last: 6001547861 ns, Reaching safepoint: 121716 ns, At safepoint: 6995 ns, Total: 128711 ns
[2022-07-20T09:53:04.804+0000][7][safepoint   ] Safepoint "Cleanup", Time since last: 3000565385 ns, Reaching safepoint: 147733 ns, At safepoint: 9293 ns, Total: 157026 ns
[2022-07-20T09:53:07.804+0000][7][safepoint   ] Safepoint "Cleanup", Time since last: 3000593980 ns, Reaching safepoint: 140241 ns, At safepoint: 6534 ns, Total: 146775 ns
[2022-07-20T09:53:11.805+0000][7][safepoint   ] Safepoint "Cleanup", Time since last: 4000948976 ns, Reaching safepoint: 141221 ns, At safepoint: 7456 ns, Total: 148677 ns
[2022-07-20T09:53:13.806+0000][7][safepoint   ] Safepoint "Cleanup", Time since last: 2000369199 ns, Reaching safepoint: 145172 ns, At safepoint: 7361 ns, Total: 152533 ns
[2022-07-20T09:53:16.409+0000][7][gc,start    ] GC(54) Pause Young (Normal) (G1 Evacuation Pause)
[2022-07-20T09:53:16.409+0000][7][gc,task     ] GC(54) Using 4 workers of 4 for evacuation
[2022-07-20T09:53:16.409+0000][7][gc,age      ] GC(54) Desired survivor size 8388608 bytes, new threshold 15 (max threshold 15)
[2022-07-20T09:53:16.421+0000][7][gc,age      ] GC(54) Age table with threshold 15 (max threshold 15)
[2022-07-20T09:53:16.421+0000][7][gc,age      ] GC(54) - age   1:    1941592 bytes,    1941592 total
[2022-07-20T09:53:16.421+0000][7][gc,age      ] GC(54) - age   2:     349608 bytes,    2291200 total
[2022-07-20T09:53:16.421+0000][7][gc,age      ] GC(54) - age   3:       9760 bytes,    2300960 total
[2022-07-20T09:53:16.421+0000][7][gc,age      ] GC(54) - age   4:     298016 bytes,    2598976 total
[2022-07-20T09:53:16.421+0000][7][gc,age      ] GC(54) - age   5:      33808 bytes,    2632784 total
[2022-07-20T09:53:16.421+0000][7][gc,age      ] GC(54) - age   6:    1421000 bytes,    4053784 total
[2022-07-20T09:53:16.421+0000][7][gc,age      ] GC(54) - age   7:     284048 bytes,    4337832 total
[2022-07-20T09:53:16.421+0000][7][gc,age      ] GC(54) - age   8:      28344 bytes,    4366176 total
[2022-07-20T09:53:16.421+0000][7][gc,age      ] GC(54) - age   9:      10712 bytes,    4376888 total
[2022-07-20T09:53:16.421+0000][7][gc,age      ] GC(54) - age  10:      19032 bytes,    4395920 total
[2022-07-20T09:53:16.421+0000][7][gc,age      ] GC(54) - age  11:      10352 bytes,    4406272 total
[2022-07-20T09:53:16.421+0000][7][gc,age      ] GC(54) - age  12:      26656 bytes,    4432928 total
[2022-07-20T09:53:16.421+0000][7][gc,age      ] GC(54) - age  13:     421416 bytes,    4854344 total
[2022-07-20T09:53:16.421+0000][7][gc,age      ] GC(54) - age  14:     715952 bytes,    5570296 total
[2022-07-20T09:53:16.421+0000][7][gc,phases   ] GC(54)   Pre Evacuate Collection Set: 0.1ms
[2022-07-20T09:53:16.421+0000][7][gc,phases   ] GC(54)   Merge Heap Roots: 0.1ms
[2022-07-20T09:53:16.421+0000][7][gc,phases   ] GC(54)   Evacuate Collection Set: 10.2ms
[2022-07-20T09:53:16.421+0000][7][gc,phases   ] GC(54)   Post Evacuate Collection Set: 1.4ms
[2022-07-20T09:53:16.421+0000][7][gc,phases   ] GC(54)   Other: 0.3ms
[2022-07-20T09:53:16.421+0000][7][gc,heap     ] GC(54) Eden regions: 23->0(23)
[2022-07-20T09:53:16.421+0000][7][gc,heap     ] GC(54) Survivor regions: 2->2(4)
[2022-07-20T09:53:16.421+0000][7][gc,heap     ] GC(54) Old regions: 23->23
[2022-07-20T09:53:16.421+0000][7][gc,heap     ] GC(54) Archive regions: 2->2
[2022-07-20T09:53:16.421+0000][7][gc,heap     ] GC(54) Humongous regions: 2->2
[2022-07-20T09:53:16.421+0000][7][gc,metaspace] GC(54) Metaspace: 107035K(111992K)->107035K(111992K) NonClass: 93079K(96684K)->93079K(96684K) Class: 13955K(15308K)->13955K(15308K)
[2022-07-20T09:53:16.421+0000][7][gc          ] GC(54) Pause Young (Normal) (G1 Evacuation Pause) 198M->106M(256M) 12.116ms
[2022-07-20T09:53:16.421+0000][7][gc,cpu      ] GC(54) User=0.04s Sys=0.00s Real=0.01s
[2022-07-20T09:53:16.421+0000][7][safepoint   ] Safepoint "G1CollectForAllocation", Time since last: 2602885308 ns, Reaching safepoint: 137100 ns, At safepoint: 12204023 ns, Total: 12341123 ns
[2022-07-20T09:53:17.422+0000][7][safepoint   ] Safepoint "Cleanup", Time since last: 1000310310 ns, Reaching safepoint: 159324 ns, At safepoint: 7929 ns, Total: 167253 ns
[2022-07-20T09:53:19.422+0000][7][safepoint   ] Safepoint "Cleanup", Time since last: 2000354118 ns, Reaching safepoint: 128690 ns, At safepoint: 8566 ns, Total: 137256 ns
[2022-07-20T09:53:22.423+0000][7][safepoint   ] Safepoint "Cleanup", Time since last: 3000366229 ns, Reaching safepoint: 133533 ns, At safepoint: 11324 ns, Total: 144857 ns
[2022-07-20T09:53:25.423+0000][7][safepoint   ] Safepoint "Cleanup", Time since last: 3000611046 ns, Reaching safepoint: 154248 ns, At safepoint: 7415 ns, Total: 161663 ns
[2022-07-20T09:53:26.424+0000][7][safepoint   ] Safepoint "Cleanup", Time since last: 1000179066 ns, Reaching safepoint: 223103 ns, At safepoint: 9416 ns, Total: 232519 ns
[2022-07-20T09:53:27.425+0000][7][safepoint   ] Safepoint "Cleanup", Time since last: 1000543974 ns, Reaching safepoint: 138973 ns, At safepoint: 9377 ns, Total: 148350 ns
[2022-07-20T09:53:28.425+0000][7][safepoint   ] Safepoint "Cleanup", Time since last: 1000283564 ns, Reaching safepoint: 116871 ns, At safepoint: 7838 ns, Total: 124709 ns
[2022-07-20T09:53:29.425+0000][7][safepoint   ] Safepoint "Cleanup", Time since last: 1000244261 ns, Reaching safepoint: 163498 ns, At safepoint: 8078 ns, Total: 171576 ns
[2022-07-20T09:53:31.426+0000][7][safepoint   ] Safepoint "Cleanup", Time since last: 2000206998 ns, Reaching safepoint: 136573 ns, At safepoint: 6995 ns, Total: 143568 ns
[2022-07-20T09:53:34.426+0000][7][safepoint   ] Safepoint "Cleanup", Time since last: 3000244903 ns, Reaching safepoint: 135036 ns, At safepoint: 7869 ns, Total: 142905 ns
[2022-07-20T09:53:36.426+0000][7][safepoint   ] Safepoint "Cleanup", Time since last: 2000232446 ns, Reaching safepoint: 102062 ns, At safepoint: 7761 ns, Total: 109823 ns
[2022-07-20T09:53:40.427+0000][7][safepoint   ] Safepoint "Cleanup", Time since last: 4000306713 ns, Reaching safepoint: 101458 ns, At safepoint: 7730 ns, Total: 109188 ns
[2022-07-20T09:53:41.427+0000][7][safepoint   ] Safepoint "Cleanup", Time since last: 1000136793 ns, Reaching safepoint: 97434 ns, At safepoint: 6110 ns, Total: 103544 ns
[2022-07-20T09:53:42.427+0000][7][safepoint   ] Safepoint "Cleanup", Time since last: 1000132782 ns, Reaching safepoint: 107068 ns, At safepoint: 7110 ns, Total: 114178 ns
[2022-07-20T09:53:43.428+0000][7][safepoint   ] Safepoint "Cleanup", Time since last: 1000193982 ns, Reaching safepoint: 127588 ns, At safepoint: 8116 ns, Total: 135704 ns
[2022-07-20T09:53:48.429+0000][7][safepoint   ] Safepoint "Cleanup", Time since last: 5000947199 ns, Reaching safepoint: 148870 ns, At safepoint: 8804 ns, Total: 157674 ns
[2022-07-20T09:53:49.429+0000][7][safepoint   ] Safepoint "Cleanup", Time since last: 1000202245 ns, Reaching safepoint: 138334 ns, At safepoint: 8190 ns, Total: 146524 ns
[2022-07-20T09:53:51.430+0000][7][safepoint   ] Safepoint "Cleanup", Time since last: 2000559897 ns, Reaching safepoint: 142067 ns, At safepoint: 6114 ns, Total: 148181 ns
[2022-07-20T09:53:52.430+0000][7][safepoint   ] Safepoint "Cleanup", Time since last: 1000162071 ns, Reaching safepoint: 100264 ns, At safepoint: 5467 ns, Total: 105731 ns
[2022-07-20T09:53:53.430+0000][7][safepoint   ] Safepoint "Cleanup", Time since last: 1000253591 ns, Reaching safepoint: 122218 ns, At safepoint: 7026 ns, Total: 129244 ns
[2022-07-20T09:53:54.431+0000][7][safepoint   ] Safepoint "Cleanup", Time since last: 1000181494 ns, Reaching safepoint: 198394 ns, At safepoint: 6172 ns, Total: 204566 ns
[2022-07-20T09:53:55.431+0000][7][safepoint   ] Safepoint "Cleanup", Time since last: 1000167774 ns, Reaching safepoint: 172802 ns, At safepoint: 9089 ns, Total: 181891 ns
[2022-07-20T09:53:56.431+0000][7][safepoint   ] Safepoint "Cleanup", Time since last: 1000107179 ns, Reaching safepoint: 94176 ns, At safepoint: 6086 ns, Total: 100262 ns
[2022-07-20T09:53:59.432+0000][7][safepoint   ] Safepoint "Cleanup", Time since last: 3000509975 ns, Reaching safepoint: 126099 ns, At safepoint: 8579 ns, Total: 134678 ns
[2022-07-20T09:54:01.433+0000][7][safepoint   ] Safepoint "Cleanup", Time since last: 2000707054 ns, Reaching safepoint: 176722 ns, At safepoint: 8657 ns, Total: 185379 ns
[2022-07-20T09:54:02.433+0000][7][safepoint   ] Safepoint "Cleanup", Time since last: 1000166104 ns, Reaching safepoint: 105114 ns, At safepoint: 6813 ns, Total: 111927 ns
[2022-07-20T09:54:04.393+0000][7][gc,start    ] GC(55) Pause Young (Concurrent Start) (G1 Evacuation Pause)
[2022-07-20T09:54:04.393+0000][7][gc,task     ] GC(55) Using 4 workers of 4 for evacuation
[2022-07-20T09:54:04.393+0000][7][gc,age      ] GC(55) Desired survivor size 8388608 bytes, new threshold 15 (max threshold 15)
[2022-07-20T09:54:04.403+0000][7][gc,age      ] GC(55) Age table with threshold 15 (max threshold 15)
[2022-07-20T09:54:04.403+0000][7][gc,age      ] GC(55) - age   1:    1510672 bytes,    1510672 total
[2022-07-20T09:54:04.403+0000][7][gc,age      ] GC(55) - age   2:     205736 bytes,    1716408 total
[2022-07-20T09:54:04.403+0000][7][gc,age      ] GC(55) - age   3:     167120 bytes,    1883528 total
[2022-07-20T09:54:04.403+0000][7][gc,age      ] GC(55) - age   4:       8664 bytes,    1892192 total
[2022-07-20T09:54:04.403+0000][7][gc,age      ] GC(55) - age   5:     293008 bytes,    2185200 total
[2022-07-20T09:54:04.403+0000][7][gc,age      ] GC(55) - age   6:      33648 bytes,    2218848 total
[2022-07-20T09:54:04.403+0000][7][gc,age      ] GC(55) - age   7:    1420192 bytes,    3639040 total
[2022-07-20T09:54:04.403+0000][7][gc,age      ] GC(55) - age   8:     283440 bytes,    3922480 total
[2022-07-20T09:54:04.403+0000][7][gc,age      ] GC(55) - age   9:      28344 bytes,    3950824 total
[2022-07-20T09:54:04.403+0000][7][gc,age      ] GC(55) - age  10:      10712 bytes,    3961536 total
[2022-07-20T09:54:04.403+0000][7][gc,age      ] GC(55) - age  11:      19032 bytes,    3980568 total
[2022-07-20T09:54:04.403+0000][7][gc,age      ] GC(55) - age  12:      10352 bytes,    3990920 total
[2022-07-20T09:54:04.403+0000][7][gc,age      ] GC(55) - age  13:      26656 bytes,    4017576 total
[2022-07-20T09:54:04.403+0000][7][gc,age      ] GC(55) - age  14:     421080 bytes,    4438656 total
[2022-07-20T09:54:04.403+0000][7][gc,age      ] GC(55) - age  15:     715952 bytes,    5154608 total
[2022-07-20T09:54:04.403+0000][7][gc,phases   ] GC(55)   Pre Evacuate Collection Set: 0.1ms
[2022-07-20T09:54:04.403+0000][7][gc,phases   ] GC(55)   Merge Heap Roots: 0.1ms
[2022-07-20T09:54:04.403+0000][7][gc,phases   ] GC(55)   Evacuate Collection Set: 8.8ms
[2022-07-20T09:54:04.403+0000][7][gc,phases   ] GC(55)   Post Evacuate Collection Set: 1.4ms
[2022-07-20T09:54:04.403+0000][7][gc,phases   ] GC(55)   Other: 0.4ms
[2022-07-20T09:54:04.403+0000][7][gc,heap     ] GC(55) Eden regions: 23->0(23)
[2022-07-20T09:54:04.403+0000][7][gc,heap     ] GC(55) Survivor regions: 2->2(4)
[2022-07-20T09:54:04.403+0000][7][gc,heap     ] GC(55) Old regions: 23->23
[2022-07-20T09:54:04.403+0000][7][gc,heap     ] GC(55) Archive regions: 2->2
[2022-07-20T09:54:04.403+0000][7][gc,heap     ] GC(55) Humongous regions: 2->2
[2022-07-20T09:54:04.403+0000][7][gc,metaspace] GC(55) Metaspace: 107193K(111992K)->107193K(111992K) NonClass: 93237K(96684K)->93237K(96684K) Class: 13955K(15308K)->13955K(15308K)
[2022-07-20T09:54:04.403+0000][7][gc          ] GC(55) Pause Young (Concurrent Start) (G1 Evacuation Pause) 198M->105M(256M) 10.866ms
[2022-07-20T09:54:04.403+0000][7][gc,cpu      ] GC(55) User=0.03s Sys=0.00s Real=0.02s
[2022-07-20T09:54:04.403+0000][7][gc          ] GC(56) Concurrent Cycle
[2022-07-20T09:54:04.403+0000][7][safepoint   ] Safepoint "G1CollectForAllocation", Time since last: 1959234454 ns, Reaching safepoint: 84562 ns, At safepoint: 10957069 ns, Total: 11041631 ns
[2022-07-20T09:54:04.404+0000][7][gc,marking  ] GC(56) Concurrent Clear Claimed Marks
[2022-07-20T09:54:04.404+0000][7][gc,marking  ] GC(56) Concurrent Clear Claimed Marks 0.117ms
[2022-07-20T09:54:04.404+0000][7][gc,marking  ] GC(56) Concurrent Scan Root Regions
[2022-07-20T09:54:04.409+0000][7][gc,marking  ] GC(56) Concurrent Scan Root Regions 5.556ms
[2022-07-20T09:54:04.409+0000][7][gc,marking  ] GC(56) Concurrent Mark (592.061s)
[2022-07-20T09:54:04.409+0000][7][gc,marking  ] GC(56) Concurrent Mark From Roots
[2022-07-20T09:54:04.409+0000][7][gc,task     ] GC(56) Using 1 workers of 1 for marking
[2022-07-20T09:54:04.565+0000][7][gc,marking  ] GC(56) Concurrent Mark From Roots 155.672ms
[2022-07-20T09:54:04.565+0000][7][gc,marking  ] GC(56) Concurrent Preclean
[2022-07-20T09:54:04.565+0000][7][gc,marking  ] GC(56) Concurrent Preclean 0.172ms
[2022-07-20T09:54:04.565+0000][7][gc,marking  ] GC(56) Concurrent Mark (592.061s, 592.217s) 155.918ms
[2022-07-20T09:54:04.565+0000][7][gc,start    ] GC(56) Pause Remark
[2022-07-20T09:54:04.574+0000][7][gc          ] GC(56) Pause Remark 116M->116M(256M) 8.864ms
[2022-07-20T09:54:04.574+0000][7][gc,cpu      ] GC(56) User=0.04s Sys=0.00s Real=0.00s
[2022-07-20T09:54:04.574+0000][7][safepoint   ] Safepoint "G1Concurrent", Time since last: 161704193 ns, Reaching safepoint: 100324 ns, At safepoint: 8965037 ns, Total: 9065361 ns
[2022-07-20T09:54:04.574+0000][7][gc,marking  ] GC(56) Concurrent Rebuild Remembered Sets
[2022-07-20T09:54:04.676+0000][7][gc,marking  ] GC(56) Concurrent Rebuild Remembered Sets 101.521ms
[2022-07-20T09:54:04.676+0000][7][gc,start    ] GC(56) Pause Cleanup
[2022-07-20T09:54:04.676+0000][7][gc          ] GC(56) Pause Cleanup 131M->131M(256M) 0.083ms
[2022-07-20T09:54:04.676+0000][7][gc,cpu      ] GC(56) User=0.00s Sys=0.00s Real=0.00s
[2022-07-20T09:54:04.676+0000][7][safepoint   ] Safepoint "G1Concurrent", Time since last: 101633902 ns, Reaching safepoint: 99383 ns, At safepoint: 156688 ns, Total: 256071 ns
[2022-07-20T09:54:04.676+0000][7][gc,marking  ] GC(56) Concurrent Cleanup for Next Mark
[2022-07-20T09:54:04.676+0000][7][gc,marking  ] GC(56) Concurrent Cleanup for Next Mark 0.241ms
[2022-07-20T09:54:04.676+0000][7][gc          ] GC(56) Concurrent Cycle 272.978ms
[2022-07-20T09:54:05.676+0000][7][safepoint   ] Safepoint "Cleanup", Time since last: 1000177813 ns, Reaching safepoint: 139490 ns, At safepoint: 7500 ns, Total: 146990 ns
[2022-07-20T09:54:11.678+0000][7][safepoint   ] Safepoint "Cleanup", Time since last: 6001544671 ns, Reaching safepoint: 161897 ns, At safepoint: 9091 ns, Total: 170988 ns
[2022-07-20T09:54:13.679+0000][7][safepoint   ] Safepoint "Cleanup", Time since last: 2000298916 ns, Reaching safepoint: 123014 ns, At safepoint: 8617 ns, Total: 131631 ns
[2022-07-20T09:54:14.679+0000][7][safepoint   ] Safepoint "Cleanup", Time since last: 1000158166 ns, Reaching safepoint: 109459 ns, At safepoint: 5344 ns, Total: 114803 ns
[2022-07-20T09:54:16.679+0000][7][safepoint   ] Safepoint "Cleanup", Time since last: 2000292270 ns, Reaching safepoint: 121261 ns, At safepoint: 7345 ns, Total: 128606 ns
[2022-07-20T09:54:21.680+0000][7][safepoint   ] Safepoint "Cleanup", Time since last: 5000975601 ns, Reaching safepoint: 120317 ns, At safepoint: 9264 ns, Total: 129581 ns
[2022-07-20T09:54:22.681+0000][7][safepoint   ] Safepoint "Cleanup", Time since last: 1000183361 ns, Reaching safepoint: 111424 ns, At safepoint: 6927 ns, Total: 118351 ns
[2022-07-20T09:54:25.682+0000][7][safepoint   ] Safepoint "Cleanup", Time since last: 3000683065 ns, Reaching safepoint: 114569 ns, At safepoint: 3961 ns, Total: 118530 ns
[2022-07-20T09:54:26.682+0000][7][safepoint   ] Safepoint "Cleanup", Time since last: 1000157306 ns, Reaching safepoint: 100486 ns, At safepoint: 5237 ns, Total: 105723 ns
[2022-07-20T09:54:27.682+0000][7][safepoint   ] Safepoint "Cleanup", Time since last: 1000449358 ns, Reaching safepoint: 154041 ns, At safepoint: 8598 ns, Total: 162639 ns
[2022-07-20T09:54:28.683+0000][7][safepoint   ] Safepoint "Cleanup", Time since last: 1000274256 ns, Reaching safepoint: 240275 ns, At safepoint: 10167 ns, Total: 250442 ns
[2022-07-20T09:54:31.683+0000][7][safepoint   ] Safepoint "Cleanup", Time since last: 3000377209 ns, Reaching safepoint: 110109 ns, At safepoint: 7530 ns, Total: 117639 ns
[2022-07-20T09:54:34.684+0000][7][safepoint   ] Safepoint "Cleanup", Time since last: 3000271841 ns, Reaching safepoint: 214812 ns, At safepoint: 9406 ns, Total: 224218 ns
[2022-07-20T09:54:37.685+0000][7][safepoint   ] Safepoint "Cleanup", Time since last: 3000844769 ns, Reaching safepoint: 155589 ns, At safepoint: 7833 ns, Total: 163422 ns
[2022-07-20T09:54:40.424+0000][7][gc,start    ] GC(57) Pause Young (Normal) (G1 Evacuation Pause)
[2022-07-20T09:54:40.424+0000][7][gc,task     ] GC(57) Using 4 workers of 4 for evacuation
[2022-07-20T09:54:40.424+0000][7][gc,age      ] GC(57) Desired survivor size 8388608 bytes, new threshold 15 (max threshold 15)
[2022-07-20T09:54:40.434+0000][7][gc,age      ] GC(57) Age table with threshold 15 (max threshold 15)
[2022-07-20T09:54:40.434+0000][7][gc,age      ] GC(57) - age   1:    1486544 bytes,    1486544 total
[2022-07-20T09:54:40.434+0000][7][gc,age      ] GC(57) - age   2:     176560 bytes,    1663104 total
[2022-07-20T09:54:40.434+0000][7][gc,age      ] GC(57) - age   3:      53392 bytes,    1716496 total
[2022-07-20T09:54:40.434+0000][7][gc,age      ] GC(57) - age   4:     165664 bytes,    1882160 total
[2022-07-20T09:54:40.434+0000][7][gc,age      ] GC(57) - age   5:       8664 bytes,    1890824 total
[2022-07-20T09:54:40.434+0000][7][gc,age      ] GC(57) - age   6:     292944 bytes,    2183768 total
[2022-07-20T09:54:40.434+0000][7][gc,age      ] GC(57) - age   7:      33336 bytes,    2217104 total
[2022-07-20T09:54:40.434+0000][7][gc,age      ] GC(57) - age   8:    1420192 bytes,    3637296 total
[2022-07-20T09:54:40.434+0000][7][gc,age      ] GC(57) - age   9:     283144 bytes,    3920440 total
[2022-07-20T09:54:40.434+0000][7][gc,age      ] GC(57) - age  10:      28344 bytes,    3948784 total
[2022-07-20T09:54:40.434+0000][7][gc,age      ] GC(57) - age  11:      10712 bytes,    3959496 total
[2022-07-20T09:54:40.434+0000][7][gc,age      ] GC(57) - age  12:      19032 bytes,    3978528 total
[2022-07-20T09:54:40.434+0000][7][gc,age      ] GC(57) - age  13:      10352 bytes,    3988880 total
[2022-07-20T09:54:40.434+0000][7][gc,age      ] GC(57) - age  14:      26656 bytes,    4015536 total
[2022-07-20T09:54:40.434+0000][7][gc,age      ] GC(57) - age  15:     421040 bytes,    4436576 total
[2022-07-20T09:54:40.434+0000][7][gc,phases   ] GC(57)   Pre Evacuate Collection Set: 0.1ms
[2022-07-20T09:54:40.434+0000][7][gc,phases   ] GC(57)   Merge Heap Roots: 0.1ms
[2022-07-20T09:54:40.434+0000][7][gc,phases   ] GC(57)   Evacuate Collection Set: 8.7ms
[2022-07-20T09:54:40.434+0000][7][gc,phases   ] GC(57)   Post Evacuate Collection Set: 0.7ms
[2022-07-20T09:54:40.434+0000][7][gc,phases   ] GC(57)   Other: 0.4ms
[2022-07-20T09:54:40.434+0000][7][gc,heap     ] GC(57) Eden regions: 23->0(23)
[2022-07-20T09:54:40.434+0000][7][gc,heap     ] GC(57) Survivor regions: 2->2(4)
[2022-07-20T09:54:40.434+0000][7][gc,heap     ] GC(57) Old regions: 23->23
[2022-07-20T09:54:40.434+0000][7][gc,heap     ] GC(57) Archive regions: 2->2
[2022-07-20T09:54:40.434+0000][7][gc,heap     ] GC(57) Humongous regions: 2->2
[2022-07-20T09:54:40.434+0000][7][gc,metaspace] GC(57) Metaspace: 107301K(112248K)->107301K(112248K) NonClass: 93345K(96940K)->93345K(96940K) Class: 13955K(15308K)->13955K(15308K)
[2022-07-20T09:54:40.434+0000][7][gc          ] GC(57) Pause Young (Normal) (G1 Evacuation Pause) 197M->105M(256M) 10.009ms
[2022-07-20T09:54:40.434+0000][7][gc,cpu      ] GC(57) User=0.03s Sys=0.00s Real=0.00s
[2022-07-20T09:54:40.434+0000][7][safepoint   ] Safepoint "G1CollectForAllocation", Time since last: 2738922398 ns, Reaching safepoint: 98145 ns, At safepoint: 10116540 ns, Total: 10214685 ns
[2022-07-20T09:54:41.435+0000][7][safepoint   ] Safepoint "Cleanup", Time since last: 1000272720 ns, Reaching safepoint: 147912 ns, At safepoint: 7664 ns, Total: 155576 ns
[2022-07-20T09:54:46.435+0000][7][safepoint   ] Safepoint "Cleanup", Time since last: 5000631585 ns, Reaching safepoint: 216609 ns, At safepoint: 14135 ns, Total: 230744 ns
[2022-07-20T09:54:52.437+0000][7][safepoint   ] Safepoint "Cleanup", Time since last: 6001239866 ns, Reaching safepoint: 124429 ns, At safepoint: 10419 ns, Total: 134848 ns
[2022-07-20T09:54:53.437+0000][7][safepoint   ] Safepoint "Cleanup", Time since last: 1000522877 ns, Reaching safepoint: 134418 ns, At safepoint: 7607 ns, Total: 142025 ns
[2022-07-20T09:54:54.438+0000][7][safepoint   ] Safepoint "Cleanup", Time since last: 1000305009 ns, Reaching safepoint: 147103 ns, At safepoint: 14277 ns, Total: 161380 ns
[2022-07-20T09:54:55.438+0000][7][safepoint   ] Safepoint "Cleanup", Time since last: 1000169305 ns, Reaching safepoint: 273171 ns, At safepoint: 6573 ns, Total: 279744 ns
[2022-07-20T09:54:56.439+0000][7][safepoint   ] Safepoint "Cleanup", Time since last: 1000184635 ns, Reaching safepoint: 124351 ns, At safepoint: 6646 ns, Total: 130997 ns
[2022-07-20T09:55:00.440+0000][7][safepoint   ] Safepoint "Cleanup", Time since last: 4000836717 ns, Reaching safepoint: 203697 ns, At safepoint: 9495 ns, Total: 213192 ns
[2022-07-20T09:55:01.440+0000][7][safepoint   ] Safepoint "Cleanup", Time since last: 1000359916 ns, Reaching safepoint: 137162 ns, At safepoint: 9467 ns, Total: 146629 ns
[2022-07-20T09:55:02.441+0000][7][safepoint   ] Safepoint "Cleanup", Time since last: 1000296118 ns, Reaching safepoint: 134634 ns, At safepoint: 8845 ns, Total: 143479 ns
[2022-07-20T09:55:03.441+0000][7][safepoint   ] Safepoint "Cleanup", Time since last: 1000333274 ns, Reaching safepoint: 156131 ns, At safepoint: 8411 ns, Total: 164542 ns
[2022-07-20T09:55:04.441+0000][7][safepoint   ] Safepoint "Cleanup", Time since last: 1000230968 ns, Reaching safepoint: 124254 ns, At safepoint: 6870 ns, Total: 131124 ns
[2022-07-20T09:55:05.442+0000][7][safepoint   ] Safepoint "Cleanup", Time since last: 1000281039 ns, Reaching safepoint: 156105 ns, At safepoint: 10320 ns, Total: 166425 ns
[2022-07-20T09:55:07.442+0000][7][safepoint   ] Safepoint "Cleanup", Time since last: 2000220077 ns, Reaching safepoint: 166123 ns, At safepoint: 7100 ns, Total: 173223 ns
[2022-07-20T09:55:08.443+0000][7][safepoint   ] Safepoint "Cleanup", Time since last: 1000296620 ns, Reaching safepoint: 210035 ns, At safepoint: 9626 ns, Total: 219661 ns
[2022-07-20T09:55:09.443+0000][7][safepoint   ] Safepoint "Cleanup", Time since last: 1000212559 ns, Reaching safepoint: 155768 ns, At safepoint: 10325 ns, Total: 166093 ns
[2022-07-20T09:55:10.444+0000][7][safepoint   ] Safepoint "Cleanup", Time since last: 1000161087 ns, Reaching safepoint: 159341 ns, At safepoint: 10130 ns, Total: 169471 ns
[2022-07-20T09:55:12.444+0000][7][safepoint   ] Safepoint "Cleanup", Time since last: 2000400371 ns, Reaching safepoint: 154120 ns, At safepoint: 9376 ns, Total: 163496 ns
[2022-07-20T09:55:13.394+0000][7][gc,start    ] GC(58) Pause Young (Concurrent Start) (G1 Evacuation Pause)
[2022-07-20T09:55:13.394+0000][7][gc,task     ] GC(58) Using 4 workers of 4 for evacuation
[2022-07-20T09:55:13.394+0000][7][gc,age      ] GC(58) Desired survivor size 8388608 bytes, new threshold 15 (max threshold 15)
[2022-07-20T09:55:13.402+0000][7][gc,age      ] GC(58) Age table with threshold 15 (max threshold 15)
[2022-07-20T09:55:13.402+0000][7][gc,age      ] GC(58) - age   1:    1264928 bytes,    1264928 total
[2022-07-20T09:55:13.402+0000][7][gc,age      ] GC(58) - age   2:     177496 bytes,    1442424 total
[2022-07-20T09:55:13.402+0000][7][gc,age      ] GC(58) - age   3:      14400 bytes,    1456824 total
[2022-07-20T09:55:13.402+0000][7][gc,age      ] GC(58) - age   4:      52720 bytes,    1509544 total
[2022-07-20T09:55:13.402+0000][7][gc,age      ] GC(58) - age   5:     165536 bytes,    1675080 total
[2022-07-20T09:55:13.402+0000][7][gc,age      ] GC(58) - age   6:       8600 bytes,    1683680 total
[2022-07-20T09:55:13.402+0000][7][gc,age      ] GC(58) - age   7:     292624 bytes,    1976304 total
[2022-07-20T09:55:13.402+0000][7][gc,age      ] GC(58) - age   8:      33304 bytes,    2009608 total
[2022-07-20T09:55:13.402+0000][7][gc,age      ] GC(58) - age   9:    1412216 bytes,    3421824 total
[2022-07-20T09:55:13.402+0000][7][gc,age      ] GC(58) - age  10:     282864 bytes,    3704688 total
[2022-07-20T09:55:13.402+0000][7][gc,age      ] GC(58) - age  11:      28344 bytes,    3733032 total
[2022-07-20T09:55:13.402+0000][7][gc,age      ] GC(58) - age  12:      10712 bytes,    3743744 total
[2022-07-20T09:55:13.402+0000][7][gc,age      ] GC(58) - age  13:      19032 bytes,    3762776 total
[2022-07-20T09:55:13.402+0000][7][gc,age      ] GC(58) - age  14:      10152 bytes,    3772928 total
[2022-07-20T09:55:13.402+0000][7][gc,age      ] GC(58) - age  15:      26656 bytes,    3799584 total
[2022-07-20T09:55:13.402+0000][7][gc,phases   ] GC(58)   Pre Evacuate Collection Set: 0.2ms
[2022-07-20T09:55:13.402+0000][7][gc,phases   ] GC(58)   Merge Heap Roots: 0.1ms
[2022-07-20T09:55:13.402+0000][7][gc,phases   ] GC(58)   Evacuate Collection Set: 6.6ms
[2022-07-20T09:55:13.402+0000][7][gc,phases   ] GC(58)   Post Evacuate Collection Set: 1.3ms
[2022-07-20T09:55:13.403+0000][7][gc,phases   ] GC(58)   Other: 0.4ms
[2022-07-20T09:55:13.403+0000][7][gc,heap     ] GC(58) Eden regions: 23->0(24)
[2022-07-20T09:55:13.403+0000][7][gc,heap     ] GC(58) Survivor regions: 2->1(4)
[2022-07-20T09:55:13.403+0000][7][gc,heap     ] GC(58) Old regions: 23->23
[2022-07-20T09:55:13.403+0000][7][gc,heap     ] GC(58) Archive regions: 2->2
[2022-07-20T09:55:13.403+0000][7][gc,heap     ] GC(58) Humongous regions: 2->2
[2022-07-20T09:55:13.403+0000][7][gc,metaspace] GC(58) Metaspace: 107500K(112248K)->107500K(112248K) NonClass: 93516K(96940K)->93516K(96940K) Class: 13984K(15308K)->13984K(15308K)
[2022-07-20T09:55:13.403+0000][7][gc          ] GC(58) Pause Young (Concurrent Start) (G1 Evacuation Pause) 197M->105M(256M) 8.650ms
[2022-07-20T09:55:13.403+0000][7][gc,cpu      ] GC(58) User=0.03s Sys=0.00s Real=0.02s
[2022-07-20T09:55:13.403+0000][7][gc          ] GC(59) Concurrent Cycle
[2022-07-20T09:55:13.403+0000][7][safepoint   ] Safepoint "G1CollectForAllocation", Time since last: 949706255 ns, Reaching safepoint: 92428 ns, At safepoint: 8779359 ns, Total: 8871787 ns
[2022-07-20T09:55:13.403+0000][7][gc,marking  ] GC(59) Concurrent Clear Claimed Marks
[2022-07-20T09:55:13.403+0000][7][gc,marking  ] GC(59) Concurrent Clear Claimed Marks 0.114ms
[2022-07-20T09:55:13.403+0000][7][gc,marking  ] GC(59) Concurrent Scan Root Regions
[2022-07-20T09:55:13.408+0000][7][gc,marking  ] GC(59) Concurrent Scan Root Regions 5.456ms
[2022-07-20T09:55:13.408+0000][7][gc,marking  ] GC(59) Concurrent Mark (661.060s)
[2022-07-20T09:55:13.408+0000][7][gc,marking  ] GC(59) Concurrent Mark From Roots
[2022-07-20T09:55:13.408+0000][7][gc,task     ] GC(59) Using 1 workers of 1 for marking
[2022-07-20T09:55:13.550+0000][7][gc,marking  ] GC(59) Concurrent Mark From Roots 141.510ms
[2022-07-20T09:55:13.550+0000][7][gc,marking  ] GC(59) Concurrent Preclean
[2022-07-20T09:55:13.550+0000][7][gc,marking  ] GC(59) Concurrent Preclean 0.209ms
[2022-07-20T09:55:13.550+0000][7][gc,marking  ] GC(59) Concurrent Mark (661.060s, 661.202s) 141.794ms
[2022-07-20T09:55:13.550+0000][7][gc,start    ] GC(59) Pause Remark
[2022-07-20T09:55:13.566+0000][7][gc          ] GC(59) Pause Remark 106M->106M(256M) 15.787ms
[2022-07-20T09:55:13.566+0000][7][gc,cpu      ] GC(59) User=0.06s Sys=0.00s Real=0.02s
[2022-07-20T09:55:13.566+0000][7][safepoint   ] Safepoint "G1Concurrent", Time since last: 147518008 ns, Reaching safepoint: 136037 ns, At safepoint: 15900517 ns, Total: 16036554 ns
[2022-07-20T09:55:13.566+0000][7][gc,marking  ] GC(59) Concurrent Rebuild Remembered Sets
[2022-07-20T09:55:13.656+0000][7][gc,marking  ] GC(59) Concurrent Rebuild Remembered Sets 89.554ms
[2022-07-20T09:55:13.656+0000][7][gc,start    ] GC(59) Pause Cleanup
[2022-07-20T09:55:13.656+0000][7][gc          ] GC(59) Pause Cleanup 106M->106M(256M) 0.105ms
[2022-07-20T09:55:13.656+0000][7][gc,cpu      ] GC(59) User=0.00s Sys=0.00s Real=0.00s
[2022-07-20T09:55:13.656+0000][7][safepoint   ] Safepoint "G1Concurrent", Time since last: 89677899 ns, Reaching safepoint: 149116 ns, At safepoint: 167050 ns, Total: 316166 ns
[2022-07-20T09:55:13.656+0000][7][gc,marking  ] GC(59) Concurrent Cleanup for Next Mark
[2022-07-20T09:55:13.657+0000][7][gc,marking  ] GC(59) Concurrent Cleanup for Next Mark 0.227ms
[2022-07-20T09:55:13.657+0000][7][gc          ] GC(59) Concurrent Cycle 253.873ms
[2022-07-20T09:55:14.657+0000][7][safepoint   ] Safepoint "Cleanup", Time since last: 1000316905 ns, Reaching safepoint: 221729 ns, At safepoint: 25803 ns, Total: 247532 ns
[2022-07-20T09:55:15.657+0000][7][safepoint   ] Safepoint "Cleanup", Time since last: 1000303721 ns, Reaching safepoint: 231113 ns, At safepoint: 23216 ns, Total: 254329 ns
[2022-07-20T09:55:16.409+0000][7][safepoint   ] Safepoint "ICBufferFull", Time since last: 750918240 ns, Reaching safepoint: 232970 ns, At safepoint: 9789 ns, Total: 242759 ns
[2022-07-20T09:55:16.436+0000][7][safepoint   ] Safepoint "ICBufferFull", Time since last: 27483517 ns, Reaching safepoint: 192896 ns, At safepoint: 6822 ns, Total: 199718 ns
[2022-07-20T09:55:17.437+0000][7][safepoint   ] Safepoint "Cleanup", Time since last: 1000283296 ns, Reaching safepoint: 263586 ns, At safepoint: 9921 ns, Total: 273507 ns
[2022-07-20T09:55:19.437+0000][7][safepoint   ] Safepoint "Cleanup", Time since last: 2000393468 ns, Reaching safepoint: 139630 ns, At safepoint: 6340 ns, Total: 145970 ns
[2022-07-20T09:55:22.438+0000][7][safepoint   ] Safepoint "Cleanup", Time since last: 3000542562 ns, Reaching safepoint: 184381 ns, At safepoint: 9770 ns, Total: 194151 ns
[2022-07-20T09:55:23.439+0000][7][safepoint   ] Safepoint "Cleanup", Time since last: 1000373851 ns, Reaching safepoint: 145323 ns, At safepoint: 8931 ns, Total: 154254 ns
[2022-07-20T09:55:25.439+0000][7][safepoint   ] Safepoint "Cleanup", Time since last: 2000483113 ns, Reaching safepoint: 153445 ns, At safepoint: 11842 ns, Total: 165287 ns
[2022-07-20T09:55:26.440+0000][7][safepoint   ] Safepoint "Cleanup", Time since last: 1000180428 ns, Reaching safepoint: 180982 ns, At safepoint: 7492 ns, Total: 188474 ns
[2022-07-20T09:55:27.440+0000][7][safepoint   ] Safepoint "Cleanup", Time since last: 1000337693 ns, Reaching safepoint: 189030 ns, At safepoint: 10100 ns, Total: 199130 ns
[2022-07-20T09:55:28.441+0000][7][safepoint   ] Safepoint "Cleanup", Time since last: 1000292889 ns, Reaching safepoint: 101554 ns, At safepoint: 5855 ns, Total: 107409 ns
[2022-07-20T09:55:28.793+0000][7][safepoint   ] Safepoint "ICBufferFull", Time since last: 352399362 ns, Reaching safepoint: 265540 ns, At safepoint: 13363 ns, Total: 278903 ns
[2022-07-20T09:55:29.795+0000][7][safepoint   ] Safepoint "Cleanup", Time since last: 1001510859 ns, Reaching safepoint: 220382 ns, At safepoint: 7388 ns, Total: 227770 ns
[2022-07-20T09:55:31.796+0000][7][safepoint   ] Safepoint "Cleanup", Time since last: 2000436679 ns, Reaching safepoint: 136733 ns, At safepoint: 6348 ns, Total: 143081 ns
[2022-07-20T09:55:34.796+0000][7][safepoint   ] Safepoint "Cleanup", Time since last: 3000425527 ns, Reaching safepoint: 102008 ns, At safepoint: 9940 ns, Total: 111948 ns
[2022-07-20T09:55:40.797+0000][7][safepoint   ] Safepoint "Cleanup", Time since last: 6000595032 ns, Reaching safepoint: 138285 ns, At safepoint: 6716 ns, Total: 145001 ns
[2022-07-20T09:55:41.797+0000][7][safepoint   ] Safepoint "Cleanup", Time since last: 1000137456 ns, Reaching safepoint: 174711 ns, At safepoint: 8467 ns, Total: 183178 ns
[2022-07-20T09:55:42.797+0000][7][safepoint   ] Safepoint "Cleanup", Time since last: 1000176059 ns, Reaching safepoint: 120911 ns, At safepoint: 5559 ns, Total: 126470 ns
[2022-07-20T09:55:46.798+0000][7][safepoint   ] Safepoint "Cleanup", Time since last: 4000547725 ns, Reaching safepoint: 202673 ns, At safepoint: 12125 ns, Total: 214798 ns
[2022-07-20T09:55:49.799+0000][7][safepoint   ] Safepoint "Cleanup", Time since last: 3000282537 ns, Reaching safepoint: 103098 ns, At safepoint: 6656 ns, Total: 109754 ns
[2022-07-20T09:55:52.493+0000][7][gc,start    ] GC(60) Pause Young (Normal) (G1 Evacuation Pause)
[2022-07-20T09:55:52.494+0000][7][gc,task     ] GC(60) Using 4 workers of 4 for evacuation
[2022-07-20T09:55:52.494+0000][7][gc,age      ] GC(60) Desired survivor size 8388608 bytes, new threshold 15 (max threshold 15)
[2022-07-20T09:55:52.507+0000][7][gc,age      ] GC(60) Age table with threshold 15 (max threshold 15)
[2022-07-20T09:55:52.507+0000][7][gc,age      ] GC(60) - age   1:    1059272 bytes,    1059272 total
[2022-07-20T09:55:52.507+0000][7][gc,age      ] GC(60) - age   2:     111224 bytes,    1170496 total
[2022-07-20T09:55:52.507+0000][7][gc,age      ] GC(60) - age   3:     175672 bytes,    1346168 total
[2022-07-20T09:55:52.507+0000][7][gc,age      ] GC(60) - age   4:      13792 bytes,    1359960 total
[2022-07-20T09:55:52.507+0000][7][gc,age      ] GC(60) - age   5:      52560 bytes,    1412520 total
[2022-07-20T09:55:52.507+0000][7][gc,age      ] GC(60) - age   6:     165536 bytes,    1578056 total
[2022-07-20T09:55:52.507+0000][7][gc,age      ] GC(60) - age   7:       8600 bytes,    1586656 total
[2022-07-20T09:55:52.507+0000][7][gc,age      ] GC(60) - age   8:     292624 bytes,    1879280 total
[2022-07-20T09:55:52.507+0000][7][gc,age      ] GC(60) - age   9:      33304 bytes,    1912584 total
[2022-07-20T09:55:52.507+0000][7][gc,age      ] GC(60) - age  10:    1412144 bytes,    3324728 total
[2022-07-20T09:55:52.507+0000][7][gc,age      ] GC(60) - age  11:     282864 bytes,    3607592 total
[2022-07-20T09:55:52.507+0000][7][gc,age      ] GC(60) - age  12:      28344 bytes,    3635936 total
[2022-07-20T09:55:52.507+0000][7][gc,age      ] GC(60) - age  13:      10712 bytes,    3646648 total
[2022-07-20T09:55:52.507+0000][7][gc,age      ] GC(60) - age  14:      19032 bytes,    3665680 total
[2022-07-20T09:55:52.507+0000][7][gc,age      ] GC(60) - age  15:      10152 bytes,    3675832 total
[2022-07-20T09:55:52.507+0000][7][gc,phases   ] GC(60)   Pre Evacuate Collection Set: 0.1ms
[2022-07-20T09:55:52.507+0000][7][gc,phases   ] GC(60)   Merge Heap Roots: 0.1ms
[2022-07-20T09:55:52.507+0000][7][gc,phases   ] GC(60)   Evacuate Collection Set: 11.3ms
[2022-07-20T09:55:52.507+0000][7][gc,phases   ] GC(60)   Post Evacuate Collection Set: 1.6ms
[2022-07-20T09:55:52.507+0000][7][gc,phases   ] GC(60)   Other: 0.4ms
[2022-07-20T09:55:52.507+0000][7][gc,heap     ] GC(60) Eden regions: 24->0(24)
[2022-07-20T09:55:52.507+0000][7][gc,heap     ] GC(60) Survivor regions: 1->1(4)
[2022-07-20T09:55:52.507+0000][7][gc,heap     ] GC(60) Old regions: 23->23
[2022-07-20T09:55:52.507+0000][7][gc,heap     ] GC(60) Archive regions: 2->2
[2022-07-20T09:55:52.507+0000][7][gc,heap     ] GC(60) Humongous regions: 2->2
[2022-07-20T09:55:52.507+0000][7][gc,metaspace] GC(60) Metaspace: 107519K(112504K)->107519K(112504K) NonClass: 93544K(97196K)->93544K(97196K) Class: 13974K(15308K)->13974K(15308K)
[2022-07-20T09:55:52.507+0000][7][gc          ] GC(60) Pause Young (Normal) (G1 Evacuation Pause) 201M->105M(256M) 13.560ms
[2022-07-20T09:55:52.507+0000][7][gc,cpu      ] GC(60) User=0.04s Sys=0.00s Real=0.02s
[2022-07-20T09:55:52.507+0000][7][safepoint   ] Safepoint "G1CollectForAllocation", Time since last: 2694732785 ns, Reaching safepoint: 108682 ns, At safepoint: 13666445 ns, Total: 13775127 ns
[2022-07-20T09:55:53.507+0000][7][safepoint   ] Safepoint "Cleanup", Time since last: 1000129019 ns, Reaching safepoint: 163161 ns, At safepoint: 5402 ns, Total: 168563 ns
[2022-07-20T09:55:55.508+0000][7][safepoint   ] Safepoint "Cleanup", Time since last: 2000335705 ns, Reaching safepoint: 99547 ns, At safepoint: 6368 ns, Total: 105915 ns
[2022-07-20T09:56:01.509+0000][7][safepoint   ] Safepoint "Cleanup", Time since last: 6001125198 ns, Reaching safepoint: 248405 ns, At safepoint: 23397 ns, Total: 271802 ns
[2022-07-20T09:56:04.510+0000][7][safepoint   ] Safepoint "Cleanup", Time since last: 3000756946 ns, Reaching safepoint: 138572 ns, At safepoint: 8166 ns, Total: 146738 ns
[2022-07-20T09:56:09.511+0000][7][safepoint   ] Safepoint "Cleanup", Time since last: 5000560550 ns, Reaching safepoint: 117173 ns, At safepoint: 5517 ns, Total: 122690 ns
[2022-07-20T09:56:16.512+0000][7][safepoint   ] Safepoint "Cleanup", Time since last: 7000703770 ns, Reaching safepoint: 156183 ns, At safepoint: 7810 ns, Total: 163993 ns
[2022-07-20T09:56:17.512+0000][7][safepoint   ] Safepoint "Cleanup", Time since last: 1000255211 ns, Reaching safepoint: 157134 ns, At safepoint: 4163 ns, Total: 161297 ns
[2022-07-20T09:56:19.513+0000][7][safepoint   ] Safepoint "Cleanup", Time since last: 2000267330 ns, Reaching safepoint: 147772 ns, At safepoint: 7168 ns, Total: 154940 ns
[2022-07-20T09:56:21.513+0000][7][safepoint   ] Safepoint "Cleanup", Time since last: 2000452290 ns, Reaching safepoint: 165090 ns, At safepoint: 9091 ns, Total: 174181 ns
[2022-07-20T09:56:23.514+0000][7][safepoint   ] Safepoint "Cleanup", Time since last: 2000421216 ns, Reaching safepoint: 227358 ns, At safepoint: 9665 ns, Total: 237023 ns
[2022-07-20T09:56:29.515+0000][7][safepoint   ] Safepoint "Cleanup", Time since last: 6000976055 ns, Reaching safepoint: 152611 ns, At safepoint: 9802 ns, Total: 162413 ns
[2022-07-20T09:56:37.516+0000][7][safepoint   ] Safepoint "Cleanup", Time since last: 8001080398 ns, Reaching safepoint: 115119 ns, At safepoint: 4277 ns, Total: 119396 ns
[2022-07-20T09:56:37.865+0000][7][gc,start    ] GC(61) Pause Young (Concurrent Start) (G1 Evacuation Pause)
[2022-07-20T09:56:37.865+0000][7][gc,task     ] GC(61) Using 4 workers of 4 for evacuation
[2022-07-20T09:56:37.865+0000][7][gc,age      ] GC(61) Desired survivor size 8388608 bytes, new threshold 15 (max threshold 15)
[2022-07-20T09:56:37.872+0000][7][gc,age      ] GC(61) Age table with threshold 15 (max threshold 15)
[2022-07-20T09:56:37.872+0000][7][gc,age      ] GC(61) - age   1:    1521288 bytes,    1521288 total
[2022-07-20T09:56:37.872+0000][7][gc,age      ] GC(61) - age   2:     198184 bytes,    1719472 total
[2022-07-20T09:56:37.872+0000][7][gc,age      ] GC(61) - age   3:      93456 bytes,    1812928 total
[2022-07-20T09:56:37.872+0000][7][gc,age      ] GC(61) - age   4:      12272 bytes,    1825200 total
[2022-07-20T09:56:37.872+0000][7][gc,age      ] GC(61) - age   5:      13728 bytes,    1838928 total
[2022-07-20T09:56:37.872+0000][7][gc,age      ] GC(61) - age   6:      52528 bytes,    1891456 total
[2022-07-20T09:56:37.872+0000][7][gc,age      ] GC(61) - age   7:     165536 bytes,    2056992 total
[2022-07-20T09:56:37.872+0000][7][gc,age      ] GC(61) - age   8:       8600 bytes,    2065592 total
[2022-07-20T09:56:37.872+0000][7][gc,age      ] GC(61) - age   9:     292328 bytes,    2357920 total
[2022-07-20T09:56:37.872+0000][7][gc,age      ] GC(61) - age  10:      33304 bytes,    2391224 total
[2022-07-20T09:56:37.872+0000][7][gc,age      ] GC(61) - age  11:    1412144 bytes,    3803368 total
[2022-07-20T09:56:37.872+0000][7][gc,age      ] GC(61) - age  12:     282864 bytes,    4086232 total
[2022-07-20T09:56:37.872+0000][7][gc,age      ] GC(61) - age  13:      28344 bytes,    4114576 total
[2022-07-20T09:56:37.872+0000][7][gc,age      ] GC(61) - age  14:      10712 bytes,    4125288 total
[2022-07-20T09:56:37.872+0000][7][gc,age      ] GC(61) - age  15:      19032 bytes,    4144320 total
[2022-07-20T09:56:37.872+0000][7][gc,phases   ] GC(61)   Pre Evacuate Collection Set: 0.2ms
[2022-07-20T09:56:37.872+0000][7][gc,phases   ] GC(61)   Merge Heap Roots: 0.1ms
[2022-07-20T09:56:37.872+0000][7][gc,phases   ] GC(61)   Evacuate Collection Set: 5.8ms
[2022-07-20T09:56:37.872+0000][7][gc,phases   ] GC(61)   Post Evacuate Collection Set: 0.7ms
[2022-07-20T09:56:37.872+0000][7][gc,phases   ] GC(61)   Other: 0.4ms
[2022-07-20T09:56:37.872+0000][7][gc,heap     ] GC(61) Eden regions: 24->0(23)
[2022-07-20T09:56:37.872+0000][7][gc,heap     ] GC(61) Survivor regions: 1->2(4)
[2022-07-20T09:56:37.872+0000][7][gc,heap     ] GC(61) Old regions: 23->23
[2022-07-20T09:56:37.872+0000][7][gc,heap     ] GC(61) Archive regions: 2->2
[2022-07-20T09:56:37.872+0000][7][gc,heap     ] GC(61) Humongous regions: 2->2
[2022-07-20T09:56:37.872+0000][7][gc,metaspace] GC(61) Metaspace: 107588K(112504K)->107588K(112504K) NonClass: 93613K(97196K)->93613K(97196K) Class: 13974K(15308K)->13974K(15308K)
[2022-07-20T09:56:37.872+0000][7][gc          ] GC(61) Pause Young (Concurrent Start) (G1 Evacuation Pause) 201M->105M(256M) 7.261ms
[2022-07-20T09:56:37.872+0000][7][gc,cpu      ] GC(61) User=0.02s Sys=0.00s Real=0.00s
[2022-07-20T09:56:37.872+0000][7][safepoint   ] Safepoint "G1CollectForAllocation", Time since last: 348324609 ns, Reaching safepoint: 141935 ns, At safepoint: 7379806 ns, Total: 7521741 ns
[2022-07-20T09:56:37.872+0000][7][gc          ] GC(62) Concurrent Cycle
[2022-07-20T09:56:37.872+0000][7][gc,marking  ] GC(62) Concurrent Clear Claimed Marks
[2022-07-20T09:56:37.872+0000][7][gc,marking  ] GC(62) Concurrent Clear Claimed Marks 0.121ms
[2022-07-20T09:56:37.872+0000][7][gc,marking  ] GC(62) Concurrent Scan Root Regions
[2022-07-20T09:56:37.877+0000][7][gc,marking  ] GC(62) Concurrent Scan Root Regions 4.495ms
[2022-07-20T09:56:37.877+0000][7][gc,marking  ] GC(62) Concurrent Mark (745.529s)
[2022-07-20T09:56:37.877+0000][7][gc,marking  ] GC(62) Concurrent Mark From Roots
[2022-07-20T09:56:37.877+0000][7][gc,task     ] GC(62) Using 1 workers of 1 for marking
[2022-07-20T09:56:38.034+0000][7][gc,marking  ] GC(62) Concurrent Mark From Roots 157.428ms
[2022-07-20T09:56:38.034+0000][7][gc,marking  ] GC(62) Concurrent Preclean
[2022-07-20T09:56:38.034+0000][7][gc,marking  ] GC(62) Concurrent Preclean 0.178ms
[2022-07-20T09:56:38.034+0000][7][gc,marking  ] GC(62) Concurrent Mark (745.529s, 745.686s) 157.688ms
[2022-07-20T09:56:38.035+0000][7][gc,start    ] GC(62) Pause Remark
[2022-07-20T09:56:38.051+0000][7][gc          ] GC(62) Pause Remark 111M->111M(256M) 16.246ms
[2022-07-20T09:56:38.051+0000][7][gc,cpu      ] GC(62) User=0.05s Sys=0.00s Real=0.01s
[2022-07-20T09:56:38.051+0000][7][safepoint   ] Safepoint "G1Concurrent", Time since last: 162445707 ns, Reaching safepoint: 93800 ns, At safepoint: 16360353 ns, Total: 16454153 ns
[2022-07-20T09:56:38.051+0000][7][gc,marking  ] GC(62) Concurrent Rebuild Remembered Sets
[2022-07-20T09:56:38.140+0000][7][gc,marking  ] GC(62) Concurrent Rebuild Remembered Sets 89.396ms
[2022-07-20T09:56:38.141+0000][7][gc,start    ] GC(62) Pause Cleanup
[2022-07-20T09:56:38.141+0000][7][gc          ] GC(62) Pause Cleanup 111M->111M(256M) 0.113ms
[2022-07-20T09:56:38.141+0000][7][gc,cpu      ] GC(62) User=0.00s Sys=0.00s Real=0.00s
[2022-07-20T09:56:38.141+0000][7][safepoint   ] Safepoint "G1Concurrent", Time since last: 89511085 ns, Reaching safepoint: 99494 ns, At safepoint: 196330 ns, Total: 295824 ns
[2022-07-20T09:56:38.141+0000][7][gc,marking  ] GC(62) Concurrent Cleanup for Next Mark
[2022-07-20T09:56:38.141+0000][7][gc,marking  ] GC(62) Concurrent Cleanup for Next Mark 0.261ms
[2022-07-20T09:56:38.141+0000][7][gc          ] GC(62) Concurrent Cycle 269.065ms
[2022-07-20T09:56:39.141+0000][7][safepoint   ] Safepoint "Cleanup", Time since last: 1000110658 ns, Reaching safepoint: 192357 ns, At safepoint: 8841 ns, Total: 201198 ns
[2022-07-20T09:56:40.432+0000][7][safepoint   ] Safepoint "ICBufferFull", Time since last: 1290239033 ns, Reaching safepoint: 457077 ns, At safepoint: 10827 ns, Total: 467904 ns
[2022-07-20T09:56:40.466+0000][7][safepoint   ] Safepoint "ICBufferFull", Time since last: 34184640 ns, Reaching safepoint: 222423 ns, At safepoint: 12618 ns, Total: 235041 ns
[2022-07-20T09:56:41.467+0000][7][safepoint   ] Safepoint "Cleanup", Time since last: 1000260812 ns, Reaching safepoint: 220150 ns, At safepoint: 10085 ns, Total: 230235 ns
[2022-07-20T09:56:42.467+0000][7][safepoint   ] Safepoint "Cleanup", Time since last: 1000183682 ns, Reaching safepoint: 108879 ns, At safepoint: 6524 ns, Total: 115403 ns
[2022-07-20T09:56:43.467+0000][7][safepoint   ] Safepoint "Cleanup", Time since last: 1000165091 ns, Reaching safepoint: 178466 ns, At safepoint: 7458 ns, Total: 185924 ns
[2022-07-20T09:56:49.468+0000][7][safepoint   ] Safepoint "Cleanup", Time since last: 6000873846 ns, Reaching safepoint: 182633 ns, At safepoint: 16289 ns, Total: 198922 ns
[2022-07-20T09:56:52.469+0000][7][safepoint   ] Safepoint "Cleanup", Time since last: 3000649731 ns, Reaching safepoint: 163084 ns, At safepoint: 8026 ns, Total: 171110 ns
[2022-07-20T09:56:52.920+0000][7][safepoint   ] Safepoint "ICBufferFull", Time since last: 450717656 ns, Reaching safepoint: 255547 ns, At safepoint: 8673 ns, Total: 264220 ns
[2022-07-20T09:56:53.921+0000][7][safepoint   ] Safepoint "Cleanup", Time since last: 1000221361 ns, Reaching safepoint: 201712 ns, At safepoint: 9512 ns, Total: 211224 ns
[2022-07-20T09:56:54.921+0000][7][safepoint   ] Safepoint "Cleanup", Time since last: 1000103111 ns, Reaching safepoint: 130341 ns, At safepoint: 5522 ns, Total: 135863 ns
[2022-07-20T09:56:55.921+0000][7][safepoint   ] Safepoint "Cleanup", Time since last: 1000154609 ns, Reaching safepoint: 129124 ns, At safepoint: 7515 ns, Total: 136639 ns
[2022-07-20T09:56:56.921+0000][7][safepoint   ] Safepoint "Cleanup", Time since last: 1000133106 ns, Reaching safepoint: 152951 ns, At safepoint: 8389 ns, Total: 161340 ns
[2022-07-20T09:56:58.922+0000][7][safepoint   ] Safepoint "Cleanup", Time since last: 2000603832 ns, Reaching safepoint: 95288 ns, At safepoint: 6314 ns, Total: 101602 ns
[2022-07-20T09:57:01.923+0000][7][safepoint   ] Safepoint "Cleanup", Time since last: 3000563642 ns, Reaching safepoint: 249845 ns, At safepoint: 28832 ns, Total: 278677 ns
[2022-07-20T09:57:02.923+0000][7][safepoint   ] Safepoint "Cleanup", Time since last: 1000155704 ns, Reaching safepoint: 136349 ns, At safepoint: 7752 ns, Total: 144101 ns
[2022-07-20T09:57:04.924+0000][7][safepoint   ] Safepoint "Cleanup", Time since last: 2000262066 ns, Reaching safepoint: 206394 ns, At safepoint: 7839 ns, Total: 214233 ns
[2022-07-20T09:57:08.925+0000][7][safepoint   ] Safepoint "Cleanup", Time since last: 4000760123 ns, Reaching safepoint: 109113 ns, At safepoint: 6774 ns, Total: 115887 ns
[2022-07-20T09:57:16.926+0000][7][safepoint   ] Safepoint "Cleanup", Time since last: 8001327713 ns, Reaching safepoint: 221036 ns, At safepoint: 5871 ns, Total: 226907 ns
[2022-07-20T09:57:16.937+0000][7][gc,start    ] GC(63) Pause Young (Normal) (G1 Evacuation Pause)
[2022-07-20T09:57:16.937+0000][7][gc,task     ] GC(63) Using 4 workers of 4 for evacuation
[2022-07-20T09:57:16.937+0000][7][gc,age      ] GC(63) Desired survivor size 8388608 bytes, new threshold 15 (max threshold 15)
[2022-07-20T09:57:16.944+0000][7][gc,age      ] GC(63) Age table with threshold 15 (max threshold 15)
[2022-07-20T09:57:16.944+0000][7][gc,age      ] GC(63) - age   1:    1034208 bytes,    1034208 total
[2022-07-20T09:57:16.944+0000][7][gc,age      ] GC(63) - age   2:     174520 bytes,    1208728 total
[2022-07-20T09:57:16.944+0000][7][gc,age      ] GC(63) - age   3:      21504 bytes,    1230232 total
[2022-07-20T09:57:16.944+0000][7][gc,age      ] GC(63) - age   4:      93168 bytes,    1323400 total
[2022-07-20T09:57:16.944+0000][7][gc,age      ] GC(63) - age   5:      11984 bytes,    1335384 total
[2022-07-20T09:57:16.944+0000][7][gc,age      ] GC(63) - age   6:      13728 bytes,    1349112 total
[2022-07-20T09:57:16.944+0000][7][gc,age      ] GC(63) - age   7:      52528 bytes,    1401640 total
[2022-07-20T09:57:16.944+0000][7][gc,age      ] GC(63) - age   8:     165536 bytes,    1567176 total
[2022-07-20T09:57:16.944+0000][7][gc,age      ] GC(63) - age   9:       8600 bytes,    1575776 total
[2022-07-20T09:57:16.944+0000][7][gc,age      ] GC(63) - age  10:     292088 bytes,    1867864 total
[2022-07-20T09:57:16.944+0000][7][gc,age      ] GC(63) - age  11:      33304 bytes,    1901168 total
[2022-07-20T09:57:16.944+0000][7][gc,age      ] GC(63) - age  12:    1412144 bytes,    3313312 total
[2022-07-20T09:57:16.944+0000][7][gc,age      ] GC(63) - age  13:     282864 bytes,    3596176 total
[2022-07-20T09:57:16.944+0000][7][gc,age      ] GC(63) - age  14:      28344 bytes,    3624520 total
[2022-07-20T09:57:16.944+0000][7][gc,age      ] GC(63) - age  15:      10712 bytes,    3635232 total
[2022-07-20T09:57:16.944+0000][7][gc,phases   ] GC(63)   Pre Evacuate Collection Set: 0.1ms
[2022-07-20T09:57:16.944+0000][7][gc,phases   ] GC(63)   Merge Heap Roots: 0.1ms
[2022-07-20T09:57:16.944+0000][7][gc,phases   ] GC(63)   Evacuate Collection Set: 6.2ms
[2022-07-20T09:57:16.944+0000][7][gc,phases   ] GC(63)   Post Evacuate Collection Set: 0.6ms
[2022-07-20T09:57:16.944+0000][7][gc,phases   ] GC(63)   Other: 0.4ms
[2022-07-20T09:57:16.944+0000][7][gc,heap     ] GC(63) Eden regions: 23->0(24)
[2022-07-20T09:57:16.944+0000][7][gc,heap     ] GC(63) Survivor regions: 2->1(4)
[2022-07-20T09:57:16.944+0000][7][gc,heap     ] GC(63) Old regions: 23->23
[2022-07-20T09:57:16.944+0000][7][gc,heap     ] GC(63) Archive regions: 2->2
[2022-07-20T09:57:16.944+0000][7][gc,heap     ] GC(63) Humongous regions: 2->2
[2022-07-20T09:57:16.944+0000][7][gc,metaspace] GC(63) Metaspace: 107644K(112504K)->107644K(112504K) NonClass: 93672K(97196K)->93672K(97196K) Class: 13971K(15308K)->13971K(15308K)
[2022-07-20T09:57:16.944+0000][7][gc          ] GC(63) Pause Young (Normal) (G1 Evacuation Pause) 197M->105M(256M) 7.407ms
[2022-07-20T09:57:16.944+0000][7][gc,cpu      ] GC(63) User=0.02s Sys=0.00s Real=0.01s
[2022-07-20T09:57:16.944+0000][7][safepoint   ] Safepoint "G1CollectForAllocation", Time since last: 10243788 ns, Reaching safepoint: 140721 ns, At safepoint: 7499800 ns, Total: 7640521 ns
[2022-07-20T09:57:21.945+0000][7][safepoint   ] Safepoint "Cleanup", Time since last: 5001184787 ns, Reaching safepoint: 145565 ns, At safepoint: 7460 ns, Total: 153025 ns
[2022-07-20T09:57:23.946+0000][7][safepoint   ] Safepoint "Cleanup", Time since last: 2000545667 ns, Reaching safepoint: 161193 ns, At safepoint: 11159 ns, Total: 172352 ns
[2022-07-20T09:57:25.947+0000][7][safepoint   ] Safepoint "Cleanup", Time since last: 2000624882 ns, Reaching safepoint: 136605 ns, At safepoint: 9620 ns, Total: 146225 ns
[2022-07-20T09:57:28.947+0000][7][safepoint   ] Safepoint "Cleanup", Time since last: 3000330321 ns, Reaching safepoint: 206274 ns, At safepoint: 9953 ns, Total: 216227 ns
[2022-07-20T09:57:29.948+0000][7][safepoint   ] Safepoint "Cleanup", Time since last: 1000397873 ns, Reaching safepoint: 151263 ns, At safepoint: 8850 ns, Total: 160113 ns
[2022-07-20T09:57:31.949+0000][7][safepoint   ] Safepoint "Cleanup", Time since last: 2000420422 ns, Reaching safepoint: 138425 ns, At safepoint: 9714 ns, Total: 148139 ns
[2022-07-20T09:57:40.951+0000][7][safepoint   ] Safepoint "Cleanup", Time since last: 9002065464 ns, Reaching safepoint: 210001 ns, At safepoint: 9994 ns, Total: 219995 ns
[2022-07-20T09:57:41.951+0000][7][safepoint   ] Safepoint "Cleanup", Time since last: 1000125644 ns, Reaching safepoint: 144826 ns, At safepoint: 9924 ns, Total: 154750 ns
[2022-07-20T09:57:43.952+0000][7][safepoint   ] Safepoint "Cleanup", Time since last: 2000414881 ns, Reaching safepoint: 140676 ns, At safepoint: 9195 ns, Total: 149871 ns
[2022-07-20T09:57:46.952+0000][7][safepoint   ] Safepoint "Cleanup", Time since last: 3000392427 ns, Reaching safepoint: 125836 ns, At safepoint: 7877 ns, Total: 133713 ns
[2022-07-20T09:57:52.953+0000][7][safepoint   ] Safepoint "Cleanup", Time since last: 6000546343 ns, Reaching safepoint: 128011 ns, At safepoint: 20512 ns, Total: 148523 ns
[2022-07-20T09:57:53.953+0000][7][safepoint   ] Safepoint "Cleanup", Time since last: 1000354495 ns, Reaching safepoint: 99665 ns, At safepoint: 5835 ns, Total: 105500 ns
[2022-07-20T09:57:55.954+0000][7][safepoint   ] Safepoint "Cleanup", Time since last: 2000329798 ns, Reaching safepoint: 144102 ns, At safepoint: 7454 ns, Total: 151556 ns
[2022-07-20T09:58:01.955+0000][7][safepoint   ] Safepoint "Cleanup", Time since last: 6000963662 ns, Reaching safepoint: 191060 ns, At safepoint: 9752 ns, Total: 200812 ns
[2022-07-20T09:58:03.956+0000][7][safepoint   ] Safepoint "Cleanup", Time since last: 2000714937 ns, Reaching safepoint: 149793 ns, At safepoint: 7008 ns, Total: 156801 ns
[2022-07-20T09:58:04.956+0000][7][safepoint   ] Safepoint "Cleanup", Time since last: 1000270032 ns, Reaching safepoint: 166005 ns, At safepoint: 10711 ns, Total: 176716 ns
[2022-07-20T09:58:05.000+0000][7][gc,start    ] GC(64) Pause Young (Concurrent Start) (G1 Evacuation Pause)
[2022-07-20T09:58:05.000+0000][7][gc,task     ] GC(64) Using 4 workers of 4 for evacuation
[2022-07-20T09:58:05.000+0000][7][gc,age      ] GC(64) Desired survivor size 8388608 bytes, new threshold 15 (max threshold 15)
[2022-07-20T09:58:05.007+0000][7][gc,age      ] GC(64) Age table with threshold 15 (max threshold 15)
[2022-07-20T09:58:05.007+0000][7][gc,age      ] GC(64) - age   1:     992944 bytes,     992944 total
[2022-07-20T09:58:05.007+0000][7][gc,age      ] GC(64) - age   2:     165808 bytes,    1158752 total
[2022-07-20T09:58:05.007+0000][7][gc,age      ] GC(64) - age   3:       2536 bytes,    1161288 total
[2022-07-20T09:58:05.007+0000][7][gc,age      ] GC(64) - age   4:      21152 bytes,    1182440 total
[2022-07-20T09:58:05.007+0000][7][gc,age      ] GC(64) - age   5:      48312 bytes,    1230752 total
[2022-07-20T09:58:05.007+0000][7][gc,age      ] GC(64) - age   6:       3688 bytes,    1234440 total
[2022-07-20T09:58:05.007+0000][7][gc,age      ] GC(64) - age   7:       5560 bytes,    1240000 total
[2022-07-20T09:58:05.007+0000][7][gc,age      ] GC(64) - age   8:       8904 bytes,    1248904 total
[2022-07-20T09:58:05.007+0000][7][gc,age      ] GC(64) - age   9:     122320 bytes,    1371224 total
[2022-07-20T09:58:05.007+0000][7][gc,age      ] GC(64) - age  10:       8288 bytes,    1379512 total
[2022-07-20T09:58:05.007+0000][7][gc,age      ] GC(64) - age  11:     291744 bytes,    1671256 total
[2022-07-20T09:58:05.007+0000][7][gc,age      ] GC(64) - age  12:      33304 bytes,    1704560 total
[2022-07-20T09:58:05.007+0000][7][gc,age      ] GC(64) - age  13:    1411368 bytes,    3115928 total
[2022-07-20T09:58:05.007+0000][7][gc,age      ] GC(64) - age  14:     282824 bytes,    3398752 total
[2022-07-20T09:58:05.007+0000][7][gc,age      ] GC(64) - age  15:      28344 bytes,    3427096 total
[2022-07-20T09:58:05.007+0000][7][gc,phases   ] GC(64)   Pre Evacuate Collection Set: 0.3ms
[2022-07-20T09:58:05.007+0000][7][gc,phases   ] GC(64)   Merge Heap Roots: 0.1ms
[2022-07-20T09:58:05.007+0000][7][gc,phases   ] GC(64)   Evacuate Collection Set: 6.1ms
[2022-07-20T09:58:05.007+0000][7][gc,phases   ] GC(64)   Post Evacuate Collection Set: 0.6ms
[2022-07-20T09:58:05.007+0000][7][gc,phases   ] GC(64)   Other: 0.4ms
[2022-07-20T09:58:05.007+0000][7][gc,heap     ] GC(64) Eden regions: 24->0(25)
[2022-07-20T09:58:05.007+0000][7][gc,heap     ] GC(64) Survivor regions: 1->1(4)
[2022-07-20T09:58:05.007+0000][7][gc,heap     ] GC(64) Old regions: 23->23
[2022-07-20T09:58:05.007+0000][7][gc,heap     ] GC(64) Archive regions: 2->2
[2022-07-20T09:58:05.007+0000][7][gc,heap     ] GC(64) Humongous regions: 2->2
[2022-07-20T09:58:05.007+0000][7][gc,metaspace] GC(64) Metaspace: 107790K(112504K)->107790K(112504K) NonClass: 93818K(97196K)->93818K(97196K) Class: 13971K(15308K)->13971K(15308K)
[2022-07-20T09:58:05.007+0000][7][gc          ] GC(64) Pause Young (Concurrent Start) (G1 Evacuation Pause) 201M->105M(256M) 7.467ms
[2022-07-20T09:58:05.007+0000][7][gc,cpu      ] GC(64) User=0.02s Sys=0.00s Real=0.01s
[2022-07-20T09:58:05.007+0000][7][safepoint   ] Safepoint "G1CollectForAllocation", Time since last: 43411173 ns, Reaching safepoint: 146932 ns, At safepoint: 7584560 ns, Total: 7731492 ns
[2022-07-20T09:58:05.007+0000][7][gc          ] GC(65) Concurrent Cycle
[2022-07-20T09:58:05.007+0000][7][gc,marking  ] GC(65) Concurrent Clear Claimed Marks
[2022-07-20T09:58:05.008+0000][7][gc,marking  ] GC(65) Concurrent Clear Claimed Marks 0.102ms
[2022-07-20T09:58:05.008+0000][7][gc,marking  ] GC(65) Concurrent Scan Root Regions
[2022-07-20T09:58:05.011+0000][7][gc,marking  ] GC(65) Concurrent Scan Root Regions 3.707ms
[2022-07-20T09:58:05.011+0000][7][gc,marking  ] GC(65) Concurrent Mark (832.663s)
[2022-07-20T09:58:05.011+0000][7][gc,marking  ] GC(65) Concurrent Mark From Roots
[2022-07-20T09:58:05.011+0000][7][gc,task     ] GC(65) Using 1 workers of 1 for marking
[2022-07-20T09:58:05.161+0000][7][gc,marking  ] GC(65) Concurrent Mark From Roots 149.214ms
[2022-07-20T09:58:05.161+0000][7][gc,marking  ] GC(65) Concurrent Preclean
[2022-07-20T09:58:05.161+0000][7][gc,marking  ] GC(65) Concurrent Preclean 0.208ms
[2022-07-20T09:58:05.161+0000][7][gc,marking  ] GC(65) Concurrent Mark (832.663s, 832.813s) 149.504ms
[2022-07-20T09:58:05.161+0000][7][gc,start    ] GC(65) Pause Remark
[2022-07-20T09:58:05.171+0000][7][gc          ] GC(65) Pause Remark 109M->109M(256M) 9.579ms
[2022-07-20T09:58:05.171+0000][7][gc,cpu      ] GC(65) User=0.04s Sys=0.00s Real=0.01s
[2022-07-20T09:58:05.171+0000][7][safepoint   ] Safepoint "G1Concurrent", Time since last: 153456383 ns, Reaching safepoint: 140930 ns, At safepoint: 9683379 ns, Total: 9824309 ns
[2022-07-20T09:58:05.171+0000][7][gc,marking  ] GC(65) Concurrent Rebuild Remembered Sets
[2022-07-20T09:58:05.260+0000][7][gc,marking  ] GC(65) Concurrent Rebuild Remembered Sets 88.720ms
[2022-07-20T09:58:05.260+0000][7][gc,start    ] GC(65) Pause Cleanup
[2022-07-20T09:58:05.260+0000][7][gc          ] GC(65) Pause Cleanup 109M->109M(256M) 0.112ms
[2022-07-20T09:58:05.260+0000][7][gc,cpu      ] GC(65) User=0.00s Sys=0.00s Real=0.00s
[2022-07-20T09:58:05.260+0000][7][safepoint   ] Safepoint "G1Concurrent", Time since last: 88829352 ns, Reaching safepoint: 143859 ns, At safepoint: 202393 ns, Total: 346252 ns
[2022-07-20T09:58:05.260+0000][7][gc,marking  ] GC(65) Concurrent Cleanup for Next Mark
[2022-07-20T09:58:05.260+0000][7][gc,marking  ] GC(65) Concurrent Cleanup for Next Mark 0.305ms
[2022-07-20T09:58:05.260+0000][7][gc          ] GC(65) Concurrent Cycle 252.843ms
[2022-07-20T09:58:12.261+0000][7][safepoint   ] Safepoint "Cleanup", Time since last: 7000830777 ns, Reaching safepoint: 146286 ns, At safepoint: 7540 ns, Total: 153826 ns
[2022-07-20T09:58:14.261+0000][7][safepoint   ] Safepoint "Cleanup", Time since last: 2000209371 ns, Reaching safepoint: 141128 ns, At safepoint: 4234 ns, Total: 145362 ns
[2022-07-20T09:58:17.262+0000][7][safepoint   ] Safepoint "Cleanup", Time since last: 3000284735 ns, Reaching safepoint: 159472 ns, At safepoint: 6067 ns, Total: 165539 ns
[2022-07-20T09:58:20.262+0000][7][safepoint   ] Safepoint "Cleanup", Time since last: 3000322798 ns, Reaching safepoint: 114033 ns, At safepoint: 5245 ns, Total: 119278 ns
[2022-07-20T09:58:23.263+0000][7][safepoint   ] Safepoint "Cleanup", Time since last: 3000571076 ns, Reaching safepoint: 211782 ns, At safepoint: 8993 ns, Total: 220775 ns
[2022-07-20T09:58:24.263+0000][7][safepoint   ] Safepoint "Cleanup", Time since last: 1000273640 ns, Reaching safepoint: 132854 ns, At safepoint: 5760 ns, Total: 138614 ns
[2022-07-20T09:58:25.264+0000][7][safepoint   ] Safepoint "Cleanup", Time since last: 1000128794 ns, Reaching safepoint: 121971 ns, At safepoint: 5286 ns, Total: 127257 ns
[2022-07-20T09:58:26.264+0000][7][safepoint   ] Safepoint "Cleanup", Time since last: 1000128047 ns, Reaching safepoint: 115546 ns, At safepoint: 6446 ns, Total: 121992 ns
[2022-07-20T09:58:29.264+0000][7][safepoint   ] Safepoint "Cleanup", Time since last: 3000255720 ns, Reaching safepoint: 113723 ns, At safepoint: 5578 ns, Total: 119301 ns
[2022-07-20T09:58:41.266+0000][7][safepoint   ] Safepoint "Cleanup", Time since last: 12001708054 ns, Reaching safepoint: 138240 ns, At safepoint: 8809 ns, Total: 147049 ns
[2022-07-20T09:58:42.266+0000][7][safepoint   ] Safepoint "Cleanup", Time since last: 1000162266 ns, Reaching safepoint: 113945 ns, At safepoint: 8346 ns, Total: 122291 ns
[2022-07-20T09:58:44.267+0000][7][safepoint   ] Safepoint "Cleanup", Time since last: 2000418043 ns, Reaching safepoint: 154072 ns, At safepoint: 10394 ns, Total: 164466 ns
[2022-07-20T09:58:47.268+0000][7][safepoint   ] Safepoint "Cleanup", Time since last: 3000504173 ns, Reaching safepoint: 158355 ns, At safepoint: 9285 ns, Total: 167640 ns
[2022-07-20T09:58:52.268+0000][7][safepoint   ] Safepoint "Cleanup", Time since last: 5000461912 ns, Reaching safepoint: 143982 ns, At safepoint: 5476 ns, Total: 149458 ns
[2022-07-20T09:58:52.522+0000][7][gc,start    ] GC(66) Pause Young (Normal) (G1 Evacuation Pause)
[2022-07-20T09:58:52.522+0000][7][gc,task     ] GC(66) Using 4 workers of 4 for evacuation
[2022-07-20T09:58:52.522+0000][7][gc,age      ] GC(66) Desired survivor size 8388608 bytes, new threshold 15 (max threshold 15)
[2022-07-20T09:58:52.539+0000][7][gc,age      ] GC(66) Age table with threshold 15 (max threshold 15)
[2022-07-20T09:58:52.539+0000][7][gc,age      ] GC(66) - age   1:     934096 bytes,     934096 total
[2022-07-20T09:58:52.539+0000][7][gc,age      ] GC(66) - age   2:     279424 bytes,    1213520 total
[2022-07-20T09:58:52.539+0000][7][gc,age      ] GC(66) - age   3:       4296 bytes,    1217816 total
[2022-07-20T09:58:52.539+0000][7][gc,age      ] GC(66) - age   4:       2120 bytes,    1219936 total
[2022-07-20T09:58:52.539+0000][7][gc,age      ] GC(66) - age   5:      21152 bytes,    1241088 total
[2022-07-20T09:58:52.539+0000][7][gc,age      ] GC(66) - age   6:      45464 bytes,    1286552 total
[2022-07-20T09:58:52.539+0000][7][gc,age      ] GC(66) - age   7:       3688 bytes,    1290240 total
[2022-07-20T09:58:52.539+0000][7][gc,age      ] GC(66) - age   8:       5560 bytes,    1295800 total
[2022-07-20T09:58:52.539+0000][7][gc,age      ] GC(66) - age   9:       8840 bytes,    1304640 total
[2022-07-20T09:58:52.539+0000][7][gc,age      ] GC(66) - age  10:     121672 bytes,    1426312 total
[2022-07-20T09:58:52.539+0000][7][gc,age      ] GC(66) - age  11:       8288 bytes,    1434600 total
[2022-07-20T09:58:52.539+0000][7][gc,age      ] GC(66) - age  12:     291744 bytes,    1726344 total
[2022-07-20T09:58:52.539+0000][7][gc,age      ] GC(66) - age  13:      33304 bytes,    1759648 total
[2022-07-20T09:58:52.539+0000][7][gc,age      ] GC(66) - age  14:    1411368 bytes,    3171016 total
[2022-07-20T09:58:52.539+0000][7][gc,age      ] GC(66) - age  15:     282824 bytes,    3453840 total
[2022-07-20T09:58:52.539+0000][7][gc,phases   ] GC(66)   Pre Evacuate Collection Set: 0.1ms
[2022-07-20T09:58:52.539+0000][7][gc,phases   ] GC(66)   Merge Heap Roots: 0.1ms
[2022-07-20T09:58:52.539+0000][7][gc,phases   ] GC(66)   Evacuate Collection Set: 15.3ms
[2022-07-20T09:58:52.539+0000][7][gc,phases   ] GC(66)   Post Evacuate Collection Set: 0.8ms
[2022-07-20T09:58:52.539+0000][7][gc,phases   ] GC(66)   Other: 0.4ms
[2022-07-20T09:58:52.539+0000][7][gc,heap     ] GC(66) Eden regions: 25->0(25)
[2022-07-20T09:58:52.539+0000][7][gc,heap     ] GC(66) Survivor regions: 1->1(4)
[2022-07-20T09:58:52.539+0000][7][gc,heap     ] GC(66) Old regions: 23->23
[2022-07-20T09:58:52.539+0000][7][gc,heap     ] GC(66) Archive regions: 2->2
[2022-07-20T09:58:52.539+0000][7][gc,heap     ] GC(66) Humongous regions: 2->2
[2022-07-20T09:58:52.539+0000][7][gc,metaspace] GC(66) Metaspace: 107864K(112760K)->107864K(112760K) NonClass: 93892K(97452K)->93892K(97452K) Class: 13971K(15308K)->13971K(15308K)
[2022-07-20T09:58:52.539+0000][7][gc          ] GC(66) Pause Young (Normal) (G1 Evacuation Pause) 205M->105M(256M) 16.833ms
[2022-07-20T09:58:52.539+0000][7][gc,cpu      ] GC(66) User=0.02s Sys=0.00s Real=0.02s
[2022-07-20T09:58:52.539+0000][7][safepoint   ] Safepoint "G1CollectForAllocation", Time since last: 253825485 ns, Reaching safepoint: 175546 ns, At safepoint: 16934022 ns, Total: 17109568 ns
[2022-07-20T09:58:53.539+0000][7][safepoint   ] Safepoint "Cleanup", Time since last: 1000097434 ns, Reaching safepoint: 130401 ns, At safepoint: 10743 ns, Total: 141144 ns
[2022-07-20T09:58:55.540+0000][7][safepoint   ] Safepoint "Cleanup", Time since last: 2000315331 ns, Reaching safepoint: 121100 ns, At safepoint: 7479 ns, Total: 128579 ns
[2022-07-20T09:58:56.540+0000][7][safepoint   ] Safepoint "Cleanup", Time since last: 1000185418 ns, Reaching safepoint: 178906 ns, At safepoint: 8909 ns, Total: 187815 ns
[2022-07-20T09:59:01.542+0000][7][safepoint   ] Safepoint "Cleanup", Time since last: 5001512288 ns, Reaching safepoint: 154861 ns, At safepoint: 7721 ns, Total: 162582 ns
[2022-07-20T09:59:02.542+0000][7][safepoint   ] Safepoint "Cleanup", Time since last: 1000412680 ns, Reaching safepoint: 157194 ns, At safepoint: 6316 ns, Total: 163510 ns
[2022-07-20T09:59:04.543+0000][7][safepoint   ] Safepoint "Cleanup", Time since last: 2000381661 ns, Reaching safepoint: 142915 ns, At safepoint: 6835 ns, Total: 149750 ns
[2022-07-20T09:59:14.545+0000][7][safepoint   ] Safepoint "Cleanup", Time since last: 10001333148 ns, Reaching safepoint: 166507 ns, At safepoint: 6303 ns, Total: 172810 ns
[2022-07-20T09:59:15.545+0000][7][safepoint   ] Safepoint "Cleanup", Time since last: 1000110178 ns, Reaching safepoint: 137741 ns, At safepoint: 7399 ns, Total: 145140 ns
[2022-07-20T09:59:16.545+0000][7][safepoint   ] Safepoint "Cleanup", Time since last: 1000122423 ns, Reaching safepoint: 145940 ns, At safepoint: 6828 ns, Total: 152768 ns
[2022-07-20T09:59:17.546+0000][7][safepoint   ] Safepoint "Cleanup", Time since last: 1000291273 ns, Reaching safepoint: 223951 ns, At safepoint: 13550 ns, Total: 237501 ns
[2022-07-20T09:59:22.547+0000][7][safepoint   ] Safepoint "Cleanup", Time since last: 5001109412 ns, Reaching safepoint: 188605 ns, At safepoint: 5272 ns, Total: 193877 ns
[2022-07-20T09:59:23.547+0000][7][safepoint   ] Safepoint "Cleanup", Time since last: 1000133815 ns, Reaching safepoint: 130680 ns, At safepoint: 10035 ns, Total: 140715 ns
[2022-07-20T09:59:24.548+0000][7][safepoint   ] Safepoint "Cleanup", Time since last: 1000328659 ns, Reaching safepoint: 166557 ns, At safepoint: 17066 ns, Total: 183623 ns
[2022-07-20T09:59:25.548+0000][7][safepoint   ] Safepoint "Cleanup", Time since last: 1000150629 ns, Reaching safepoint: 105706 ns, At safepoint: 6108 ns, Total: 111814 ns
[2022-07-20T09:59:28.548+0000][7][safepoint   ] Safepoint "Cleanup", Time since last: 3000363410 ns, Reaching safepoint: 120573 ns, At safepoint: 6852 ns, Total: 127425 ns
[2022-07-20T09:59:29.549+0000][7][safepoint   ] Safepoint "Cleanup", Time since last: 1000443049 ns, Reaching safepoint: 152436 ns, At safepoint: 7986 ns, Total: 160422 ns
[2022-07-20T09:59:31.550+0000][7][safepoint   ] Safepoint "Cleanup", Time since last: 2000404541 ns, Reaching safepoint: 143461 ns, At safepoint: 6313 ns, Total: 149774 ns
[2022-07-20T09:59:32.550+0000][7][safepoint   ] Safepoint "Cleanup", Time since last: 1000138701 ns, Reaching safepoint: 101374 ns, At safepoint: 6442 ns, Total: 107816 ns
[2022-07-20T09:59:40.524+0000][7][gc,start    ] GC(67) Pause Young (Concurrent Start) (G1 Evacuation Pause)
[2022-07-20T09:59:40.537+0000][7][gc,task     ] GC(67) Using 4 workers of 4 for evacuation
[2022-07-20T09:59:40.537+0000][7][gc,age      ] GC(67) Desired survivor size 8388608 bytes, new threshold 15 (max threshold 15)
[2022-07-20T09:59:40.544+0000][7][gc,age      ] GC(67) Age table with threshold 15 (max threshold 15)
[2022-07-20T09:59:40.544+0000][7][gc,age      ] GC(67) - age   1:    1214688 bytes,    1214688 total
[2022-07-20T09:59:40.544+0000][7][gc,age      ] GC(67) - age   2:      31600 bytes,    1246288 total
[2022-07-20T09:59:40.544+0000][7][gc,age      ] GC(67) - age   3:     278056 bytes,    1524344 total
[2022-07-20T09:59:40.544+0000][7][gc,age      ] GC(67) - age   4:       3920 bytes,    1528264 total
[2022-07-20T09:59:40.544+0000][7][gc,age      ] GC(67) - age   5:       2120 bytes,    1530384 total
[2022-07-20T09:59:40.544+0000][7][gc,age      ] GC(67) - age   6:      21088 bytes,    1551472 total
[2022-07-20T09:59:40.544+0000][7][gc,age      ] GC(67) - age   7:      45464 bytes,    1596936 total
[2022-07-20T09:59:40.544+0000][7][gc,age      ] GC(67) - age   8:       3688 bytes,    1600624 total
[2022-07-20T09:59:40.544+0000][7][gc,age      ] GC(67) - age   9:       5560 bytes,    1606184 total
[2022-07-20T09:59:40.544+0000][7][gc,age      ] GC(67) - age  10:       8840 bytes,    1615024 total
[2022-07-20T09:59:40.544+0000][7][gc,age      ] GC(67) - age  11:     121672 bytes,    1736696 total
[2022-07-20T09:59:40.544+0000][7][gc,age      ] GC(67) - age  12:       8288 bytes,    1744984 total
[2022-07-20T09:59:40.544+0000][7][gc,age      ] GC(67) - age  13:     291744 bytes,    2036728 total
[2022-07-20T09:59:40.544+0000][7][gc,age      ] GC(67) - age  14:      33304 bytes,    2070032 total
[2022-07-20T09:59:40.544+0000][7][gc,age      ] GC(67) - age  15:    1411368 bytes,    3481400 total
[2022-07-20T09:59:40.545+0000][7][gc,phases   ] GC(67)   Pre Evacuate Collection Set: 0.2ms
[2022-07-20T09:59:40.545+0000][7][gc,phases   ] GC(67)   Merge Heap Roots: 0.1ms
[2022-07-20T09:59:40.545+0000][7][gc,phases   ] GC(67)   Evacuate Collection Set: 6.0ms
[2022-07-20T09:59:40.545+0000][7][gc,phases   ] GC(67)   Post Evacuate Collection Set: 1.3ms
[2022-07-20T09:59:40.545+0000][7][gc,phases   ] GC(67)   Other: 13.5ms
[2022-07-20T09:59:40.545+0000][7][gc,heap     ] GC(67) Eden regions: 25->0(25)
[2022-07-20T09:59:40.545+0000][7][gc,heap     ] GC(67) Survivor regions: 1->1(4)
[2022-07-20T09:59:40.545+0000][7][gc,heap     ] GC(67) Old regions: 23->23
[2022-07-20T09:59:40.545+0000][7][gc,heap     ] GC(67) Archive regions: 2->2
[2022-07-20T09:59:40.545+0000][7][gc,heap     ] GC(67) Humongous regions: 2->2
[2022-07-20T09:59:40.545+0000][7][gc,metaspace] GC(67) Metaspace: 108010K(112760K)->108010K(112760K) NonClass: 94038K(97452K)->94038K(97452K) Class: 13971K(15308K)->13971K(15308K)
[2022-07-20T09:59:40.545+0000][7][gc          ] GC(67) Pause Young (Concurrent Start) (G1 Evacuation Pause) 205M->105M(256M) 21.137ms
[2022-07-20T09:59:40.545+0000][7][gc,cpu      ] GC(67) User=0.02s Sys=0.00s Real=0.02s
[2022-07-20T09:59:40.545+0000][7][gc          ] GC(68) Concurrent Cycle
[2022-07-20T09:59:40.545+0000][7][safepoint   ] Safepoint "G1CollectForAllocation", Time since last: 7973531739 ns, Reaching safepoint: 104639 ns, At safepoint: 21241322 ns, Total: 21345961 ns
[2022-07-20T09:59:40.545+0000][7][gc,marking  ] GC(68) Concurrent Clear Claimed Marks
[2022-07-20T09:59:40.545+0000][7][gc,marking  ] GC(68) Concurrent Clear Claimed Marks 0.112ms
[2022-07-20T09:59:40.545+0000][7][gc,marking  ] GC(68) Concurrent Scan Root Regions
[2022-07-20T09:59:40.549+0000][7][gc,marking  ] GC(68) Concurrent Scan Root Regions 4.463ms
[2022-07-20T09:59:40.549+0000][7][gc,marking  ] GC(68) Concurrent Mark (928.201s)
[2022-07-20T09:59:40.549+0000][7][gc,marking  ] GC(68) Concurrent Mark From Roots
[2022-07-20T09:59:40.549+0000][7][gc,task     ] GC(68) Using 1 workers of 1 for marking
[2022-07-20T09:59:40.721+0000][7][gc,marking  ] GC(68) Concurrent Mark From Roots 171.716ms
[2022-07-20T09:59:40.721+0000][7][gc,marking  ] GC(68) Concurrent Preclean
[2022-07-20T09:59:40.721+0000][7][gc,marking  ] GC(68) Concurrent Preclean 0.192ms
[2022-07-20T09:59:40.721+0000][7][gc,marking  ] GC(68) Concurrent Mark (928.201s, 928.373s) 171.999ms
[2022-07-20T09:59:40.722+0000][7][gc,start    ] GC(68) Pause Remark
[2022-07-20T09:59:40.751+0000][7][gc          ] GC(68) Pause Remark 106M->106M(256M) 29.177ms
[2022-07-20T09:59:40.751+0000][7][gc,cpu      ] GC(68) User=0.04s Sys=0.00s Real=0.03s
[2022-07-20T09:59:40.751+0000][7][safepoint   ] Safepoint "G1Concurrent", Time since last: 176682070 ns, Reaching safepoint: 100572 ns, At safepoint: 29296047 ns, Total: 29396619 ns
[2022-07-20T09:59:40.751+0000][7][gc,marking  ] GC(68) Concurrent Rebuild Remembered Sets
[2022-07-20T09:59:40.857+0000][7][gc,marking  ] GC(68) Concurrent Rebuild Remembered Sets 105.927ms
[2022-07-20T09:59:40.857+0000][7][gc,start    ] GC(68) Pause Cleanup
[2022-07-20T09:59:40.857+0000][7][gc          ] GC(68) Pause Cleanup 107M->107M(256M) 0.082ms
[2022-07-20T09:59:40.857+0000][7][gc,cpu      ] GC(68) User=0.00s Sys=0.00s Real=0.00s
[2022-07-20T09:59:40.857+0000][7][safepoint   ] Safepoint "G1Concurrent", Time since last: 106045222 ns, Reaching safepoint: 151701 ns, At safepoint: 136576 ns, Total: 288277 ns
[2022-07-20T09:59:40.857+0000][7][gc,marking  ] GC(68) Concurrent Cleanup for Next Mark
[2022-07-20T09:59:40.857+0000][7][gc,marking  ] GC(68) Concurrent Cleanup for Next Mark 0.259ms
[2022-07-20T09:59:40.857+0000][7][gc          ] GC(68) Concurrent Cycle 312.738ms
[2022-07-20T09:59:46.858+0000][7][safepoint   ] Safepoint "Cleanup", Time since last: 6001066636 ns, Reaching safepoint: 146301 ns, At safepoint: 6386 ns, Total: 152687 ns
[2022-07-20T09:59:47.859+0000][7][safepoint   ] Safepoint "Cleanup", Time since last: 1000192882 ns, Reaching safepoint: 145492 ns, At safepoint: 9535 ns, Total: 155027 ns
[2022-07-20T09:59:48.859+0000][7][safepoint   ] Safepoint "Cleanup", Time since last: 1000177248 ns, Reaching safepoint: 139161 ns, At safepoint: 5888 ns, Total: 145049 ns
[2022-07-20T09:59:52.860+0000][7][safepoint   ] Safepoint "Cleanup", Time since last: 4000401475 ns, Reaching safepoint: 138943 ns, At safepoint: 7222 ns, Total: 146165 ns
[2022-07-20T09:59:53.860+0000][7][safepoint   ] Safepoint "Cleanup", Time since last: 1000146739 ns, Reaching safepoint: 166230 ns, At safepoint: 6233 ns, Total: 172463 ns
[2022-07-20T09:59:55.860+0000][7][safepoint   ] Safepoint "Cleanup", Time since last: 2000405523 ns, Reaching safepoint: 139843 ns, At safepoint: 6598 ns, Total: 146441 ns
[2022-07-20T09:59:59.861+0000][7][safepoint   ] Safepoint "Cleanup", Time since last: 4000488433 ns, Reaching safepoint: 155462 ns, At safepoint: 5955 ns, Total: 161417 ns
[2022-07-20T10:00:00.862+0000][7][safepoint   ] Safepoint "Cleanup", Time since last: 1000269546 ns, Reaching safepoint: 192527 ns, At safepoint: 12484 ns, Total: 205011 ns
[2022-07-20T10:00:01.862+0000][7][safepoint   ] Safepoint "Cleanup", Time since last: 1000121757 ns, Reaching safepoint: 184707 ns, At safepoint: 5507 ns, Total: 190214 ns
[2022-07-20T10:00:04.862+0000][7][safepoint   ] Safepoint "Cleanup", Time since last: 3000499422 ns, Reaching safepoint: 86321 ns, At safepoint: 6183 ns, Total: 92504 ns
[2022-07-20T10:00:05.863+0000][7][safepoint   ] Safepoint "Cleanup", Time since last: 1000105080 ns, Reaching safepoint: 156675 ns, At safepoint: 9190 ns, Total: 165865 ns
[2022-07-20T10:00:07.863+0000][7][safepoint   ] Safepoint "Cleanup", Time since last: 2000386750 ns, Reaching safepoint: 136223 ns, At safepoint: 9034 ns, Total: 145257 ns
[2022-07-20T10:00:08.249+0000][7][gc,start    ] GC(69) Pause Young (Normal) (G1 Evacuation Pause)
[2022-07-20T10:00:08.250+0000][7][gc,task     ] GC(69) Using 4 workers of 4 for evacuation
[2022-07-20T10:00:08.250+0000][7][gc,age      ] GC(69) Desired survivor size 8388608 bytes, new threshold 15 (max threshold 15)
[2022-07-20T10:00:08.256+0000][7][gc,age      ] GC(69) Age table with threshold 15 (max threshold 15)
[2022-07-20T10:00:08.256+0000][7][gc,age      ] GC(69) - age   1:     770264 bytes,     770264 total
[2022-07-20T10:00:08.256+0000][7][gc,age      ] GC(69) - age   2:     158384 bytes,     928648 total
[2022-07-20T10:00:08.256+0000][7][gc,age      ] GC(69) - age   3:       3856 bytes,     932504 total
[2022-07-20T10:00:08.256+0000][7][gc,age      ] GC(69) - age   4:     131288 bytes,    1063792 total
[2022-07-20T10:00:08.256+0000][7][gc,age      ] GC(69) - age   5:       3568 bytes,    1067360 total
[2022-07-20T10:00:08.256+0000][7][gc,age      ] GC(69) - age   6:       1864 bytes,    1069224 total
[2022-07-20T10:00:08.256+0000][7][gc,age      ] GC(69) - age   7:      20960 bytes,    1090184 total
[2022-07-20T10:00:08.256+0000][7][gc,age      ] GC(69) - age   8:      44496 bytes,    1134680 total
[2022-07-20T10:00:08.256+0000][7][gc,age      ] GC(69) - age   9:       3328 bytes,    1138008 total
[2022-07-20T10:00:08.256+0000][7][gc,age      ] GC(69) - age  10:       5560 bytes,    1143568 total
[2022-07-20T10:00:08.256+0000][7][gc,age      ] GC(69) - age  11:       8464 bytes,    1152032 total
[2022-07-20T10:00:08.256+0000][7][gc,age      ] GC(69) - age  12:     121648 bytes,    1273680 total
[2022-07-20T10:00:08.256+0000][7][gc,age      ] GC(69) - age  13:       8288 bytes,    1281968 total
[2022-07-20T10:00:08.256+0000][7][gc,age      ] GC(69) - age  14:     291744 bytes,    1573712 total
[2022-07-20T10:00:08.256+0000][7][gc,age      ] GC(69) - age  15:      33304 bytes,    1607016 total
[2022-07-20T10:00:08.256+0000][7][gc,phases   ] GC(69)   Pre Evacuate Collection Set: 0.1ms
[2022-07-20T10:00:08.256+0000][7][gc,phases   ] GC(69)   Merge Heap Roots: 0.1ms
[2022-07-20T10:00:08.256+0000][7][gc,phases   ] GC(69)   Evacuate Collection Set: 5.3ms
[2022-07-20T10:00:08.256+0000][7][gc,phases   ] GC(69)   Post Evacuate Collection Set: 0.6ms
[2022-07-20T10:00:08.256+0000][7][gc,phases   ] GC(69)   Other: 0.3ms
[2022-07-20T10:00:08.256+0000][7][gc,heap     ] GC(69) Eden regions: 25->0(25)
[2022-07-20T10:00:08.256+0000][7][gc,heap     ] GC(69) Survivor regions: 1->1(4)
[2022-07-20T10:00:08.256+0000][7][gc,heap     ] GC(69) Old regions: 23->23
[2022-07-20T10:00:08.256+0000][7][gc,heap     ] GC(69) Archive regions: 2->2
[2022-07-20T10:00:08.256+0000][7][gc,heap     ] GC(69) Humongous regions: 2->2
[2022-07-20T10:00:08.256+0000][7][gc,metaspace] GC(69) Metaspace: 108154K(113016K)->108154K(113016K) NonClass: 94180K(97708K)->94180K(97708K) Class: 13974K(15308K)->13974K(15308K)
[2022-07-20T10:00:08.256+0000][7][gc          ] GC(69) Pause Young (Normal) (G1 Evacuation Pause) 205M->105M(256M) 6.462ms
[2022-07-20T10:00:08.256+0000][7][gc,cpu      ] GC(69) User=0.01s Sys=0.00s Real=0.01s
[2022-07-20T10:00:08.256+0000][7][safepoint   ] Safepoint "G1CollectForAllocation", Time since last: 373288936 ns, Reaching safepoint: 12898521 ns, At safepoint: 6579899 ns, Total: 19478420 ns
[2022-07-20T10:00:09.256+0000][7][safepoint   ] Safepoint "Cleanup", Time since last: 1000116127 ns, Reaching safepoint: 176185 ns, At safepoint: 10852 ns, Total: 187037 ns
[2022-07-20T10:00:12.257+0000][7][safepoint   ] Safepoint "Cleanup", Time since last: 3000669205 ns, Reaching safepoint: 211187 ns, At safepoint: 12069 ns, Total: 223256 ns
[2022-07-20T10:00:14.258+0000][7][safepoint   ] Safepoint "Cleanup", Time since last: 2000433076 ns, Reaching safepoint: 152999 ns, At safepoint: 11308 ns, Total: 164307 ns
[2022-07-20T10:00:17.258+0000][7][safepoint   ] Safepoint "Cleanup", Time since last: 3000395684 ns, Reaching safepoint: 101096 ns, At safepoint: 7092 ns, Total: 108188 ns
[2022-07-20T10:00:18.259+0000][7][safepoint   ] Safepoint "Cleanup", Time since last: 1000238719 ns, Reaching safepoint: 227340 ns, At safepoint: 19403 ns, Total: 246743 ns
[2022-07-20T10:00:22.259+0000][7][safepoint   ] Safepoint "Cleanup", Time since last: 4000514979 ns, Reaching safepoint: 150690 ns, At safepoint: 10634 ns, Total: 161324 ns
[2022-07-20T10:00:29.260+0000][7][safepoint   ] Safepoint "Cleanup", Time since last: 7000791366 ns, Reaching safepoint: 147359 ns, At safepoint: 9711 ns, Total: 157070 ns
[2022-07-20T10:00:32.261+0000][7][safepoint   ] Safepoint "Cleanup", Time since last: 3000784071 ns, Reaching safepoint: 133162 ns, At safepoint: 9958 ns, Total: 143120 ns
[2022-07-20T10:00:41.263+0000][7][safepoint   ] Safepoint "Cleanup", Time since last: 9001234595 ns, Reaching safepoint: 217027 ns, At safepoint: 7476 ns, Total: 224503 ns
[2022-07-20T10:00:42.263+0000][7][safepoint   ] Safepoint "Cleanup", Time since last: 1000152969 ns, Reaching safepoint: 105525 ns, At safepoint: 6661 ns, Total: 112186 ns
[2022-07-20T10:00:50.264+0000][7][safepoint   ] Safepoint "Cleanup", Time since last: 8000859064 ns, Reaching safepoint: 140762 ns, At safepoint: 8017 ns, Total: 148779 ns
[2022-07-20T10:00:51.284+0000][7][safepoint   ] Safepoint "Cleanup", Time since last: 1020142951 ns, Reaching safepoint: 115001 ns, At safepoint: 10038 ns, Total: 125039 ns
[2022-07-20T10:00:52.457+0000][7][gc,start    ] GC(70) Pause Young (Concurrent Start) (G1 Evacuation Pause)
[2022-07-20T10:00:52.457+0000][7][gc,task     ] GC(70) Using 4 workers of 4 for evacuation
[2022-07-20T10:00:52.457+0000][7][gc,age      ] GC(70) Desired survivor size 8388608 bytes, new threshold 15 (max threshold 15)
[2022-07-20T10:00:52.461+0000][7][gc,age      ] GC(70) Age table with threshold 15 (max threshold 15)
[2022-07-20T10:00:52.461+0000][7][gc,age      ] GC(70) - age   1:     945080 bytes,     945080 total
[2022-07-20T10:00:52.461+0000][7][gc,age      ] GC(70) - age   2:     192160 bytes,    1137240 total
[2022-07-20T10:00:52.461+0000][7][gc,age      ] GC(70) - age   3:      10160 bytes,    1147400 total
[2022-07-20T10:00:52.461+0000][7][gc,age      ] GC(70) - age   4:       3624 bytes,    1151024 total
[2022-07-20T10:00:52.461+0000][7][gc,age      ] GC(70) - age   5:     130744 bytes,    1281768 total
[2022-07-20T10:00:52.461+0000][7][gc,age      ] GC(70) - age   6:       3440 bytes,    1285208 total
[2022-07-20T10:00:52.461+0000][7][gc,age      ] GC(70) - age   7:       1800 bytes,    1287008 total
[2022-07-20T10:00:52.461+0000][7][gc,age      ] GC(70) - age   8:      20960 bytes,    1307968 total
[2022-07-20T10:00:52.461+0000][7][gc,age      ] GC(70) - age   9:      44496 bytes,    1352464 total
[2022-07-20T10:00:52.461+0000][7][gc,age      ] GC(70) - age  10:       3328 bytes,    1355792 total
[2022-07-20T10:00:52.461+0000][7][gc,age      ] GC(70) - age  11:       5248 bytes,    1361040 total
[2022-07-20T10:00:52.461+0000][7][gc,age      ] GC(70) - age  12:       8464 bytes,    1369504 total
[2022-07-20T10:00:52.461+0000][7][gc,age      ] GC(70) - age  13:     121648 bytes,    1491152 total
[2022-07-20T10:00:52.461+0000][7][gc,age      ] GC(70) - age  14:       8288 bytes,    1499440 total
[2022-07-20T10:00:52.461+0000][7][gc,age      ] GC(70) - age  15:     291704 bytes,    1791144 total
[2022-07-20T10:00:52.461+0000][7][gc,phases   ] GC(70)   Pre Evacuate Collection Set: 0.1ms
[2022-07-20T10:00:52.461+0000][7][gc,phases   ] GC(70)   Merge Heap Roots: 0.0ms
[2022-07-20T10:00:52.461+0000][7][gc,phases   ] GC(70)   Evacuate Collection Set: 3.1ms
[2022-07-20T10:00:52.461+0000][7][gc,phases   ] GC(70)   Post Evacuate Collection Set: 0.6ms
[2022-07-20T10:00:52.462+0000][7][gc,phases   ] GC(70)   Other: 0.4ms
[2022-07-20T10:00:52.462+0000][7][gc,heap     ] GC(70) Eden regions: 25->0(25)
[2022-07-20T10:00:52.462+0000][7][gc,heap     ] GC(70) Survivor regions: 1->1(4)
[2022-07-20T10:00:52.462+0000][7][gc,heap     ] GC(70) Old regions: 23->23
[2022-07-20T10:00:52.462+0000][7][gc,heap     ] GC(70) Archive regions: 2->2
[2022-07-20T10:00:52.462+0000][7][gc,heap     ] GC(70) Humongous regions: 2->2
[2022-07-20T10:00:52.462+0000][7][gc,metaspace] GC(70) Metaspace: 108200K(113016K)->108200K(113016K) NonClass: 94225K(97708K)->94225K(97708K) Class: 13974K(15308K)->13974K(15308K)
[2022-07-20T10:00:52.462+0000][7][gc          ] GC(70) Pause Young (Concurrent Start) (G1 Evacuation Pause) 205M->105M(256M) 4.346ms
[2022-07-20T10:00:52.462+0000][7][gc,cpu      ] GC(70) User=0.02s Sys=0.00s Real=0.00s
[2022-07-20T10:00:52.462+0000][7][gc          ] GC(71) Concurrent Cycle
[2022-07-20T10:00:52.462+0000][7][safepoint   ] Safepoint "G1CollectForAllocation", Time since last: 1172676974 ns, Reaching safepoint: 152968 ns, At safepoint: 4456397 ns, Total: 4609365 ns
[2022-07-20T10:00:52.462+0000][7][gc,marking  ] GC(71) Concurrent Clear Claimed Marks
[2022-07-20T10:00:52.462+0000][7][gc,marking  ] GC(71) Concurrent Clear Claimed Marks 0.116ms
[2022-07-20T10:00:52.462+0000][7][gc,marking  ] GC(71) Concurrent Scan Root Regions
[2022-07-20T10:00:52.464+0000][7][gc,marking  ] GC(71) Concurrent Scan Root Regions 2.156ms
[2022-07-20T10:00:52.464+0000][7][gc,marking  ] GC(71) Concurrent Mark (1000.116s)
[2022-07-20T10:00:52.464+0000][7][gc,marking  ] GC(71) Concurrent Mark From Roots
[2022-07-20T10:00:52.464+0000][7][gc,task     ] GC(71) Using 1 workers of 1 for marking
[2022-07-20T10:00:52.630+0000][7][gc,marking  ] GC(71) Concurrent Mark From Roots 165.712ms
[2022-07-20T10:00:52.630+0000][7][gc,marking  ] GC(71) Concurrent Preclean
[2022-07-20T10:00:52.630+0000][7][gc,marking  ] GC(71) Concurrent Preclean 0.232ms
[2022-07-20T10:00:52.630+0000][7][gc,marking  ] GC(71) Concurrent Mark (1000.116s, 1000.282s) 166.029ms
[2022-07-20T10:00:52.630+0000][7][gc,start    ] GC(71) Pause Remark
[2022-07-20T10:00:52.669+0000][7][gc          ] GC(71) Pause Remark 111M->111M(256M) 38.691ms
[2022-07-20T10:00:52.669+0000][7][gc,cpu      ] GC(71) User=0.07s Sys=0.00s Real=0.04s
[2022-07-20T10:00:52.669+0000][7][safepoint   ] Safepoint "G1Concurrent", Time since last: 168429712 ns, Reaching safepoint: 141512 ns, At safepoint: 38827888 ns, Total: 38969400 ns
[2022-07-20T10:00:52.669+0000][7][gc,marking  ] GC(71) Concurrent Rebuild Remembered Sets
[2022-07-20T10:00:52.762+0000][7][gc,marking  ] GC(71) Concurrent Rebuild Remembered Sets 92.877ms
[2022-07-20T10:00:52.762+0000][7][gc,start    ] GC(71) Pause Cleanup
[2022-07-20T10:00:52.762+0000][7][gc          ] GC(71) Pause Cleanup 111M->111M(256M) 0.100ms
[2022-07-20T10:00:52.762+0000][7][gc,cpu      ] GC(71) User=0.00s Sys=0.00s Real=0.00s
[2022-07-20T10:00:52.762+0000][7][safepoint   ] Safepoint "G1Concurrent", Time since last: 93109526 ns, Reaching safepoint: 132133 ns, At safepoint: 152864 ns, Total: 284997 ns
[2022-07-20T10:00:52.762+0000][7][gc,marking  ] GC(71) Concurrent Cleanup for Next Mark
[2022-07-20T10:00:52.763+0000][7][gc,marking  ] GC(71) Concurrent Cleanup for Next Mark 0.248ms
[2022-07-20T10:00:52.763+0000][7][gc          ] GC(71) Concurrent Cycle 301.126ms
[2022-07-20T10:00:53.320+0000][7][safepoint   ] Safepoint "ICBufferFull", Time since last: 557602988 ns, Reaching safepoint: 255860 ns, At safepoint: 8302 ns, Total: 264162 ns
[2022-07-20T10:00:54.321+0000][7][safepoint   ] Safepoint "Cleanup", Time since last: 1000288795 ns, Reaching safepoint: 327831 ns, At safepoint: 20138 ns, Total: 347969 ns
[2022-07-20T10:00:55.321+0000][7][safepoint   ] Safepoint "Cleanup", Time since last: 1000294750 ns, Reaching safepoint: 136349 ns, At safepoint: 9457 ns, Total: 145806 ns
[2022-07-20T10:00:56.322+0000][7][safepoint   ] Safepoint "Cleanup", Time since last: 1000230664 ns, Reaching safepoint: 195595 ns, At safepoint: 8287 ns, Total: 203882 ns
[2022-07-20T10:00:57.322+0000][7][safepoint   ] Safepoint "Cleanup", Time since last: 1000109190 ns, Reaching safepoint: 128526 ns, At safepoint: 12548 ns, Total: 141074 ns
[2022-07-20T10:00:59.323+0000][7][safepoint   ] Safepoint "Cleanup", Time since last: 2000654421 ns, Reaching safepoint: 161640 ns, At safepoint: 9144 ns, Total: 170784 ns
[2022-07-20T10:01:01.324+0000][7][safepoint   ] Safepoint "Cleanup", Time since last: 2000485733 ns, Reaching safepoint: 154901 ns, At safepoint: 10491 ns, Total: 165392 ns
[2022-07-20T10:01:02.324+0000][7][safepoint   ] Safepoint "Cleanup", Time since last: 1000214382 ns, Reaching safepoint: 211343 ns, At safepoint: 9441 ns, Total: 220784 ns
[2022-07-20T10:01:03.324+0000][7][safepoint   ] Safepoint "Cleanup", Time since last: 1000217090 ns, Reaching safepoint: 149275 ns, At safepoint: 8812 ns, Total: 158087 ns
[2022-07-20T10:01:05.325+0000][7][safepoint   ] Safepoint "Cleanup", Time since last: 2000427830 ns, Reaching safepoint: 304636 ns, At safepoint: 10274 ns, Total: 314910 ns
[2022-07-20T10:01:10.326+0000][7][safepoint   ] Safepoint "Cleanup", Time since last: 5000788557 ns, Reaching safepoint: 134288 ns, At safepoint: 7909 ns, Total: 142197 ns
[2022-07-20T10:01:14.327+0000][7][safepoint   ] Safepoint "Cleanup", Time since last: 4000613214 ns, Reaching safepoint: 157492 ns, At safepoint: 9867 ns, Total: 167359 ns
[2022-07-20T10:01:17.327+0000][7][safepoint   ] Safepoint "Cleanup", Time since last: 3000309609 ns, Reaching safepoint: 116092 ns, At safepoint: 7181 ns, Total: 123273 ns
[2022-07-20T10:01:23.329+0000][7][safepoint   ] Safepoint "Cleanup", Time since last: 6001094258 ns, Reaching safepoint: 155853 ns, At safepoint: 7984 ns, Total: 163837 ns
[2022-07-20T10:01:25.330+0000][7][safepoint   ] Safepoint "Cleanup", Time since last: 2000770557 ns, Reaching safepoint: 219020 ns, At safepoint: 8613 ns, Total: 227633 ns
[2022-07-20T10:01:29.330+0000][7][safepoint   ] Safepoint "Cleanup", Time since last: 4000619103 ns, Reaching safepoint: 99863 ns, At safepoint: 6248 ns, Total: 106111 ns
[2022-07-20T10:01:29.389+0000][7][safepoint   ] Safepoint "ICBufferFull", Time since last: 58292030 ns, Reaching safepoint: 226579 ns, At safepoint: 12762 ns, Total: 239341 ns
[2022-07-20T10:01:30.389+0000][7][safepoint   ] Safepoint "Cleanup", Time since last: 1000117414 ns, Reaching safepoint: 273557 ns, At safepoint: 11499 ns, Total: 285056 ns
[2022-07-20T10:01:32.390+0000][7][safepoint   ] Safepoint "Cleanup", Time since last: 2000347400 ns, Reaching safepoint: 128436 ns, At safepoint: 7277 ns, Total: 135713 ns
[2022-07-20T10:01:35.390+0000][7][safepoint   ] Safepoint "Cleanup", Time since last: 3000381613 ns, Reaching safepoint: 168978 ns, At safepoint: 10738 ns, Total: 179716 ns
[2022-07-20T10:01:41.377+0000][7][gc,start    ] GC(72) Pause Young (Normal) (G1 Evacuation Pause)
[2022-07-20T10:01:41.377+0000][7][gc,task     ] GC(72) Using 4 workers of 4 for evacuation
[2022-07-20T10:01:41.377+0000][7][gc,age      ] GC(72) Desired survivor size 8388608 bytes, new threshold 15 (max threshold 15)
[2022-07-20T10:01:41.382+0000][7][gc,age      ] GC(72) Age table with threshold 15 (max threshold 15)
[2022-07-20T10:01:41.382+0000][7][gc,age      ] GC(72) - age   1:     708800 bytes,     708800 total
[2022-07-20T10:01:41.382+0000][7][gc,age      ] GC(72) - age   2:     170896 bytes,     879696 total
[2022-07-20T10:01:41.382+0000][7][gc,age      ] GC(72) - age   3:      44848 bytes,     924544 total
[2022-07-20T10:01:41.382+0000][7][gc,age      ] GC(72) - age   4:       9816 bytes,     934360 total
[2022-07-20T10:01:41.382+0000][7][gc,age      ] GC(72) - age   5:       3208 bytes,     937568 total
[2022-07-20T10:01:41.382+0000][7][gc,age      ] GC(72) - age   6:     130744 bytes,    1068312 total
[2022-07-20T10:01:41.382+0000][7][gc,age      ] GC(72) - age   7:       3376 bytes,    1071688 total
[2022-07-20T10:01:41.382+0000][7][gc,age      ] GC(72) - age   8:       1800 bytes,    1073488 total
[2022-07-20T10:01:41.382+0000][7][gc,age      ] GC(72) - age   9:      20960 bytes,    1094448 total
[2022-07-20T10:01:41.382+0000][7][gc,age      ] GC(72) - age  10:      44496 bytes,    1138944 total
[2022-07-20T10:01:41.382+0000][7][gc,age      ] GC(72) - age  11:       3328 bytes,    1142272 total
[2022-07-20T10:01:41.382+0000][7][gc,age      ] GC(72) - age  12:       5248 bytes,    1147520 total
[2022-07-20T10:01:41.382+0000][7][gc,age      ] GC(72) - age  13:       8464 bytes,    1155984 total
[2022-07-20T10:01:41.382+0000][7][gc,age      ] GC(72) - age  14:     121648 bytes,    1277632 total
[2022-07-20T10:01:41.382+0000][7][gc,age      ] GC(72) - age  15:       8288 bytes,    1285920 total
[2022-07-20T10:01:41.382+0000][7][gc,phases   ] GC(72)   Pre Evacuate Collection Set: 0.1ms
[2022-07-20T10:01:41.382+0000][7][gc,phases   ] GC(72)   Merge Heap Roots: 0.1ms
[2022-07-20T10:01:41.382+0000][7][gc,phases   ] GC(72)   Evacuate Collection Set: 3.5ms
[2022-07-20T10:01:41.382+0000][7][gc,phases   ] GC(72)   Post Evacuate Collection Set: 0.5ms
[2022-07-20T10:01:41.382+0000][7][gc,phases   ] GC(72)   Other: 0.3ms
[2022-07-20T10:01:41.382+0000][7][gc,heap     ] GC(72) Eden regions: 25->0(25)
[2022-07-20T10:01:41.382+0000][7][gc,heap     ] GC(72) Survivor regions: 1->1(4)
[2022-07-20T10:01:41.382+0000][7][gc,heap     ] GC(72) Old regions: 23->23
[2022-07-20T10:01:41.382+0000][7][gc,heap     ] GC(72) Archive regions: 2->2
[2022-07-20T10:01:41.382+0000][7][gc,heap     ] GC(72) Humongous regions: 2->2
[2022-07-20T10:01:41.382+0000][7][gc,metaspace] GC(72) Metaspace: 108231K(113016K)->108231K(113016K) NonClass: 94268K(97708K)->94268K(97708K) Class: 13962K(15308K)->13962K(15308K)
[2022-07-20T10:01:41.382+0000][7][gc          ] GC(72) Pause Young (Normal) (G1 Evacuation Pause) 205M->105M(256M) 4.470ms
[2022-07-20T10:01:41.382+0000][7][gc,cpu      ] GC(72) User=0.01s Sys=0.00s Real=0.00s
[2022-07-20T10:01:41.382+0000][7][safepoint   ] Safepoint "G1CollectForAllocation", Time since last: 5986966432 ns, Reaching safepoint: 148142 ns, At safepoint: 4571476 ns, Total: 4719618 ns
[2022-07-20T10:01:44.382+0000][7][safepoint   ] Safepoint "Cleanup", Time since last: 3000448280 ns, Reaching safepoint: 136970 ns, At safepoint: 7384 ns, Total: 144354 ns
[2022-07-20T10:01:53.384+0000][7][safepoint   ] Safepoint "Cleanup", Time since last: 9000940475 ns, Reaching safepoint: 110016 ns, At safepoint: 7758 ns, Total: 117774 ns
[2022-07-20T10:01:54.384+0000][7][safepoint   ] Safepoint "Cleanup", Time since last: 1000232741 ns, Reaching safepoint: 120254 ns, At safepoint: 7196 ns, Total: 127450 ns
[2022-07-20T10:01:59.385+0000][7][safepoint   ] Safepoint "Cleanup", Time since last: 5000618848 ns, Reaching safepoint: 162486 ns, At safepoint: 6203 ns, Total: 168689 ns
[2022-07-20T10:02:01.385+0000][7][safepoint   ] Safepoint "Cleanup", Time since last: 2000384240 ns, Reaching safepoint: 125405 ns, At safepoint: 7289 ns, Total: 132694 ns
[2022-07-20T10:02:02.473+0000][7][safepoint   ] Safepoint "Cleanup", Time since last: 1087137300 ns, Reaching safepoint: 152643 ns, At safepoint: 7965 ns, Total: 160608 ns
[2022-07-20T10:02:04.473+0000][7][safepoint   ] Safepoint "Cleanup", Time since last: 2000413406 ns, Reaching safepoint: 225018 ns, At safepoint: 8348 ns, Total: 233366 ns
[2022-07-20T10:02:05.473+0000][7][safepoint   ] Safepoint "Cleanup", Time since last: 1000119685 ns, Reaching safepoint: 89534 ns, At safepoint: 5961 ns, Total: 95495 ns
[2022-07-20T10:02:17.467+0000][7][safepoint   ] Safepoint "Cleanup", Time since last: 11993682086 ns, Reaching safepoint: 127239 ns, At safepoint: 6710 ns, Total: 133949 ns
[2022-07-20T10:02:18.468+0000][7][safepoint   ] Safepoint "Cleanup", Time since last: 1000254865 ns, Reaching safepoint: 140223 ns, At safepoint: 11943 ns, Total: 152166 ns
[2022-07-20T10:02:19.468+0000][7][safepoint   ] Safepoint "Cleanup", Time since last: 1000212789 ns, Reaching safepoint: 136474 ns, At safepoint: 6762 ns, Total: 143236 ns
[2022-07-20T10:02:23.468+0000][7][safepoint   ] Safepoint "Cleanup", Time since last: 4000418715 ns, Reaching safepoint: 122405 ns, At safepoint: 7343 ns, Total: 129748 ns
[2022-07-20T10:02:25.469+0000][7][safepoint   ] Safepoint "Cleanup", Time since last: 2000524650 ns, Reaching safepoint: 118449 ns, At safepoint: 8147 ns, Total: 126596 ns
[2022-07-20T10:02:29.427+0000][7][gc,start    ] GC(73) Pause Young (Concurrent Start) (G1 Evacuation Pause)
[2022-07-20T10:02:29.427+0000][7][gc,task     ] GC(73) Using 4 workers of 4 for evacuation
[2022-07-20T10:02:29.427+0000][7][gc,age      ] GC(73) Desired survivor size 8388608 bytes, new threshold 15 (max threshold 15)
[2022-07-20T10:02:29.433+0000][7][gc,age      ] GC(73) Age table with threshold 15 (max threshold 15)
[2022-07-20T10:02:29.433+0000][7][gc,age      ] GC(73) - age   1:    1675648 bytes,    1675648 total
[2022-07-20T10:02:29.433+0000][7][gc,age      ] GC(73) - age   2:     315808 bytes,    1991456 total
[2022-07-20T10:02:29.433+0000][7][gc,age      ] GC(73) - age   3:     170200 bytes,    2161656 total
[2022-07-20T10:02:29.433+0000][7][gc,age      ] GC(73) - age   4:      44592 bytes,    2206248 total
[2022-07-20T10:02:29.433+0000][7][gc,age      ] GC(73) - age   5:       9344 bytes,    2215592 total
[2022-07-20T10:02:29.433+0000][7][gc,age      ] GC(73) - age   6:       3208 bytes,    2218800 total
[2022-07-20T10:02:29.433+0000][7][gc,age      ] GC(73) - age   7:     130744 bytes,    2349544 total
[2022-07-20T10:02:29.433+0000][7][gc,age      ] GC(73) - age   8:       3064 bytes,    2352608 total
[2022-07-20T10:02:29.433+0000][7][gc,age      ] GC(73) - age   9:       1736 bytes,    2354344 total
[2022-07-20T10:02:29.433+0000][7][gc,age      ] GC(73) - age  10:      20960 bytes,    2375304 total
[2022-07-20T10:02:29.433+0000][7][gc,age      ] GC(73) - age  11:      44496 bytes,    2419800 total
[2022-07-20T10:02:29.433+0000][7][gc,age      ] GC(73) - age  12:       3288 bytes,    2423088 total
[2022-07-20T10:02:29.433+0000][7][gc,age      ] GC(73) - age  13:       5248 bytes,    2428336 total
[2022-07-20T10:02:29.433+0000][7][gc,age      ] GC(73) - age  14:       8464 bytes,    2436800 total
[2022-07-20T10:02:29.433+0000][7][gc,age      ] GC(73) - age  15:     121648 bytes,    2558448 total
[2022-07-20T10:02:29.433+0000][7][gc,phases   ] GC(73)   Pre Evacuate Collection Set: 0.1ms
[2022-07-20T10:02:29.433+0000][7][gc,phases   ] GC(73)   Merge Heap Roots: 0.0ms
[2022-07-20T10:02:29.433+0000][7][gc,phases   ] GC(73)   Evacuate Collection Set: 4.4ms
[2022-07-20T10:02:29.433+0000][7][gc,phases   ] GC(73)   Post Evacuate Collection Set: 0.7ms
[2022-07-20T10:02:29.433+0000][7][gc,phases   ] GC(73)   Other: 0.4ms
[2022-07-20T10:02:29.433+0000][7][gc,heap     ] GC(73) Eden regions: 25->0(24)
[2022-07-20T10:02:29.433+0000][7][gc,heap     ] GC(73) Survivor regions: 1->1(4)
[2022-07-20T10:02:29.433+0000][7][gc,heap     ] GC(73) Old regions: 23->24
[2022-07-20T10:02:29.433+0000][7][gc,heap     ] GC(73) Archive regions: 2->2
[2022-07-20T10:02:29.433+0000][7][gc,heap     ] GC(73) Humongous regions: 2->2
[2022-07-20T10:02:29.433+0000][7][gc,metaspace] GC(73) Metaspace: 108310K(113272K)->108310K(113272K) NonClass: 94347K(97964K)->94347K(97964K) Class: 13962K(15308K)->13962K(15308K)
[2022-07-20T10:02:29.433+0000][7][gc          ] GC(73) Pause Young (Concurrent Start) (G1 Evacuation Pause) 205M->106M(256M) 5.726ms
[2022-07-20T10:02:29.433+0000][7][gc,cpu      ] GC(73) User=0.01s Sys=0.00s Real=0.00s
[2022-07-20T10:02:29.433+0000][7][gc          ] GC(74) Concurrent Cycle
[2022-07-20T10:02:29.433+0000][7][safepoint   ] Safepoint "G1CollectForAllocation", Time since last: 3958029886 ns, Reaching safepoint: 117699 ns, At safepoint: 5833038 ns, Total: 5950737 ns
[2022-07-20T10:02:29.433+0000][7][gc,marking  ] GC(74) Concurrent Clear Claimed Marks
[2022-07-20T10:02:29.433+0000][7][gc,marking  ] GC(74) Concurrent Clear Claimed Marks 0.108ms
[2022-07-20T10:02:29.433+0000][7][gc,marking  ] GC(74) Concurrent Scan Root Regions
[2022-07-20T10:02:29.437+0000][7][gc,marking  ] GC(74) Concurrent Scan Root Regions 3.579ms
[2022-07-20T10:02:29.437+0000][7][gc,marking  ] GC(74) Concurrent Mark (1097.089s)
[2022-07-20T10:02:29.437+0000][7][gc,marking  ] GC(74) Concurrent Mark From Roots
[2022-07-20T10:02:29.437+0000][7][gc,task     ] GC(74) Using 1 workers of 1 for marking
[2022-07-20T10:02:29.601+0000][7][gc,marking  ] GC(74) Concurrent Mark From Roots 164.484ms
[2022-07-20T10:02:29.601+0000][7][gc,marking  ] GC(74) Concurrent Preclean
[2022-07-20T10:02:29.602+0000][7][gc,marking  ] GC(74) Concurrent Preclean 0.220ms
[2022-07-20T10:02:29.602+0000][7][gc,marking  ] GC(74) Concurrent Mark (1097.089s, 1097.254s) 164.783ms
[2022-07-20T10:02:29.602+0000][7][gc,start    ] GC(74) Pause Remark
[2022-07-20T10:02:29.612+0000][7][gc          ] GC(74) Pause Remark 110M->110M(256M) 10.541ms
[2022-07-20T10:02:29.612+0000][7][gc,cpu      ] GC(74) User=0.04s Sys=0.00s Real=0.01s
[2022-07-20T10:02:29.613+0000][7][safepoint   ] Safepoint "G1Concurrent", Time since last: 168582044 ns, Reaching safepoint: 133290 ns, At safepoint: 10671268 ns, Total: 10804558 ns
[2022-07-20T10:02:29.613+0000][7][gc,marking  ] GC(74) Concurrent Rebuild Remembered Sets
[2022-07-20T10:02:29.706+0000][7][gc,marking  ] GC(74) Concurrent Rebuild Remembered Sets 93.074ms
[2022-07-20T10:02:29.706+0000][7][gc,start    ] GC(74) Pause Cleanup
[2022-07-20T10:02:29.706+0000][7][gc          ] GC(74) Pause Cleanup 110M->110M(256M) 0.172ms
[2022-07-20T10:02:29.706+0000][7][gc,cpu      ] GC(74) User=0.00s Sys=0.00s Real=0.00s
[2022-07-20T10:02:29.706+0000][7][safepoint   ] Safepoint "G1Concurrent", Time since last: 93175703 ns, Reaching safepoint: 96435 ns, At safepoint: 263090 ns, Total: 359525 ns
[2022-07-20T10:02:29.706+0000][7][gc,marking  ] GC(74) Concurrent Cleanup for Next Mark
[2022-07-20T10:02:29.706+0000][7][gc,marking  ] GC(74) Concurrent Cleanup for Next Mark 0.246ms
[2022-07-20T10:02:29.706+0000][7][gc          ] GC(74) Concurrent Cycle 273.252ms
[2022-07-20T10:02:33.983+0000][7][safepoint   ] Safepoint "Cleanup", Time since last: 4276314239 ns, Reaching safepoint: 223729 ns, At safepoint: 6666 ns, Total: 230395 ns
[2022-07-20T10:02:41.984+0000][7][safepoint   ] Safepoint "Cleanup", Time since last: 8001515956 ns, Reaching safepoint: 167001 ns, At safepoint: 7968 ns, Total: 174969 ns
[2022-07-20T10:02:48.986+0000][7][safepoint   ] Safepoint "Cleanup", Time since last: 7001171901 ns, Reaching safepoint: 154678 ns, At safepoint: 8005 ns, Total: 162683 ns
[2022-07-20T10:02:51.987+0000][7][safepoint   ] Safepoint "Cleanup", Time since last: 3000781001 ns, Reaching safepoint: 115513 ns, At safepoint: 7587 ns, Total: 123100 ns
[2022-07-20T10:02:52.987+0000][7][safepoint   ] Safepoint "Cleanup", Time since last: 1000251540 ns, Reaching safepoint: 202562 ns, At safepoint: 7568 ns, Total: 210130 ns
[2022-07-20T10:02:53.987+0000][7][safepoint   ] Safepoint "Cleanup", Time since last: 1000217253 ns, Reaching safepoint: 118929 ns, At safepoint: 10712 ns, Total: 129641 ns
[2022-07-20T10:02:55.988+0000][7][safepoint   ] Safepoint "Cleanup", Time since last: 2000568670 ns, Reaching safepoint: 166650 ns, At safepoint: 13357 ns, Total: 180007 ns
[2022-07-20T10:03:01.990+0000][7][safepoint   ] Safepoint "Cleanup", Time since last: 6001754229 ns, Reaching safepoint: 152160 ns, At safepoint: 8924 ns, Total: 161084 ns
[2022-07-20T10:03:05.991+0000][7][safepoint   ] Safepoint "Cleanup", Time since last: 4000870073 ns, Reaching safepoint: 196965 ns, At safepoint: 23865 ns, Total: 220830 ns
[2022-07-20T10:03:07.992+0000][7][safepoint   ] Safepoint "Cleanup", Time since last: 2000286144 ns, Reaching safepoint: 168647 ns, At safepoint: 9678 ns, Total: 178325 ns
[2022-07-20T10:03:11.465+0000][7][gc,start    ] GC(75) Pause Young (Normal) (G1 Evacuation Pause)
[2022-07-20T10:03:11.465+0000][7][gc,task     ] GC(75) Using 4 workers of 4 for evacuation
[2022-07-20T10:03:11.465+0000][7][gc,age      ] GC(75) Desired survivor size 8388608 bytes, new threshold 15 (max threshold 15)
[2022-07-20T10:03:11.468+0000][7][gc,age      ] GC(75) Age table with threshold 15 (max threshold 15)
[2022-07-20T10:03:11.468+0000][7][gc,age      ] GC(75) - age   1:     327760 bytes,     327760 total
[2022-07-20T10:03:11.468+0000][7][gc,age      ] GC(75) - age   2:      55032 bytes,     382792 total
[2022-07-20T10:03:11.468+0000][7][gc,age      ] GC(75) - age   3:       4608 bytes,     387400 total
[2022-07-20T10:03:11.468+0000][7][gc,age      ] GC(75) - age   4:       2984 bytes,     390384 total
[2022-07-20T10:03:11.468+0000][7][gc,age      ] GC(75) - age   5:      40840 bytes,     431224 total
[2022-07-20T10:03:11.468+0000][7][gc,age      ] GC(75) - age   6:       9104 bytes,     440328 total
[2022-07-20T10:03:11.468+0000][7][gc,age      ] GC(75) - age   7:       3144 bytes,     443472 total
[2022-07-20T10:03:11.468+0000][7][gc,age      ] GC(75) - age   8:     130744 bytes,     574216 total
[2022-07-20T10:03:11.468+0000][7][gc,age      ] GC(75) - age   9:       3064 bytes,     577280 total
[2022-07-20T10:03:11.468+0000][7][gc,age      ] GC(75) - age  10:       1736 bytes,     579016 total
[2022-07-20T10:03:11.468+0000][7][gc,age      ] GC(75) - age  11:      20960 bytes,     599976 total
[2022-07-20T10:03:11.468+0000][7][gc,age      ] GC(75) - age  12:      44496 bytes,     644472 total
[2022-07-20T10:03:11.468+0000][7][gc,age      ] GC(75) - age  13:       3288 bytes,     647760 total
[2022-07-20T10:03:11.468+0000][7][gc,age      ] GC(75) - age  14:       5248 bytes,     653008 total
[2022-07-20T10:03:11.468+0000][7][gc,age      ] GC(75) - age  15:       8464 bytes,     661472 total
[2022-07-20T10:03:11.468+0000][7][gc,phases   ] GC(75)   Pre Evacuate Collection Set: 0.1ms
[2022-07-20T10:03:11.468+0000][7][gc,phases   ] GC(75)   Merge Heap Roots: 0.1ms
[2022-07-20T10:03:11.468+0000][7][gc,phases   ] GC(75)   Evacuate Collection Set: 2.5ms
[2022-07-20T10:03:11.468+0000][7][gc,phases   ] GC(75)   Post Evacuate Collection Set: 0.6ms
[2022-07-20T10:03:11.468+0000][7][gc,phases   ] GC(75)   Other: 0.4ms
[2022-07-20T10:03:11.468+0000][7][gc,heap     ] GC(75) Eden regions: 24->0(24)
[2022-07-20T10:03:11.469+0000][7][gc,heap     ] GC(75) Survivor regions: 1->1(4)
[2022-07-20T10:03:11.469+0000][7][gc,heap     ] GC(75) Old regions: 24->24
[2022-07-20T10:03:11.469+0000][7][gc,heap     ] GC(75) Archive regions: 2->2
[2022-07-20T10:03:11.469+0000][7][gc,heap     ] GC(75) Humongous regions: 2->2
[2022-07-20T10:03:11.469+0000][7][gc,metaspace] GC(75) Metaspace: 108350K(113272K)->108350K(113272K) NonClass: 94387K(97964K)->94387K(97964K) Class: 13962K(15308K)->13962K(15308K)
[2022-07-20T10:03:11.469+0000][7][gc          ] GC(75) Pause Young (Normal) (G1 Evacuation Pause) 202M->104M(256M) 3.766ms
[2022-07-20T10:03:11.469+0000][7][gc,cpu      ] GC(75) User=0.01s Sys=0.00s Real=0.00s
[2022-07-20T10:03:11.469+0000][7][safepoint   ] Safepoint "G1CollectForAllocation", Time since last: 3473093406 ns, Reaching safepoint: 136164 ns, At safepoint: 3869260 ns, Total: 4005424 ns
[2022-07-20T10:03:12.469+0000][7][safepoint   ] Safepoint "Cleanup", Time since last: 1000298427 ns, Reaching safepoint: 128263 ns, At safepoint: 7739 ns, Total: 136002 ns
[2022-07-20T10:03:16.478+0000][7][safepoint   ] Safepoint "Cleanup", Time since last: 4000686641 ns, Reaching safepoint: 8687689 ns, At safepoint: 18580 ns, Total: 8706269 ns
[2022-07-20T10:03:17.479+0000][7][safepoint   ] Safepoint "Cleanup", Time since last: 1000118013 ns, Reaching safepoint: 137010 ns, At safepoint: 6007 ns, Total: 143017 ns
[2022-07-20T10:03:23.480+0000][7][safepoint   ] Safepoint "Cleanup", Time since last: 6000987522 ns, Reaching safepoint: 130021 ns, At safepoint: 5869 ns, Total: 135890 ns
[2022-07-20T10:03:28.482+0000][7][safepoint   ] Safepoint "Cleanup", Time since last: 5001642083 ns, Reaching safepoint: 133166 ns, At safepoint: 4978 ns, Total: 138144 ns
[2022-07-20T10:03:29.482+0000][7][safepoint   ] Safepoint "Cleanup", Time since last: 1000359522 ns, Reaching safepoint: 119173 ns, At safepoint: 10424 ns, Total: 129597 ns
[2022-07-20T10:03:30.483+0000][7][safepoint   ] Safepoint "Cleanup", Time since last: 1000261108 ns, Reaching safepoint: 105500 ns, At safepoint: 7875 ns, Total: 113375 ns
[2022-07-20T10:03:37.483+0000][7][safepoint   ] Safepoint "Cleanup", Time since last: 7000601768 ns, Reaching safepoint: 164181 ns, At safepoint: 5897 ns, Total: 170078 ns
[2022-07-20T10:03:39.484+0000][7][safepoint   ] Safepoint "Cleanup", Time since last: 2000264908 ns, Reaching safepoint: 129722 ns, At safepoint: 6078 ns, Total: 135800 ns
[2022-07-20T10:03:41.484+0000][7][safepoint   ] Safepoint "Cleanup", Time since last: 2000378118 ns, Reaching safepoint: 156462 ns, At safepoint: 5315 ns, Total: 161777 ns
[2022-07-20T10:03:42.485+0000][7][safepoint   ] Safepoint "Cleanup", Time since last: 1000128041 ns, Reaching safepoint: 140332 ns, At safepoint: 17147 ns, Total: 157479 ns
[2022-07-20T10:03:53.486+0000][7][safepoint   ] Safepoint "Cleanup", Time since last: 11001540893 ns, Reaching safepoint: 202223 ns, At safepoint: 7491 ns, Total: 209714 ns
[2022-07-20T10:03:54.487+0000][7][safepoint   ] Safepoint "Cleanup", Time since last: 1000233040 ns, Reaching safepoint: 126713 ns, At safepoint: 9288 ns, Total: 136001 ns
[2022-07-20T10:03:55.487+0000][7][safepoint   ] Safepoint "Cleanup", Time since last: 1000164578 ns, Reaching safepoint: 142395 ns, At safepoint: 9733 ns, Total: 152128 ns
[2022-07-20T10:03:58.488+0000][7][safepoint   ] Safepoint "Cleanup", Time since last: 3000813980 ns, Reaching safepoint: 105144 ns, At safepoint: 6669 ns, Total: 111813 ns
[2022-07-20T10:03:58.508+0000][7][gc,start    ] GC(76) Pause Young (Concurrent Start) (G1 Evacuation Pause)
[2022-07-20T10:03:58.508+0000][7][gc,task     ] GC(76) Using 4 workers of 4 for evacuation
[2022-07-20T10:03:58.508+0000][7][gc,age      ] GC(76) Desired survivor size 8388608 bytes, new threshold 15 (max threshold 15)
[2022-07-20T10:03:58.512+0000][7][gc,age      ] GC(76) Age table with threshold 15 (max threshold 15)
[2022-07-20T10:03:58.512+0000][7][gc,age      ] GC(76) - age   1:    2162376 bytes,    2162376 total
[2022-07-20T10:03:58.512+0000][7][gc,age      ] GC(76) - age   2:     279792 bytes,    2442168 total
[2022-07-20T10:03:58.512+0000][7][gc,age      ] GC(76) - age   3:      52776 bytes,    2494944 total
[2022-07-20T10:03:58.512+0000][7][gc,age      ] GC(76) - age   4:       4352 bytes,    2499296 total
[2022-07-20T10:03:58.512+0000][7][gc,age      ] GC(76) - age   5:       2792 bytes,    2502088 total
[2022-07-20T10:03:58.512+0000][7][gc,age      ] GC(76) - age   6:      40488 bytes,    2542576 total
[2022-07-20T10:03:58.512+0000][7][gc,age      ] GC(76) - age   7:       9104 bytes,    2551680 total
[2022-07-20T10:03:58.512+0000][7][gc,age      ] GC(76) - age   8:       3144 bytes,    2554824 total
[2022-07-20T10:03:58.512+0000][7][gc,age      ] GC(76) - age   9:     130744 bytes,    2685568 total
[2022-07-20T10:03:58.512+0000][7][gc,age      ] GC(76) - age  10:       3064 bytes,    2688632 total
[2022-07-20T10:03:58.512+0000][7][gc,age      ] GC(76) - age  11:       1736 bytes,    2690368 total
[2022-07-20T10:03:58.512+0000][7][gc,age      ] GC(76) - age  12:      20960 bytes,    2711328 total
[2022-07-20T10:03:58.512+0000][7][gc,age      ] GC(76) - age  13:      44496 bytes,    2755824 total
[2022-07-20T10:03:58.512+0000][7][gc,age      ] GC(76) - age  14:       3288 bytes,    2759112 total
[2022-07-20T10:03:58.512+0000][7][gc,age      ] GC(76) - age  15:       5248 bytes,    2764360 total
[2022-07-20T10:03:58.512+0000][7][gc,phases   ] GC(76)   Pre Evacuate Collection Set: 0.2ms
[2022-07-20T10:03:58.512+0000][7][gc,phases   ] GC(76)   Merge Heap Roots: 0.1ms
[2022-07-20T10:03:58.512+0000][7][gc,phases   ] GC(76)   Evacuate Collection Set: 3.8ms
[2022-07-20T10:03:58.512+0000][7][gc,phases   ] GC(76)   Post Evacuate Collection Set: 0.5ms
[2022-07-20T10:03:58.512+0000][7][gc,phases   ] GC(76)   Other: 0.3ms
[2022-07-20T10:03:58.512+0000][7][gc,heap     ] GC(76) Eden regions: 24->0(24)
[2022-07-20T10:03:58.512+0000][7][gc,heap     ] GC(76) Survivor regions: 1->1(4)
[2022-07-20T10:03:58.512+0000][7][gc,heap     ] GC(76) Old regions: 24->24
[2022-07-20T10:03:58.512+0000][7][gc,heap     ] GC(76) Archive regions: 2->2
[2022-07-20T10:03:58.512+0000][7][gc,heap     ] GC(76) Humongous regions: 2->2
[2022-07-20T10:03:58.512+0000][7][gc,metaspace] GC(76) Metaspace: 108381K(113272K)->108381K(113272K) NonClass: 94418K(97964K)->94418K(97964K) Class: 13962K(15308K)->13962K(15308K)
[2022-07-20T10:03:58.512+0000][7][gc          ] GC(76) Pause Young (Concurrent Start) (G1 Evacuation Pause) 200M->106M(256M) 4.901ms
[2022-07-20T10:03:58.512+0000][7][gc,cpu      ] GC(76) User=0.01s Sys=0.00s Real=0.00s
[2022-07-20T10:03:58.512+0000][7][gc          ] GC(77) Concurrent Cycle
[2022-07-20T10:03:58.512+0000][7][safepoint   ] Safepoint "G1CollectForAllocation", Time since last: 19502413 ns, Reaching safepoint: 115973 ns, At safepoint: 4996215 ns, Total: 5112188 ns
[2022-07-20T10:03:58.513+0000][7][gc,marking  ] GC(77) Concurrent Clear Claimed Marks
[2022-07-20T10:03:58.513+0000][7][gc,marking  ] GC(77) Concurrent Clear Claimed Marks 0.129ms
[2022-07-20T10:03:58.513+0000][7][gc,marking  ] GC(77) Concurrent Scan Root Regions
[2022-07-20T10:03:58.517+0000][7][gc,marking  ] GC(77) Concurrent Scan Root Regions 3.917ms
[2022-07-20T10:03:58.517+0000][7][gc,marking  ] GC(77) Concurrent Mark (1186.169s)
[2022-07-20T10:03:58.517+0000][7][gc,marking  ] GC(77) Concurrent Mark From Roots
[2022-07-20T10:03:58.517+0000][7][gc,task     ] GC(77) Using 1 workers of 1 for marking
[2022-07-20T10:03:58.713+0000][7][gc,marking  ] GC(77) Concurrent Mark From Roots 196.647ms
[2022-07-20T10:03:58.713+0000][7][gc,marking  ] GC(77) Concurrent Preclean
[2022-07-20T10:03:58.714+0000][7][gc,marking  ] GC(77) Concurrent Preclean 0.240ms
[2022-07-20T10:03:58.714+0000][7][gc,marking  ] GC(77) Concurrent Mark (1186.169s, 1186.366s) 196.961ms
[2022-07-20T10:03:58.714+0000][7][gc,start    ] GC(77) Pause Remark
[2022-07-20T10:03:58.725+0000][7][gc          ] GC(77) Pause Remark 116M->116M(256M) 11.405ms
[2022-07-20T10:03:58.725+0000][7][gc,cpu      ] GC(77) User=0.04s Sys=0.00s Real=0.02s
[2022-07-20T10:03:58.725+0000][7][safepoint   ] Safepoint "G1Concurrent", Time since last: 201160995 ns, Reaching safepoint: 193140 ns, At safepoint: 11504011 ns, Total: 11697151 ns
[2022-07-20T10:03:58.725+0000][7][gc,marking  ] GC(77) Concurrent Rebuild Remembered Sets
[2022-07-20T10:03:58.822+0000][7][gc,marking  ] GC(77) Concurrent Rebuild Remembered Sets 96.559ms
[2022-07-20T10:03:58.822+0000][7][gc,start    ] GC(77) Pause Cleanup
[2022-07-20T10:03:58.822+0000][7][gc          ] GC(77) Pause Cleanup 116M->116M(256M) 0.099ms
[2022-07-20T10:03:58.822+0000][7][gc,cpu      ] GC(77) User=0.00s Sys=0.00s Real=0.00s
[2022-07-20T10:03:58.822+0000][7][safepoint   ] Safepoint "G1Concurrent", Time since last: 96669028 ns, Reaching safepoint: 146363 ns, At safepoint: 197177 ns, Total: 343540 ns
[2022-07-20T10:03:58.822+0000][7][gc,marking  ] GC(77) Concurrent Cleanup for Next Mark
[2022-07-20T10:03:58.823+0000][7][gc,marking  ] GC(77) Concurrent Cleanup for Next Mark 0.275ms
[2022-07-20T10:03:58.823+0000][7][gc          ] GC(77) Concurrent Cycle 310.215ms
[2022-07-20T10:04:01.823+0000][7][safepoint   ] Safepoint "Cleanup", Time since last: 3000316780 ns, Reaching safepoint: 199533 ns, At safepoint: 6105 ns, Total: 205638 ns
[2022-07-20T10:04:04.824+0000][7][safepoint   ] Safepoint "Cleanup", Time since last: 3000501166 ns, Reaching safepoint: 155338 ns, At safepoint: 9939 ns, Total: 165277 ns
[2022-07-20T10:04:05.824+0000][7][safepoint   ] Safepoint "Cleanup", Time since last: 1000252592 ns, Reaching safepoint: 142957 ns, At safepoint: 7436 ns, Total: 150393 ns
[2022-07-20T10:04:07.825+0000][7][safepoint   ] Safepoint "Cleanup", Time since last: 2000647744 ns, Reaching safepoint: 149316 ns, At safepoint: 7948 ns, Total: 157264 ns
[2022-07-20T10:04:10.826+0000][7][safepoint   ] Safepoint "Cleanup", Time since last: 3000806559 ns, Reaching safepoint: 132163 ns, At safepoint: 7134 ns, Total: 139297 ns
[2022-07-20T10:04:14.826+0000][7][safepoint   ] Safepoint "Cleanup", Time since last: 4000657698 ns, Reaching safepoint: 102568 ns, At safepoint: 7117 ns, Total: 109685 ns
[2022-07-20T10:04:16.827+0000][7][safepoint   ] Safepoint "Cleanup", Time since last: 2000383185 ns, Reaching safepoint: 154119 ns, At safepoint: 8503 ns, Total: 162622 ns
[2022-07-20T10:04:17.827+0000][7][safepoint   ] Safepoint "Cleanup", Time since last: 1000249502 ns, Reaching safepoint: 178829 ns, At safepoint: 8821 ns, Total: 187650 ns
[2022-07-20T10:04:18.828+0000][7][safepoint   ] Safepoint "Cleanup", Time since last: 1000254251 ns, Reaching safepoint: 172905 ns, At safepoint: 9217 ns, Total: 182122 ns
[2022-07-20T10:04:21.829+0000][7][safepoint   ] Safepoint "Cleanup", Time since last: 3000595653 ns, Reaching safepoint: 147628 ns, At safepoint: 7403 ns, Total: 155031 ns
[2022-07-20T10:04:23.829+0000][7][safepoint   ] Safepoint "Cleanup", Time since last: 2000501430 ns, Reaching safepoint: 155678 ns, At safepoint: 6135 ns, Total: 161813 ns
[2022-07-20T10:04:25.830+0000][7][safepoint   ] Safepoint "Cleanup", Time since last: 2000746754 ns, Reaching safepoint: 146523 ns, At safepoint: 8898 ns, Total: 155421 ns
[2022-07-20T10:04:26.831+0000][7][safepoint   ] Safepoint "Cleanup", Time since last: 1000375246 ns, Reaching safepoint: 128501 ns, At safepoint: 8519 ns, Total: 137020 ns
[2022-07-20T10:04:28.832+0000][7][safepoint   ] Safepoint "Cleanup", Time since last: 2000625573 ns, Reaching safepoint: 196817 ns, At safepoint: 7338 ns, Total: 204155 ns
[2022-07-20T10:04:29.621+0000][7][gc,start    ] GC(78) Pause Young (Normal) (G1 Evacuation Pause)
[2022-07-20T10:04:29.621+0000][7][gc,task     ] GC(78) Using 4 workers of 4 for evacuation
[2022-07-20T10:04:29.621+0000][7][gc,age      ] GC(78) Desired survivor size 8388608 bytes, new threshold 15 (max threshold 15)
[2022-07-20T10:04:29.626+0000][7][gc,age      ] GC(78) Age table with threshold 15 (max threshold 15)
[2022-07-20T10:04:29.626+0000][7][gc,age      ] GC(78) - age   1:    2099728 bytes,    2099728 total
[2022-07-20T10:04:29.626+0000][7][gc,age      ] GC(78) - age   2:      33432 bytes,    2133160 total
[2022-07-20T10:04:29.626+0000][7][gc,age      ] GC(78) - age   3:     150728 bytes,    2283888 total
[2022-07-20T10:04:29.626+0000][7][gc,age      ] GC(78) - age   4:       2648 bytes,    2286536 total
[2022-07-20T10:04:29.626+0000][7][gc,age      ] GC(78) - age   5:       4128 bytes,    2290664 total
[2022-07-20T10:04:29.626+0000][7][gc,age      ] GC(78) - age   6:       2368 bytes,    2293032 total
[2022-07-20T10:04:29.626+0000][7][gc,age      ] GC(78) - age   7:      40336 bytes,    2333368 total
[2022-07-20T10:04:29.626+0000][7][gc,age      ] GC(78) - age   8:       9040 bytes,    2342408 total
[2022-07-20T10:04:29.626+0000][7][gc,age      ] GC(78) - age   9:       3144 bytes,    2345552 total
[2022-07-20T10:04:29.626+0000][7][gc,age      ] GC(78) - age  10:     130744 bytes,    2476296 total
[2022-07-20T10:04:29.626+0000][7][gc,age      ] GC(78) - age  11:       3064 bytes,    2479360 total
[2022-07-20T10:04:29.626+0000][7][gc,age      ] GC(78) - age  12:       1736 bytes,    2481096 total
[2022-07-20T10:04:29.626+0000][7][gc,age      ] GC(78) - age  13:      20960 bytes,    2502056 total
[2022-07-20T10:04:29.626+0000][7][gc,age      ] GC(78) - age  14:      44496 bytes,    2546552 total
[2022-07-20T10:04:29.626+0000][7][gc,age      ] GC(78) - age  15:       3288 bytes,    2549840 total
[2022-07-20T10:04:29.626+0000][7][gc,phases   ] GC(78)   Pre Evacuate Collection Set: 0.1ms
[2022-07-20T10:04:29.626+0000][7][gc,phases   ] GC(78)   Merge Heap Roots: 0.1ms
[2022-07-20T10:04:29.626+0000][7][gc,phases   ] GC(78)   Evacuate Collection Set: 4.0ms
[2022-07-20T10:04:29.626+0000][7][gc,phases   ] GC(78)   Post Evacuate Collection Set: 0.5ms
[2022-07-20T10:04:29.626+0000][7][gc,phases   ] GC(78)   Other: 0.3ms
[2022-07-20T10:04:29.626+0000][7][gc,heap     ] GC(78) Eden regions: 24->0(23)
[2022-07-20T10:04:29.626+0000][7][gc,heap     ] GC(78) Survivor regions: 1->1(4)
[2022-07-20T10:04:29.626+0000][7][gc,heap     ] GC(78) Old regions: 24->24
[2022-07-20T10:04:29.626+0000][7][gc,heap     ] GC(78) Archive regions: 2->2
[2022-07-20T10:04:29.626+0000][7][gc,heap     ] GC(78) Humongous regions: 2->2
[2022-07-20T10:04:29.626+0000][7][gc,metaspace] GC(78) Metaspace: 108486K(113272K)->108486K(113272K) NonClass: 94523K(97964K)->94523K(97964K) Class: 13962K(15308K)->13962K(15308K)
[2022-07-20T10:04:29.626+0000][7][gc          ] GC(78) Pause Young (Normal) (G1 Evacuation Pause) 202M->106M(256M) 5.004ms
[2022-07-20T10:04:29.626+0000][7][gc,cpu      ] GC(78) User=0.02s Sys=0.00s Real=0.01s
[2022-07-20T10:04:29.626+0000][7][safepoint   ] Safepoint "G1CollectForAllocation", Time since last: 789751318 ns, Reaching safepoint: 100591 ns, At safepoint: 5091053 ns, Total: 5191644 ns
[2022-07-20T10:04:40.629+0000][7][safepoint   ] Safepoint "Cleanup", Time since last: 11002053542 ns, Reaching safepoint: 122462 ns, At safepoint: 8805 ns, Total: 131267 ns
[2022-07-20T10:04:41.629+0000][7][safepoint   ] Safepoint "Cleanup", Time since last: 1000212458 ns, Reaching safepoint: 155371 ns, At safepoint: 8748 ns, Total: 164119 ns
[2022-07-20T10:04:51.631+0000][7][safepoint   ] Safepoint "Cleanup", Time since last: 10001760745 ns, Reaching safepoint: 140060 ns, At safepoint: 13919 ns, Total: 153979 ns
[2022-07-20T10:04:52.631+0000][7][safepoint   ] Safepoint "Cleanup", Time since last: 1000132342 ns, Reaching safepoint: 100796 ns, At safepoint: 7488 ns, Total: 108284 ns
[2022-07-20T10:04:53.631+0000][7][safepoint   ] Safepoint "Cleanup", Time since last: 1000125255 ns, Reaching safepoint: 123266 ns, At safepoint: 5863 ns, Total: 129129 ns
[2022-07-20T10:04:54.632+0000][7][safepoint   ] Safepoint "Cleanup", Time since last: 1000360723 ns, Reaching safepoint: 199590 ns, At safepoint: 6137 ns, Total: 205727 ns
[2022-07-20T10:04:55.632+0000][7][safepoint   ] Safepoint "Cleanup", Time since last: 1000151761 ns, Reaching safepoint: 175667 ns, At safepoint: 8325 ns, Total: 183992 ns
[2022-07-20T10:04:56.633+0000][7][safepoint   ] Safepoint "Cleanup", Time since last: 1000139644 ns, Reaching safepoint: 163844 ns, At safepoint: 7920 ns, Total: 171764 ns
[2022-07-20T10:04:57.633+0000][7][safepoint   ] Safepoint "Cleanup", Time since last: 1000382706 ns, Reaching safepoint: 132156 ns, At safepoint: 6017 ns, Total: 138173 ns
[2022-07-20T10:05:00.634+0000][7][safepoint   ] Safepoint "Cleanup", Time since last: 3000503101 ns, Reaching safepoint: 133849 ns, At safepoint: 8872 ns, Total: 142721 ns
[2022-07-20T10:05:01.634+0000][7][safepoint   ] Safepoint "Cleanup", Time since last: 1000273958 ns, Reaching safepoint: 147286 ns, At safepoint: 6380 ns, Total: 153666 ns
[2022-07-20T10:05:02.635+0000][7][safepoint   ] Safepoint "Cleanup", Time since last: 1000135592 ns, Reaching safepoint: 111872 ns, At safepoint: 5868 ns, Total: 117740 ns
[2022-07-20T10:05:04.687+0000][7][gc,start    ] GC(79) Pause Young (Concurrent Start) (G1 Evacuation Pause)
[2022-07-20T10:05:04.687+0000][7][gc,task     ] GC(79) Using 4 workers of 4 for evacuation
[2022-07-20T10:05:04.687+0000][7][gc,age      ] GC(79) Desired survivor size 6291456 bytes, new threshold 15 (max threshold 15)
[2022-07-20T10:05:04.694+0000][7][gc,age      ] GC(79) Age table with threshold 15 (max threshold 15)
[2022-07-20T10:05:04.694+0000][7][gc,age      ] GC(79) - age   1:    2143168 bytes,    2143168 total
[2022-07-20T10:05:04.694+0000][7][gc,age      ] GC(79) - age   2:     251896 bytes,    2395064 total
[2022-07-20T10:05:04.694+0000][7][gc,age      ] GC(79) - age   3:       9104 bytes,    2404168 total
[2022-07-20T10:05:04.694+0000][7][gc,age      ] GC(79) - age   4:       1744 bytes,    2405912 total
[2022-07-20T10:05:04.694+0000][7][gc,age      ] GC(79) - age   5:       2448 bytes,    2408360 total
[2022-07-20T10:05:04.694+0000][7][gc,age      ] GC(79) - age   6:       4128 bytes,    2412488 total
[2022-07-20T10:05:04.694+0000][7][gc,age      ] GC(79) - age   7:       2240 bytes,    2414728 total
[2022-07-20T10:05:04.694+0000][7][gc,age      ] GC(79) - age   8:      40208 bytes,    2454936 total
[2022-07-20T10:05:04.694+0000][7][gc,age      ] GC(79) - age   9:       8976 bytes,    2463912 total
[2022-07-20T10:05:04.694+0000][7][gc,age      ] GC(79) - age  10:       3016 bytes,    2466928 total
[2022-07-20T10:05:04.694+0000][7][gc,age      ] GC(79) - age  11:     130744 bytes,    2597672 total
[2022-07-20T10:05:04.694+0000][7][gc,age      ] GC(79) - age  12:       3064 bytes,    2600736 total
[2022-07-20T10:05:04.694+0000][7][gc,age      ] GC(79) - age  13:       1736 bytes,    2602472 total
[2022-07-20T10:05:04.694+0000][7][gc,age      ] GC(79) - age  14:      20960 bytes,    2623432 total
[2022-07-20T10:05:04.694+0000][7][gc,age      ] GC(79) - age  15:      42168 bytes,    2665600 total
[2022-07-20T10:05:04.694+0000][7][gc,phases   ] GC(79)   Pre Evacuate Collection Set: 0.1ms
[2022-07-20T10:05:04.694+0000][7][gc,phases   ] GC(79)   Merge Heap Roots: 0.0ms
[2022-07-20T10:05:04.694+0000][7][gc,phases   ] GC(79)   Evacuate Collection Set: 5.9ms
[2022-07-20T10:05:04.694+0000][7][gc,phases   ] GC(79)   Post Evacuate Collection Set: 0.6ms
[2022-07-20T10:05:04.694+0000][7][gc,phases   ] GC(79)   Other: 0.5ms
[2022-07-20T10:05:04.694+0000][7][gc,heap     ] GC(79) Eden regions: 23->0(23)
[2022-07-20T10:05:04.694+0000][7][gc,heap     ] GC(79) Survivor regions: 1->1(3)
[2022-07-20T10:05:04.694+0000][7][gc,heap     ] GC(79) Old regions: 24->24
[2022-07-20T10:05:04.694+0000][7][gc,heap     ] GC(79) Archive regions: 2->2
[2022-07-20T10:05:04.694+0000][7][gc,heap     ] GC(79) Humongous regions: 2->2
[2022-07-20T10:05:04.694+0000][7][gc,metaspace] GC(79) Metaspace: 108581K(113528K)->108581K(113528K) NonClass: 94618K(98220K)->94618K(98220K) Class: 13962K(15308K)->13962K(15308K)
[2022-07-20T10:05:04.694+0000][7][gc          ] GC(79) Pause Young (Concurrent Start) (G1 Evacuation Pause) 198M->106M(256M) 7.323ms
[2022-07-20T10:05:04.694+0000][7][gc,cpu      ] GC(79) User=0.02s Sys=0.00s Real=0.00s
[2022-07-20T10:05:04.694+0000][7][gc          ] GC(80) Concurrent Cycle
[2022-07-20T10:05:04.694+0000][7][safepoint   ] Safepoint "G1CollectForAllocation", Time since last: 2052358600 ns, Reaching safepoint: 84714 ns, At safepoint: 7429727 ns, Total: 7514441 ns
[2022-07-20T10:05:04.694+0000][7][gc,marking  ] GC(80) Concurrent Clear Claimed Marks
[2022-07-20T10:05:04.695+0000][7][gc,marking  ] GC(80) Concurrent Clear Claimed Marks 0.096ms
[2022-07-20T10:05:04.695+0000][7][gc,marking  ] GC(80) Concurrent Scan Root Regions
[2022-07-20T10:05:04.698+0000][7][gc,marking  ] GC(80) Concurrent Scan Root Regions 3.801ms
[2022-07-20T10:05:04.698+0000][7][gc,marking  ] GC(80) Concurrent Mark (1252.350s)
[2022-07-20T10:05:04.698+0000][7][gc,marking  ] GC(80) Concurrent Mark From Roots
[2022-07-20T10:05:04.698+0000][7][gc,task     ] GC(80) Using 1 workers of 1 for marking
[2022-07-20T10:05:04.879+0000][7][gc,marking  ] GC(80) Concurrent Mark From Roots 180.546ms
[2022-07-20T10:05:04.879+0000][7][gc,marking  ] GC(80) Concurrent Preclean
[2022-07-20T10:05:04.879+0000][7][gc,marking  ] GC(80) Concurrent Preclean 0.210ms
[2022-07-20T10:05:04.879+0000][7][gc,marking  ] GC(80) Concurrent Mark (1252.350s, 1252.531s) 180.840ms
[2022-07-20T10:05:04.879+0000][7][gc,start    ] GC(80) Pause Remark
[2022-07-20T10:05:04.893+0000][7][gc          ] GC(80) Pause Remark 113M->113M(256M) 13.305ms
[2022-07-20T10:05:04.893+0000][7][gc,cpu      ] GC(80) User=0.04s Sys=0.00s Real=0.01s
[2022-07-20T10:05:04.893+0000][7][safepoint   ] Safepoint "G1Concurrent", Time since last: 184870935 ns, Reaching safepoint: 82464 ns, At safepoint: 13408087 ns, Total: 13490551 ns
[2022-07-20T10:05:04.893+0000][7][gc,marking  ] GC(80) Concurrent Rebuild Remembered Sets
[2022-07-20T10:05:05.002+0000][7][gc,marking  ] GC(80) Concurrent Rebuild Remembered Sets 109.065ms
[2022-07-20T10:05:05.002+0000][7][gc,start    ] GC(80) Pause Cleanup
[2022-07-20T10:05:05.002+0000][7][gc          ] GC(80) Pause Cleanup 113M->113M(256M) 0.084ms
[2022-07-20T10:05:05.002+0000][7][gc,cpu      ] GC(80) User=0.00s Sys=0.00s Real=0.00s
[2022-07-20T10:05:05.002+0000][7][safepoint   ] Safepoint "G1Concurrent", Time since last: 109173321 ns, Reaching safepoint: 90852 ns, At safepoint: 140360 ns, Total: 231212 ns
[2022-07-20T10:05:05.002+0000][7][gc,marking  ] GC(80) Concurrent Cleanup for Next Mark
[2022-07-20T10:05:05.002+0000][7][gc,marking  ] GC(80) Concurrent Cleanup for Next Mark 0.273ms
[2022-07-20T10:05:05.002+0000][7][gc          ] GC(80) Concurrent Cycle 308.119ms
[2022-07-20T10:05:08.003+0000][7][safepoint   ] Safepoint "Cleanup", Time since last: 3000308377 ns, Reaching safepoint: 110882 ns, At safepoint: 8106 ns, Total: 118988 ns
[2022-07-20T10:05:12.003+0000][7][safepoint   ] Safepoint "Cleanup", Time since last: 4000311265 ns, Reaching safepoint: 120846 ns, At safepoint: 6954 ns, Total: 127800 ns
[2022-07-20T10:05:17.004+0000][7][safepoint   ] Safepoint "Cleanup", Time since last: 5001040511 ns, Reaching safepoint: 215294 ns, At safepoint: 10007 ns, Total: 225301 ns
[2022-07-20T10:05:23.006+0000][7][safepoint   ] Safepoint "Cleanup", Time since last: 6001485036 ns, Reaching safepoint: 148819 ns, At safepoint: 7679 ns, Total: 156498 ns
[2022-07-20T10:05:24.006+0000][7][safepoint   ] Safepoint "Cleanup", Time since last: 1000301669 ns, Reaching safepoint: 127856 ns, At safepoint: 5342 ns, Total: 133198 ns
[2022-07-20T10:05:27.007+0000][7][safepoint   ] Safepoint "Cleanup", Time since last: 3000635437 ns, Reaching safepoint: 95919 ns, At safepoint: 5235 ns, Total: 101154 ns
[2022-07-20T10:05:29.008+0000][7][safepoint   ] Safepoint "Cleanup", Time since last: 2000306168 ns, Reaching safepoint: 209931 ns, At safepoint: 9537 ns, Total: 219468 ns
[2022-07-20T10:05:34.008+0000][7][safepoint   ] Safepoint "Cleanup", Time since last: 5000534806 ns, Reaching safepoint: 124068 ns, At safepoint: 8358 ns, Total: 132426 ns
[2022-07-20T10:05:36.009+0000][7][safepoint   ] Safepoint "Cleanup", Time since last: 2000226091 ns, Reaching safepoint: 137718 ns, At safepoint: 6213 ns, Total: 143931 ns
[2022-07-20T10:05:37.009+0000][7][safepoint   ] Safepoint "Cleanup", Time since last: 1000200833 ns, Reaching safepoint: 171585 ns, At safepoint: 10237 ns, Total: 181822 ns
[2022-07-20T10:05:40.733+0000][7][gc,start    ] GC(81) Pause Young (Normal) (G1 Evacuation Pause)
[2022-07-20T10:05:40.733+0000][7][gc,task     ] GC(81) Using 4 workers of 4 for evacuation
[2022-07-20T10:05:40.734+0000][7][gc,age      ] GC(81) Desired survivor size 6291456 bytes, new threshold 15 (max threshold 15)
[2022-07-20T10:05:40.743+0000][7][gc,age      ] GC(81) Age table with threshold 15 (max threshold 15)
[2022-07-20T10:05:40.743+0000][7][gc,age      ] GC(81) - age   1:    2059136 bytes,    2059136 total
[2022-07-20T10:05:40.743+0000][7][gc,age      ] GC(81) - age   2:      35768 bytes,    2094904 total
[2022-07-20T10:05:40.743+0000][7][gc,age      ] GC(81) - age   3:     198264 bytes,    2293168 total
[2022-07-20T10:05:40.743+0000][7][gc,age      ] GC(81) - age   4:       8824 bytes,    2301992 total
[2022-07-20T10:05:40.743+0000][7][gc,age      ] GC(81) - age   5:       1224 bytes,    2303216 total
[2022-07-20T10:05:40.743+0000][7][gc,age      ] GC(81) - age   6:       2448 bytes,    2305664 total
[2022-07-20T10:05:40.743+0000][7][gc,age      ] GC(81) - age   7:       4128 bytes,    2309792 total
[2022-07-20T10:05:40.743+0000][7][gc,age      ] GC(81) - age   8:       2224 bytes,    2312016 total
[2022-07-20T10:05:40.743+0000][7][gc,age      ] GC(81) - age   9:      25432 bytes,    2337448 total
[2022-07-20T10:05:40.743+0000][7][gc,age      ] GC(81) - age  10:       8976 bytes,    2346424 total
[2022-07-20T10:05:40.743+0000][7][gc,age      ] GC(81) - age  11:       3016 bytes,    2349440 total
[2022-07-20T10:05:40.743+0000][7][gc,age      ] GC(81) - age  12:      35096 bytes,    2384536 total
[2022-07-20T10:05:40.743+0000][7][gc,age      ] GC(81) - age  13:       3064 bytes,    2387600 total
[2022-07-20T10:05:40.743+0000][7][gc,age      ] GC(81) - age  14:       1736 bytes,    2389336 total
[2022-07-20T10:05:40.743+0000][7][gc,age      ] GC(81) - age  15:      20960 bytes,    2410296 total
[2022-07-20T10:05:40.743+0000][7][gc,phases   ] GC(81)   Pre Evacuate Collection Set: 0.1ms
[2022-07-20T10:05:40.743+0000][7][gc,phases   ] GC(81)   Merge Heap Roots: 0.1ms
[2022-07-20T10:05:40.743+0000][7][gc,phases   ] GC(81)   Evacuate Collection Set: 8.0ms
[2022-07-20T10:05:40.743+0000][7][gc,phases   ] GC(81)   Post Evacuate Collection Set: 1.4ms
[2022-07-20T10:05:40.743+0000][7][gc,phases   ] GC(81)   Other: 0.4ms
[2022-07-20T10:05:40.743+0000][7][gc,heap     ] GC(81) Eden regions: 23->0(23)
[2022-07-20T10:05:40.743+0000][7][gc,heap     ] GC(81) Survivor regions: 1->1(3)
[2022-07-20T10:05:40.743+0000][7][gc,heap     ] GC(81) Old regions: 24->24
[2022-07-20T10:05:40.743+0000][7][gc,heap     ] GC(81) Archive regions: 2->2
[2022-07-20T10:05:40.743+0000][7][gc,heap     ] GC(81) Humongous regions: 2->2
[2022-07-20T10:05:40.743+0000][7][gc,metaspace] GC(81) Metaspace: 108609K(113528K)->108609K(113528K) NonClass: 94646K(98220K)->94646K(98220K) Class: 13962K(15308K)->13962K(15308K)
[2022-07-20T10:05:40.744+0000][7][gc          ] GC(81) Pause Young (Normal) (G1 Evacuation Pause) 198M->106M(256M) 10.066ms
[2022-07-20T10:05:40.744+0000][7][gc,cpu      ] GC(81) User=0.02s Sys=0.00s Real=0.02s
[2022-07-20T10:05:40.744+0000][7][safepoint   ] Safepoint "G1CollectForAllocation", Time since last: 3724208357 ns, Reaching safepoint: 150554 ns, At safepoint: 10166912 ns, Total: 10317466 ns
[2022-07-20T10:05:46.745+0000][7][safepoint   ] Safepoint "Cleanup", Time since last: 6000750894 ns, Reaching safepoint: 201683 ns, At safepoint: 7279 ns, Total: 208962 ns
[2022-07-20T10:05:52.745+0000][7][safepoint   ] Safepoint "Cleanup", Time since last: 6000680437 ns, Reaching safepoint: 140224 ns, At safepoint: 6967 ns, Total: 147191 ns
[2022-07-20T10:06:01.747+0000][7][safepoint   ] Safepoint "Cleanup", Time since last: 9001935668 ns, Reaching safepoint: 126306 ns, At safepoint: 10841 ns, Total: 137147 ns
[2022-07-20T10:06:04.748+0000][7][safepoint   ] Safepoint "Cleanup", Time since last: 3000348914 ns, Reaching safepoint: 257802 ns, At safepoint: 7442 ns, Total: 265244 ns
[2022-07-20T10:06:08.749+0000][7][safepoint   ] Safepoint "Cleanup", Time since last: 4000678998 ns, Reaching safepoint: 132084 ns, At safepoint: 6367 ns, Total: 138451 ns
[2022-07-20T10:06:10.749+0000][7][safepoint   ] Safepoint "Cleanup", Time since last: 2000328832 ns, Reaching safepoint: 136145 ns, At safepoint: 6786 ns, Total: 142931 ns
[2022-07-20T10:06:16.750+0000][7][safepoint   ] Safepoint "Cleanup", Time since last: 6000854761 ns, Reaching safepoint: 171202 ns, At safepoint: 13161 ns, Total: 184363 ns
[2022-07-20T10:06:17.751+0000][7][safepoint   ] Safepoint "Cleanup", Time since last: 1000360815 ns, Reaching safepoint: 163522 ns, At safepoint: 13406 ns, Total: 176928 ns
[2022-07-20T10:06:19.751+0000][7][safepoint   ] Safepoint "Cleanup", Time since last: 2000223891 ns, Reaching safepoint: 119955 ns, At safepoint: 5426 ns, Total: 125381 ns
[2022-07-20T10:06:21.752+0000][7][safepoint   ] Safepoint "Cleanup", Time since last: 2000238134 ns, Reaching safepoint: 88383 ns, At safepoint: 7519 ns, Total: 95902 ns
[2022-07-20T10:06:25.753+0000][7][safepoint   ] Safepoint "Cleanup", Time since last: 4000874755 ns, Reaching safepoint: 156884 ns, At safepoint: 6307 ns, Total: 163191 ns
[2022-07-20T10:06:26.753+0000][7][safepoint   ] Safepoint "Cleanup", Time since last: 1000166604 ns, Reaching safepoint: 88718 ns, At safepoint: 5541 ns, Total: 94259 ns
[2022-07-20T10:06:28.510+0000][7][gc,start    ] GC(82) Pause Young (Concurrent Start) (G1 Evacuation Pause)
[2022-07-20T10:06:28.510+0000][7][gc,task     ] GC(82) Using 4 workers of 4 for evacuation
[2022-07-20T10:06:28.510+0000][7][gc,age      ] GC(82) Desired survivor size 6291456 bytes, new threshold 15 (max threshold 15)
[2022-07-20T10:06:28.518+0000][7][gc,age      ] GC(82) Age table with threshold 15 (max threshold 15)
[2022-07-20T10:06:28.518+0000][7][gc,age      ] GC(82) - age   1:    2249392 bytes,    2249392 total
[2022-07-20T10:06:28.518+0000][7][gc,age      ] GC(82) - age   2:     575088 bytes,    2824480 total
[2022-07-20T10:06:28.518+0000][7][gc,age      ] GC(82) - age   3:      33936 bytes,    2858416 total
[2022-07-20T10:06:28.518+0000][7][gc,age      ] GC(82) - age   4:       3336 bytes,    2861752 total
[2022-07-20T10:06:28.518+0000][7][gc,age      ] GC(82) - age   5:       7120 bytes,    2868872 total
[2022-07-20T10:06:28.518+0000][7][gc,age      ] GC(82) - age   6:       1224 bytes,    2870096 total
[2022-07-20T10:06:28.518+0000][7][gc,age      ] GC(82) - age   7:       2448 bytes,    2872544 total
[2022-07-20T10:06:28.518+0000][7][gc,age      ] GC(82) - age   8:       4128 bytes,    2876672 total
[2022-07-20T10:06:28.518+0000][7][gc,age      ] GC(82) - age   9:       2224 bytes,    2878896 total
[2022-07-20T10:06:28.518+0000][7][gc,age      ] GC(82) - age  10:      25240 bytes,    2904136 total
[2022-07-20T10:06:28.518+0000][7][gc,age      ] GC(82) - age  11:       8976 bytes,    2913112 total
[2022-07-20T10:06:28.518+0000][7][gc,age      ] GC(82) - age  12:       3016 bytes,    2916128 total
[2022-07-20T10:06:28.518+0000][7][gc,age      ] GC(82) - age  13:      34680 bytes,    2950808 total
[2022-07-20T10:06:28.518+0000][7][gc,age      ] GC(82) - age  14:       3064 bytes,    2953872 total
[2022-07-20T10:06:28.518+0000][7][gc,age      ] GC(82) - age  15:       1736 bytes,    2955608 total
[2022-07-20T10:06:28.518+0000][7][gc,phases   ] GC(82)   Pre Evacuate Collection Set: 0.2ms
[2022-07-20T10:06:28.518+0000][7][gc,phases   ] GC(82)   Merge Heap Roots: 0.1ms
[2022-07-20T10:06:28.518+0000][7][gc,phases   ] GC(82)   Evacuate Collection Set: 7.5ms
[2022-07-20T10:06:28.518+0000][7][gc,phases   ] GC(82)   Post Evacuate Collection Set: 0.6ms
[2022-07-20T10:06:28.518+0000][7][gc,phases   ] GC(82)   Other: 0.4ms
[2022-07-20T10:06:28.518+0000][7][gc,heap     ] GC(82) Eden regions: 23->0(23)
[2022-07-20T10:06:28.518+0000][7][gc,heap     ] GC(82) Survivor regions: 1->1(3)
[2022-07-20T10:06:28.518+0000][7][gc,heap     ] GC(82) Old regions: 24->24
[2022-07-20T10:06:28.518+0000][7][gc,heap     ] GC(82) Archive regions: 2->2
[2022-07-20T10:06:28.518+0000][7][gc,heap     ] GC(82) Humongous regions: 2->2
[2022-07-20T10:06:28.518+0000][7][gc,metaspace] GC(82) Metaspace: 108777K(113528K)->108777K(113528K) NonClass: 94805K(98220K)->94805K(98220K) Class: 13972K(15308K)->13972K(15308K)
[2022-07-20T10:06:28.518+0000][7][gc          ] GC(82) Pause Young (Concurrent Start) (G1 Evacuation Pause) 198M->107M(256M) 8.742ms
[2022-07-20T10:06:28.518+0000][7][gc,cpu      ] GC(82) User=0.02s Sys=0.00s Real=0.01s
[2022-07-20T10:06:28.519+0000][7][gc          ] GC(83) Concurrent Cycle
[2022-07-20T10:06:28.519+0000][7][safepoint   ] Safepoint "G1CollectForAllocation", Time since last: 1756583606 ns, Reaching safepoint: 209613 ns, At safepoint: 8839271 ns, Total: 9048884 ns
[2022-07-20T10:06:28.519+0000][7][gc,marking  ] GC(83) Concurrent Clear Claimed Marks
[2022-07-20T10:06:28.519+0000][7][gc,marking  ] GC(83) Concurrent Clear Claimed Marks 0.128ms
[2022-07-20T10:06:28.519+0000][7][gc,marking  ] GC(83) Concurrent Scan Root Regions
[2022-07-20T10:06:28.522+0000][7][gc,marking  ] GC(83) Concurrent Scan Root Regions 3.393ms
[2022-07-20T10:06:28.522+0000][7][gc,marking  ] GC(83) Concurrent Mark (1336.174s)
[2022-07-20T10:06:28.522+0000][7][gc,marking  ] GC(83) Concurrent Mark From Roots
[2022-07-20T10:06:28.522+0000][7][gc,task     ] GC(83) Using 1 workers of 1 for marking
[2022-07-20T10:06:28.722+0000][7][gc,marking  ] GC(83) Concurrent Mark From Roots 200.180ms
[2022-07-20T10:06:28.722+0000][7][gc,marking  ] GC(83) Concurrent Preclean
[2022-07-20T10:06:28.723+0000][7][gc,marking  ] GC(83) Concurrent Preclean 0.308ms
[2022-07-20T10:06:28.723+0000][7][gc,marking  ] GC(83) Concurrent Mark (1336.174s, 1336.375s) 200.638ms
[2022-07-20T10:06:28.723+0000][7][gc,start    ] GC(83) Pause Remark
[2022-07-20T10:06:28.736+0000][7][gc          ] GC(83) Pause Remark 115M->115M(256M) 13.126ms
[2022-07-20T10:06:28.736+0000][7][gc,cpu      ] GC(83) User=0.04s Sys=0.00s Real=0.01s
[2022-07-20T10:06:28.736+0000][7][safepoint   ] Safepoint "G1Concurrent", Time since last: 204299111 ns, Reaching safepoint: 112212 ns, At safepoint: 13247032 ns, Total: 13359244 ns
[2022-07-20T10:06:28.736+0000][7][gc,marking  ] GC(83) Concurrent Rebuild Remembered Sets
[2022-07-20T10:06:28.855+0000][7][gc,marking  ] GC(83) Concurrent Rebuild Remembered Sets 118.929ms
[2022-07-20T10:06:28.855+0000][7][gc,start    ] GC(83) Pause Cleanup
[2022-07-20T10:06:28.856+0000][7][gc          ] GC(83) Pause Cleanup 120M->120M(256M) 0.093ms
[2022-07-20T10:06:28.856+0000][7][gc,cpu      ] GC(83) User=0.00s Sys=0.00s Real=0.00s
[2022-07-20T10:06:28.856+0000][7][safepoint   ] Safepoint "G1Concurrent", Time since last: 119118771 ns, Reaching safepoint: 102927 ns, At safepoint: 164998 ns, Total: 267925 ns
[2022-07-20T10:06:28.856+0000][7][gc,marking  ] GC(83) Concurrent Cleanup for Next Mark
[2022-07-20T10:06:28.856+0000][7][gc,marking  ] GC(83) Concurrent Cleanup for Next Mark 0.416ms
[2022-07-20T10:06:28.856+0000][7][gc          ] GC(83) Concurrent Cycle 337.531ms
[2022-07-20T10:06:31.856+0000][7][safepoint   ] Safepoint "Cleanup", Time since last: 3000604177 ns, Reaching safepoint: 146638 ns, At safepoint: 7462 ns, Total: 154100 ns
[2022-07-20T10:06:40.858+0000][7][safepoint   ] Safepoint "Cleanup", Time since last: 9001962428 ns, Reaching safepoint: 156364 ns, At safepoint: 6743 ns, Total: 163107 ns
[2022-07-20T10:06:41.859+0000][7][safepoint   ] Safepoint "Cleanup", Time since last: 1000288929 ns, Reaching safepoint: 133265 ns, At safepoint: 7612 ns, Total: 140877 ns
[2022-07-20T10:06:43.859+0000][7][safepoint   ] Safepoint "Cleanup", Time since last: 2000365858 ns, Reaching safepoint: 124326 ns, At safepoint: 8281 ns, Total: 132607 ns
[2022-07-20T10:06:52.861+0000][7][safepoint   ] Safepoint "Cleanup", Time since last: 9001653992 ns, Reaching safepoint: 102214 ns, At safepoint: 8061 ns, Total: 110275 ns
[2022-07-20T10:06:53.861+0000][7][safepoint   ] Safepoint "Cleanup", Time since last: 1000106103 ns, Reaching safepoint: 116759 ns, At safepoint: 3966 ns, Total: 120725 ns
[2022-07-20T10:06:55.862+0000][7][safepoint   ] Safepoint "Cleanup", Time since last: 2000378684 ns, Reaching safepoint: 94441 ns, At safepoint: 6670 ns, Total: 101111 ns
[2022-07-20T10:07:01.863+0000][7][safepoint   ] Safepoint "Cleanup", Time since last: 6000954003 ns, Reaching safepoint: 150409 ns, At safepoint: 7190 ns, Total: 157599 ns
[2022-07-20T10:07:04.864+0000][7][safepoint   ] Safepoint "Cleanup", Time since last: 3000512749 ns, Reaching safepoint: 105959 ns, At safepoint: 8015 ns, Total: 113974 ns
[2022-07-20T10:07:06.864+0000][7][safepoint   ] Safepoint "Cleanup", Time since last: 2000269420 ns, Reaching safepoint: 110360 ns, At safepoint: 6927 ns, Total: 117287 ns
[2022-07-20T10:07:07.138+0000][7][gc,start    ] GC(84) Pause Young (Normal) (G1 Evacuation Pause)
[2022-07-20T10:07:07.138+0000][7][gc,task     ] GC(84) Using 4 workers of 4 for evacuation
[2022-07-20T10:07:07.139+0000][7][gc,age      ] GC(84) Desired survivor size 6291456 bytes, new threshold 15 (max threshold 15)
[2022-07-20T10:07:07.146+0000][7][gc,age      ] GC(84) Age table with threshold 15 (max threshold 15)
[2022-07-20T10:07:07.146+0000][7][gc,age      ] GC(84) - age   1:    1854368 bytes,    1854368 total
[2022-07-20T10:07:07.146+0000][7][gc,age      ] GC(84) - age   2:     502752 bytes,    2357120 total
[2022-07-20T10:07:07.146+0000][7][gc,age      ] GC(84) - age   3:     382632 bytes,    2739752 total
[2022-07-20T10:07:07.146+0000][7][gc,age      ] GC(84) - age   4:      31912 bytes,    2771664 total
[2022-07-20T10:07:07.146+0000][7][gc,age      ] GC(84) - age   5:       3080 bytes,    2774744 total
[2022-07-20T10:07:07.146+0000][7][gc,age      ] GC(84) - age   6:       7056 bytes,    2781800 total
[2022-07-20T10:07:07.146+0000][7][gc,age      ] GC(84) - age   7:       1224 bytes,    2783024 total
[2022-07-20T10:07:07.146+0000][7][gc,age      ] GC(84) - age   8:       2384 bytes,    2785408 total
[2022-07-20T10:07:07.146+0000][7][gc,age      ] GC(84) - age   9:       4128 bytes,    2789536 total
[2022-07-20T10:07:07.146+0000][7][gc,age      ] GC(84) - age  10:       2224 bytes,    2791760 total
[2022-07-20T10:07:07.146+0000][7][gc,age      ] GC(84) - age  11:      25240 bytes,    2817000 total
[2022-07-20T10:07:07.146+0000][7][gc,age      ] GC(84) - age  12:       8976 bytes,    2825976 total
[2022-07-20T10:07:07.146+0000][7][gc,age      ] GC(84) - age  13:       3016 bytes,    2828992 total
[2022-07-20T10:07:07.146+0000][7][gc,age      ] GC(84) - age  14:      34600 bytes,    2863592 total
[2022-07-20T10:07:07.146+0000][7][gc,age      ] GC(84) - age  15:       3064 bytes,    2866656 total
[2022-07-20T10:07:07.146+0000][7][gc,phases   ] GC(84)   Pre Evacuate Collection Set: 0.1ms
[2022-07-20T10:07:07.146+0000][7][gc,phases   ] GC(84)   Merge Heap Roots: 0.1ms
[2022-07-20T10:07:07.146+0000][7][gc,phases   ] GC(84)   Evacuate Collection Set: 6.6ms
[2022-07-20T10:07:07.146+0000][7][gc,phases   ] GC(84)   Post Evacuate Collection Set: 0.7ms
[2022-07-20T10:07:07.146+0000][7][gc,phases   ] GC(84)   Other: 0.5ms
[2022-07-20T10:07:07.146+0000][7][gc,heap     ] GC(84) Eden regions: 23->0(23)
[2022-07-20T10:07:07.146+0000][7][gc,heap     ] GC(84) Survivor regions: 1->1(3)
[2022-07-20T10:07:07.146+0000][7][gc,heap     ] GC(84) Old regions: 24->24
[2022-07-20T10:07:07.146+0000][7][gc,heap     ] GC(84) Archive regions: 2->2
[2022-07-20T10:07:07.146+0000][7][gc,heap     ] GC(84) Humongous regions: 2->2
[2022-07-20T10:07:07.146+0000][7][gc,metaspace] GC(84) Metaspace: 108799K(113528K)->108799K(113528K) NonClass: 94826K(98220K)->94826K(98220K) Class: 13972K(15308K)->13972K(15308K)
[2022-07-20T10:07:07.146+0000][7][gc          ] GC(84) Pause Young (Normal) (G1 Evacuation Pause) 199M->107M(256M) 8.017ms
[2022-07-20T10:07:07.146+0000][7][gc,cpu      ] GC(84) User=0.02s Sys=0.00s Real=0.01s
[2022-07-20T10:07:07.146+0000][7][safepoint   ] Safepoint "G1CollectForAllocation", Time since last: 274288149 ns, Reaching safepoint: 104360 ns, At safepoint: 8120562 ns, Total: 8224922 ns
[2022-07-20T10:07:08.147+0000][7][safepoint   ] Safepoint "Cleanup", Time since last: 1000148997 ns, Reaching safepoint: 184905 ns, At safepoint: 6805 ns, Total: 191710 ns
[2022-07-20T10:07:17.148+0000][7][safepoint   ] Safepoint "Cleanup", Time since last: 9001245945 ns, Reaching safepoint: 153576 ns, At safepoint: 9750 ns, Total: 163326 ns
[2022-07-20T10:07:20.149+0000][7][safepoint   ] Safepoint "Cleanup", Time since last: 3000620560 ns, Reaching safepoint: 172634 ns, At safepoint: 9924 ns, Total: 182558 ns
[2022-07-20T10:07:22.149+0000][7][safepoint   ] Safepoint "Cleanup", Time since last: 2000249220 ns, Reaching safepoint: 190353 ns, At safepoint: 15219 ns, Total: 205572 ns
[2022-07-20T10:07:24.150+0000][7][safepoint   ] Safepoint "Cleanup", Time since last: 2000419625 ns, Reaching safepoint: 147724 ns, At safepoint: 5283 ns, Total: 153007 ns
[2022-07-20T10:07:26.151+0000][7][safepoint   ] Safepoint "Cleanup", Time since last: 2000600429 ns, Reaching safepoint: 114884 ns, At safepoint: 9524 ns, Total: 124408 ns
[2022-07-20T10:07:29.152+0000][7][safepoint   ] Safepoint "Cleanup", Time since last: 3000927799 ns, Reaching safepoint: 215641 ns, At safepoint: 11057 ns, Total: 226698 ns
[2022-07-20T10:07:34.153+0000][7][safepoint   ] Safepoint "Cleanup", Time since last: 5001131922 ns, Reaching safepoint: 151164 ns, At safepoint: 6497 ns, Total: 157661 ns
[2022-07-20T10:07:40.523+0000][7][gc,start    ] GC(85) Pause Young (Concurrent Start) (G1 Evacuation Pause)
[2022-07-20T10:07:40.523+0000][7][gc,task     ] GC(85) Using 4 workers of 4 for evacuation
[2022-07-20T10:07:40.523+0000][7][gc,age      ] GC(85) Desired survivor size 6291456 bytes, new threshold 15 (max threshold 15)
[2022-07-20T10:07:40.528+0000][7][gc,age      ] GC(85) Age table with threshold 15 (max threshold 15)
[2022-07-20T10:07:40.528+0000][7][gc,age      ] GC(85) - age   1:     733976 bytes,     733976 total
[2022-07-20T10:07:40.528+0000][7][gc,age      ] GC(85) - age   2:     210496 bytes,     944472 total
[2022-07-20T10:07:40.528+0000][7][gc,age      ] GC(85) - age   3:     210952 bytes,    1155424 total
[2022-07-20T10:07:40.528+0000][7][gc,age      ] GC(85) - age   4:     133112 bytes,    1288536 total
[2022-07-20T10:07:40.528+0000][7][gc,age      ] GC(85) - age   5:       6792 bytes,    1295328 total
[2022-07-20T10:07:40.528+0000][7][gc,age      ] GC(85) - age   6:       3016 bytes,    1298344 total
[2022-07-20T10:07:40.528+0000][7][gc,age      ] GC(85) - age   7:       7056 bytes,    1305400 total
[2022-07-20T10:07:40.528+0000][7][gc,age      ] GC(85) - age   8:       1224 bytes,    1306624 total
[2022-07-20T10:07:40.528+0000][7][gc,age      ] GC(85) - age   9:       2384 bytes,    1309008 total
[2022-07-20T10:07:40.528+0000][7][gc,age      ] GC(85) - age  10:       3816 bytes,    1312824 total
[2022-07-20T10:07:40.528+0000][7][gc,age      ] GC(85) - age  11:       2184 bytes,    1315008 total
[2022-07-20T10:07:40.528+0000][7][gc,age      ] GC(85) - age  12:      25240 bytes,    1340248 total
[2022-07-20T10:07:40.528+0000][7][gc,age      ] GC(85) - age  13:       8976 bytes,    1349224 total
[2022-07-20T10:07:40.528+0000][7][gc,age      ] GC(85) - age  14:       3016 bytes,    1352240 total
[2022-07-20T10:07:40.528+0000][7][gc,age      ] GC(85) - age  15:      34600 bytes,    1386840 total
[2022-07-20T10:07:40.528+0000][7][gc,phases   ] GC(85)   Pre Evacuate Collection Set: 0.1ms
[2022-07-20T10:07:40.528+0000][7][gc,phases   ] GC(85)   Merge Heap Roots: 0.0ms
[2022-07-20T10:07:40.528+0000][7][gc,phases   ] GC(85)   Evacuate Collection Set: 2.9ms
[2022-07-20T10:07:40.528+0000][7][gc,phases   ] GC(85)   Post Evacuate Collection Set: 1.2ms
[2022-07-20T10:07:40.528+0000][7][gc,phases   ] GC(85)   Other: 0.4ms
[2022-07-20T10:07:40.528+0000][7][gc,heap     ] GC(85) Eden regions: 23->0(23)
[2022-07-20T10:07:40.528+0000][7][gc,heap     ] GC(85) Survivor regions: 1->1(3)
[2022-07-20T10:07:40.528+0000][7][gc,heap     ] GC(85) Old regions: 24->24
[2022-07-20T10:07:40.528+0000][7][gc,heap     ] GC(85) Archive regions: 2->2
[2022-07-20T10:07:40.528+0000][7][gc,heap     ] GC(85) Humongous regions: 2->2
[2022-07-20T10:07:40.528+0000][7][gc,metaspace] GC(85) Metaspace: 108828K(113784K)->108828K(113784K) NonClass: 94856K(98476K)->94856K(98476K) Class: 13972K(15308K)->13972K(15308K)
[2022-07-20T10:07:40.528+0000][7][gc          ] GC(85) Pause Young (Concurrent Start) (G1 Evacuation Pause) 199M->105M(256M) 4.842ms
[2022-07-20T10:07:40.528+0000][7][gc,cpu      ] GC(85) User=0.01s Sys=0.00s Real=0.00s
[2022-07-20T10:07:40.528+0000][7][gc          ] GC(86) Concurrent Cycle
[2022-07-20T10:07:40.528+0000][7][safepoint   ] Safepoint "G1CollectForAllocation", Time since last: 6369730111 ns, Reaching safepoint: 93348 ns, At safepoint: 4934282 ns, Total: 5027630 ns
[2022-07-20T10:07:40.528+0000][7][gc,marking  ] GC(86) Concurrent Clear Claimed Marks
[2022-07-20T10:07:40.528+0000][7][gc,marking  ] GC(86) Concurrent Clear Claimed Marks 0.118ms
[2022-07-20T10:07:40.528+0000][7][gc,marking  ] GC(86) Concurrent Scan Root Regions
[2022-07-20T10:07:40.530+0000][7][gc,marking  ] GC(86) Concurrent Scan Root Regions 1.774ms
[2022-07-20T10:07:40.530+0000][7][gc,marking  ] GC(86) Concurrent Mark (1408.182s)
[2022-07-20T10:07:40.530+0000][7][gc,marking  ] GC(86) Concurrent Mark From Roots
[2022-07-20T10:07:40.530+0000][7][gc,task     ] GC(86) Using 1 workers of 1 for marking
[2022-07-20T10:07:40.685+0000][7][gc,marking  ] GC(86) Concurrent Mark From Roots 154.547ms
[2022-07-20T10:07:40.685+0000][7][gc,marking  ] GC(86) Concurrent Preclean
[2022-07-20T10:07:40.685+0000][7][gc,marking  ] GC(86) Concurrent Preclean 0.218ms
[2022-07-20T10:07:40.685+0000][7][gc,marking  ] GC(86) Concurrent Mark (1408.182s, 1408.337s) 154.846ms
[2022-07-20T10:07:40.685+0000][7][gc,start    ] GC(86) Pause Remark
[2022-07-20T10:07:40.697+0000][7][gc          ] GC(86) Pause Remark 109M->109M(256M) 11.999ms
[2022-07-20T10:07:40.697+0000][7][gc,cpu      ] GC(86) User=0.04s Sys=0.00s Real=0.01s
[2022-07-20T10:07:40.697+0000][7][safepoint   ] Safepoint "G1Concurrent", Time since last: 156851460 ns, Reaching safepoint: 133425 ns, At safepoint: 12147556 ns, Total: 12280981 ns
[2022-07-20T10:07:40.697+0000][7][gc,marking  ] GC(86) Concurrent Rebuild Remembered Sets
[2022-07-20T10:07:40.785+0000][7][gc,marking  ] GC(86) Concurrent Rebuild Remembered Sets 88.075ms
[2022-07-20T10:07:40.785+0000][7][gc,start    ] GC(86) Pause Cleanup
[2022-07-20T10:07:40.785+0000][7][gc          ] GC(86) Pause Cleanup 109M->109M(256M) 0.067ms
[2022-07-20T10:07:40.785+0000][7][gc,cpu      ] GC(86) User=0.00s Sys=0.00s Real=0.00s
[2022-07-20T10:07:40.786+0000][7][safepoint   ] Safepoint "G1Concurrent", Time since last: 88172379 ns, Reaching safepoint: 96555 ns, At safepoint: 119508 ns, Total: 216063 ns
[2022-07-20T10:07:40.786+0000][7][gc,marking  ] GC(86) Concurrent Cleanup for Next Mark
[2022-07-20T10:07:40.786+0000][7][gc,marking  ] GC(86) Concurrent Cleanup for Next Mark 0.463ms
[2022-07-20T10:07:40.786+0000][7][gc          ] GC(86) Concurrent Cycle 258.049ms
[2022-07-20T10:07:41.786+0000][7][safepoint   ] Safepoint "Cleanup", Time since last: 1000263292 ns, Reaching safepoint: 121373 ns, At safepoint: 6961 ns, Total: 128334 ns
[2022-07-20T10:07:52.788+0000][7][safepoint   ] Safepoint "Cleanup", Time since last: 11001763178 ns, Reaching safepoint: 139069 ns, At safepoint: 7570 ns, Total: 146639 ns
[2022-07-20T10:07:53.798+0000][7][safepoint   ] Safepoint "Cleanup", Time since last: 1000168566 ns, Reaching safepoint: 9612250 ns, At safepoint: 19040 ns, Total: 9631290 ns
[2022-07-20T10:07:54.798+0000][7][safepoint   ] Safepoint "Cleanup", Time since last: 1000337219 ns, Reaching safepoint: 132493 ns, At safepoint: 10111 ns, Total: 142604 ns
[2022-07-20T10:08:01.800+0000][7][safepoint   ] Safepoint "Cleanup", Time since last: 7001492685 ns, Reaching safepoint: 123836 ns, At safepoint: 10040 ns, Total: 133876 ns
[2022-07-20T10:08:04.801+0000][7][safepoint   ] Safepoint "Cleanup", Time since last: 3000609896 ns, Reaching safepoint: 228451 ns, At safepoint: 15939 ns, Total: 244390 ns
[2022-07-20T10:08:05.801+0000][7][safepoint   ] Safepoint "Cleanup", Time since last: 1000217647 ns, Reaching safepoint: 204939 ns, At safepoint: 13466 ns, Total: 218405 ns
[2022-07-20T10:08:07.416+0000][7][safepoint   ] Safepoint "Cleanup", Time since last: 1614636111 ns, Reaching safepoint: 134362 ns, At safepoint: 9137 ns, Total: 143499 ns
[2022-07-20T10:08:11.417+0000][7][safepoint   ] Safepoint "Cleanup", Time since last: 4000847885 ns, Reaching safepoint: 150763 ns, At safepoint: 9369 ns, Total: 160132 ns
[2022-07-20T10:08:16.533+0000][7][gc,start    ] GC(87) Pause Young (Normal) (G1 Evacuation Pause)
[2022-07-20T10:08:16.533+0000][7][gc,task     ] GC(87) Using 4 workers of 4 for evacuation
[2022-07-20T10:08:16.533+0000][7][gc,age      ] GC(87) Desired survivor size 6291456 bytes, new threshold 15 (max threshold 15)
[2022-07-20T10:08:16.537+0000][7][gc,age      ] GC(87) Age table with threshold 15 (max threshold 15)
[2022-07-20T10:08:16.537+0000][7][gc,age      ] GC(87) - age   1:     557264 bytes,     557264 total
[2022-07-20T10:08:16.537+0000][7][gc,age      ] GC(87) - age   2:     350288 bytes,     907552 total
[2022-07-20T10:08:16.537+0000][7][gc,age      ] GC(87) - age   3:      34792 bytes,     942344 total
[2022-07-20T10:08:16.537+0000][7][gc,age      ] GC(87) - age   4:     210080 bytes,    1152424 total
[2022-07-20T10:08:16.537+0000][7][gc,age      ] GC(87) - age   5:       5296 bytes,    1157720 total
[2022-07-20T10:08:16.537+0000][7][gc,age      ] GC(87) - age   6:       6728 bytes,    1164448 total
[2022-07-20T10:08:16.537+0000][7][gc,age      ] GC(87) - age   7:       3016 bytes,    1167464 total
[2022-07-20T10:08:16.537+0000][7][gc,age      ] GC(87) - age   8:       7056 bytes,    1174520 total
[2022-07-20T10:08:16.537+0000][7][gc,age      ] GC(87) - age   9:       1224 bytes,    1175744 total
[2022-07-20T10:08:16.537+0000][7][gc,age      ] GC(87) - age  10:       2384 bytes,    1178128 total
[2022-07-20T10:08:16.537+0000][7][gc,age      ] GC(87) - age  11:       3816 bytes,    1181944 total
[2022-07-20T10:08:16.537+0000][7][gc,age      ] GC(87) - age  12:       2184 bytes,    1184128 total
[2022-07-20T10:08:16.537+0000][7][gc,age      ] GC(87) - age  13:      25240 bytes,    1209368 total
[2022-07-20T10:08:16.537+0000][7][gc,age      ] GC(87) - age  14:       8976 bytes,    1218344 total
[2022-07-20T10:08:16.537+0000][7][gc,age      ] GC(87) - age  15:       3016 bytes,    1221360 total
[2022-07-20T10:08:16.537+0000][7][gc,phases   ] GC(87)   Pre Evacuate Collection Set: 0.1ms
[2022-07-20T10:08:16.537+0000][7][gc,phases   ] GC(87)   Merge Heap Roots: 0.1ms
[2022-07-20T10:08:16.537+0000][7][gc,phases   ] GC(87)   Evacuate Collection Set: 2.8ms
[2022-07-20T10:08:16.537+0000][7][gc,phases   ] GC(87)   Post Evacuate Collection Set: 0.5ms
[2022-07-20T10:08:16.537+0000][7][gc,phases   ] GC(87)   Other: 0.3ms
[2022-07-20T10:08:16.537+0000][7][gc,heap     ] GC(87) Eden regions: 23->0(23)
[2022-07-20T10:08:16.537+0000][7][gc,heap     ] GC(87) Survivor regions: 1->1(3)
[2022-07-20T10:08:16.537+0000][7][gc,heap     ] GC(87) Old regions: 24->24
[2022-07-20T10:08:16.537+0000][7][gc,heap     ] GC(87) Archive regions: 2->2
[2022-07-20T10:08:16.537+0000][7][gc,heap     ] GC(87) Humongous regions: 2->2
[2022-07-20T10:08:16.537+0000][7][gc,metaspace] GC(87) Metaspace: 108860K(113784K)->108860K(113784K) NonClass: 94887K(98476K)->94887K(98476K) Class: 13972K(15308K)->13972K(15308K)
[2022-07-20T10:08:16.537+0000][7][gc          ] GC(87) Pause Young (Normal) (G1 Evacuation Pause) 197M->105M(256M) 3.886ms
[2022-07-20T10:08:16.537+0000][7][gc,cpu      ] GC(87) User=0.01s Sys=0.00s Real=0.01s
[2022-07-20T10:08:16.537+0000][7][safepoint   ] Safepoint "G1CollectForAllocation", Time since last: 5116044577 ns, Reaching safepoint: 162211 ns, At safepoint: 3995169 ns, Total: 4157380 ns
[2022-07-20T10:08:17.537+0000][7][safepoint   ] Safepoint "Cleanup", Time since last: 1000192180 ns, Reaching safepoint: 154712 ns, At safepoint: 9564 ns, Total: 164276 ns
[2022-07-20T10:08:24.539+0000][7][safepoint   ] Safepoint "Cleanup", Time since last: 7001297381 ns, Reaching safepoint: 112215 ns, At safepoint: 9155 ns, Total: 121370 ns
[2022-07-20T10:08:25.539+0000][7][safepoint   ] Safepoint "Cleanup", Time since last: 1000413232 ns, Reaching safepoint: 158341 ns, At safepoint: 9270 ns, Total: 167611 ns
[2022-07-20T10:08:40.543+0000][7][safepoint   ] Safepoint "Cleanup", Time since last: 15003385236 ns, Reaching safepoint: 110962 ns, At safepoint: 7338 ns, Total: 118300 ns
[2022-07-20T10:08:42.543+0000][7][safepoint   ] Safepoint "Cleanup", Time since last: 2000444565 ns, Reaching safepoint: 145379 ns, At safepoint: 8121 ns, Total: 153500 ns
[2022-07-20T10:08:51.546+0000][7][safepoint   ] Safepoint "Cleanup", Time since last: 9001921879 ns, Reaching safepoint: 121996 ns, At safepoint: 7110 ns, Total: 129106 ns
[2022-07-20T10:08:53.546+0000][7][safepoint   ] Safepoint "Cleanup", Time since last: 2000448756 ns, Reaching safepoint: 141271 ns, At safepoint: 7185 ns, Total: 148456 ns
[2022-07-20T10:08:54.547+0000][7][safepoint   ] Safepoint "Cleanup", Time since last: 1000309684 ns, Reaching safepoint: 96967 ns, At safepoint: 5991 ns, Total: 102958 ns
[2022-07-20T10:08:55.547+0000][7][safepoint   ] Safepoint "Cleanup", Time since last: 1000326758 ns, Reaching safepoint: 104120 ns, At safepoint: 7818 ns, Total: 111938 ns
[2022-07-20T10:09:01.549+0000][7][safepoint   ] Safepoint "Cleanup", Time since last: 6001898116 ns, Reaching safepoint: 192820 ns, At safepoint: 8713 ns, Total: 201533 ns
[2022-07-20T10:09:02.549+0000][7][safepoint   ] Safepoint "Cleanup", Time since last: 1000125192 ns, Reaching safepoint: 141082 ns, At safepoint: 10352 ns, Total: 151434 ns
[2022-07-20T10:09:04.545+0000][7][gc,start    ] GC(88) Pause Young (Concurrent Start) (G1 Evacuation Pause)
[2022-07-20T10:09:04.545+0000][7][gc,task     ] GC(88) Using 4 workers of 4 for evacuation
[2022-07-20T10:09:04.545+0000][7][gc,age      ] GC(88) Desired survivor size 6291456 bytes, new threshold 15 (max threshold 15)
[2022-07-20T10:09:04.550+0000][7][gc,age      ] GC(88) Age table with threshold 15 (max threshold 15)
[2022-07-20T10:09:04.550+0000][7][gc,age      ] GC(88) - age   1:    1868496 bytes,    1868496 total
[2022-07-20T10:09:04.550+0000][7][gc,age      ] GC(88) - age   2:     358440 bytes,    2226936 total
[2022-07-20T10:09:04.550+0000][7][gc,age      ] GC(88) - age   3:     349656 bytes,    2576592 total
[2022-07-20T10:09:04.550+0000][7][gc,age      ] GC(88) - age   4:      34136 bytes,    2610728 total
[2022-07-20T10:09:04.550+0000][7][gc,age      ] GC(88) - age   5:     204624 bytes,    2815352 total
[2022-07-20T10:09:04.550+0000][7][gc,age      ] GC(88) - age   6:       5072 bytes,    2820424 total
[2022-07-20T10:09:04.550+0000][7][gc,age      ] GC(88) - age   7:       6728 bytes,    2827152 total
[2022-07-20T10:09:04.550+0000][7][gc,age      ] GC(88) - age   8:       3016 bytes,    2830168 total
[2022-07-20T10:09:04.550+0000][7][gc,age      ] GC(88) - age   9:       7056 bytes,    2837224 total
[2022-07-20T10:09:04.550+0000][7][gc,age      ] GC(88) - age  10:        984 bytes,    2838208 total
[2022-07-20T10:09:04.550+0000][7][gc,age      ] GC(88) - age  11:       2384 bytes,    2840592 total
[2022-07-20T10:09:04.550+0000][7][gc,age      ] GC(88) - age  12:       3816 bytes,    2844408 total
[2022-07-20T10:09:04.550+0000][7][gc,age      ] GC(88) - age  13:       2184 bytes,    2846592 total
[2022-07-20T10:09:04.550+0000][7][gc,age      ] GC(88) - age  14:      25240 bytes,    2871832 total
[2022-07-20T10:09:04.550+0000][7][gc,age      ] GC(88) - age  15:       8976 bytes,    2880808 total
[2022-07-20T10:09:04.550+0000][7][gc,phases   ] GC(88)   Pre Evacuate Collection Set: 0.1ms
[2022-07-20T10:09:04.550+0000][7][gc,phases   ] GC(88)   Merge Heap Roots: 0.0ms
[2022-07-20T10:09:04.550+0000][7][gc,phases   ] GC(88)   Evacuate Collection Set: 3.7ms
[2022-07-20T10:09:04.550+0000][7][gc,phases   ] GC(88)   Post Evacuate Collection Set: 0.6ms
[2022-07-20T10:09:04.550+0000][7][gc,phases   ] GC(88)   Other: 0.4ms
[2022-07-20T10:09:04.550+0000][7][gc,heap     ] GC(88) Eden regions: 23->0(23)
[2022-07-20T10:09:04.550+0000][7][gc,heap     ] GC(88) Survivor regions: 1->1(3)
[2022-07-20T10:09:04.550+0000][7][gc,heap     ] GC(88) Old regions: 24->24
[2022-07-20T10:09:04.550+0000][7][gc,heap     ] GC(88) Archive regions: 2->2
[2022-07-20T10:09:04.550+0000][7][gc,heap     ] GC(88) Humongous regions: 2->2
[2022-07-20T10:09:04.550+0000][7][gc,metaspace] GC(88) Metaspace: 108881K(113784K)->108881K(113784K) NonClass: 94909K(98476K)->94909K(98476K) Class: 13972K(15308K)->13972K(15308K)
[2022-07-20T10:09:04.550+0000][7][gc          ] GC(88) Pause Young (Concurrent Start) (G1 Evacuation Pause) 197M->107M(256M) 4.953ms
[2022-07-20T10:09:04.550+0000][7][gc,cpu      ] GC(88) User=0.02s Sys=0.00s Real=0.00s
[2022-07-20T10:09:04.550+0000][7][gc          ] GC(89) Concurrent Cycle
[2022-07-20T10:09:04.550+0000][7][safepoint   ] Safepoint "G1CollectForAllocation", Time since last: 1995447133 ns, Reaching safepoint: 157368 ns, At safepoint: 5052120 ns, Total: 5209488 ns
[2022-07-20T10:09:04.550+0000][7][gc,marking  ] GC(89) Concurrent Clear Claimed Marks
[2022-07-20T10:09:04.550+0000][7][gc,marking  ] GC(89) Concurrent Clear Claimed Marks 0.149ms
[2022-07-20T10:09:04.550+0000][7][gc,marking  ] GC(89) Concurrent Scan Root Regions
[2022-07-20T10:09:04.554+0000][7][gc,marking  ] GC(89) Concurrent Scan Root Regions 3.749ms
[2022-07-20T10:09:04.554+0000][7][gc,marking  ] GC(89) Concurrent Mark (1492.206s)
[2022-07-20T10:09:04.554+0000][7][gc,marking  ] GC(89) Concurrent Mark From Roots
[2022-07-20T10:09:04.554+0000][7][gc,task     ] GC(89) Using 1 workers of 1 for marking
[2022-07-20T10:09:04.725+0000][7][gc,marking  ] GC(89) Concurrent Mark From Roots 171.245ms
[2022-07-20T10:09:04.725+0000][7][gc,marking  ] GC(89) Concurrent Preclean
[2022-07-20T10:09:04.726+0000][7][gc,marking  ] GC(89) Concurrent Preclean 0.227ms
[2022-07-20T10:09:04.726+0000][7][gc,marking  ] GC(89) Concurrent Mark (1492.206s, 1492.378s) 171.590ms
[2022-07-20T10:09:04.726+0000][7][gc,start    ] GC(89) Pause Remark
[2022-07-20T10:09:04.737+0000][7][gc          ] GC(89) Pause Remark 114M->114M(256M) 11.113ms
[2022-07-20T10:09:04.737+0000][7][gc,cpu      ] GC(89) User=0.04s Sys=0.00s Real=0.01s
[2022-07-20T10:09:04.737+0000][7][safepoint   ] Safepoint "G1Concurrent", Time since last: 175683757 ns, Reaching safepoint: 138288 ns, At safepoint: 11215622 ns, Total: 11353910 ns
[2022-07-20T10:09:04.737+0000][7][gc,marking  ] GC(89) Concurrent Rebuild Remembered Sets
[2022-07-20T10:09:04.826+0000][7][gc,marking  ] GC(89) Concurrent Rebuild Remembered Sets 88.749ms
[2022-07-20T10:09:04.826+0000][7][gc,start    ] GC(89) Pause Cleanup
[2022-07-20T10:09:04.826+0000][7][gc          ] GC(89) Pause Cleanup 114M->114M(256M) 0.101ms
[2022-07-20T10:09:04.826+0000][7][gc,cpu      ] GC(89) User=0.00s Sys=0.00s Real=0.00s
[2022-07-20T10:09:04.826+0000][7][safepoint   ] Safepoint "G1Concurrent", Time since last: 88856713 ns, Reaching safepoint: 97522 ns, At safepoint: 163080 ns, Total: 260602 ns
[2022-07-20T10:09:04.826+0000][7][gc,marking  ] GC(89) Concurrent Cleanup for Next Mark
[2022-07-20T10:09:04.826+0000][7][gc,marking  ] GC(89) Concurrent Cleanup for Next Mark 0.219ms
[2022-07-20T10:09:04.826+0000][7][gc          ] GC(89) Concurrent Cycle 276.469ms
[2022-07-20T10:09:06.827+0000][7][safepoint   ] Safepoint "Cleanup", Time since last: 2000501966 ns, Reaching safepoint: 135466 ns, At safepoint: 7716 ns, Total: 143182 ns
[2022-07-20T10:09:07.827+0000][7][safepoint   ] Safepoint "Cleanup", Time since last: 1000143024 ns, Reaching safepoint: 202449 ns, At safepoint: 8453 ns, Total: 210902 ns
[2022-07-20T10:09:09.828+0000][7][safepoint   ] Safepoint "Cleanup", Time since last: 2000518937 ns, Reaching safepoint: 149691 ns, At safepoint: 7059 ns, Total: 156750 ns
[2022-07-20T10:09:12.828+0000][7][safepoint   ] Safepoint "Cleanup", Time since last: 3000416516 ns, Reaching safepoint: 143113 ns, At safepoint: 10055 ns, Total: 153168 ns
[2022-07-20T10:09:13.829+0000][7][safepoint   ] Safepoint "Cleanup", Time since last: 1000220222 ns, Reaching safepoint: 151362 ns, At safepoint: 9881 ns, Total: 161243 ns
[2022-07-20T10:09:25.832+0000][7][safepoint   ] Safepoint "Cleanup", Time since last: 12002725105 ns, Reaching safepoint: 142387 ns, At safepoint: 7130 ns, Total: 149517 ns
[2022-07-20T10:09:34.834+0000][7][safepoint   ] Safepoint "Cleanup", Time since last: 9002489639 ns, Reaching safepoint: 122569 ns, At safepoint: 8146 ns, Total: 130715 ns
[2022-07-20T10:09:40.835+0000][7][safepoint   ] Safepoint "Cleanup", Time since last: 6000757952 ns, Reaching safepoint: 128721 ns, At safepoint: 6285 ns, Total: 135006 ns
[2022-07-20T10:09:41.055+0000][7][gc,start    ] GC(90) Pause Young (Normal) (G1 Evacuation Pause)
[2022-07-20T10:09:41.055+0000][7][gc,task     ] GC(90) Using 4 workers of 4 for evacuation
[2022-07-20T10:09:41.055+0000][7][gc,age      ] GC(90) Desired survivor size 6291456 bytes, new threshold 15 (max threshold 15)
[2022-07-20T10:09:41.059+0000][7][gc,age      ] GC(90) Age table with threshold 15 (max threshold 15)
[2022-07-20T10:09:41.059+0000][7][gc,age      ] GC(90) - age   1:    2411936 bytes,    2411936 total
[2022-07-20T10:09:41.059+0000][7][gc,age      ] GC(90) - age   2:       8224 bytes,    2420160 total
[2022-07-20T10:09:41.060+0000][7][gc,age      ] GC(90) - age   3:      40616 bytes,    2460776 total
[2022-07-20T10:09:41.060+0000][7][gc,age      ] GC(90) - age   4:     349400 bytes,    2810176 total
[2022-07-20T10:09:41.060+0000][7][gc,age      ] GC(90) - age   5:      29272 bytes,    2839448 total
[2022-07-20T10:09:41.060+0000][7][gc,age      ] GC(90) - age   6:     204560 bytes,    3044008 total
[2022-07-20T10:09:41.060+0000][7][gc,age      ] GC(90) - age   7:       5008 bytes,    3049016 total
[2022-07-20T10:09:41.060+0000][7][gc,age      ] GC(90) - age   8:       6632 bytes,    3055648 total
[2022-07-20T10:09:41.060+0000][7][gc,age      ] GC(90) - age   9:       3016 bytes,    3058664 total
[2022-07-20T10:09:41.060+0000][7][gc,age      ] GC(90) - age  10:       7056 bytes,    3065720 total
[2022-07-20T10:09:41.060+0000][7][gc,age      ] GC(90) - age  11:        984 bytes,    3066704 total
[2022-07-20T10:09:41.060+0000][7][gc,age      ] GC(90) - age  12:       2320 bytes,    3069024 total
[2022-07-20T10:09:41.060+0000][7][gc,age      ] GC(90) - age  13:       3816 bytes,    3072840 total
[2022-07-20T10:09:41.060+0000][7][gc,age      ] GC(90) - age  14:       2184 bytes,    3075024 total
[2022-07-20T10:09:41.060+0000][7][gc,age      ] GC(90) - age  15:      25240 bytes,    3100264 total
[2022-07-20T10:09:41.060+0000][7][gc,phases   ] GC(90)   Pre Evacuate Collection Set: 0.1ms
[2022-07-20T10:09:41.060+0000][7][gc,phases   ] GC(90)   Merge Heap Roots: 0.0ms
[2022-07-20T10:09:41.060+0000][7][gc,phases   ] GC(90)   Evacuate Collection Set: 3.8ms
[2022-07-20T10:09:41.060+0000][7][gc,phases   ] GC(90)   Post Evacuate Collection Set: 0.5ms
[2022-07-20T10:09:41.060+0000][7][gc,phases   ] GC(90)   Other: 0.3ms
[2022-07-20T10:09:41.060+0000][7][gc,heap     ] GC(90) Eden regions: 23->0(23)
[2022-07-20T10:09:41.060+0000][7][gc,heap     ] GC(90) Survivor regions: 1->1(3)
[2022-07-20T10:09:41.060+0000][7][gc,heap     ] GC(90) Old regions: 24->24
[2022-07-20T10:09:41.060+0000][7][gc,heap     ] GC(90) Archive regions: 2->2
[2022-07-20T10:09:41.060+0000][7][gc,heap     ] GC(90) Humongous regions: 2->2
[2022-07-20T10:09:41.060+0000][7][gc,metaspace] GC(90) Metaspace: 108923K(113784K)->108923K(113784K) NonClass: 94951K(98476K)->94951K(98476K) Class: 13972K(15308K)->13972K(15308K)
[2022-07-20T10:09:41.060+0000][7][gc          ] GC(90) Pause Young (Normal) (G1 Evacuation Pause) 199M->107M(256M) 4.823ms
[2022-07-20T10:09:41.060+0000][7][gc,cpu      ] GC(90) User=0.01s Sys=0.00s Real=0.00s
[2022-07-20T10:09:41.060+0000][7][safepoint   ] Safepoint "G1CollectForAllocation", Time since last: 219608711 ns, Reaching safepoint: 116847 ns, At safepoint: 4907193 ns, Total: 5024040 ns
[2022-07-20T10:09:42.060+0000][7][safepoint   ] Safepoint "Cleanup", Time since last: 1000175694 ns, Reaching safepoint: 122278 ns, At safepoint: 5711 ns, Total: 127989 ns
[2022-07-20T10:09:52.063+0000][7][safepoint   ] Safepoint "Cleanup", Time since last: 10002421719 ns, Reaching safepoint: 164324 ns, At safepoint: 6594 ns, Total: 170918 ns
[2022-07-20T10:09:53.063+0000][7][safepoint   ] Safepoint "Cleanup", Time since last: 1000156514 ns, Reaching safepoint: 170761 ns, At safepoint: 10741 ns, Total: 181502 ns
[2022-07-20T10:09:54.063+0000][7][safepoint   ] Safepoint "Cleanup", Time since last: 1000262653 ns, Reaching safepoint: 118416 ns, At safepoint: 6767 ns, Total: 125183 ns
[2022-07-20T10:09:57.064+0000][7][safepoint   ] Safepoint "Cleanup", Time since last: 3000873805 ns, Reaching safepoint: 140992 ns, At safepoint: 6439 ns, Total: 147431 ns
[2022-07-20T10:09:59.066+0000][7][safepoint   ] Safepoint "Cleanup", Time since last: 2000940982 ns, Reaching safepoint: 187433 ns, At safepoint: 12850 ns, Total: 200283 ns
[2022-07-20T10:10:00.066+0000][7][safepoint   ] Safepoint "Cleanup", Time since last: 1000233351 ns, Reaching safepoint: 204580 ns, At safepoint: 8856 ns, Total: 213436 ns
[2022-07-20T10:10:01.066+0000][7][safepoint   ] Safepoint "Cleanup", Time since last: 1000128097 ns, Reaching safepoint: 93412 ns, At safepoint: 7953 ns, Total: 101365 ns
[2022-07-20T10:10:02.067+0000][7][safepoint   ] Safepoint "Cleanup", Time since last: 1000341768 ns, Reaching safepoint: 136473 ns, At safepoint: 7682 ns, Total: 144155 ns
[2022-07-20T10:10:05.067+0000][7][safepoint   ] Safepoint "Cleanup", Time since last: 3000394377 ns, Reaching safepoint: 120824 ns, At safepoint: 7882 ns, Total: 128706 ns
[2022-07-20T10:10:06.068+0000][7][safepoint   ] Safepoint "Cleanup", Time since last: 1000127838 ns, Reaching safepoint: 108926 ns, At safepoint: 3832 ns, Total: 112758 ns
[2022-07-20T10:10:08.068+0000][7][safepoint   ] Safepoint "Cleanup", Time since last: 2000224196 ns, Reaching safepoint: 126932 ns, At safepoint: 5654 ns, Total: 132586 ns
[2022-07-20T10:10:17.069+0000][7][safepoint   ] Safepoint "Cleanup", Time since last: 9001006105 ns, Reaching safepoint: 159355 ns, At safepoint: 10395 ns, Total: 169750 ns
[2022-07-20T10:10:17.095+0000][7][gc,start    ] GC(91) Pause Young (Concurrent Start) (G1 Evacuation Pause)
[2022-07-20T10:10:17.095+0000][7][gc,task     ] GC(91) Using 4 workers of 4 for evacuation
[2022-07-20T10:10:17.095+0000][7][gc,age      ] GC(91) Desired survivor size 6291456 bytes, new threshold 15 (max threshold 15)
[2022-07-20T10:10:17.100+0000][7][gc,age      ] GC(91) Age table with threshold 15 (max threshold 15)
[2022-07-20T10:10:17.100+0000][7][gc,age      ] GC(91) - age   1:    1969488 bytes,    1969488 total
[2022-07-20T10:10:17.100+0000][7][gc,age      ] GC(91) - age   2:       5040 bytes,    1974528 total
[2022-07-20T10:10:17.100+0000][7][gc,age      ] GC(91) - age   3:       4408 bytes,    1978936 total
[2022-07-20T10:10:17.100+0000][7][gc,age      ] GC(91) - age   4:      25000 bytes,    2003936 total
[2022-07-20T10:10:17.100+0000][7][gc,age      ] GC(91) - age   5:     348344 bytes,    2352280 total
[2022-07-20T10:10:17.100+0000][7][gc,age      ] GC(91) - age   6:      29016 bytes,    2381296 total
[2022-07-20T10:10:17.100+0000][7][gc,age      ] GC(91) - age   7:     204432 bytes,    2585728 total
[2022-07-20T10:10:17.100+0000][7][gc,age      ] GC(91) - age   8:       5008 bytes,    2590736 total
[2022-07-20T10:10:17.100+0000][7][gc,age      ] GC(91) - age   9:       6632 bytes,    2597368 total
[2022-07-20T10:10:17.100+0000][7][gc,age      ] GC(91) - age  10:       2888 bytes,    2600256 total
[2022-07-20T10:10:17.100+0000][7][gc,age      ] GC(91) - age  11:       7056 bytes,    2607312 total
[2022-07-20T10:10:17.100+0000][7][gc,age      ] GC(91) - age  12:        984 bytes,    2608296 total
[2022-07-20T10:10:17.100+0000][7][gc,age      ] GC(91) - age  13:       2320 bytes,    2610616 total
[2022-07-20T10:10:17.100+0000][7][gc,age      ] GC(91) - age  14:       3816 bytes,    2614432 total
[2022-07-20T10:10:17.100+0000][7][gc,age      ] GC(91) - age  15:       2184 bytes,    2616616 total
[2022-07-20T10:10:17.100+0000][7][gc,phases   ] GC(91)   Pre Evacuate Collection Set: 0.2ms
[2022-07-20T10:10:17.100+0000][7][gc,phases   ] GC(91)   Merge Heap Roots: 0.1ms
[2022-07-20T10:10:17.100+0000][7][gc,phases   ] GC(91)   Evacuate Collection Set: 3.0ms
[2022-07-20T10:10:17.100+0000][7][gc,phases   ] GC(91)   Post Evacuate Collection Set: 0.9ms
[2022-07-20T10:10:17.100+0000][7][gc,phases   ] GC(91)   Other: 0.4ms
[2022-07-20T10:10:17.100+0000][7][gc,heap     ] GC(91) Eden regions: 23->0(23)
[2022-07-20T10:10:17.100+0000][7][gc,heap     ] GC(91) Survivor regions: 1->1(3)
[2022-07-20T10:10:17.100+0000][7][gc,heap     ] GC(91) Old regions: 24->24
[2022-07-20T10:10:17.100+0000][7][gc,heap     ] GC(91) Archive regions: 2->2
[2022-07-20T10:10:17.100+0000][7][gc,heap     ] GC(91) Humongous regions: 2->2
[2022-07-20T10:10:17.100+0000][7][gc,metaspace] GC(91) Metaspace: 108975K(113784K)->108975K(113784K) NonClass: 95003K(98476K)->95003K(98476K) Class: 13972K(15308K)->13972K(15308K)
[2022-07-20T10:10:17.100+0000][7][gc          ] GC(91) Pause Young (Concurrent Start) (G1 Evacuation Pause) 199M->106M(256M) 4.884ms
[2022-07-20T10:10:17.100+0000][7][gc,cpu      ] GC(91) User=0.01s Sys=0.00s Real=0.00s
[2022-07-20T10:10:17.100+0000][7][safepoint   ] Safepoint "G1CollectForAllocation", Time since last: 26036591 ns, Reaching safepoint: 119076 ns, At safepoint: 5039274 ns, Total: 5158350 ns
[2022-07-20T10:10:17.100+0000][7][gc          ] GC(92) Concurrent Cycle
[2022-07-20T10:10:17.100+0000][7][gc,marking  ] GC(92) Concurrent Clear Claimed Marks
[2022-07-20T10:10:17.100+0000][7][gc,marking  ] GC(92) Concurrent Clear Claimed Marks 0.114ms
[2022-07-20T10:10:17.100+0000][7][gc,marking  ] GC(92) Concurrent Scan Root Regions
[2022-07-20T10:10:17.104+0000][7][gc,marking  ] GC(92) Concurrent Scan Root Regions 3.760ms
[2022-07-20T10:10:17.104+0000][7][gc,marking  ] GC(92) Concurrent Mark (1564.756s)
[2022-07-20T10:10:17.104+0000][7][gc,marking  ] GC(92) Concurrent Mark From Roots
[2022-07-20T10:10:17.104+0000][7][gc,task     ] GC(92) Using 1 workers of 1 for marking
[2022-07-20T10:10:17.258+0000][7][gc,marking  ] GC(92) Concurrent Mark From Roots 153.241ms
[2022-07-20T10:10:17.258+0000][7][gc,marking  ] GC(92) Concurrent Preclean
[2022-07-20T10:10:17.258+0000][7][gc,marking  ] GC(92) Concurrent Preclean 0.223ms
[2022-07-20T10:10:17.258+0000][7][gc,marking  ] GC(92) Concurrent Mark (1564.756s, 1564.910s) 153.541ms
[2022-07-20T10:10:17.258+0000][7][gc,start    ] GC(92) Pause Remark
[2022-07-20T10:10:17.277+0000][7][gc          ] GC(92) Pause Remark 110M->110M(256M) 19.401ms
[2022-07-20T10:10:17.277+0000][7][gc,cpu      ] GC(92) User=0.04s Sys=0.00s Real=0.02s
[2022-07-20T10:10:17.277+0000][7][safepoint   ] Safepoint "G1Concurrent", Time since last: 157591635 ns, Reaching safepoint: 153482 ns, At safepoint: 19517777 ns, Total: 19671259 ns
[2022-07-20T10:10:17.278+0000][7][gc,marking  ] GC(92) Concurrent Rebuild Remembered Sets
[2022-07-20T10:10:17.377+0000][7][gc,marking  ] GC(92) Concurrent Rebuild Remembered Sets 99.427ms
[2022-07-20T10:10:17.377+0000][7][gc,start    ] GC(92) Pause Cleanup
[2022-07-20T10:10:17.377+0000][7][gc          ] GC(92) Pause Cleanup 110M->110M(256M) 0.089ms
[2022-07-20T10:10:17.377+0000][7][gc,cpu      ] GC(92) User=0.00s Sys=0.00s Real=0.00s
[2022-07-20T10:10:17.377+0000][7][safepoint   ] Safepoint "G1Concurrent", Time since last: 99549187 ns, Reaching safepoint: 124456 ns, At safepoint: 174613 ns, Total: 299069 ns
[2022-07-20T10:10:17.377+0000][7][gc,marking  ] GC(92) Concurrent Cleanup for Next Mark
[2022-07-20T10:10:17.378+0000][7][gc,marking  ] GC(92) Concurrent Cleanup for Next Mark 0.235ms
[2022-07-20T10:10:17.378+0000][7][gc          ] GC(92) Concurrent Cycle 277.394ms
[2022-07-20T10:10:29.380+0000][7][safepoint   ] Safepoint "Cleanup", Time since last: 12002200758 ns, Reaching safepoint: 171280 ns, At safepoint: 7280 ns, Total: 178560 ns
[2022-07-20T10:10:32.380+0000][7][safepoint   ] Safepoint "Cleanup", Time since last: 3000481454 ns, Reaching safepoint: 120372 ns, At safepoint: 6741 ns, Total: 127113 ns
[2022-07-20T10:10:35.381+0000][7][safepoint   ] Safepoint "Cleanup", Time since last: 3000765833 ns, Reaching safepoint: 119145 ns, At safepoint: 8313 ns, Total: 127458 ns
[2022-07-20T10:10:41.383+0000][7][safepoint   ] Safepoint "Cleanup", Time since last: 6001469096 ns, Reaching safepoint: 91916 ns, At safepoint: 5221 ns, Total: 97137 ns
[2022-07-20T10:10:53.385+0000][7][safepoint   ] Safepoint "Cleanup", Time since last: 12001661499 ns, Reaching safepoint: 132004 ns, At safepoint: 6914 ns, Total: 138918 ns
[2022-07-20T10:10:55.385+0000][7][safepoint   ] Safepoint "Cleanup", Time since last: 2000565434 ns, Reaching safepoint: 100603 ns, At safepoint: 7997 ns, Total: 108600 ns
[2022-07-20T10:11:02.387+0000][7][safepoint   ] Safepoint "Cleanup", Time since last: 7001355405 ns, Reaching safepoint: 125401 ns, At safepoint: 5938 ns, Total: 131339 ns
[2022-07-20T10:11:04.387+0000][7][safepoint   ] Safepoint "Cleanup", Time since last: 2000398702 ns, Reaching safepoint: 146270 ns, At safepoint: 6907 ns, Total: 153177 ns
[2022-07-20T10:11:04.613+0000][7][gc,start    ] GC(93) Pause Young (Normal) (G1 Evacuation Pause)
[2022-07-20T10:11:04.613+0000][7][gc,task     ] GC(93) Using 4 workers of 4 for evacuation
[2022-07-20T10:11:04.613+0000][7][gc,age      ] GC(93) Desired survivor size 6291456 bytes, new threshold 15 (max threshold 15)
[2022-07-20T10:11:04.617+0000][7][gc,age      ] GC(93) Age table with threshold 15 (max threshold 15)
[2022-07-20T10:11:04.617+0000][7][gc,age      ] GC(93) - age   1:    1509032 bytes,    1509032 total
[2022-07-20T10:11:04.617+0000][7][gc,age      ] GC(93) - age   2:      91608 bytes,    1600640 total
[2022-07-20T10:11:04.617+0000][7][gc,age      ] GC(93) - age   3:       2176 bytes,    1602816 total
[2022-07-20T10:11:04.617+0000][7][gc,age      ] GC(93) - age   4:       3880 bytes,    1606696 total
[2022-07-20T10:11:04.617+0000][7][gc,age      ] GC(93) - age   5:      24808 bytes,    1631504 total
[2022-07-20T10:11:04.617+0000][7][gc,age      ] GC(93) - age   6:     348344 bytes,    1979848 total
[2022-07-20T10:11:04.617+0000][7][gc,age      ] GC(93) - age   7:      28088 bytes,    2007936 total
[2022-07-20T10:11:04.617+0000][7][gc,age      ] GC(93) - age   8:     204432 bytes,    2212368 total
[2022-07-20T10:11:04.617+0000][7][gc,age      ] GC(93) - age   9:       4864 bytes,    2217232 total
[2022-07-20T10:11:04.617+0000][7][gc,age      ] GC(93) - age  10:       6592 bytes,    2223824 total
[2022-07-20T10:11:04.617+0000][7][gc,age      ] GC(93) - age  11:       2888 bytes,    2226712 total
[2022-07-20T10:11:04.617+0000][7][gc,age      ] GC(93) - age  12:       7056 bytes,    2233768 total
[2022-07-20T10:11:04.617+0000][7][gc,age      ] GC(93) - age  13:        984 bytes,    2234752 total
[2022-07-20T10:11:04.617+0000][7][gc,age      ] GC(93) - age  14:       2320 bytes,    2237072 total
[2022-07-20T10:11:04.617+0000][7][gc,age      ] GC(93) - age  15:       3816 bytes,    2240888 total
[2022-07-20T10:11:04.617+0000][7][gc,phases   ] GC(93)   Pre Evacuate Collection Set: 0.0ms
[2022-07-20T10:11:04.617+0000][7][gc,phases   ] GC(93)   Merge Heap Roots: 0.0ms
[2022-07-20T10:11:04.617+0000][7][gc,phases   ] GC(93)   Evacuate Collection Set: 3.0ms
[2022-07-20T10:11:04.617+0000][7][gc,phases   ] GC(93)   Post Evacuate Collection Set: 0.5ms
[2022-07-20T10:11:04.617+0000][7][gc,phases   ] GC(93)   Other: 0.4ms
[2022-07-20T10:11:04.617+0000][7][gc,heap     ] GC(93) Eden regions: 23->0(23)
[2022-07-20T10:11:04.617+0000][7][gc,heap     ] GC(93) Survivor regions: 1->1(3)
[2022-07-20T10:11:04.617+0000][7][gc,heap     ] GC(93) Old regions: 24->24
[2022-07-20T10:11:04.617+0000][7][gc,heap     ] GC(93) Archive regions: 2->2
[2022-07-20T10:11:04.617+0000][7][gc,heap     ] GC(93) Humongous regions: 2->2
[2022-07-20T10:11:04.617+0000][7][gc,metaspace] GC(93) Metaspace: 109069K(114040K)->109069K(114040K) NonClass: 95097K(98732K)->95097K(98732K) Class: 13972K(15308K)->13972K(15308K)
[2022-07-20T10:11:04.617+0000][7][gc          ] GC(93) Pause Young (Normal) (G1 Evacuation Pause) 198M->106M(256M) 4.125ms
[2022-07-20T10:11:04.617+0000][7][gc,cpu      ] GC(93) User=0.02s Sys=0.00s Real=0.01s
[2022-07-20T10:11:04.617+0000][7][safepoint   ] Safepoint "G1CollectForAllocation", Time since last: 225582664 ns, Reaching safepoint: 143443 ns, At safepoint: 4216153 ns, Total: 4359596 ns
[2022-07-20T10:11:05.617+0000][7][safepoint   ] Safepoint "Cleanup", Time since last: 1000102591 ns, Reaching safepoint: 133618 ns, At safepoint: 6094 ns, Total: 139712 ns
[2022-07-20T10:11:16.619+0000][7][safepoint   ] Safepoint "Cleanup", Time since last: 11001493583 ns, Reaching safepoint: 146738 ns, At safepoint: 5185 ns, Total: 151923 ns
[2022-07-20T10:11:17.619+0000][7][safepoint   ] Safepoint "Cleanup", Time since last: 1000179902 ns, Reaching safepoint: 151425 ns, At safepoint: 8598 ns, Total: 160023 ns
[2022-07-20T10:11:19.620+0000][7][safepoint   ] Safepoint "Cleanup", Time since last: 2000266242 ns, Reaching safepoint: 138791 ns, At safepoint: 7618 ns, Total: 146409 ns
[2022-07-20T10:11:20.620+0000][7][safepoint   ] Safepoint "Cleanup", Time since last: 1000214341 ns, Reaching safepoint: 212664 ns, At safepoint: 9507 ns, Total: 222171 ns
[2022-07-20T10:11:24.622+0000][7][safepoint   ] Safepoint "Cleanup", Time since last: 4001155601 ns, Reaching safepoint: 150419 ns, At safepoint: 6794 ns, Total: 157213 ns
[2022-07-20T10:11:27.623+0000][7][safepoint   ] Safepoint "Cleanup", Time since last: 3000856867 ns, Reaching safepoint: 112024 ns, At safepoint: 5361 ns, Total: 117385 ns
[2022-07-20T10:11:28.623+0000][7][safepoint   ] Safepoint "Cleanup", Time since last: 1000262865 ns, Reaching safepoint: 123060 ns, At safepoint: 6434 ns, Total: 129494 ns
[2022-07-20T10:11:36.625+0000][7][safepoint   ] Safepoint "Cleanup", Time since last: 8001543777 ns, Reaching safepoint: 232448 ns, At safepoint: 11166 ns, Total: 243614 ns
[2022-07-20T10:11:41.222+0000][7][gc,start    ] GC(94) Pause Young (Concurrent Start) (G1 Evacuation Pause)
[2022-07-20T10:11:41.222+0000][7][gc,task     ] GC(94) Using 4 workers of 4 for evacuation
[2022-07-20T10:11:41.222+0000][7][gc,age      ] GC(94) Desired survivor size 6291456 bytes, new threshold 15 (max threshold 15)
[2022-07-20T10:11:41.226+0000][7][gc,age      ] GC(94) Age table with threshold 15 (max threshold 15)
[2022-07-20T10:11:41.226+0000][7][gc,age      ] GC(94) - age   1:    1169840 bytes,    1169840 total
[2022-07-20T10:11:41.226+0000][7][gc,age      ] GC(94) - age   2:     169448 bytes,    1339288 total
[2022-07-20T10:11:41.226+0000][7][gc,age      ] GC(94) - age   3:      75424 bytes,    1414712 total
[2022-07-20T10:11:41.226+0000][7][gc,age      ] GC(94) - age   4:       2048 bytes,    1416760 total
[2022-07-20T10:11:41.226+0000][7][gc,age      ] GC(94) - age   5:       3784 bytes,    1420544 total
[2022-07-20T10:11:41.226+0000][7][gc,age      ] GC(94) - age   6:       6360 bytes,    1426904 total
[2022-07-20T10:11:41.226+0000][7][gc,age      ] GC(94) - age   7:     199408 bytes,    1626312 total
[2022-07-20T10:11:41.226+0000][7][gc,age      ] GC(94) - age   8:      28088 bytes,    1654400 total
[2022-07-20T10:11:41.226+0000][7][gc,age      ] GC(94) - age   9:     204432 bytes,    1858832 total
[2022-07-20T10:11:41.226+0000][7][gc,age      ] GC(94) - age  10:       4800 bytes,    1863632 total
[2022-07-20T10:11:41.226+0000][7][gc,age      ] GC(94) - age  11:       6592 bytes,    1870224 total
[2022-07-20T10:11:41.226+0000][7][gc,age      ] GC(94) - age  12:       2888 bytes,    1873112 total
[2022-07-20T10:11:41.226+0000][7][gc,age      ] GC(94) - age  13:       7056 bytes,    1880168 total
[2022-07-20T10:11:41.226+0000][7][gc,age      ] GC(94) - age  14:        984 bytes,    1881152 total
[2022-07-20T10:11:41.226+0000][7][gc,age      ] GC(94) - age  15:       2320 bytes,    1883472 total
[2022-07-20T10:11:41.226+0000][7][gc,phases   ] GC(94)   Pre Evacuate Collection Set: 0.2ms
[2022-07-20T10:11:41.226+0000][7][gc,phases   ] GC(94)   Merge Heap Roots: 0.1ms
[2022-07-20T10:11:41.226+0000][7][gc,phases   ] GC(94)   Evacuate Collection Set: 2.4ms
[2022-07-20T10:11:41.226+0000][7][gc,phases   ] GC(94)   Post Evacuate Collection Set: 1.3ms
[2022-07-20T10:11:41.226+0000][7][gc,phases   ] GC(94)   Other: 0.4ms
[2022-07-20T10:11:41.226+0000][7][gc,heap     ] GC(94) Eden regions: 23->0(23)
[2022-07-20T10:11:41.226+0000][7][gc,heap     ] GC(94) Survivor regions: 1->1(3)
[2022-07-20T10:11:41.226+0000][7][gc,heap     ] GC(94) Old regions: 24->24
[2022-07-20T10:11:41.226+0000][7][gc,heap     ] GC(94) Archive regions: 2->2
[2022-07-20T10:11:41.226+0000][7][gc,heap     ] GC(94) Humongous regions: 2->2
[2022-07-20T10:11:41.226+0000][7][gc,metaspace] GC(94) Metaspace: 109114K(114040K)->109114K(114040K) NonClass: 95142K(98732K)->95142K(98732K) Class: 13972K(15308K)->13972K(15308K)
[2022-07-20T10:11:41.226+0000][7][gc          ] GC(94) Pause Young (Concurrent Start) (G1 Evacuation Pause) 198M->106M(256M) 4.461ms
[2022-07-20T10:11:41.227+0000][7][gc,cpu      ] GC(94) User=0.01s Sys=0.00s Real=0.01s
[2022-07-20T10:11:41.227+0000][7][gc          ] GC(95) Concurrent Cycle
[2022-07-20T10:11:41.227+0000][7][safepoint   ] Safepoint "G1CollectForAllocation", Time since last: 4597013303 ns, Reaching safepoint: 164935 ns, At safepoint: 4600023 ns, Total: 4764958 ns
[2022-07-20T10:11:41.227+0000][7][gc,marking  ] GC(95) Concurrent Clear Claimed Marks
[2022-07-20T10:11:41.227+0000][7][gc,marking  ] GC(95) Concurrent Clear Claimed Marks 0.149ms
[2022-07-20T10:11:41.227+0000][7][gc,marking  ] GC(95) Concurrent Scan Root Regions
[2022-07-20T10:11:41.230+0000][7][gc,marking  ] GC(95) Concurrent Scan Root Regions 3.038ms
[2022-07-20T10:11:41.230+0000][7][gc,marking  ] GC(95) Concurrent Mark (1648.882s)
[2022-07-20T10:11:41.230+0000][7][gc,marking  ] GC(95) Concurrent Mark From Roots
[2022-07-20T10:11:41.230+0000][7][gc,task     ] GC(95) Using 1 workers of 1 for marking
[2022-07-20T10:11:41.374+0000][7][gc,marking  ] GC(95) Concurrent Mark From Roots 144.551ms
[2022-07-20T10:11:41.374+0000][7][gc,marking  ] GC(95) Concurrent Preclean
[2022-07-20T10:11:41.375+0000][7][gc,marking  ] GC(95) Concurrent Preclean 0.235ms
[2022-07-20T10:11:41.375+0000][7][gc,marking  ] GC(95) Concurrent Mark (1648.882s, 1649.027s) 144.869ms
[2022-07-20T10:11:41.375+0000][7][gc,start    ] GC(95) Pause Remark
[2022-07-20T10:11:41.386+0000][7][gc          ] GC(95) Pause Remark 107M->107M(256M) 10.969ms
[2022-07-20T10:11:41.386+0000][7][gc,cpu      ] GC(95) User=0.04s Sys=0.00s Real=0.01s
[2022-07-20T10:11:41.386+0000][7][safepoint   ] Safepoint "G1Concurrent", Time since last: 148167620 ns, Reaching safepoint: 134522 ns, At safepoint: 11083080 ns, Total: 11217602 ns
[2022-07-20T10:11:41.386+0000][7][gc,marking  ] GC(95) Concurrent Rebuild Remembered Sets
[2022-07-20T10:11:41.476+0000][7][gc,marking  ] GC(95) Concurrent Rebuild Remembered Sets 89.642ms
[2022-07-20T10:11:41.476+0000][7][gc,start    ] GC(95) Pause Cleanup
[2022-07-20T10:11:41.476+0000][7][gc          ] GC(95) Pause Cleanup 108M->108M(256M) 0.101ms
[2022-07-20T10:11:41.476+0000][7][gc,cpu      ] GC(95) User=0.00s Sys=0.00s Real=0.00s
[2022-07-20T10:11:41.476+0000][7][safepoint   ] Safepoint "G1Concurrent", Time since last: 89750937 ns, Reaching safepoint: 146406 ns, At safepoint: 163737 ns, Total: 310143 ns
[2022-07-20T10:11:41.476+0000][7][gc,marking  ] GC(95) Concurrent Cleanup for Next Mark
[2022-07-20T10:11:41.476+0000][7][gc,marking  ] GC(95) Concurrent Cleanup for Next Mark 0.224ms
[2022-07-20T10:11:41.476+0000][7][gc          ] GC(95) Concurrent Cycle 249.787ms
[2022-07-20T10:11:53.479+0000][7][safepoint   ] Safepoint "Cleanup", Time since last: 12002706164 ns, Reaching safepoint: 151490 ns, At safepoint: 9411 ns, Total: 160901 ns
[2022-07-20T10:11:57.480+0000][7][safepoint   ] Safepoint "Cleanup", Time since last: 4001086153 ns, Reaching safepoint: 126836 ns, At safepoint: 5716 ns, Total: 132552 ns
[2022-07-20T10:12:01.482+0000][7][safepoint   ] Safepoint "Cleanup", Time since last: 4001322595 ns, Reaching safepoint: 138748 ns, At safepoint: 9614 ns, Total: 148362 ns
[2022-07-20T10:12:02.482+0000][7][safepoint   ] Safepoint "Cleanup", Time since last: 1000347274 ns, Reaching safepoint: 185157 ns, At safepoint: 6369 ns, Total: 191526 ns
[2022-07-20T10:12:05.483+0000][7][safepoint   ] Safepoint "Cleanup", Time since last: 3000357670 ns, Reaching safepoint: 103202 ns, At safepoint: 7422 ns, Total: 110624 ns
[2022-07-20T10:12:09.483+0000][7][safepoint   ] Safepoint "Cleanup", Time since last: 4000467627 ns, Reaching safepoint: 208368 ns, At safepoint: 8930 ns, Total: 217298 ns
[2022-07-20T10:12:17.485+0000][7][safepoint   ] Safepoint "Cleanup", Time since last: 8001369515 ns, Reaching safepoint: 145523 ns, At safepoint: 10243 ns, Total: 155766 ns
[2022-07-20T10:12:22.486+0000][7][safepoint   ] Safepoint "Cleanup", Time since last: 5001356060 ns, Reaching safepoint: 124386 ns, At safepoint: 7118 ns, Total: 131504 ns
[2022-07-20T10:12:23.269+0000][7][gc,start    ] GC(96) Pause Young (Normal) (G1 Evacuation Pause)
[2022-07-20T10:12:23.269+0000][7][gc,task     ] GC(96) Using 4 workers of 4 for evacuation
[2022-07-20T10:12:23.269+0000][7][gc,age      ] GC(96) Desired survivor size 6291456 bytes, new threshold 15 (max threshold 15)
[2022-07-20T10:12:23.272+0000][7][gc,age      ] GC(96) Age table with threshold 15 (max threshold 15)
[2022-07-20T10:12:23.272+0000][7][gc,age      ] GC(96) - age   1:    1462248 bytes,    1462248 total
[2022-07-20T10:12:23.272+0000][7][gc,age      ] GC(96) - age   2:     191200 bytes,    1653448 total
[2022-07-20T10:12:23.272+0000][7][gc,age      ] GC(96) - age   3:      19664 bytes,    1673112 total
[2022-07-20T10:12:23.272+0000][7][gc,age      ] GC(96) - age   4:      66800 bytes,    1739912 total
[2022-07-20T10:12:23.272+0000][7][gc,age      ] GC(96) - age   5:       1888 bytes,    1741800 total
[2022-07-20T10:12:23.272+0000][7][gc,age      ] GC(96) - age   6:       3528 bytes,    1745328 total
[2022-07-20T10:12:23.272+0000][7][gc,age      ] GC(96) - age   7:        720 bytes,    1746048 total
[2022-07-20T10:12:23.272+0000][7][gc,age      ] GC(96) - age   8:     156560 bytes,    1902608 total
[2022-07-20T10:12:23.272+0000][7][gc,age      ] GC(96) - age   9:      28064 bytes,    1930672 total
[2022-07-20T10:12:23.272+0000][7][gc,age      ] GC(96) - age  10:     204432 bytes,    2135104 total
[2022-07-20T10:12:23.272+0000][7][gc,age      ] GC(96) - age  11:       4800 bytes,    2139904 total
[2022-07-20T10:12:23.273+0000][7][gc,age      ] GC(96) - age  12:       6592 bytes,    2146496 total
[2022-07-20T10:12:23.273+0000][7][gc,age      ] GC(96) - age  13:       2888 bytes,    2149384 total
[2022-07-20T10:12:23.273+0000][7][gc,age      ] GC(96) - age  14:       7056 bytes,    2156440 total
[2022-07-20T10:12:23.273+0000][7][gc,age      ] GC(96) - age  15:        984 bytes,    2157424 total
[2022-07-20T10:12:23.273+0000][7][gc,phases   ] GC(96)   Pre Evacuate Collection Set: 0.1ms
[2022-07-20T10:12:23.273+0000][7][gc,phases   ] GC(96)   Merge Heap Roots: 0.0ms
[2022-07-20T10:12:23.273+0000][7][gc,phases   ] GC(96)   Evacuate Collection Set: 2.5ms
[2022-07-20T10:12:23.273+0000][7][gc,phases   ] GC(96)   Post Evacuate Collection Set: 0.5ms
[2022-07-20T10:12:23.273+0000][7][gc,phases   ] GC(96)   Other: 0.4ms
[2022-07-20T10:12:23.273+0000][7][gc,heap     ] GC(96) Eden regions: 23->0(23)
[2022-07-20T10:12:23.273+0000][7][gc,heap     ] GC(96) Survivor regions: 1->1(3)
[2022-07-20T10:12:23.273+0000][7][gc,heap     ] GC(96) Old regions: 24->24
[2022-07-20T10:12:23.273+0000][7][gc,heap     ] GC(96) Archive regions: 2->2
[2022-07-20T10:12:23.273+0000][7][gc,heap     ] GC(96) Humongous regions: 2->2
[2022-07-20T10:12:23.273+0000][7][gc,metaspace] GC(96) Metaspace: 109138K(114040K)->109138K(114040K) NonClass: 95166K(98732K)->95166K(98732K) Class: 13972K(15308K)->13972K(15308K)
[2022-07-20T10:12:23.273+0000][7][gc          ] GC(96) Pause Young (Normal) (G1 Evacuation Pause) 198M->106M(256M) 3.627ms
[2022-07-20T10:12:23.273+0000][7][gc,cpu      ] GC(96) User=0.01s Sys=0.00s Real=0.00s
[2022-07-20T10:12:23.273+0000][7][safepoint   ] Safepoint "G1CollectForAllocation", Time since last: 782693016 ns, Reaching safepoint: 100293 ns, At safepoint: 3712636 ns, Total: 3812929 ns
[2022-07-20T10:12:26.274+0000][7][safepoint   ] Safepoint "Cleanup", Time since last: 3000874832 ns, Reaching safepoint: 128062 ns, At safepoint: 8374 ns, Total: 136436 ns
[2022-07-20T10:12:30.275+0000][7][safepoint   ] Safepoint "Cleanup", Time since last: 4001047481 ns, Reaching safepoint: 126271 ns, At safepoint: 10360 ns, Total: 136631 ns
[2022-07-20T10:12:41.277+0000][7][safepoint   ] Safepoint "Cleanup", Time since last: 11001996718 ns, Reaching safepoint: 163168 ns, At safepoint: 7697 ns, Total: 170865 ns
[2022-07-20T10:12:42.277+0000][7][safepoint   ] Safepoint "Cleanup", Time since last: 1000133774 ns, Reaching safepoint: 175268 ns, At safepoint: 5269 ns, Total: 180537 ns
[2022-07-20T10:12:53.279+0000][7][safepoint   ] Safepoint "Cleanup", Time since last: 11001679910 ns, Reaching safepoint: 125498 ns, At safepoint: 6436 ns, Total: 131934 ns
[2022-07-20T10:12:54.280+0000][7][safepoint   ] Safepoint "Cleanup", Time since last: 1000232013 ns, Reaching safepoint: 131642 ns, At safepoint: 4417 ns, Total: 136059 ns
[2022-07-20T10:12:59.281+0000][7][safepoint   ] Safepoint "Cleanup", Time since last: 5001624319 ns, Reaching safepoint: 124457 ns, At safepoint: 8595 ns, Total: 133052 ns
[2022-07-20T10:13:02.282+0000][7][safepoint   ] Safepoint "Cleanup", Time since last: 3000709483 ns, Reaching safepoint: 162261 ns, At safepoint: 9235 ns, Total: 171496 ns
[2022-07-20T10:13:05.321+0000][7][gc,start    ] GC(97) Pause Young (Concurrent Start) (G1 Evacuation Pause)
[2022-07-20T10:13:05.321+0000][7][gc,task     ] GC(97) Using 4 workers of 4 for evacuation
[2022-07-20T10:13:05.321+0000][7][gc,age      ] GC(97) Desired survivor size 6291456 bytes, new threshold 15 (max threshold 15)
[2022-07-20T10:13:05.324+0000][7][gc,age      ] GC(97) Age table with threshold 15 (max threshold 15)
[2022-07-20T10:13:05.324+0000][7][gc,age      ] GC(97) - age   1:    1043264 bytes,    1043264 total
[2022-07-20T10:13:05.324+0000][7][gc,age      ] GC(97) - age   2:     246456 bytes,    1289720 total
[2022-07-20T10:13:05.324+0000][7][gc,age      ] GC(97) - age   3:       5720 bytes,    1295440 total
[2022-07-20T10:13:05.324+0000][7][gc,age      ] GC(97) - age   4:      19296 bytes,    1314736 total
[2022-07-20T10:13:05.324+0000][7][gc,age      ] GC(97) - age   5:      66640 bytes,    1381376 total
[2022-07-20T10:13:05.324+0000][7][gc,age      ] GC(97) - age   6:       1568 bytes,    1382944 total
[2022-07-20T10:13:05.324+0000][7][gc,age      ] GC(97) - age   7:       3288 bytes,    1386232 total
[2022-07-20T10:13:05.324+0000][7][gc,age      ] GC(97) - age   8:        720 bytes,    1386952 total
[2022-07-20T10:13:05.324+0000][7][gc,age      ] GC(97) - age   9:     156528 bytes,    1543480 total
[2022-07-20T10:13:05.325+0000][7][gc,age      ] GC(97) - age  10:      28064 bytes,    1571544 total
[2022-07-20T10:13:05.325+0000][7][gc,age      ] GC(97) - age  11:     204432 bytes,    1775976 total
[2022-07-20T10:13:05.325+0000][7][gc,age      ] GC(97) - age  12:       4800 bytes,    1780776 total
[2022-07-20T10:13:05.325+0000][7][gc,age      ] GC(97) - age  13:       6592 bytes,    1787368 total
[2022-07-20T10:13:05.325+0000][7][gc,age      ] GC(97) - age  14:       2888 bytes,    1790256 total
[2022-07-20T10:13:05.325+0000][7][gc,age      ] GC(97) - age  15:       7056 bytes,    1797312 total
[2022-07-20T10:13:05.325+0000][7][gc,phases   ] GC(97)   Pre Evacuate Collection Set: 0.1ms
[2022-07-20T10:13:05.325+0000][7][gc,phases   ] GC(97)   Merge Heap Roots: 0.0ms
[2022-07-20T10:13:05.325+0000][7][gc,phases   ] GC(97)   Evacuate Collection Set: 2.2ms
[2022-07-20T10:13:05.325+0000][7][gc,phases   ] GC(97)   Post Evacuate Collection Set: 0.6ms
[2022-07-20T10:13:05.325+0000][7][gc,phases   ] GC(97)   Other: 0.3ms
[2022-07-20T10:13:05.325+0000][7][gc,heap     ] GC(97) Eden regions: 23->0(23)
[2022-07-20T10:13:05.325+0000][7][gc,heap     ] GC(97) Survivor regions: 1->1(3)
[2022-07-20T10:13:05.325+0000][7][gc,heap     ] GC(97) Old regions: 24->24
[2022-07-20T10:13:05.325+0000][7][gc,heap     ] GC(97) Archive regions: 2->2
[2022-07-20T10:13:05.325+0000][7][gc,heap     ] GC(97) Humongous regions: 2->2
[2022-07-20T10:13:05.325+0000][7][gc,metaspace] GC(97) Metaspace: 109177K(114040K)->109177K(114040K) NonClass: 95205K(98732K)->95205K(98732K) Class: 13972K(15308K)->13972K(15308K)
[2022-07-20T10:13:05.325+0000][7][gc          ] GC(97) Pause Young (Concurrent Start) (G1 Evacuation Pause) 198M->106M(256M) 3.371ms
[2022-07-20T10:13:05.325+0000][7][gc,cpu      ] GC(97) User=0.01s Sys=0.00s Real=0.01s
[2022-07-20T10:13:05.325+0000][7][safepoint   ] Safepoint "G1CollectForAllocation", Time since last: 3038841703 ns, Reaching safepoint: 163772 ns, At safepoint: 3455065 ns, Total: 3618837 ns
[2022-07-20T10:13:05.325+0000][7][gc          ] GC(98) Concurrent Cycle
[2022-07-20T10:13:05.325+0000][7][gc,marking  ] GC(98) Concurrent Clear Claimed Marks
[2022-07-20T10:13:05.325+0000][7][gc,marking  ] GC(98) Concurrent Clear Claimed Marks 0.098ms
[2022-07-20T10:13:05.325+0000][7][gc,marking  ] GC(98) Concurrent Scan Root Regions
[2022-07-20T10:13:05.327+0000][7][gc,marking  ] GC(98) Concurrent Scan Root Regions 1.930ms
[2022-07-20T10:13:05.327+0000][7][gc,marking  ] GC(98) Concurrent Mark (1732.979s)
[2022-07-20T10:13:05.327+0000][7][gc,marking  ] GC(98) Concurrent Mark From Roots
[2022-07-20T10:13:05.327+0000][7][gc,task     ] GC(98) Using 1 workers of 1 for marking
[2022-07-20T10:13:05.470+0000][7][gc,marking  ] GC(98) Concurrent Mark From Roots 143.270ms
[2022-07-20T10:13:05.470+0000][7][gc,marking  ] GC(98) Concurrent Preclean
[2022-07-20T10:13:05.470+0000][7][gc,marking  ] GC(98) Concurrent Preclean 0.229ms
[2022-07-20T10:13:05.470+0000][7][gc,marking  ] GC(98) Concurrent Mark (1732.979s, 1733.122s) 143.590ms
[2022-07-20T10:13:05.471+0000][7][gc,start    ] GC(98) Pause Remark
[2022-07-20T10:13:05.482+0000][7][gc          ] GC(98) Pause Remark 110M->110M(256M) 10.883ms
[2022-07-20T10:13:05.482+0000][7][gc,cpu      ] GC(98) User=0.04s Sys=0.00s Real=0.01s
[2022-07-20T10:13:05.482+0000][7][safepoint   ] Safepoint "G1Concurrent", Time since last: 145764811 ns, Reaching safepoint: 164734 ns, At safepoint: 11008129 ns, Total: 11172863 ns
[2022-07-20T10:13:05.482+0000][7][gc,marking  ] GC(98) Concurrent Rebuild Remembered Sets
[2022-07-20T10:13:05.570+0000][7][gc,marking  ] GC(98) Concurrent Rebuild Remembered Sets 88.295ms
[2022-07-20T10:13:05.570+0000][7][gc,start    ] GC(98) Pause Cleanup
[2022-07-20T10:13:05.570+0000][7][gc          ] GC(98) Pause Cleanup 110M->110M(256M) 0.126ms
[2022-07-20T10:13:05.570+0000][7][gc,cpu      ] GC(98) User=0.00s Sys=0.00s Real=0.00s
[2022-07-20T10:13:05.570+0000][7][safepoint   ] Safepoint "G1Concurrent", Time since last: 88402673 ns, Reaching safepoint: 144998 ns, At safepoint: 177236 ns, Total: 322234 ns
[2022-07-20T10:13:05.570+0000][7][gc,marking  ] GC(98) Concurrent Cleanup for Next Mark
[2022-07-20T10:13:05.571+0000][7][gc,marking  ] GC(98) Concurrent Cleanup for Next Mark 0.257ms
[2022-07-20T10:13:05.571+0000][7][gc          ] GC(98) Concurrent Cycle 245.989ms
[2022-07-20T10:13:19.573+0000][7][safepoint   ] Safepoint "Cleanup", Time since last: 14002316831 ns, Reaching safepoint: 149001 ns, At safepoint: 8666 ns, Total: 157667 ns
[2022-07-20T10:13:24.574+0000][7][safepoint   ] Safepoint "Cleanup", Time since last: 5001054028 ns, Reaching safepoint: 147590 ns, At safepoint: 5273 ns, Total: 152863 ns
[2022-07-20T10:13:25.575+0000][7][safepoint   ] Safepoint "Cleanup", Time since last: 1000372544 ns, Reaching safepoint: 107981 ns, At safepoint: 9590 ns, Total: 117571 ns
[2022-07-20T10:13:26.575+0000][7][safepoint   ] Safepoint "Cleanup", Time since last: 1000144862 ns, Reaching safepoint: 100085 ns, At safepoint: 5263 ns, Total: 105348 ns
[2022-07-20T10:13:29.576+0000][7][safepoint   ] Safepoint "Cleanup", Time since last: 3000722765 ns, Reaching safepoint: 163407 ns, At safepoint: 11000 ns, Total: 174407 ns
[2022-07-20T10:13:41.901+0000][7][gc,start    ] GC(99) Pause Young (Normal) (G1 Evacuation Pause)
[2022-07-20T10:13:41.901+0000][7][gc,task     ] GC(99) Using 4 workers of 4 for evacuation
[2022-07-20T10:13:41.901+0000][7][gc,age      ] GC(99) Desired survivor size 6291456 bytes, new threshold 15 (max threshold 15)
[2022-07-20T10:13:41.904+0000][7][gc,age      ] GC(99) Age table with threshold 15 (max threshold 15)
[2022-07-20T10:13:41.904+0000][7][gc,age      ] GC(99) - age   1:     739536 bytes,     739536 total
[2022-07-20T10:13:41.904+0000][7][gc,age      ] GC(99) - age   2:     186032 bytes,     925568 total
[2022-07-20T10:13:41.904+0000][7][gc,age      ] GC(99) - age   3:      54728 bytes,     980296 total
[2022-07-20T10:13:41.904+0000][7][gc,age      ] GC(99) - age   4:       5496 bytes,     985792 total
[2022-07-20T10:13:41.904+0000][7][gc,age      ] GC(99) - age   5:      18912 bytes,    1004704 total
[2022-07-20T10:13:41.904+0000][7][gc,age      ] GC(99) - age   6:      66544 bytes,    1071248 total
[2022-07-20T10:13:41.904+0000][7][gc,age      ] GC(99) - age   7:       1440 bytes,    1072688 total
[2022-07-20T10:13:41.904+0000][7][gc,age      ] GC(99) - age   8:       3288 bytes,    1075976 total
[2022-07-20T10:13:41.904+0000][7][gc,age      ] GC(99) - age   9:        720 bytes,    1076696 total
[2022-07-20T10:13:41.904+0000][7][gc,age      ] GC(99) - age  10:     156464 bytes,    1233160 total
[2022-07-20T10:13:41.904+0000][7][gc,age      ] GC(99) - age  11:      27416 bytes,    1260576 total
[2022-07-20T10:13:41.904+0000][7][gc,age      ] GC(99) - age  12:     204432 bytes,    1465008 total
[2022-07-20T10:13:41.904+0000][7][gc,age      ] GC(99) - age  13:       4800 bytes,    1469808 total
[2022-07-20T10:13:41.904+0000][7][gc,age      ] GC(99) - age  14:       6592 bytes,    1476400 total
[2022-07-20T10:13:41.904+0000][7][gc,age      ] GC(99) - age  15:       2888 bytes,    1479288 total
[2022-07-20T10:13:41.904+0000][7][gc,phases   ] GC(99)   Pre Evacuate Collection Set: 0.1ms
[2022-07-20T10:13:41.904+0000][7][gc,phases   ] GC(99)   Merge Heap Roots: 0.1ms
[2022-07-20T10:13:41.904+0000][7][gc,phases   ] GC(99)   Evacuate Collection Set: 2.6ms
[2022-07-20T10:13:41.904+0000][7][gc,phases   ] GC(99)   Post Evacuate Collection Set: 0.5ms
[2022-07-20T10:13:41.904+0000][7][gc,phases   ] GC(99)   Other: 0.4ms
[2022-07-20T10:13:41.904+0000][7][gc,heap     ] GC(99) Eden regions: 23->0(24)
[2022-07-20T10:13:41.904+0000][7][gc,heap     ] GC(99) Survivor regions: 1->1(3)
[2022-07-20T10:13:41.904+0000][7][gc,heap     ] GC(99) Old regions: 24->24
[2022-07-20T10:13:41.904+0000][7][gc,heap     ] GC(99) Archive regions: 2->2
[2022-07-20T10:13:41.904+0000][7][gc,heap     ] GC(99) Humongous regions: 2->2
[2022-07-20T10:13:41.904+0000][7][gc,metaspace] GC(99) Metaspace: 109217K(114040K)->109217K(114040K) NonClass: 95245K(98732K)->95245K(98732K) Class: 13972K(15308K)->13972K(15308K)
[2022-07-20T10:13:41.905+0000][7][gc          ] GC(99) Pause Young (Normal) (G1 Evacuation Pause) 198M->105M(256M) 3.730ms
[2022-07-20T10:13:41.905+0000][7][gc,cpu      ] GC(99) User=0.01s Sys=0.00s Real=0.01s
[2022-07-20T10:13:41.905+0000][7][safepoint   ] Safepoint "G1CollectForAllocation", Time since last: 12324781888 ns, Reaching safepoint: 231466 ns, At safepoint: 3816480 ns, Total: 4047946 ns
[2022-07-20T10:14:01.909+0000][7][safepoint   ] Safepoint "Cleanup", Time since last: 20004411014 ns, Reaching safepoint: 152101 ns, At safepoint: 8096 ns, Total: 160197 ns
[2022-07-20T10:14:04.910+0000][7][safepoint   ] Safepoint "Cleanup", Time since last: 3000718342 ns, Reaching safepoint: 143096 ns, At safepoint: 6541 ns, Total: 149637 ns
[2022-07-20T10:14:07.911+0000][7][safepoint   ] Safepoint "Cleanup", Time since last: 3000854290 ns, Reaching safepoint: 146002 ns, At safepoint: 8612 ns, Total: 154614 ns
[2022-07-20T10:14:17.913+0000][7][safepoint   ] Safepoint "Cleanup", Time since last: 10001907901 ns, Reaching safepoint: 158817 ns, At safepoint: 9348 ns, Total: 168165 ns
[2022-07-20T10:14:18.914+0000][7][safepoint   ] Safepoint "Cleanup", Time since last: 1000349789 ns, Reaching safepoint: 142103 ns, At safepoint: 7743 ns, Total: 149846 ns
[2022-07-20T10:14:29.425+0000][7][gc,start    ] GC(100) Pause Young (Concurrent Start) (G1 Evacuation Pause)
[2022-07-20T10:14:29.425+0000][7][gc,task     ] GC(100) Using 4 workers of 4 for evacuation
[2022-07-20T10:14:29.425+0000][7][gc,age      ] GC(100) Desired survivor size 8388608 bytes, new threshold 15 (max threshold 15)
[2022-07-20T10:14:29.428+0000][7][gc,age      ] GC(100) Age table with threshold 15 (max threshold 15)
[2022-07-20T10:14:29.428+0000][7][gc,age      ] GC(100) - age   1:     908232 bytes,     908232 total
[2022-07-20T10:14:29.428+0000][7][gc,age      ] GC(100) - age   2:     156560 bytes,    1064792 total
[2022-07-20T10:14:29.428+0000][7][gc,age      ] GC(100) - age   3:      13808 bytes,    1078600 total
[2022-07-20T10:14:29.428+0000][7][gc,age      ] GC(100) - age   4:      54504 bytes,    1133104 total
[2022-07-20T10:14:29.428+0000][7][gc,age      ] GC(100) - age   5:       5432 bytes,    1138536 total
[2022-07-20T10:14:29.428+0000][7][gc,age      ] GC(100) - age   6:      18656 bytes,    1157192 total
[2022-07-20T10:14:29.428+0000][7][gc,age      ] GC(100) - age   7:      66408 bytes,    1223600 total
[2022-07-20T10:14:29.428+0000][7][gc,age      ] GC(100) - age   8:       1440 bytes,    1225040 total
[2022-07-20T10:14:29.428+0000][7][gc,age      ] GC(100) - age   9:       3288 bytes,    1228328 total
[2022-07-20T10:14:29.428+0000][7][gc,age      ] GC(100) - age  10:        720 bytes,    1229048 total
[2022-07-20T10:14:29.428+0000][7][gc,age      ] GC(100) - age  11:     156464 bytes,    1385512 total
[2022-07-20T10:14:29.428+0000][7][gc,age      ] GC(100) - age  12:      27416 bytes,    1412928 total
[2022-07-20T10:14:29.428+0000][7][gc,age      ] GC(100) - age  13:     204432 bytes,    1617360 total
[2022-07-20T10:14:29.428+0000][7][gc,age      ] GC(100) - age  14:       4800 bytes,    1622160 total
[2022-07-20T10:14:29.428+0000][7][gc,age      ] GC(100) - age  15:       6592 bytes,    1628752 total
[2022-07-20T10:14:29.428+0000][7][gc,phases   ] GC(100)   Pre Evacuate Collection Set: 0.1ms
[2022-07-20T10:14:29.428+0000][7][gc,phases   ] GC(100)   Merge Heap Roots: 0.0ms
[2022-07-20T10:14:29.428+0000][7][gc,phases   ] GC(100)   Evacuate Collection Set: 1.9ms
[2022-07-20T10:14:29.428+0000][7][gc,phases   ] GC(100)   Post Evacuate Collection Set: 0.5ms
[2022-07-20T10:14:29.428+0000][7][gc,phases   ] GC(100)   Other: 0.4ms
[2022-07-20T10:14:29.428+0000][7][gc,heap     ] GC(100) Eden regions: 24->0(24)
[2022-07-20T10:14:29.428+0000][7][gc,heap     ] GC(100) Survivor regions: 1->1(4)
[2022-07-20T10:14:29.428+0000][7][gc,heap     ] GC(100) Old regions: 24->24
[2022-07-20T10:14:29.428+0000][7][gc,heap     ] GC(100) Archive regions: 2->2
[2022-07-20T10:14:29.428+0000][7][gc,heap     ] GC(100) Humongous regions: 2->2
[2022-07-20T10:14:29.428+0000][7][gc,metaspace] GC(100) Metaspace: 109266K(114040K)->109266K(114040K) NonClass: 95294K(98732K)->95294K(98732K) Class: 13972K(15308K)->13972K(15308K)
[2022-07-20T10:14:29.428+0000][7][gc          ] GC(100) Pause Young (Concurrent Start) (G1 Evacuation Pause) 201M->105M(256M) 3.095ms
[2022-07-20T10:14:29.428+0000][7][gc,cpu      ] GC(100) User=0.01s Sys=0.00s Real=0.00s
[2022-07-20T10:14:29.428+0000][7][gc          ] GC(101) Concurrent Cycle
[2022-07-20T10:14:29.428+0000][7][safepoint   ] Safepoint "G1CollectForAllocation", Time since last: 10511419888 ns, Reaching safepoint: 104289 ns, At safepoint: 3188216 ns, Total: 3292505 ns
[2022-07-20T10:14:29.428+0000][7][gc,marking  ] GC(101) Concurrent Clear Claimed Marks
[2022-07-20T10:14:29.428+0000][7][gc,marking  ] GC(101) Concurrent Clear Claimed Marks 0.100ms
[2022-07-20T10:14:29.428+0000][7][gc,marking  ] GC(101) Concurrent Scan Root Regions
[2022-07-20T10:14:29.430+0000][7][gc,marking  ] GC(101) Concurrent Scan Root Regions 1.870ms
[2022-07-20T10:14:29.430+0000][7][gc,marking  ] GC(101) Concurrent Mark (1817.082s)
[2022-07-20T10:14:29.430+0000][7][gc,marking  ] GC(101) Concurrent Mark From Roots
[2022-07-20T10:14:29.430+0000][7][gc,task     ] GC(101) Using 1 workers of 1 for marking
[2022-07-20T10:14:29.573+0000][7][gc,marking  ] GC(101) Concurrent Mark From Roots 142.963ms
[2022-07-20T10:14:29.573+0000][7][gc,marking  ] GC(101) Concurrent Preclean
[2022-07-20T10:14:29.574+0000][7][gc,marking  ] GC(101) Concurrent Preclean 0.224ms
[2022-07-20T10:14:29.574+0000][7][gc,marking  ] GC(101) Concurrent Mark (1817.082s, 1817.226s) 143.259ms
[2022-07-20T10:14:29.574+0000][7][gc,start    ] GC(101) Pause Remark
[2022-07-20T10:14:29.586+0000][7][gc          ] GC(101) Pause Remark 107M->107M(256M) 12.390ms
[2022-07-20T10:14:29.586+0000][7][gc,cpu      ] GC(101) User=0.04s Sys=0.00s Real=0.02s
[2022-07-20T10:14:29.586+0000][7][safepoint   ] Safepoint "G1Concurrent", Time since last: 145333178 ns, Reaching safepoint: 138063 ns, At safepoint: 12536018 ns, Total: 12674081 ns
[2022-07-20T10:14:29.586+0000][7][gc,marking  ] GC(101) Concurrent Rebuild Remembered Sets
[2022-07-20T10:14:29.675+0000][7][gc,marking  ] GC(101) Concurrent Rebuild Remembered Sets 88.406ms
[2022-07-20T10:14:29.675+0000][7][gc,start    ] GC(101) Pause Cleanup
[2022-07-20T10:14:29.675+0000][7][gc          ] GC(101) Pause Cleanup 107M->107M(256M) 0.105ms
[2022-07-20T10:14:29.675+0000][7][gc,cpu      ] GC(101) User=0.00s Sys=0.00s Real=0.00s
[2022-07-20T10:14:29.675+0000][7][safepoint   ] Safepoint "G1Concurrent", Time since last: 88538408 ns, Reaching safepoint: 137131 ns, At safepoint: 180603 ns, Total: 317734 ns
[2022-07-20T10:14:29.675+0000][7][gc,marking  ] GC(101) Concurrent Cleanup for Next Mark
[2022-07-20T10:14:29.675+0000][7][gc,marking  ] GC(101) Concurrent Cleanup for Next Mark 0.255ms
[2022-07-20T10:14:29.675+0000][7][gc          ] GC(101) Concurrent Cycle 247.198ms
[2022-07-20T10:14:42.678+0000][7][safepoint   ] Safepoint "Cleanup", Time since last: 13002841793 ns, Reaching safepoint: 211514 ns, At safepoint: 9658 ns, Total: 221172 ns
[2022-07-20T10:14:53.680+0000][7][safepoint   ] Safepoint "Cleanup", Time since last: 11001928373 ns, Reaching safepoint: 118672 ns, At safepoint: 7379 ns, Total: 126051 ns
[2022-07-20T10:14:55.681+0000][7][safepoint   ] Safepoint "Cleanup", Time since last: 2000508061 ns, Reaching safepoint: 130087 ns, At safepoint: 9447 ns, Total: 139534 ns
[2022-07-20T10:15:00.683+0000][7][safepoint   ] Safepoint "Cleanup", Time since last: 5001754982 ns, Reaching safepoint: 149581 ns, At safepoint: 7625 ns, Total: 157206 ns
[2022-07-20T10:15:01.683+0000][7][safepoint   ] Safepoint "Cleanup", Time since last: 1000134640 ns, Reaching safepoint: 130752 ns, At safepoint: 9185 ns, Total: 139937 ns
[2022-07-20T10:15:04.684+0000][7][safepoint   ] Safepoint "Cleanup", Time since last: 3000513773 ns, Reaching safepoint: 118906 ns, At safepoint: 8076 ns, Total: 126982 ns
[2022-07-20T10:15:10.603+0000][7][gc,start    ] GC(102) Pause Young (Normal) (G1 Evacuation Pause)
[2022-07-20T10:15:10.603+0000][7][gc,task     ] GC(102) Using 4 workers of 4 for evacuation
[2022-07-20T10:15:10.603+0000][7][gc,age      ] GC(102) Desired survivor size 8388608 bytes, new threshold 15 (max threshold 15)
[2022-07-20T10:15:10.608+0000][7][gc,age      ] GC(102) Age table with threshold 15 (max threshold 15)
[2022-07-20T10:15:10.608+0000][7][gc,age      ] GC(102) - age   1:    1765816 bytes,    1765816 total
[2022-07-20T10:15:10.608+0000][7][gc,age      ] GC(102) - age   2:     357928 bytes,    2123744 total
[2022-07-20T10:15:10.608+0000][7][gc,age      ] GC(102) - age   3:     155424 bytes,    2279168 total
[2022-07-20T10:15:10.608+0000][7][gc,age      ] GC(102) - age   4:      13264 bytes,    2292432 total
[2022-07-20T10:15:10.608+0000][7][gc,age      ] GC(102) - age   5:      54120 bytes,    2346552 total
[2022-07-20T10:15:10.608+0000][7][gc,age      ] GC(102) - age   6:       5208 bytes,    2351760 total
[2022-07-20T10:15:10.608+0000][7][gc,age      ] GC(102) - age   7:      18624 bytes,    2370384 total
[2022-07-20T10:15:10.608+0000][7][gc,age      ] GC(102) - age   8:      66280 bytes,    2436664 total
[2022-07-20T10:15:10.608+0000][7][gc,age      ] GC(102) - age   9:       1440 bytes,    2438104 total
[2022-07-20T10:15:10.608+0000][7][gc,age      ] GC(102) - age  10:       3288 bytes,    2441392 total
[2022-07-20T10:15:10.608+0000][7][gc,age      ] GC(102) - age  11:        688 bytes,    2442080 total
[2022-07-20T10:15:10.608+0000][7][gc,age      ] GC(102) - age  12:     156400 bytes,    2598480 total
[2022-07-20T10:15:10.608+0000][7][gc,age      ] GC(102) - age  13:      27416 bytes,    2625896 total
[2022-07-20T10:15:10.608+0000][7][gc,age      ] GC(102) - age  14:     204432 bytes,    2830328 total
[2022-07-20T10:15:10.608+0000][7][gc,age      ] GC(102) - age  15:       4800 bytes,    2835128 total
[2022-07-20T10:15:10.608+0000][7][gc,phases   ] GC(102)   Pre Evacuate Collection Set: 0.1ms
[2022-07-20T10:15:10.608+0000][7][gc,phases   ] GC(102)   Merge Heap Roots: 0.0ms
[2022-07-20T10:15:10.608+0000][7][gc,phases   ] GC(102)   Evacuate Collection Set: 3.4ms
[2022-07-20T10:15:10.608+0000][7][gc,phases   ] GC(102)   Post Evacuate Collection Set: 1.2ms
[2022-07-20T10:15:10.608+0000][7][gc,phases   ] GC(102)   Other: 0.3ms
[2022-07-20T10:15:10.608+0000][7][gc,heap     ] GC(102) Eden regions: 24->0(23)
[2022-07-20T10:15:10.608+0000][7][gc,heap     ] GC(102) Survivor regions: 1->1(4)
[2022-07-20T10:15:10.608+0000][7][gc,heap     ] GC(102) Old regions: 24->24
[2022-07-20T10:15:10.608+0000][7][gc,heap     ] GC(102) Archive regions: 2->2
[2022-07-20T10:15:10.608+0000][7][gc,heap     ] GC(102) Humongous regions: 2->2
[2022-07-20T10:15:10.608+0000][7][gc,metaspace] GC(102) Metaspace: 109285K(114040K)->109285K(114040K) NonClass: 95313K(98732K)->95313K(98732K) Class: 13972K(15308K)->13972K(15308K)
[2022-07-20T10:15:10.608+0000][7][gc          ] GC(102) Pause Young (Normal) (G1 Evacuation Pause) 201M->107M(256M) 5.045ms
[2022-07-20T10:15:10.608+0000][7][gc,cpu      ] GC(102) User=0.02s Sys=0.00s Real=0.00s
[2022-07-20T10:15:10.608+0000][7][safepoint   ] Safepoint "G1CollectForAllocation", Time since last: 5919212943 ns, Reaching safepoint: 97060 ns, At safepoint: 5127948 ns, Total: 5225008 ns
[2022-07-20T10:15:11.608+0000][7][safepoint   ] Safepoint "Cleanup", Time since last: 1000111020 ns, Reaching safepoint: 117487 ns, At safepoint: 7050 ns, Total: 124537 ns
[2022-07-20T10:15:16.610+0000][7][safepoint   ] Safepoint "Cleanup", Time since last: 5001131192 ns, Reaching safepoint: 143759 ns, At safepoint: 7403 ns, Total: 151162 ns
[2022-07-20T10:15:28.613+0000][7][safepoint   ] Safepoint "Cleanup", Time since last: 12002961605 ns, Reaching safepoint: 123180 ns, At safepoint: 7091 ns, Total: 130271 ns
[2022-07-20T10:15:40.615+0000][7][safepoint   ] Safepoint "Cleanup", Time since last: 12002153824 ns, Reaching safepoint: 117457 ns, At safepoint: 7887 ns, Total: 125344 ns
[2022-07-20T10:15:41.543+0000][7][gc,start    ] GC(103) Pause Young (Concurrent Start) (G1 Evacuation Pause)
[2022-07-20T10:15:41.543+0000][7][gc,task     ] GC(103) Using 4 workers of 4 for evacuation
[2022-07-20T10:15:41.543+0000][7][gc,age      ] GC(103) Desired survivor size 6291456 bytes, new threshold 15 (max threshold 15)
[2022-07-20T10:15:41.549+0000][7][gc,age      ] GC(103) Age table with threshold 15 (max threshold 15)
[2022-07-20T10:15:41.549+0000][7][gc,age      ] GC(103) - age   1:    2172144 bytes,    2172144 total
[2022-07-20T10:15:41.549+0000][7][gc,age      ] GC(103) - age   2:      53432 bytes,    2225576 total
[2022-07-20T10:15:41.549+0000][7][gc,age      ] GC(103) - age   3:     188704 bytes,    2414280 total
[2022-07-20T10:15:41.549+0000][7][gc,age      ] GC(103) - age   4:       7272 bytes,    2421552 total
[2022-07-20T10:15:41.549+0000][7][gc,age      ] GC(103) - age   5:      12912 bytes,    2434464 total
[2022-07-20T10:15:41.549+0000][7][gc,age      ] GC(103) - age   6:      54056 bytes,    2488520 total
[2022-07-20T10:15:41.549+0000][7][gc,age      ] GC(103) - age   7:       5016 bytes,    2493536 total
[2022-07-20T10:15:41.549+0000][7][gc,age      ] GC(103) - age   8:      18624 bytes,    2512160 total
[2022-07-20T10:15:41.549+0000][7][gc,age      ] GC(103) - age   9:      66280 bytes,    2578440 total
[2022-07-20T10:15:41.549+0000][7][gc,age      ] GC(103) - age  10:       1376 bytes,    2579816 total
[2022-07-20T10:15:41.549+0000][7][gc,age      ] GC(103) - age  11:       3288 bytes,    2583104 total
[2022-07-20T10:15:41.549+0000][7][gc,age      ] GC(103) - age  12:        688 bytes,    2583792 total
[2022-07-20T10:15:41.549+0000][7][gc,age      ] GC(103) - age  13:     156048 bytes,    2739840 total
[2022-07-20T10:15:41.549+0000][7][gc,age      ] GC(103) - age  14:      27416 bytes,    2767256 total
[2022-07-20T10:15:41.549+0000][7][gc,age      ] GC(103) - age  15:     204224 bytes,    2971480 total
[2022-07-20T10:15:41.549+0000][7][gc,phases   ] GC(103)   Pre Evacuate Collection Set: 0.2ms
[2022-07-20T10:15:41.549+0000][7][gc,phases   ] GC(103)   Merge Heap Roots: 0.1ms
[2022-07-20T10:15:41.549+0000][7][gc,phases   ] GC(103)   Evacuate Collection Set: 4.3ms
[2022-07-20T10:15:41.549+0000][7][gc,phases   ] GC(103)   Post Evacuate Collection Set: 1.2ms
[2022-07-20T10:15:41.549+0000][7][gc,phases   ] GC(103)   Other: 0.5ms
[2022-07-20T10:15:41.549+0000][7][gc,heap     ] GC(103) Eden regions: 23->0(23)
[2022-07-20T10:15:41.549+0000][7][gc,heap     ] GC(103) Survivor regions: 1->1(3)
[2022-07-20T10:15:41.549+0000][7][gc,heap     ] GC(103) Old regions: 24->24
[2022-07-20T10:15:41.549+0000][7][gc,heap     ] GC(103) Archive regions: 2->2
[2022-07-20T10:15:41.549+0000][7][gc,heap     ] GC(103) Humongous regions: 2->2
[2022-07-20T10:15:41.549+0000][7][gc,metaspace] GC(103) Metaspace: 109301K(114040K)->109301K(114040K) NonClass: 95328K(98732K)->95328K(98732K) Class: 13972K(15308K)->13972K(15308K)
[2022-07-20T10:15:41.549+0000][7][gc          ] GC(103) Pause Young (Concurrent Start) (G1 Evacuation Pause) 199M->107M(256M) 6.412ms
[2022-07-20T10:15:41.549+0000][7][gc,cpu      ] GC(103) User=0.03s Sys=0.00s Real=0.01s
[2022-07-20T10:15:41.549+0000][7][gc          ] GC(104) Concurrent Cycle
[2022-07-20T10:15:41.549+0000][7][safepoint   ] Safepoint "G1CollectForAllocation", Time since last: 927307372 ns, Reaching safepoint: 100548 ns, At safepoint: 6508840 ns, Total: 6609388 ns
[2022-07-20T10:15:41.549+0000][7][gc,marking  ] GC(104) Concurrent Clear Claimed Marks
[2022-07-20T10:15:41.549+0000][7][gc,marking  ] GC(104) Concurrent Clear Claimed Marks 0.098ms
[2022-07-20T10:15:41.549+0000][7][gc,marking  ] GC(104) Concurrent Scan Root Regions
[2022-07-20T10:15:41.553+0000][7][gc,marking  ] GC(104) Concurrent Scan Root Regions 3.581ms
[2022-07-20T10:15:41.553+0000][7][gc,marking  ] GC(104) Concurrent Mark (1889.205s)
[2022-07-20T10:15:41.553+0000][7][gc,marking  ] GC(104) Concurrent Mark From Roots
[2022-07-20T10:15:41.553+0000][7][gc,task     ] GC(104) Using 1 workers of 1 for marking
[2022-07-20T10:15:41.709+0000][7][gc,marking  ] GC(104) Concurrent Mark From Roots 156.514ms
[2022-07-20T10:15:41.709+0000][7][gc,marking  ] GC(104) Concurrent Preclean
[2022-07-20T10:15:41.710+0000][7][gc,marking  ] GC(104) Concurrent Preclean 0.228ms
[2022-07-20T10:15:41.710+0000][7][gc,marking  ] GC(104) Concurrent Mark (1889.205s, 1889.362s) 156.908ms
[2022-07-20T10:15:41.710+0000][7][gc,start    ] GC(104) Pause Remark
[2022-07-20T10:15:41.722+0000][7][gc          ] GC(104) Pause Remark 109M->109M(256M) 12.063ms
[2022-07-20T10:15:41.722+0000][7][gc,cpu      ] GC(104) User=0.04s Sys=0.00s Real=0.01s
[2022-07-20T10:15:41.722+0000][7][safepoint   ] Safepoint "G1Concurrent", Time since last: 160688819 ns, Reaching safepoint: 151441 ns, At safepoint: 12196521 ns, Total: 12347962 ns
[2022-07-20T10:15:41.722+0000][7][gc,marking  ] GC(104) Concurrent Rebuild Remembered Sets
[2022-07-20T10:15:41.822+0000][7][gc,marking  ] GC(104) Concurrent Rebuild Remembered Sets 100.047ms
[2022-07-20T10:15:41.822+0000][7][gc,start    ] GC(104) Pause Cleanup
[2022-07-20T10:15:41.822+0000][7][gc          ] GC(104) Pause Cleanup 109M->109M(256M) 0.066ms
[2022-07-20T10:15:41.822+0000][7][gc,cpu      ] GC(104) User=0.00s Sys=0.00s Real=0.00s
[2022-07-20T10:15:41.822+0000][7][safepoint   ] Safepoint "G1Concurrent", Time since last: 100139331 ns, Reaching safepoint: 94885 ns, At safepoint: 120276 ns, Total: 215161 ns
[2022-07-20T10:15:41.822+0000][7][gc,marking  ] GC(104) Concurrent Cleanup for Next Mark
[2022-07-20T10:15:41.823+0000][7][gc,marking  ] GC(104) Concurrent Cleanup for Next Mark 0.252ms
[2022-07-20T10:15:41.823+0000][7][gc          ] GC(104) Concurrent Cycle 273.707ms
[2022-07-20T10:15:52.824+0000][7][safepoint   ] Safepoint "Cleanup", Time since last: 11001256950 ns, Reaching safepoint: 142100 ns, At safepoint: 8900 ns, Total: 151000 ns
[2022-07-20T10:16:16.828+0000][7][safepoint   ] Safepoint "Cleanup", Time since last: 24004247870 ns, Reaching safepoint: 97753 ns, At safepoint: 9210 ns, Total: 106963 ns
[2022-07-20T10:16:19.829+0000][7][safepoint   ] Safepoint "Cleanup", Time since last: 3000514700 ns, Reaching safepoint: 175103 ns, At safepoint: 8326 ns, Total: 183429 ns
[2022-07-20T10:16:28.831+0000][7][safepoint   ] Safepoint "Cleanup", Time since last: 9002094322 ns, Reaching safepoint: 120911 ns, At safepoint: 6205 ns, Total: 127116 ns
[2022-07-20T10:16:34.578+0000][7][gc,start    ] GC(105) Pause Young (Normal) (G1 Evacuation Pause)
[2022-07-20T10:16:34.578+0000][7][gc,task     ] GC(105) Using 4 workers of 4 for evacuation
[2022-07-20T10:16:34.578+0000][7][gc,age      ] GC(105) Desired survivor size 6291456 bytes, new threshold 15 (max threshold 15)
[2022-07-20T10:16:34.582+0000][7][gc,age      ] GC(105) Age table with threshold 15 (max threshold 15)
[2022-07-20T10:16:34.582+0000][7][gc,age      ] GC(105) - age   1:    2136040 bytes,    2136040 total
[2022-07-20T10:16:34.582+0000][7][gc,age      ] GC(105) - age   2:     245912 bytes,    2381952 total
[2022-07-20T10:16:34.582+0000][7][gc,age      ] GC(105) - age   3:      51632 bytes,    2433584 total
[2022-07-20T10:16:34.582+0000][7][gc,age      ] GC(105) - age   4:       1712 bytes,    2435296 total
[2022-07-20T10:16:34.582+0000][7][gc,age      ] GC(105) - age   5:       7080 bytes,    2442376 total
[2022-07-20T10:16:34.582+0000][7][gc,age      ] GC(105) - age   6:      12176 bytes,    2454552 total
[2022-07-20T10:16:34.582+0000][7][gc,age      ] GC(105) - age   7:      54056 bytes,    2508608 total
[2022-07-20T10:16:34.582+0000][7][gc,age      ] GC(105) - age   8:       5016 bytes,    2513624 total
[2022-07-20T10:16:34.582+0000][7][gc,age      ] GC(105) - age   9:      18328 bytes,    2531952 total
[2022-07-20T10:16:34.582+0000][7][gc,age      ] GC(105) - age  10:      66280 bytes,    2598232 total
[2022-07-20T10:16:34.582+0000][7][gc,age      ] GC(105) - age  11:       1064 bytes,    2599296 total
[2022-07-20T10:16:34.582+0000][7][gc,age      ] GC(105) - age  12:       3288 bytes,    2602584 total
[2022-07-20T10:16:34.582+0000][7][gc,age      ] GC(105) - age  13:        688 bytes,    2603272 total
[2022-07-20T10:16:34.582+0000][7][gc,age      ] GC(105) - age  14:     156048 bytes,    2759320 total
[2022-07-20T10:16:34.582+0000][7][gc,age      ] GC(105) - age  15:      27416 bytes,    2786736 total
[2022-07-20T10:16:34.582+0000][7][gc,phases   ] GC(105)   Pre Evacuate Collection Set: 0.0ms
[2022-07-20T10:16:34.582+0000][7][gc,phases   ] GC(105)   Merge Heap Roots: 0.0ms
[2022-07-20T10:16:34.582+0000][7][gc,phases   ] GC(105)   Evacuate Collection Set: 3.2ms
[2022-07-20T10:16:34.582+0000][7][gc,phases   ] GC(105)   Post Evacuate Collection Set: 0.5ms
[2022-07-20T10:16:34.582+0000][7][gc,phases   ] GC(105)   Other: 0.4ms
[2022-07-20T10:16:34.582+0000][7][gc,heap     ] GC(105) Eden regions: 23->0(23)
[2022-07-20T10:16:34.582+0000][7][gc,heap     ] GC(105) Survivor regions: 1->1(3)
[2022-07-20T10:16:34.582+0000][7][gc,heap     ] GC(105) Old regions: 24->24
[2022-07-20T10:16:34.582+0000][7][gc,heap     ] GC(105) Archive regions: 2->2
[2022-07-20T10:16:34.582+0000][7][gc,heap     ] GC(105) Humongous regions: 2->2
[2022-07-20T10:16:34.582+0000][7][gc,metaspace] GC(105) Metaspace: 109317K(114040K)->109317K(114040K) NonClass: 95345K(98732K)->95345K(98732K) Class: 13972K(15308K)->13972K(15308K)
[2022-07-20T10:16:34.582+0000][7][gc          ] GC(105) Pause Young (Normal) (G1 Evacuation Pause) 199M->107M(256M) 4.201ms
[2022-07-20T10:16:34.582+0000][7][gc,cpu      ] GC(105) User=0.01s Sys=0.00s Real=0.00s
[2022-07-20T10:16:34.582+0000][7][safepoint   ] Safepoint "G1CollectForAllocation", Time since last: 5746679486 ns, Reaching safepoint: 152967 ns, At safepoint: 4291651 ns, Total: 4444618 ns
[2022-07-20T10:16:35.582+0000][7][safepoint   ] Safepoint "Cleanup", Time since last: 1000105829 ns, Reaching safepoint: 165732 ns, At safepoint: 9262 ns, Total: 174994 ns
[2022-07-20T10:16:36.583+0000][7][safepoint   ] Safepoint "Cleanup", Time since last: 1000219540 ns, Reaching safepoint: 136954 ns, At safepoint: 7266 ns, Total: 144220 ns
[2022-07-20T10:16:37.583+0000][7][safepoint   ] Safepoint "Cleanup", Time since last: 1000126601 ns, Reaching safepoint: 140427 ns, At safepoint: 9059 ns, Total: 149486 ns
[2022-07-20T10:16:41.584+0000][7][safepoint   ] Safepoint "Cleanup", Time since last: 4000648885 ns, Reaching safepoint: 120131 ns, At safepoint: 10001 ns, Total: 130132 ns
[2022-07-20T10:16:54.586+0000][7][safepoint   ] Safepoint "Cleanup", Time since last: 13002218109 ns, Reaching safepoint: 139425 ns, At safepoint: 7843 ns, Total: 147268 ns
[2022-07-20T10:16:55.587+0000][7][safepoint   ] Safepoint "Cleanup", Time since last: 1000283534 ns, Reaching safepoint: 190087 ns, At safepoint: 5455 ns, Total: 195542 ns
[2022-07-20T10:16:58.588+0000][7][safepoint   ] Safepoint "Cleanup", Time since last: 3000998590 ns, Reaching safepoint: 138555 ns, At safepoint: 6807 ns, Total: 145362 ns
[2022-07-20T10:17:01.589+0000][7][safepoint   ] Safepoint "Cleanup", Time since last: 3000913827 ns, Reaching safepoint: 187547 ns, At safepoint: 9137 ns, Total: 196684 ns
[2022-07-20T10:17:16.572+0000][7][gc,start    ] GC(106) Pause Young (Concurrent Start) (G1 Evacuation Pause)
[2022-07-20T10:17:16.572+0000][7][gc,task     ] GC(106) Using 4 workers of 4 for evacuation
[2022-07-20T10:17:16.572+0000][7][gc,age      ] GC(106) Desired survivor size 6291456 bytes, new threshold 15 (max threshold 15)
[2022-07-20T10:17:16.575+0000][7][gc,age      ] GC(106) Age table with threshold 15 (max threshold 15)
[2022-07-20T10:17:16.575+0000][7][gc,age      ] GC(106) - age   1:    2471936 bytes,    2471936 total
[2022-07-20T10:17:16.575+0000][7][gc,age      ] GC(106) - age   2:     193880 bytes,    2665816 total
[2022-07-20T10:17:16.575+0000][7][gc,age      ] GC(106) - age   3:      72720 bytes,    2738536 total
[2022-07-20T10:17:16.575+0000][7][gc,age      ] GC(106) - age   4:      29192 bytes,    2767728 total
[2022-07-20T10:17:16.575+0000][7][gc,age      ] GC(106) - age   5:       1456 bytes,    2769184 total
[2022-07-20T10:17:16.575+0000][7][gc,age      ] GC(106) - age   6:       6952 bytes,    2776136 total
[2022-07-20T10:17:16.575+0000][7][gc,age      ] GC(106) - age   7:      12176 bytes,    2788312 total
[2022-07-20T10:17:16.575+0000][7][gc,age      ] GC(106) - age   8:      54056 bytes,    2842368 total
[2022-07-20T10:17:16.575+0000][7][gc,age      ] GC(106) - age   9:       5016 bytes,    2847384 total
[2022-07-20T10:17:16.575+0000][7][gc,age      ] GC(106) - age  10:      18328 bytes,    2865712 total
[2022-07-20T10:17:16.576+0000][7][gc,age      ] GC(106) - age  11:      66280 bytes,    2931992 total
[2022-07-20T10:17:16.576+0000][7][gc,age      ] GC(106) - age  12:       1064 bytes,    2933056 total
[2022-07-20T10:17:16.576+0000][7][gc,age      ] GC(106) - age  13:       3288 bytes,    2936344 total
[2022-07-20T10:17:16.576+0000][7][gc,age      ] GC(106) - age  14:        688 bytes,    2937032 total
[2022-07-20T10:17:16.576+0000][7][gc,age      ] GC(106) - age  15:     156048 bytes,    3093080 total
[2022-07-20T10:17:16.576+0000][7][gc,phases   ] GC(106)   Pre Evacuate Collection Set: 0.2ms
[2022-07-20T10:17:16.576+0000][7][gc,phases   ] GC(106)   Merge Heap Roots: 0.0ms
[2022-07-20T10:17:16.576+0000][7][gc,phases   ] GC(106)   Evacuate Collection Set: 2.8ms
[2022-07-20T10:17:16.576+0000][7][gc,phases   ] GC(106)   Post Evacuate Collection Set: 0.5ms
[2022-07-20T10:17:16.576+0000][7][gc,phases   ] GC(106)   Other: 0.3ms
[2022-07-20T10:17:16.576+0000][7][gc,heap     ] GC(106) Eden regions: 23->0(23)
[2022-07-20T10:17:16.576+0000][7][gc,heap     ] GC(106) Survivor regions: 1->1(3)
[2022-07-20T10:17:16.576+0000][7][gc,heap     ] GC(106) Old regions: 24->24
[2022-07-20T10:17:16.576+0000][7][gc,heap     ] GC(106) Archive regions: 2->2
[2022-07-20T10:17:16.576+0000][7][gc,heap     ] GC(106) Humongous regions: 2->2
[2022-07-20T10:17:16.576+0000][7][gc,metaspace] GC(106) Metaspace: 109342K(114296K)->109342K(114296K) NonClass: 95370K(98988K)->95370K(98988K) Class: 13972K(15308K)->13972K(15308K)
[2022-07-20T10:17:16.576+0000][7][gc          ] GC(106) Pause Young (Concurrent Start) (G1 Evacuation Pause) 199M->107M(256M) 3.913ms
[2022-07-20T10:17:16.576+0000][7][gc,cpu      ] GC(106) User=0.01s Sys=0.00s Real=0.01s
[2022-07-20T10:17:16.576+0000][7][safepoint   ] Safepoint "G1CollectForAllocation", Time since last: 14982632922 ns, Reaching safepoint: 132998 ns, At safepoint: 4013125 ns, Total: 4146123 ns
[2022-07-20T10:17:16.576+0000][7][gc          ] GC(107) Concurrent Cycle
[2022-07-20T10:17:16.576+0000][7][gc,marking  ] GC(107) Concurrent Clear Claimed Marks
[2022-07-20T10:17:16.576+0000][7][gc,marking  ] GC(107) Concurrent Clear Claimed Marks 0.139ms
[2022-07-20T10:17:16.576+0000][7][gc,marking  ] GC(107) Concurrent Scan Root Regions
[2022-07-20T10:17:16.579+0000][7][gc,marking  ] GC(107) Concurrent Scan Root Regions 2.708ms
[2022-07-20T10:17:16.579+0000][7][gc,marking  ] GC(107) Concurrent Mark (1984.231s)
[2022-07-20T10:17:16.579+0000][7][gc,marking  ] GC(107) Concurrent Mark From Roots
[2022-07-20T10:17:16.579+0000][7][gc,task     ] GC(107) Using 1 workers of 1 for marking
[2022-07-20T10:17:16.743+0000][7][gc,marking  ] GC(107) Concurrent Mark From Roots 163.948ms
[2022-07-20T10:17:16.743+0000][7][gc,marking  ] GC(107) Concurrent Preclean
[2022-07-20T10:17:16.743+0000][7][gc,marking  ] GC(107) Concurrent Preclean 0.319ms
[2022-07-20T10:17:16.743+0000][7][gc,marking  ] GC(107) Concurrent Mark (1984.231s, 1984.395s) 164.392ms
[2022-07-20T10:17:16.743+0000][7][gc,start    ] GC(107) Pause Remark
[2022-07-20T10:17:16.758+0000][7][gc          ] GC(107) Pause Remark 117M->117M(256M) 14.542ms
[2022-07-20T10:17:16.758+0000][7][gc,cpu      ] GC(107) User=0.05s Sys=0.00s Real=0.01s
[2022-07-20T10:17:16.758+0000][7][safepoint   ] Safepoint "G1Concurrent", Time since last: 167426573 ns, Reaching safepoint: 103391 ns, At safepoint: 14663773 ns, Total: 14767164 ns
[2022-07-20T10:17:16.758+0000][7][gc,marking  ] GC(107) Concurrent Rebuild Remembered Sets
[2022-07-20T10:17:16.866+0000][7][gc,marking  ] GC(107) Concurrent Rebuild Remembered Sets 108.084ms
[2022-07-20T10:17:16.866+0000][7][gc,start    ] GC(107) Pause Cleanup
[2022-07-20T10:17:16.866+0000][7][gc          ] GC(107) Pause Cleanup 117M->117M(256M) 0.095ms
[2022-07-20T10:17:16.866+0000][7][gc,cpu      ] GC(107) User=0.00s Sys=0.00s Real=0.00s
[2022-07-20T10:17:16.866+0000][7][safepoint   ] Safepoint "G1Concurrent", Time since last: 108221386 ns, Reaching safepoint: 110891 ns, At safepoint: 176625 ns, Total: 287516 ns
[2022-07-20T10:17:16.866+0000][7][gc,marking  ] GC(107) Concurrent Cleanup for Next Mark
[2022-07-20T10:17:16.867+0000][7][gc,marking  ] GC(107) Concurrent Cleanup for Next Mark 0.264ms
[2022-07-20T10:17:16.867+0000][7][gc          ] GC(107) Concurrent Cycle 291.051ms
[2022-07-20T10:17:17.867+0000][7][safepoint   ] Safepoint "Cleanup", Time since last: 1000305692 ns, Reaching safepoint: 144373 ns, At safepoint: 10740 ns, Total: 155113 ns
[2022-07-20T10:17:24.868+0000][7][safepoint   ] Safepoint "Cleanup", Time since last: 7001161985 ns, Reaching safepoint: 196173 ns, At safepoint: 7247 ns, Total: 203420 ns
[2022-07-20T10:17:28.870+0000][7][safepoint   ] Safepoint "Cleanup", Time since last: 4001512926 ns, Reaching safepoint: 152571 ns, At safepoint: 5642 ns, Total: 158213 ns
[2022-07-20T10:17:37.689+0000][7][safepoint   ] Safepoint "Cleanup", Time since last: 8818734276 ns, Reaching safepoint: 167695 ns, At safepoint: 6812 ns, Total: 174507 ns
[2022-07-20T10:17:38.689+0000][7][safepoint   ] Safepoint "Cleanup", Time since last: 1000239746 ns, Reaching safepoint: 101143 ns, At safepoint: 6304 ns, Total: 107447 ns
[2022-07-20T10:17:40.690+0000][7][safepoint   ] Safepoint "Cleanup", Time since last: 2000362674 ns, Reaching safepoint: 189506 ns, At safepoint: 9123 ns, Total: 198629 ns
[2022-07-20T10:17:41.695+0000][7][gc,start    ] GC(108) Pause Young (Normal) (G1 Evacuation Pause)
[2022-07-20T10:17:41.695+0000][7][gc,task     ] GC(108) Using 4 workers of 4 for evacuation
[2022-07-20T10:17:41.695+0000][7][gc,age      ] GC(108) Desired survivor size 6291456 bytes, new threshold 15 (max threshold 15)
[2022-07-20T10:17:41.699+0000][7][gc,age      ] GC(108) Age table with threshold 15 (max threshold 15)
[2022-07-20T10:17:41.699+0000][7][gc,age      ] GC(108) - age   1:    2085376 bytes,    2085376 total
[2022-07-20T10:17:41.699+0000][7][gc,age      ] GC(108) - age   2:      23064 bytes,    2108440 total
[2022-07-20T10:17:41.699+0000][7][gc,age      ] GC(108) - age   3:     192520 bytes,    2300960 total
[2022-07-20T10:17:41.699+0000][7][gc,age      ] GC(108) - age   4:      72248 bytes,    2373208 total
[2022-07-20T10:17:41.699+0000][7][gc,age      ] GC(108) - age   5:       4424 bytes,    2377632 total
[2022-07-20T10:17:41.699+0000][7][gc,age      ] GC(108) - age   6:       1392 bytes,    2379024 total
[2022-07-20T10:17:41.699+0000][7][gc,age      ] GC(108) - age   7:       6888 bytes,    2385912 total
[2022-07-20T10:17:41.699+0000][7][gc,age      ] GC(108) - age   8:      12176 bytes,    2398088 total
[2022-07-20T10:17:41.699+0000][7][gc,age      ] GC(108) - age   9:      54056 bytes,    2452144 total
[2022-07-20T10:17:41.699+0000][7][gc,age      ] GC(108) - age  10:       5016 bytes,    2457160 total
[2022-07-20T10:17:41.699+0000][7][gc,age      ] GC(108) - age  11:      18328 bytes,    2475488 total
[2022-07-20T10:17:41.699+0000][7][gc,age      ] GC(108) - age  12:      66280 bytes,    2541768 total
[2022-07-20T10:17:41.699+0000][7][gc,age      ] GC(108) - age  13:       1064 bytes,    2542832 total
[2022-07-20T10:17:41.699+0000][7][gc,age      ] GC(108) - age  14:       3288 bytes,    2546120 total
[2022-07-20T10:17:41.699+0000][7][gc,age      ] GC(108) - age  15:        688 bytes,    2546808 total
[2022-07-20T10:17:41.699+0000][7][gc,phases   ] GC(108)   Pre Evacuate Collection Set: 0.1ms
[2022-07-20T10:17:41.699+0000][7][gc,phases   ] GC(108)   Merge Heap Roots: 0.0ms
[2022-07-20T10:17:41.699+0000][7][gc,phases   ] GC(108)   Evacuate Collection Set: 3.4ms
[2022-07-20T10:17:41.699+0000][7][gc,phases   ] GC(108)   Post Evacuate Collection Set: 0.7ms
[2022-07-20T10:17:41.699+0000][7][gc,phases   ] GC(108)   Other: 0.4ms
[2022-07-20T10:17:41.699+0000][7][gc,heap     ] GC(108) Eden regions: 23->0(23)
[2022-07-20T10:17:41.699+0000][7][gc,heap     ] GC(108) Survivor regions: 1->1(3)
[2022-07-20T10:17:41.699+0000][7][gc,heap     ] GC(108) Old regions: 24->24
[2022-07-20T10:17:41.699+0000][7][gc,heap     ] GC(108) Archive regions: 2->2
[2022-07-20T10:17:41.699+0000][7][gc,heap     ] GC(108) Humongous regions: 2->2
[2022-07-20T10:17:41.699+0000][7][gc,metaspace] GC(108) Metaspace: 109345K(114296K)->109345K(114296K) NonClass: 95372K(98988K)->95372K(98988K) Class: 13972K(15308K)->13972K(15308K)
[2022-07-20T10:17:41.699+0000][7][gc          ] GC(108) Pause Young (Normal) (G1 Evacuation Pause) 199M->107M(256M) 4.700ms
[2022-07-20T10:17:41.699+0000][7][gc,cpu      ] GC(108) User=0.01s Sys=0.01s Real=0.00s
[2022-07-20T10:17:41.699+0000][7][safepoint   ] Safepoint "G1CollectForAllocation", Time since last: 1004692072 ns, Reaching safepoint: 128947 ns, At safepoint: 4795450 ns, Total: 4924397 ns
[2022-07-20T10:17:43.715+0000][7][safepoint   ] Safepoint "Cleanup", Time since last: 2015727615 ns, Reaching safepoint: 123938 ns, At safepoint: 12285 ns, Total: 136223 ns
[2022-07-20T10:17:52.716+0000][7][safepoint   ] Safepoint "Cleanup", Time since last: 9000983161 ns, Reaching safepoint: 185048 ns, At safepoint: 7328 ns, Total: 192376 ns
[2022-07-20T10:18:01.719+0000][7][safepoint   ] Safepoint "Cleanup", Time since last: 9002804770 ns, Reaching safepoint: 216658 ns, At safepoint: 9006 ns, Total: 225664 ns
[2022-07-20T10:18:16.722+0000][7][safepoint   ] Safepoint "Cleanup", Time since last: 15002469726 ns, Reaching safepoint: 254715 ns, At safepoint: 18540 ns, Total: 273255 ns
[2022-07-20T10:18:17.723+0000][7][safepoint   ] Safepoint "Cleanup", Time since last: 1000206265 ns, Reaching safepoint: 139327 ns, At safepoint: 8515 ns, Total: 147842 ns
[2022-07-20T10:18:19.723+0000][7][safepoint   ] Safepoint "Cleanup", Time since last: 2000200134 ns, Reaching safepoint: 127357 ns, At safepoint: 8670 ns, Total: 136027 ns
[2022-07-20T10:18:21.723+0000][7][safepoint   ] Safepoint "Cleanup", Time since last: 2000395292 ns, Reaching safepoint: 102829 ns, At safepoint: 8065 ns, Total: 110894 ns
[2022-07-20T10:18:28.569+0000][7][gc,start    ] GC(109) Pause Young (Concurrent Start) (G1 Evacuation Pause)
[2022-07-20T10:18:28.569+0000][7][gc,task     ] GC(109) Using 4 workers of 4 for evacuation
[2022-07-20T10:18:28.569+0000][7][gc,age      ] GC(109) Desired survivor size 6291456 bytes, new threshold 15 (max threshold 15)
[2022-07-20T10:18:28.573+0000][7][gc,age      ] GC(109) Age table with threshold 15 (max threshold 15)
[2022-07-20T10:18:28.573+0000][7][gc,age      ] GC(109) - age   1:    2228152 bytes,    2228152 total
[2022-07-20T10:18:28.573+0000][7][gc,age      ] GC(109) - age   2:       2392 bytes,    2230544 total
[2022-07-20T10:18:28.573+0000][7][gc,age      ] GC(109) - age   3:      21752 bytes,    2252296 total
[2022-07-20T10:18:28.573+0000][7][gc,age      ] GC(109) - age   4:     192200 bytes,    2444496 total
[2022-07-20T10:18:28.573+0000][7][gc,age      ] GC(109) - age   5:      69936 bytes,    2514432 total
[2022-07-20T10:18:28.573+0000][7][gc,age      ] GC(109) - age   6:       4232 bytes,    2518664 total
[2022-07-20T10:18:28.573+0000][7][gc,age      ] GC(109) - age   7:       1392 bytes,    2520056 total
[2022-07-20T10:18:28.573+0000][7][gc,age      ] GC(109) - age   8:       6576 bytes,    2526632 total
[2022-07-20T10:18:28.573+0000][7][gc,age      ] GC(109) - age   9:      12176 bytes,    2538808 total
[2022-07-20T10:18:28.573+0000][7][gc,age      ] GC(109) - age  10:      54056 bytes,    2592864 total
[2022-07-20T10:18:28.573+0000][7][gc,age      ] GC(109) - age  11:       5016 bytes,    2597880 total
[2022-07-20T10:18:28.573+0000][7][gc,age      ] GC(109) - age  12:      18288 bytes,    2616168 total
[2022-07-20T10:18:28.573+0000][7][gc,age      ] GC(109) - age  13:      66280 bytes,    2682448 total
[2022-07-20T10:18:28.573+0000][7][gc,age      ] GC(109) - age  14:       1064 bytes,    2683512 total
[2022-07-20T10:18:28.573+0000][7][gc,age      ] GC(109) - age  15:       3288 bytes,    2686800 total
[2022-07-20T10:18:28.573+0000][7][gc,phases   ] GC(109)   Pre Evacuate Collection Set: 0.1ms
[2022-07-20T10:18:28.573+0000][7][gc,phases   ] GC(109)   Merge Heap Roots: 0.1ms
[2022-07-20T10:18:28.573+0000][7][gc,phases   ] GC(109)   Evacuate Collection Set: 2.6ms
[2022-07-20T10:18:28.573+0000][7][gc,phases   ] GC(109)   Post Evacuate Collection Set: 0.7ms
[2022-07-20T10:18:28.573+0000][7][gc,phases   ] GC(109)   Other: 0.3ms
[2022-07-20T10:18:28.573+0000][7][gc,heap     ] GC(109) Eden regions: 23->0(23)
[2022-07-20T10:18:28.573+0000][7][gc,heap     ] GC(109) Survivor regions: 1->1(3)
[2022-07-20T10:18:28.573+0000][7][gc,heap     ] GC(109) Old regions: 24->24
[2022-07-20T10:18:28.573+0000][7][gc,heap     ] GC(109) Archive regions: 2->2
[2022-07-20T10:18:28.573+0000][7][gc,heap     ] GC(109) Humongous regions: 2->2
[2022-07-20T10:18:28.573+0000][7][gc,metaspace] GC(109) Metaspace: 109366K(114296K)->109366K(114296K) NonClass: 95392K(98988K)->95392K(98988K) Class: 13973K(15308K)->13973K(15308K)
[2022-07-20T10:18:28.573+0000][7][gc          ] GC(109) Pause Young (Concurrent Start) (G1 Evacuation Pause) 199M->107M(256M) 3.936ms
[2022-07-20T10:18:28.573+0000][7][gc,cpu      ] GC(109) User=0.01s Sys=0.00s Real=0.00s
[2022-07-20T10:18:28.573+0000][7][gc          ] GC(110) Concurrent Cycle
[2022-07-20T10:18:28.573+0000][7][safepoint   ] Safepoint "G1CollectForAllocation", Time since last: 6845808097 ns, Reaching safepoint: 88793 ns, At safepoint: 4018726 ns, Total: 4107519 ns
[2022-07-20T10:18:28.573+0000][7][gc,marking  ] GC(110) Concurrent Clear Claimed Marks
[2022-07-20T10:18:28.573+0000][7][gc,marking  ] GC(110) Concurrent Clear Claimed Marks 0.104ms
[2022-07-20T10:18:28.573+0000][7][gc,marking  ] GC(110) Concurrent Scan Root Regions
[2022-07-20T10:18:28.576+0000][7][gc,marking  ] GC(110) Concurrent Scan Root Regions 2.447ms
[2022-07-20T10:18:28.576+0000][7][gc,marking  ] GC(110) Concurrent Mark (2056.228s)
[2022-07-20T10:18:28.576+0000][7][gc,marking  ] GC(110) Concurrent Mark From Roots
[2022-07-20T10:18:28.576+0000][7][gc,task     ] GC(110) Using 1 workers of 1 for marking
[2022-07-20T10:18:28.735+0000][7][gc,marking  ] GC(110) Concurrent Mark From Roots 158.556ms
[2022-07-20T10:18:28.735+0000][7][gc,marking  ] GC(110) Concurrent Preclean
[2022-07-20T10:18:28.735+0000][7][gc,marking  ] GC(110) Concurrent Preclean 0.286ms
[2022-07-20T10:18:28.735+0000][7][gc,marking  ] GC(110) Concurrent Mark (2056.228s, 2056.387s) 158.934ms
[2022-07-20T10:18:28.735+0000][7][gc,start    ] GC(110) Pause Remark
[2022-07-20T10:18:28.746+0000][7][gc          ] GC(110) Pause Remark 126M->126M(256M) 11.191ms
[2022-07-20T10:18:28.746+0000][7][gc,cpu      ] GC(110) User=0.03s Sys=0.00s Real=0.01s
[2022-07-20T10:18:28.746+0000][7][safepoint   ] Safepoint "G1Concurrent", Time since last: 161598215 ns, Reaching safepoint: 126915 ns, At safepoint: 11306421 ns, Total: 11433336 ns
[2022-07-20T10:18:28.746+0000][7][gc,marking  ] GC(110) Concurrent Rebuild Remembered Sets
[2022-07-20T10:18:28.843+0000][7][gc,marking  ] GC(110) Concurrent Rebuild Remembered Sets 96.910ms
[2022-07-20T10:18:28.844+0000][7][gc,start    ] GC(110) Pause Cleanup
[2022-07-20T10:18:28.844+0000][7][gc          ] GC(110) Pause Cleanup 132M->132M(256M) 0.089ms
[2022-07-20T10:18:28.844+0000][7][gc,cpu      ] GC(110) User=0.00s Sys=0.00s Real=0.00s
[2022-07-20T10:18:28.844+0000][7][safepoint   ] Safepoint "G1Concurrent", Time since last: 97109052 ns, Reaching safepoint: 144375 ns, At safepoint: 163389 ns, Total: 307764 ns
[2022-07-20T10:18:28.844+0000][7][gc,marking  ] GC(110) Concurrent Cleanup for Next Mark
[2022-07-20T10:18:28.844+0000][7][gc,marking  ] GC(110) Concurrent Cleanup for Next Mark 0.246ms
[2022-07-20T10:18:28.844+0000][7][gc          ] GC(110) Concurrent Cycle 270.755ms
[2022-07-20T10:18:40.847+0000][7][safepoint   ] Safepoint "Cleanup", Time since last: 12003042930 ns, Reaching safepoint: 139152 ns, At safepoint: 9755 ns, Total: 148907 ns
[2022-07-20T10:18:52.849+0000][7][safepoint   ] Safepoint "Cleanup", Time since last: 12002080375 ns, Reaching safepoint: 149170 ns, At safepoint: 9695 ns, Total: 158865 ns
[2022-07-20T10:18:55.851+0000][7][safepoint   ] Safepoint "Cleanup", Time since last: 3001102427 ns, Reaching safepoint: 193914 ns, At safepoint: 8668 ns, Total: 202582 ns
[2022-07-20T10:19:01.853+0000][7][safepoint   ] Safepoint "Cleanup", Time since last: 6002034469 ns, Reaching safepoint: 153307 ns, At safepoint: 10955 ns, Total: 164262 ns
[2022-07-20T10:19:04.853+0000][7][safepoint   ] Safepoint "Cleanup", Time since last: 3000585697 ns, Reaching safepoint: 88929 ns, At safepoint: 5372 ns, Total: 94301 ns
[2022-07-20T10:19:10.854+0000][7][safepoint   ] Safepoint "Cleanup", Time since last: 6000802160 ns, Reaching safepoint: 151749 ns, At safepoint: 7437 ns, Total: 159186 ns
[2022-07-20T10:19:11.584+0000][7][gc,start    ] GC(111) Pause Young (Normal) (G1 Evacuation Pause)
[2022-07-20T10:19:11.584+0000][7][gc,task     ] GC(111) Using 4 workers of 4 for evacuation
[2022-07-20T10:19:11.584+0000][7][gc,age      ] GC(111) Desired survivor size 6291456 bytes, new threshold 15 (max threshold 15)
[2022-07-20T10:19:11.588+0000][7][gc,age      ] GC(111) Age table with threshold 15 (max threshold 15)
[2022-07-20T10:19:11.588+0000][7][gc,age      ] GC(111) - age   1:    1415568 bytes,    1415568 total
[2022-07-20T10:19:11.588+0000][7][gc,age      ] GC(111) - age   2:      12240 bytes,    1427808 total
[2022-07-20T10:19:11.588+0000][7][gc,age      ] GC(111) - age   3:       1224 bytes,    1429032 total
[2022-07-20T10:19:11.588+0000][7][gc,age      ] GC(111) - age   4:      20832 bytes,    1449864 total
[2022-07-20T10:19:11.588+0000][7][gc,age      ] GC(111) - age   5:     191424 bytes,    1641288 total
[2022-07-20T10:19:11.588+0000][7][gc,age      ] GC(111) - age   6:      69936 bytes,    1711224 total
[2022-07-20T10:19:11.588+0000][7][gc,age      ] GC(111) - age   7:       4232 bytes,    1715456 total
[2022-07-20T10:19:11.588+0000][7][gc,age      ] GC(111) - age   8:       1392 bytes,    1716848 total
[2022-07-20T10:19:11.588+0000][7][gc,age      ] GC(111) - age   9:       6512 bytes,    1723360 total
[2022-07-20T10:19:11.588+0000][7][gc,age      ] GC(111) - age  10:      11936 bytes,    1735296 total
[2022-07-20T10:19:11.588+0000][7][gc,age      ] GC(111) - age  11:      54056 bytes,    1789352 total
[2022-07-20T10:19:11.588+0000][7][gc,age      ] GC(111) - age  12:       5016 bytes,    1794368 total
[2022-07-20T10:19:11.588+0000][7][gc,age      ] GC(111) - age  13:      18288 bytes,    1812656 total
[2022-07-20T10:19:11.588+0000][7][gc,age      ] GC(111) - age  14:      66280 bytes,    1878936 total
[2022-07-20T10:19:11.588+0000][7][gc,age      ] GC(111) - age  15:       1064 bytes,    1880000 total
[2022-07-20T10:19:11.588+0000][7][gc,phases   ] GC(111)   Pre Evacuate Collection Set: 0.1ms
[2022-07-20T10:19:11.588+0000][7][gc,phases   ] GC(111)   Merge Heap Roots: 0.1ms
[2022-07-20T10:19:11.588+0000][7][gc,phases   ] GC(111)   Evacuate Collection Set: 2.9ms
[2022-07-20T10:19:11.588+0000][7][gc,phases   ] GC(111)   Post Evacuate Collection Set: 0.6ms
[2022-07-20T10:19:11.588+0000][7][gc,phases   ] GC(111)   Other: 0.3ms
[2022-07-20T10:19:11.588+0000][7][gc,heap     ] GC(111) Eden regions: 23->0(23)
[2022-07-20T10:19:11.588+0000][7][gc,heap     ] GC(111) Survivor regions: 1->1(3)
[2022-07-20T10:19:11.588+0000][7][gc,heap     ] GC(111) Old regions: 24->24
[2022-07-20T10:19:11.588+0000][7][gc,heap     ] GC(111) Archive regions: 2->2
[2022-07-20T10:19:11.588+0000][7][gc,heap     ] GC(111) Humongous regions: 2->2
[2022-07-20T10:19:11.588+0000][7][gc,metaspace] GC(111) Metaspace: 109369K(114296K)->109369K(114296K) NonClass: 95395K(98988K)->95395K(98988K) Class: 13973K(15308K)->13973K(15308K)
[2022-07-20T10:19:11.588+0000][7][gc          ] GC(111) Pause Young (Normal) (G1 Evacuation Pause) 199M->106M(256M) 4.045ms
[2022-07-20T10:19:11.588+0000][7][gc,cpu      ] GC(111) User=0.02s Sys=0.00s Real=0.00s
[2022-07-20T10:19:11.588+0000][7][safepoint   ] Safepoint "G1CollectForAllocation", Time since last: 729796275 ns, Reaching safepoint: 144948 ns, At safepoint: 4146378 ns, Total: 4291326 ns
[2022-07-20T10:19:17.590+0000][7][safepoint   ] Safepoint "Cleanup", Time since last: 6001028858 ns, Reaching safepoint: 145667 ns, At safepoint: 7201 ns, Total: 152868 ns
[2022-07-20T10:19:22.591+0000][7][safepoint   ] Safepoint "Cleanup", Time since last: 5000952056 ns, Reaching safepoint: 127757 ns, At safepoint: 6136 ns, Total: 133893 ns
[2022-07-20T10:19:25.591+0000][7][safepoint   ] Safepoint "Cleanup", Time since last: 3000299016 ns, Reaching safepoint: 112788 ns, At safepoint: 5151 ns, Total: 117939 ns
[2022-07-20T10:19:26.592+0000][7][safepoint   ] Safepoint "Cleanup", Time since last: 1000348691 ns, Reaching safepoint: 102835 ns, At safepoint: 5369 ns, Total: 108204 ns
[2022-07-20T10:19:29.593+0000][7][safepoint   ] Safepoint "Cleanup", Time since last: 3000798173 ns, Reaching safepoint: 145573 ns, At safepoint: 11890 ns, Total: 157463 ns
[2022-07-20T10:19:34.594+0000][7][safepoint   ] Safepoint "Cleanup", Time since last: 5001014296 ns, Reaching safepoint: 105758 ns, At safepoint: 7555 ns, Total: 113313 ns
[2022-07-20T10:19:39.595+0000][7][safepoint   ] Safepoint "Cleanup", Time since last: 5000846661 ns, Reaching safepoint: 211804 ns, At safepoint: 6709 ns, Total: 218513 ns
[2022-07-20T10:19:40.595+0000][7][safepoint   ] Safepoint "Cleanup", Time since last: 1000304870 ns, Reaching safepoint: 95927 ns, At safepoint: 7814 ns, Total: 103741 ns
[2022-07-20T10:19:41.596+0000][7][safepoint   ] Safepoint "Cleanup", Time since last: 1000340110 ns, Reaching safepoint: 104832 ns, At safepoint: 7137 ns, Total: 111969 ns
[2022-07-20T10:19:43.841+0000][7][gc,start    ] GC(112) Pause Young (Concurrent Start) (G1 Evacuation Pause)
[2022-07-20T10:19:43.841+0000][7][gc,task     ] GC(112) Using 4 workers of 4 for evacuation
[2022-07-20T10:19:43.841+0000][7][gc,age      ] GC(112) Desired survivor size 6291456 bytes, new threshold 15 (max threshold 15)
[2022-07-20T10:19:43.845+0000][7][gc,age      ] GC(112) Age table with threshold 15 (max threshold 15)
[2022-07-20T10:19:43.845+0000][7][gc,age      ] GC(112) - age   1:    1971160 bytes,    1971160 total
[2022-07-20T10:19:43.845+0000][7][gc,age      ] GC(112) - age   2:       5176 bytes,    1976336 total
[2022-07-20T10:19:43.845+0000][7][gc,age      ] GC(112) - age   3:      10864 bytes,    1987200 total
[2022-07-20T10:19:43.845+0000][7][gc,age      ] GC(112) - age   4:        496 bytes,    1987696 total
[2022-07-20T10:19:43.845+0000][7][gc,age      ] GC(112) - age   5:      20416 bytes,    2008112 total
[2022-07-20T10:19:43.845+0000][7][gc,age      ] GC(112) - age   6:     191360 bytes,    2199472 total
[2022-07-20T10:19:43.845+0000][7][gc,age      ] GC(112) - age   7:      67112 bytes,    2266584 total
[2022-07-20T10:19:43.845+0000][7][gc,age      ] GC(112) - age   8:       4216 bytes,    2270800 total
[2022-07-20T10:19:43.845+0000][7][gc,age      ] GC(112) - age   9:       1392 bytes,    2272192 total
[2022-07-20T10:19:43.845+0000][7][gc,age      ] GC(112) - age  10:        936 bytes,    2273128 total
[2022-07-20T10:19:43.845+0000][7][gc,age      ] GC(112) - age  11:       1728 bytes,    2274856 total
[2022-07-20T10:19:43.845+0000][7][gc,age      ] GC(112) - age  12:      15232 bytes,    2290088 total
[2022-07-20T10:19:43.845+0000][7][gc,age      ] GC(112) - age  13:       5016 bytes,    2295104 total
[2022-07-20T10:19:43.845+0000][7][gc,age      ] GC(112) - age  14:      18288 bytes,    2313392 total
[2022-07-20T10:19:43.845+0000][7][gc,age      ] GC(112) - age  15:      66280 bytes,    2379672 total
[2022-07-20T10:19:43.845+0000][7][gc,phases   ] GC(112)   Pre Evacuate Collection Set: 0.1ms
[2022-07-20T10:19:43.845+0000][7][gc,phases   ] GC(112)   Merge Heap Roots: 0.0ms
[2022-07-20T10:19:43.845+0000][7][gc,phases   ] GC(112)   Evacuate Collection Set: 2.6ms
[2022-07-20T10:19:43.845+0000][7][gc,phases   ] GC(112)   Post Evacuate Collection Set: 0.6ms
[2022-07-20T10:19:43.845+0000][7][gc,phases   ] GC(112)   Other: 0.3ms
[2022-07-20T10:19:43.845+0000][7][gc,heap     ] GC(112) Eden regions: 23->0(23)
[2022-07-20T10:19:43.845+0000][7][gc,heap     ] GC(112) Survivor regions: 1->1(3)
[2022-07-20T10:19:43.845+0000][7][gc,heap     ] GC(112) Old regions: 24->24
[2022-07-20T10:19:43.845+0000][7][gc,heap     ] GC(112) Archive regions: 2->2
[2022-07-20T10:19:43.845+0000][7][gc,heap     ] GC(112) Humongous regions: 2->2
[2022-07-20T10:19:43.845+0000][7][gc,metaspace] GC(112) Metaspace: 109390K(114296K)->109390K(114296K) NonClass: 95417K(98988K)->95417K(98988K) Class: 13973K(15308K)->13973K(15308K)
[2022-07-20T10:19:43.845+0000][7][gc          ] GC(112) Pause Young (Concurrent Start) (G1 Evacuation Pause) 198M->107M(256M) 3.792ms
[2022-07-20T10:19:43.845+0000][7][gc,cpu      ] GC(112) User=0.01s Sys=0.00s Real=0.01s
[2022-07-20T10:19:43.845+0000][7][safepoint   ] Safepoint "G1CollectForAllocation", Time since last: 2245532182 ns, Reaching safepoint: 101815 ns, At safepoint: 3891411 ns, Total: 3993226 ns
[2022-07-20T10:19:43.845+0000][7][gc          ] GC(113) Concurrent Cycle
[2022-07-20T10:19:43.845+0000][7][gc,marking  ] GC(113) Concurrent Clear Claimed Marks
[2022-07-20T10:19:43.845+0000][7][gc,marking  ] GC(113) Concurrent Clear Claimed Marks 0.100ms
[2022-07-20T10:19:43.845+0000][7][gc,marking  ] GC(113) Concurrent Scan Root Regions
[2022-07-20T10:19:43.847+0000][7][gc,marking  ] GC(113) Concurrent Scan Root Regions 1.993ms
[2022-07-20T10:19:43.847+0000][7][gc,marking  ] GC(113) Concurrent Mark (2131.499s)
[2022-07-20T10:19:43.847+0000][7][gc,marking  ] GC(113) Concurrent Mark From Roots
[2022-07-20T10:19:43.847+0000][7][gc,task     ] GC(113) Using 1 workers of 1 for marking
[2022-07-20T10:19:44.023+0000][7][gc,marking  ] GC(113) Concurrent Mark From Roots 175.753ms
[2022-07-20T10:19:44.023+0000][7][gc,marking  ] GC(113) Concurrent Preclean
[2022-07-20T10:19:44.023+0000][7][gc,marking  ] GC(113) Concurrent Preclean 0.267ms
[2022-07-20T10:19:44.023+0000][7][gc,marking  ] GC(113) Concurrent Mark (2131.499s, 2131.675s) 176.109ms
[2022-07-20T10:19:44.024+0000][7][gc,start    ] GC(113) Pause Remark
[2022-07-20T10:19:44.035+0000][7][gc          ] GC(113) Pause Remark 110M->110M(256M) 11.149ms
[2022-07-20T10:19:44.035+0000][7][gc,cpu      ] GC(113) User=0.04s Sys=0.00s Real=0.01s
[2022-07-20T10:19:44.035+0000][7][safepoint   ] Safepoint "G1Concurrent", Time since last: 178387002 ns, Reaching safepoint: 104784 ns, At safepoint: 11251800 ns, Total: 11356584 ns
[2022-07-20T10:19:44.035+0000][7][gc,marking  ] GC(113) Concurrent Rebuild Remembered Sets
[2022-07-20T10:19:44.143+0000][7][gc,marking  ] GC(113) Concurrent Rebuild Remembered Sets 107.920ms
[2022-07-20T10:19:44.143+0000][7][gc,start    ] GC(113) Pause Cleanup
[2022-07-20T10:19:44.143+0000][7][gc          ] GC(113) Pause Cleanup 110M->110M(256M) 0.075ms
[2022-07-20T10:19:44.143+0000][7][gc,cpu      ] GC(113) User=0.00s Sys=0.00s Real=0.00s
[2022-07-20T10:19:44.143+0000][7][safepoint   ] Safepoint "G1Concurrent", Time since last: 108032416 ns, Reaching safepoint: 106675 ns, At safepoint: 134737 ns, Total: 241412 ns
[2022-07-20T10:19:44.143+0000][7][gc,marking  ] GC(113) Concurrent Cleanup for Next Mark
[2022-07-20T10:19:44.143+0000][7][gc,marking  ] GC(113) Concurrent Cleanup for Next Mark 0.266ms
[2022-07-20T10:19:44.143+0000][7][gc          ] GC(113) Concurrent Cycle 298.357ms
[2022-07-20T10:19:53.145+0000][7][safepoint   ] Safepoint "Cleanup", Time since last: 9001995431 ns, Reaching safepoint: 144800 ns, At safepoint: 7701 ns, Total: 152501 ns
[2022-07-20T10:19:55.146+0000][7][safepoint   ] Safepoint "Cleanup", Time since last: 2000465298 ns, Reaching safepoint: 114586 ns, At safepoint: 12421 ns, Total: 127007 ns
[2022-07-20T10:20:00.148+0000][7][safepoint   ] Safepoint "Cleanup", Time since last: 5001568210 ns, Reaching safepoint: 128951 ns, At safepoint: 7806 ns, Total: 136757 ns
[2022-07-20T10:20:02.148+0000][7][safepoint   ] Safepoint "Cleanup", Time since last: 2000379712 ns, Reaching safepoint: 142081 ns, At safepoint: 8159 ns, Total: 150240 ns
[2022-07-20T10:20:05.149+0000][7][safepoint   ] Safepoint "Cleanup", Time since last: 3000625234 ns, Reaching safepoint: 133666 ns, At safepoint: 8689 ns, Total: 142355 ns
[2022-07-20T10:20:07.149+0000][7][safepoint   ] Safepoint "Cleanup", Time since last: 2000462437 ns, Reaching safepoint: 146003 ns, At safepoint: 7998 ns, Total: 154001 ns
[2022-07-20T10:20:14.151+0000][7][safepoint   ] Safepoint "Cleanup", Time since last: 7001424616 ns, Reaching safepoint: 152749 ns, At safepoint: 11151 ns, Total: 163900 ns
[2022-07-20T10:20:16.605+0000][7][gc,start    ] GC(114) Pause Young (Normal) (G1 Evacuation Pause)
[2022-07-20T10:20:16.605+0000][7][gc,task     ] GC(114) Using 4 workers of 4 for evacuation
[2022-07-20T10:20:16.605+0000][7][gc,age      ] GC(114) Desired survivor size 6291456 bytes, new threshold 15 (max threshold 15)
[2022-07-20T10:20:16.608+0000][7][gc,age      ] GC(114) Age table with threshold 15 (max threshold 15)
[2022-07-20T10:20:16.609+0000][7][gc,age      ] GC(114) - age   1:    1278496 bytes,    1278496 total
[2022-07-20T10:20:16.609+0000][7][gc,age      ] GC(114) - age   2:     452776 bytes,    1731272 total
[2022-07-20T10:20:16.609+0000][7][gc,age      ] GC(114) - age   3:       3544 bytes,    1734816 total
[2022-07-20T10:20:16.609+0000][7][gc,age      ] GC(114) - age   4:      10616 bytes,    1745432 total
[2022-07-20T10:20:16.609+0000][7][gc,age      ] GC(114) - age   5:        368 bytes,    1745800 total
[2022-07-20T10:20:16.609+0000][7][gc,age      ] GC(114) - age   6:       4928 bytes,    1750728 total
[2022-07-20T10:20:16.609+0000][7][gc,age      ] GC(114) - age   7:     191176 bytes,    1941904 total
[2022-07-20T10:20:16.609+0000][7][gc,age      ] GC(114) - age   8:      66696 bytes,    2008600 total
[2022-07-20T10:20:16.609+0000][7][gc,age      ] GC(114) - age   9:       4216 bytes,    2012816 total
[2022-07-20T10:20:16.609+0000][7][gc,age      ] GC(114) - age  10:       1392 bytes,    2014208 total
[2022-07-20T10:20:16.609+0000][7][gc,age      ] GC(114) - age  11:        936 bytes,    2015144 total
[2022-07-20T10:20:16.609+0000][7][gc,age      ] GC(114) - age  12:       1632 bytes,    2016776 total
[2022-07-20T10:20:16.609+0000][7][gc,age      ] GC(114) - age  13:      15232 bytes,    2032008 total
[2022-07-20T10:20:16.609+0000][7][gc,age      ] GC(114) - age  14:       5016 bytes,    2037024 total
[2022-07-20T10:20:16.609+0000][7][gc,age      ] GC(114) - age  15:      18224 bytes,    2055248 total
[2022-07-20T10:20:16.609+0000][7][gc,phases   ] GC(114)   Pre Evacuate Collection Set: 0.0ms
[2022-07-20T10:20:16.609+0000][7][gc,phases   ] GC(114)   Merge Heap Roots: 0.0ms
[2022-07-20T10:20:16.609+0000][7][gc,phases   ] GC(114)   Evacuate Collection Set: 2.9ms
[2022-07-20T10:20:16.609+0000][7][gc,phases   ] GC(114)   Post Evacuate Collection Set: 0.4ms
[2022-07-20T10:20:16.609+0000][7][gc,phases   ] GC(114)   Other: 0.3ms
[2022-07-20T10:20:16.609+0000][7][gc,heap     ] GC(114) Eden regions: 23->0(23)
[2022-07-20T10:20:16.609+0000][7][gc,heap     ] GC(114) Survivor regions: 1->1(3)
[2022-07-20T10:20:16.609+0000][7][gc,heap     ] GC(114) Old regions: 24->24
[2022-07-20T10:20:16.609+0000][7][gc,heap     ] GC(114) Archive regions: 2->2
[2022-07-20T10:20:16.609+0000][7][gc,heap     ] GC(114) Humongous regions: 2->2
[2022-07-20T10:20:16.609+0000][7][gc,metaspace] GC(114) Metaspace: 109395K(114296K)->109395K(114296K) NonClass: 95421K(98988K)->95421K(98988K) Class: 13973K(15308K)->13973K(15308K)
[2022-07-20T10:20:16.609+0000][7][gc          ] GC(114) Pause Young (Normal) (G1 Evacuation Pause) 199M->106M(256M) 3.730ms
[2022-07-20T10:20:16.609+0000][7][gc,cpu      ] GC(114) User=0.01s Sys=0.00s Real=0.00s
[2022-07-20T10:20:16.609+0000][7][safepoint   ] Safepoint "G1CollectForAllocation", Time since last: 2453871133 ns, Reaching safepoint: 79817 ns, At safepoint: 3810043 ns, Total: 3889860 ns
[2022-07-20T10:20:19.610+0000][7][safepoint   ] Safepoint "Cleanup", Time since last: 3000676072 ns, Reaching safepoint: 134232 ns, At safepoint: 10001 ns, Total: 144233 ns
[2022-07-20T10:20:25.611+0000][7][safepoint   ] Safepoint "Cleanup", Time since last: 6001325368 ns, Reaching safepoint: 171858 ns, At safepoint: 9127 ns, Total: 180985 ns
[2022-07-20T10:20:28.612+0000][7][safepoint   ] Safepoint "Cleanup", Time since last: 3000663508 ns, Reaching safepoint: 129075 ns, At safepoint: 11862 ns, Total: 140937 ns
[2022-07-20T10:20:31.613+0000][7][safepoint   ] Safepoint "Cleanup", Time since last: 3000706043 ns, Reaching safepoint: 234641 ns, At safepoint: 13152 ns, Total: 247793 ns
[2022-07-20T10:20:41.615+0000][7][safepoint   ] Safepoint "Cleanup", Time since last: 10001935485 ns, Reaching safepoint: 155076 ns, At safepoint: 10187 ns, Total: 165263 ns
[2022-07-20T10:20:44.616+0000][7][safepoint   ] Safepoint "Cleanup", Time since last: 3000575787 ns, Reaching safepoint: 133188 ns, At safepoint: 9569 ns, Total: 142757 ns
[2022-07-20T10:20:46.616+0000][7][safepoint   ] Safepoint "Cleanup", Time since last: 2000363075 ns, Reaching safepoint: 109377 ns, At safepoint: 7617 ns, Total: 116994 ns
[2022-07-20T10:20:52.614+0000][7][gc,start    ] GC(115) Pause Young (Concurrent Start) (G1 Evacuation Pause)
[2022-07-20T10:20:52.614+0000][7][gc,task     ] GC(115) Using 4 workers of 4 for evacuation
[2022-07-20T10:20:52.614+0000][7][gc,age      ] GC(115) Desired survivor size 6291456 bytes, new threshold 15 (max threshold 15)
[2022-07-20T10:20:52.618+0000][7][gc,age      ] GC(115) Age table with threshold 15 (max threshold 15)
[2022-07-20T10:20:52.618+0000][7][gc,age      ] GC(115) - age   1:     818608 bytes,     818608 total
[2022-07-20T10:20:52.618+0000][7][gc,age      ] GC(115) - age   2:     171896 bytes,     990504 total
[2022-07-20T10:20:52.618+0000][7][gc,age      ] GC(115) - age   3:     450840 bytes,    1441344 total
[2022-07-20T10:20:52.618+0000][7][gc,age      ] GC(115) - age   4:       2864 bytes,    1444208 total
[2022-07-20T10:20:52.618+0000][7][gc,age      ] GC(115) - age   5:       3376 bytes,    1447584 total
[2022-07-20T10:20:52.618+0000][7][gc,age      ] GC(115) - age   6:        304 bytes,    1447888 total
[2022-07-20T10:20:52.618+0000][7][gc,age      ] GC(115) - age   7:       4680 bytes,    1452568 total
[2022-07-20T10:20:52.618+0000][7][gc,age      ] GC(115) - age   8:      18536 bytes,    1471104 total
[2022-07-20T10:20:52.618+0000][7][gc,age      ] GC(115) - age   9:      65096 bytes,    1536200 total
[2022-07-20T10:20:52.618+0000][7][gc,age      ] GC(115) - age  10:       4216 bytes,    1540416 total
[2022-07-20T10:20:52.618+0000][7][gc,age      ] GC(115) - age  11:       1392 bytes,    1541808 total
[2022-07-20T10:20:52.618+0000][7][gc,age      ] GC(115) - age  12:        936 bytes,    1542744 total
[2022-07-20T10:20:52.618+0000][7][gc,age      ] GC(115) - age  13:       1632 bytes,    1544376 total
[2022-07-20T10:20:52.618+0000][7][gc,age      ] GC(115) - age  14:      15232 bytes,    1559608 total
[2022-07-20T10:20:52.618+0000][7][gc,age      ] GC(115) - age  15:       5016 bytes,    1564624 total
[2022-07-20T10:20:52.618+0000][7][gc,phases   ] GC(115)   Pre Evacuate Collection Set: 0.1ms
[2022-07-20T10:20:52.618+0000][7][gc,phases   ] GC(115)   Merge Heap Roots: 0.1ms
[2022-07-20T10:20:52.618+0000][7][gc,phases   ] GC(115)   Evacuate Collection Set: 2.3ms
[2022-07-20T10:20:52.618+0000][7][gc,phases   ] GC(115)   Post Evacuate Collection Set: 1.2ms
[2022-07-20T10:20:52.618+0000][7][gc,phases   ] GC(115)   Other: 0.3ms
[2022-07-20T10:20:52.618+0000][7][gc,heap     ] GC(115) Eden regions: 23->0(23)
[2022-07-20T10:20:52.618+0000][7][gc,heap     ] GC(115) Survivor regions: 1->1(3)
[2022-07-20T10:20:52.618+0000][7][gc,heap     ] GC(115) Old regions: 24->24
[2022-07-20T10:20:52.618+0000][7][gc,heap     ] GC(115) Archive regions: 2->2
[2022-07-20T10:20:52.618+0000][7][gc,heap     ] GC(115) Humongous regions: 2->2
[2022-07-20T10:20:52.618+0000][7][gc,metaspace] GC(115) Metaspace: 109401K(114296K)->109401K(114296K) NonClass: 95427K(98988K)->95427K(98988K) Class: 13974K(15308K)->13974K(15308K)
[2022-07-20T10:20:52.618+0000][7][gc          ] GC(115) Pause Young (Concurrent Start) (G1 Evacuation Pause) 198M->106M(256M) 4.057ms
[2022-07-20T10:20:52.619+0000][7][gc,cpu      ] GC(115) User=0.01s Sys=0.01s Real=0.01s
[2022-07-20T10:20:52.619+0000][7][gc          ] GC(116) Concurrent Cycle
[2022-07-20T10:20:52.619+0000][7][safepoint   ] Safepoint "G1CollectForAllocation", Time since last: 5998058880 ns, Reaching safepoint: 110225 ns, At safepoint: 4144424 ns, Total: 4254649 ns
[2022-07-20T10:20:52.619+0000][7][gc,marking  ] GC(116) Concurrent Clear Claimed Marks
[2022-07-20T10:20:52.619+0000][7][gc,marking  ] GC(116) Concurrent Clear Claimed Marks 0.110ms
[2022-07-20T10:20:52.619+0000][7][gc,marking  ] GC(116) Concurrent Scan Root Regions
[2022-07-20T10:20:52.621+0000][7][gc,marking  ] GC(116) Concurrent Scan Root Regions 1.928ms
[2022-07-20T10:20:52.621+0000][7][gc,marking  ] GC(116) Concurrent Mark (2200.273s)
[2022-07-20T10:20:52.621+0000][7][gc,marking  ] GC(116) Concurrent Mark From Roots
[2022-07-20T10:20:52.621+0000][7][gc,task     ] GC(116) Using 1 workers of 1 for marking
[2022-07-20T10:20:52.771+0000][7][gc,marking  ] GC(116) Concurrent Mark From Roots 150.225ms
[2022-07-20T10:20:52.771+0000][7][gc,marking  ] GC(116) Concurrent Preclean
[2022-07-20T10:20:52.771+0000][7][gc,marking  ] GC(116) Concurrent Preclean 0.234ms
[2022-07-20T10:20:52.771+0000][7][gc,marking  ] GC(116) Concurrent Mark (2200.273s, 2200.423s) 150.547ms
[2022-07-20T10:20:52.771+0000][7][gc,start    ] GC(116) Pause Remark
[2022-07-20T10:20:52.782+0000][7][gc          ] GC(116) Pause Remark 109M->109M(256M) 10.377ms
[2022-07-20T10:20:52.782+0000][7][gc,cpu      ] GC(116) User=0.04s Sys=0.00s Real=0.01s
[2022-07-20T10:20:52.782+0000][7][safepoint   ] Safepoint "G1Concurrent", Time since last: 152735628 ns, Reaching safepoint: 184119 ns, At safepoint: 10477456 ns, Total: 10661575 ns
[2022-07-20T10:20:52.782+0000][7][gc,marking  ] GC(116) Concurrent Rebuild Remembered Sets
[2022-07-20T10:20:52.870+0000][7][gc,marking  ] GC(116) Concurrent Rebuild Remembered Sets 87.942ms
[2022-07-20T10:20:52.870+0000][7][gc,start    ] GC(116) Pause Cleanup
[2022-07-20T10:20:52.870+0000][7][gc          ] GC(116) Pause Cleanup 109M->109M(256M) 0.103ms
[2022-07-20T10:20:52.870+0000][7][gc,cpu      ] GC(116) User=0.00s Sys=0.00s Real=0.00s
[2022-07-20T10:20:52.870+0000][7][safepoint   ] Safepoint "G1Concurrent", Time since last: 88074147 ns, Reaching safepoint: 140271 ns, At safepoint: 168530 ns, Total: 308801 ns
[2022-07-20T10:20:52.870+0000][7][gc,marking  ] GC(116) Concurrent Cleanup for Next Mark
[2022-07-20T10:20:52.871+0000][7][gc,marking  ] GC(116) Concurrent Cleanup for Next Mark 0.285ms
[2022-07-20T10:20:52.871+0000][7][gc          ] GC(116) Concurrent Cycle 252.164ms
[2022-07-20T10:21:01.872+0000][7][safepoint   ] Safepoint "Cleanup", Time since last: 9001824076 ns, Reaching safepoint: 142515 ns, At safepoint: 10158 ns, Total: 152673 ns
[2022-07-20T10:21:03.873+0000][7][safepoint   ] Safepoint "Cleanup", Time since last: 2000569840 ns, Reaching safepoint: 154990 ns, At safepoint: 6901 ns, Total: 161891 ns
[2022-07-20T10:21:04.873+0000][7][safepoint   ] Safepoint "Cleanup", Time since last: 1000182083 ns, Reaching safepoint: 136529 ns, At safepoint: 9782 ns, Total: 146311 ns
[2022-07-20T10:21:09.875+0000][7][safepoint   ] Safepoint "Cleanup", Time since last: 5001422244 ns, Reaching safepoint: 214122 ns, At safepoint: 9256 ns, Total: 223378 ns
[2022-07-20T10:21:13.876+0000][7][safepoint   ] Safepoint "Cleanup", Time since last: 4000763242 ns, Reaching safepoint: 164111 ns, At safepoint: 8175 ns, Total: 172286 ns
[2022-07-20T10:21:16.877+0000][7][safepoint   ] Safepoint "Cleanup", Time since last: 3000759219 ns, Reaching safepoint: 132693 ns, At safepoint: 7269 ns, Total: 139962 ns
[2022-07-20T10:21:25.879+0000][7][safepoint   ] Safepoint "Cleanup", Time since last: 9001871652 ns, Reaching safepoint: 140708 ns, At safepoint: 9547 ns, Total: 150255 ns
[2022-07-20T10:21:28.880+0000][7][safepoint   ] Safepoint "Cleanup", Time since last: 3000868060 ns, Reaching safepoint: 119491 ns, At safepoint: 5986 ns, Total: 125477 ns
[2022-07-20T10:21:37.882+0000][7][safepoint   ] Safepoint "Cleanup", Time since last: 9002091126 ns, Reaching safepoint: 112926 ns, At safepoint: 9709 ns, Total: 122635 ns
[2022-07-20T10:21:40.602+0000][7][gc,start    ] GC(117) Pause Young (Normal) (G1 Evacuation Pause)
[2022-07-20T10:21:40.602+0000][7][gc,task     ] GC(117) Using 4 workers of 4 for evacuation
[2022-07-20T10:21:40.602+0000][7][gc,age      ] GC(117) Desired survivor size 6291456 bytes, new threshold 15 (max threshold 15)
[2022-07-20T10:21:40.605+0000][7][gc,age      ] GC(117) Age table with threshold 15 (max threshold 15)
[2022-07-20T10:21:40.605+0000][7][gc,age      ] GC(117) - age   1:     745512 bytes,     745512 total
[2022-07-20T10:21:40.605+0000][7][gc,age      ] GC(117) - age   2:      56704 bytes,     802216 total
[2022-07-20T10:21:40.605+0000][7][gc,age      ] GC(117) - age   3:     170248 bytes,     972464 total
[2022-07-20T10:21:40.606+0000][7][gc,age      ] GC(117) - age   4:     450592 bytes,    1423056 total
[2022-07-20T10:21:40.606+0000][7][gc,age      ] GC(117) - age   5:       2328 bytes,    1425384 total
[2022-07-20T10:21:40.606+0000][7][gc,age      ] GC(117) - age   6:       3376 bytes,    1428760 total
[2022-07-20T10:21:40.606+0000][7][gc,age      ] GC(117) - age   7:        240 bytes,    1429000 total
[2022-07-20T10:21:40.606+0000][7][gc,age      ] GC(117) - age   8:       4440 bytes,    1433440 total
[2022-07-20T10:21:40.606+0000][7][gc,age      ] GC(117) - age   9:      18536 bytes,    1451976 total
[2022-07-20T10:21:40.606+0000][7][gc,age      ] GC(117) - age  10:      65096 bytes,    1517072 total
[2022-07-20T10:21:40.606+0000][7][gc,age      ] GC(117) - age  11:       4216 bytes,    1521288 total
[2022-07-20T10:21:40.606+0000][7][gc,age      ] GC(117) - age  12:       1392 bytes,    1522680 total
[2022-07-20T10:21:40.606+0000][7][gc,age      ] GC(117) - age  13:        936 bytes,    1523616 total
[2022-07-20T10:21:40.606+0000][7][gc,age      ] GC(117) - age  14:       1632 bytes,    1525248 total
[2022-07-20T10:21:40.606+0000][7][gc,age      ] GC(117) - age  15:      15232 bytes,    1540480 total
[2022-07-20T10:21:40.606+0000][7][gc,phases   ] GC(117)   Pre Evacuate Collection Set: 0.0ms
[2022-07-20T10:21:40.606+0000][7][gc,phases   ] GC(117)   Merge Heap Roots: 0.0ms
[2022-07-20T10:21:40.606+0000][7][gc,phases   ] GC(117)   Evacuate Collection Set: 2.5ms
[2022-07-20T10:21:40.606+0000][7][gc,phases   ] GC(117)   Post Evacuate Collection Set: 0.4ms
[2022-07-20T10:21:40.606+0000][7][gc,phases   ] GC(117)   Other: 0.3ms
[2022-07-20T10:21:40.606+0000][7][gc,heap     ] GC(117) Eden regions: 23->0(24)
[2022-07-20T10:21:40.606+0000][7][gc,heap     ] GC(117) Survivor regions: 1->1(3)
[2022-07-20T10:21:40.606+0000][7][gc,heap     ] GC(117) Old regions: 24->24
[2022-07-20T10:21:40.606+0000][7][gc,heap     ] GC(117) Archive regions: 2->2
[2022-07-20T10:21:40.606+0000][7][gc,heap     ] GC(117) Humongous regions: 2->2
[2022-07-20T10:21:40.606+0000][7][gc,metaspace] GC(117) Metaspace: 109405K(114296K)->109405K(114296K) NonClass: 95431K(98988K)->95431K(98988K) Class: 13974K(15308K)->13974K(15308K)
[2022-07-20T10:21:40.606+0000][7][gc          ] GC(117) Pause Young (Normal) (G1 Evacuation Pause) 198M->106M(256M) 3.374ms
[2022-07-20T10:21:40.606+0000][7][gc,cpu      ] GC(117) User=0.01s Sys=0.00s Real=0.01s
[2022-07-20T10:21:40.606+0000][7][safepoint   ] Safepoint "G1CollectForAllocation", Time since last: 2720142463 ns, Reaching safepoint: 119211 ns, At safepoint: 3468663 ns, Total: 3587874 ns
[2022-07-20T10:21:46.607+0000][7][safepoint   ] Safepoint "Cleanup", Time since last: 6001100947 ns, Reaching safepoint: 109990 ns, At safepoint: 8825 ns, Total: 118815 ns
[2022-07-20T10:21:55.609+0000][7][safepoint   ] Safepoint "Cleanup", Time since last: 9001415377 ns, Reaching safepoint: 137802 ns, At safepoint: 5613 ns, Total: 143415 ns
[2022-07-20T10:22:01.611+0000][7][safepoint   ] Safepoint "Cleanup", Time since last: 6001890669 ns, Reaching safepoint: 132512 ns, At safepoint: 11599 ns, Total: 144111 ns
[2022-07-20T10:22:05.611+0000][7][safepoint   ] Safepoint "Cleanup", Time since last: 4000592147 ns, Reaching safepoint: 140297 ns, At safepoint: 6967 ns, Total: 147264 ns
[2022-07-20T10:22:07.612+0000][7][safepoint   ] Safepoint "Cleanup", Time since last: 2000386724 ns, Reaching safepoint: 100063 ns, At safepoint: 9090 ns, Total: 109153 ns
[2022-07-20T10:22:11.613+0000][7][safepoint   ] Safepoint "Cleanup", Time since last: 4000747278 ns, Reaching safepoint: 147679 ns, At safepoint: 6814 ns, Total: 154493 ns
[2022-07-20T10:22:16.617+0000][7][gc,start    ] GC(118) Pause Young (Concurrent Start) (G1 Evacuation Pause)
[2022-07-20T10:22:16.617+0000][7][gc,task     ] GC(118) Using 4 workers of 4 for evacuation
[2022-07-20T10:22:16.617+0000][7][gc,age      ] GC(118) Desired survivor size 8388608 bytes, new threshold 15 (max threshold 15)
[2022-07-20T10:22:16.620+0000][7][gc,age      ] GC(118) Age table with threshold 15 (max threshold 15)
[2022-07-20T10:22:16.620+0000][7][gc,age      ] GC(118) - age   1:     550072 bytes,     550072 total
[2022-07-20T10:22:16.620+0000][7][gc,age      ] GC(118) - age   2:       3096 bytes,     553168 total
[2022-07-20T10:22:16.620+0000][7][gc,age      ] GC(118) - age   3:      55520 bytes,     608688 total
[2022-07-20T10:22:16.620+0000][7][gc,age      ] GC(118) - age   4:     169816 bytes,     778504 total
[2022-07-20T10:22:16.620+0000][7][gc,age      ] GC(118) - age   5:     449960 bytes,    1228464 total
[2022-07-20T10:22:16.620+0000][7][gc,age      ] GC(118) - age   6:       2072 bytes,    1230536 total
[2022-07-20T10:22:16.620+0000][7][gc,age      ] GC(118) - age   7:       3312 bytes,    1233848 total
[2022-07-20T10:22:16.620+0000][7][gc,age      ] GC(118) - age   8:        208 bytes,    1234056 total
[2022-07-20T10:22:16.620+0000][7][gc,age      ] GC(118) - age   9:       4408 bytes,    1238464 total
[2022-07-20T10:22:16.620+0000][7][gc,age      ] GC(118) - age  10:      18536 bytes,    1257000 total
[2022-07-20T10:22:16.620+0000][7][gc,age      ] GC(118) - age  11:      65032 bytes,    1322032 total
[2022-07-20T10:22:16.620+0000][7][gc,age      ] GC(118) - age  12:       4216 bytes,    1326248 total
[2022-07-20T10:22:16.620+0000][7][gc,age      ] GC(118) - age  13:       1392 bytes,    1327640 total
[2022-07-20T10:22:16.620+0000][7][gc,age      ] GC(118) - age  14:        936 bytes,    1328576 total
[2022-07-20T10:22:16.620+0000][7][gc,age      ] GC(118) - age  15:       1632 bytes,    1330208 total
[2022-07-20T10:22:16.620+0000][7][gc,phases   ] GC(118)   Pre Evacuate Collection Set: 0.1ms
[2022-07-20T10:22:16.620+0000][7][gc,phases   ] GC(118)   Merge Heap Roots: 0.1ms
[2022-07-20T10:22:16.620+0000][7][gc,phases   ] GC(118)   Evacuate Collection Set: 1.9ms
[2022-07-20T10:22:16.620+0000][7][gc,phases   ] GC(118)   Post Evacuate Collection Set: 0.6ms
[2022-07-20T10:22:16.620+0000][7][gc,phases   ] GC(118)   Other: 0.4ms
[2022-07-20T10:22:16.620+0000][7][gc,heap     ] GC(118) Eden regions: 24->0(24)
[2022-07-20T10:22:16.620+0000][7][gc,heap     ] GC(118) Survivor regions: 1->1(4)
[2022-07-20T10:22:16.620+0000][7][gc,heap     ] GC(118) Old regions: 24->24
[2022-07-20T10:22:16.620+0000][7][gc,heap     ] GC(118) Archive regions: 2->2
[2022-07-20T10:22:16.620+0000][7][gc,heap     ] GC(118) Humongous regions: 2->2
[2022-07-20T10:22:16.620+0000][7][gc,metaspace] GC(118) Metaspace: 109413K(114296K)->109413K(114296K) NonClass: 95438K(98988K)->95438K(98988K) Class: 13974K(15308K)->13974K(15308K)
[2022-07-20T10:22:16.620+0000][7][gc          ] GC(118) Pause Young (Concurrent Start) (G1 Evacuation Pause) 202M->106M(256M) 3.201ms
[2022-07-20T10:22:16.620+0000][7][gc,cpu      ] GC(118) User=0.01s Sys=0.00s Real=0.00s
[2022-07-20T10:22:16.620+0000][7][gc          ] GC(119) Concurrent Cycle
[2022-07-20T10:22:16.620+0000][7][safepoint   ] Safepoint "G1CollectForAllocation", Time since last: 5004049528 ns, Reaching safepoint: 149999 ns, At safepoint: 3287390 ns, Total: 3437389 ns
[2022-07-20T10:22:16.620+0000][7][gc,marking  ] GC(119) Concurrent Clear Claimed Marks
[2022-07-20T10:22:16.620+0000][7][gc,marking  ] GC(119) Concurrent Clear Claimed Marks 0.092ms
[2022-07-20T10:22:16.620+0000][7][gc,marking  ] GC(119) Concurrent Scan Root Regions
[2022-07-20T10:22:16.622+0000][7][gc,marking  ] GC(119) Concurrent Scan Root Regions 1.932ms
[2022-07-20T10:22:16.622+0000][7][gc,marking  ] GC(119) Concurrent Mark (2284.274s)
[2022-07-20T10:22:16.622+0000][7][gc,marking  ] GC(119) Concurrent Mark From Roots
[2022-07-20T10:22:16.622+0000][7][gc,task     ] GC(119) Using 1 workers of 1 for marking
[2022-07-20T10:22:16.769+0000][7][gc,marking  ] GC(119) Concurrent Mark From Roots 147.112ms
[2022-07-20T10:22:16.770+0000][7][gc,marking  ] GC(119) Concurrent Preclean
[2022-07-20T10:22:16.770+0000][7][gc,marking  ] GC(119) Concurrent Preclean 0.228ms
[2022-07-20T10:22:16.770+0000][7][gc,marking  ] GC(119) Concurrent Mark (2284.274s, 2284.422s) 147.427ms
[2022-07-20T10:22:16.770+0000][7][gc,start    ] GC(119) Pause Remark
[2022-07-20T10:22:16.781+0000][7][gc          ] GC(119) Pause Remark 108M->108M(256M) 10.850ms
[2022-07-20T10:22:16.781+0000][7][gc,cpu      ] GC(119) User=0.04s Sys=0.00s Real=0.01s
[2022-07-20T10:22:16.781+0000][7][safepoint   ] Safepoint "G1Concurrent", Time since last: 149578995 ns, Reaching safepoint: 129320 ns, At safepoint: 10948683 ns, Total: 11078003 ns
[2022-07-20T10:22:16.781+0000][7][gc,marking  ] GC(119) Concurrent Rebuild Remembered Sets
[2022-07-20T10:22:16.870+0000][7][gc,marking  ] GC(119) Concurrent Rebuild Remembered Sets 88.786ms
[2022-07-20T10:22:16.870+0000][7][gc,start    ] GC(119) Pause Cleanup
[2022-07-20T10:22:16.870+0000][7][gc          ] GC(119) Pause Cleanup 108M->108M(256M) 0.106ms
[2022-07-20T10:22:16.870+0000][7][gc,cpu      ] GC(119) User=0.00s Sys=0.00s Real=0.00s
[2022-07-20T10:22:16.870+0000][7][safepoint   ] Safepoint "G1Concurrent", Time since last: 88889593 ns, Reaching safepoint: 126321 ns, At safepoint: 175768 ns, Total: 302089 ns
[2022-07-20T10:22:16.870+0000][7][gc,marking  ] GC(119) Concurrent Cleanup for Next Mark
[2022-07-20T10:22:16.870+0000][7][gc,marking  ] GC(119) Concurrent Cleanup for Next Mark 0.255ms
[2022-07-20T10:22:16.870+0000][7][gc          ] GC(119) Concurrent Cycle 250.193ms
[2022-07-20T10:22:25.872+0000][7][safepoint   ] Safepoint "Cleanup", Time since last: 9001478702 ns, Reaching safepoint: 142701 ns, At safepoint: 5680 ns, Total: 148381 ns
[2022-07-20T10:22:28.873+0000][7][safepoint   ] Safepoint "Cleanup", Time since last: 3000923893 ns, Reaching safepoint: 133079 ns, At safepoint: 13471 ns, Total: 146550 ns
[2022-07-20T10:22:40.875+0000][7][safepoint   ] Safepoint "Cleanup", Time since last: 12002133204 ns, Reaching safepoint: 147471 ns, At safepoint: 5819 ns, Total: 153290 ns
[2022-07-20T10:22:41.876+0000][7][safepoint   ] Safepoint "Cleanup", Time since last: 1000391225 ns, Reaching safepoint: 143563 ns, At safepoint: 7374 ns, Total: 150937 ns
[2022-07-20T10:22:52.878+0000][7][safepoint   ] Safepoint "Cleanup", Time since last: 11002757855 ns, Reaching safepoint: 104797 ns, At safepoint: 7205 ns, Total: 112002 ns
[2022-07-20T10:22:53.879+0000][7][safepoint   ] Safepoint "Cleanup", Time since last: 1000282457 ns, Reaching safepoint: 168648 ns, At safepoint: 7250 ns, Total: 175898 ns
[2022-07-20T10:23:04.625+0000][7][gc,start    ] GC(120) Pause Young (Normal) (G1 Evacuation Pause)
[2022-07-20T10:23:04.625+0000][7][gc,task     ] GC(120) Using 4 workers of 4 for evacuation
[2022-07-20T10:23:04.625+0000][7][gc,age      ] GC(120) Desired survivor size 8388608 bytes, new threshold 15 (max threshold 15)
[2022-07-20T10:23:04.629+0000][7][gc,age      ] GC(120) Age table with threshold 15 (max threshold 15)
[2022-07-20T10:23:04.629+0000][7][gc,age      ] GC(120) - age   1:    2142688 bytes,    2142688 total
[2022-07-20T10:23:04.629+0000][7][gc,age      ] GC(120) - age   2:     308976 bytes,    2451664 total
[2022-07-20T10:23:04.629+0000][7][gc,age      ] GC(120) - age   3:       1760 bytes,    2453424 total
[2022-07-20T10:23:04.630+0000][7][gc,age      ] GC(120) - age   4:      55328 bytes,    2508752 total
[2022-07-20T10:23:04.630+0000][7][gc,age      ] GC(120) - age   5:     169344 bytes,    2678096 total
[2022-07-20T10:23:04.630+0000][7][gc,age      ] GC(120) - age   6:     449768 bytes,    3127864 total
[2022-07-20T10:23:04.630+0000][7][gc,age      ] GC(120) - age   7:       1768 bytes,    3129632 total
[2022-07-20T10:23:04.630+0000][7][gc,age      ] GC(120) - age   8:       2960 bytes,    3132592 total
[2022-07-20T10:23:04.630+0000][7][gc,age      ] GC(120) - age   9:        208 bytes,    3132800 total
[2022-07-20T10:23:04.630+0000][7][gc,age      ] GC(120) - age  10:       4408 bytes,    3137208 total
[2022-07-20T10:23:04.630+0000][7][gc,age      ] GC(120) - age  11:      18472 bytes,    3155680 total
[2022-07-20T10:23:04.630+0000][7][gc,age      ] GC(120) - age  12:      65032 bytes,    3220712 total
[2022-07-20T10:23:04.630+0000][7][gc,age      ] GC(120) - age  13:       4216 bytes,    3224928 total
[2022-07-20T10:23:04.630+0000][7][gc,age      ] GC(120) - age  14:       1392 bytes,    3226320 total
[2022-07-20T10:23:04.630+0000][7][gc,age      ] GC(120) - age  15:        936 bytes,    3227256 total
[2022-07-20T10:23:04.630+0000][7][gc,phases   ] GC(120)   Pre Evacuate Collection Set: 0.1ms
[2022-07-20T10:23:04.630+0000][7][gc,phases   ] GC(120)   Merge Heap Roots: 0.1ms
[2022-07-20T10:23:04.630+0000][7][gc,phases   ] GC(120)   Evacuate Collection Set: 3.8ms
[2022-07-20T10:23:04.630+0000][7][gc,phases   ] GC(120)   Post Evacuate Collection Set: 0.5ms
[2022-07-20T10:23:04.630+0000][7][gc,phases   ] GC(120)   Other: 0.4ms
[2022-07-20T10:23:04.630+0000][7][gc,heap     ] GC(120) Eden regions: 24->0(23)
[2022-07-20T10:23:04.630+0000][7][gc,heap     ] GC(120) Survivor regions: 1->1(4)
[2022-07-20T10:23:04.630+0000][7][gc,heap     ] GC(120) Old regions: 24->24
[2022-07-20T10:23:04.630+0000][7][gc,heap     ] GC(120) Archive regions: 2->2
[2022-07-20T10:23:04.630+0000][7][gc,heap     ] GC(120) Humongous regions: 2->2
[2022-07-20T10:23:04.630+0000][7][gc,metaspace] GC(120) Metaspace: 109420K(114296K)->109420K(114296K) NonClass: 95446K(98988K)->95446K(98988K) Class: 13974K(15308K)->13974K(15308K)
[2022-07-20T10:23:04.630+0000][7][gc          ] GC(120) Pause Young (Normal) (G1 Evacuation Pause) 202M->107M(256M) 4.848ms
[2022-07-20T10:23:04.630+0000][7][gc,cpu      ] GC(120) User=0.02s Sys=0.00s Real=0.00s
[2022-07-20T10:23:04.630+0000][7][safepoint   ] Safepoint "G1CollectForAllocation", Time since last: 10745762137 ns, Reaching safepoint: 140157 ns, At safepoint: 4943968 ns, Total: 5084125 ns
[2022-07-20T10:23:07.631+0000][7][safepoint   ] Safepoint "Cleanup", Time since last: 3000640374 ns, Reaching safepoint: 99702 ns, At safepoint: 7391 ns, Total: 107093 ns
[2022-07-20T10:23:11.631+0000][7][safepoint   ] Safepoint "Cleanup", Time since last: 4000720947 ns, Reaching safepoint: 139553 ns, At safepoint: 7876 ns, Total: 147429 ns
[2022-07-20T10:23:17.633+0000][7][safepoint   ] Safepoint "Cleanup", Time since last: 6001005395 ns, Reaching safepoint: 148540 ns, At safepoint: 7007 ns, Total: 155547 ns
[2022-07-20T10:23:19.633+0000][7][safepoint   ] Safepoint "Cleanup", Time since last: 2000349202 ns, Reaching safepoint: 120474 ns, At safepoint: 9091 ns, Total: 129565 ns
[2022-07-20T10:23:22.634+0000][7][safepoint   ] Safepoint "Cleanup", Time since last: 3000705118 ns, Reaching safepoint: 123989 ns, At safepoint: 8492 ns, Total: 132481 ns
[2022-07-20T10:23:25.635+0000][7][safepoint   ] Safepoint "Cleanup", Time since last: 3000659813 ns, Reaching safepoint: 175488 ns, At safepoint: 5542 ns, Total: 181030 ns
[2022-07-20T10:23:28.636+0000][7][safepoint   ] Safepoint "Cleanup", Time since last: 3000939719 ns, Reaching safepoint: 125748 ns, At safepoint: 4902 ns, Total: 130650 ns
[2022-07-20T10:23:40.638+0000][7][safepoint   ] Safepoint "Cleanup", Time since last: 12002543247 ns, Reaching safepoint: 163525 ns, At safepoint: 7986 ns, Total: 171511 ns
[2022-07-20T10:23:42.639+0000][7][safepoint   ] Safepoint "Cleanup", Time since last: 2000240388 ns, Reaching safepoint: 119821 ns, At safepoint: 7858 ns, Total: 127679 ns
[2022-07-20T10:23:53.129+0000][7][gc,start    ] GC(121) Pause Young (Concurrent Start) (G1 Evacuation Pause)
[2022-07-20T10:23:53.129+0000][7][gc,task     ] GC(121) Using 4 workers of 4 for evacuation
[2022-07-20T10:23:53.129+0000][7][gc,age      ] GC(121) Desired survivor size 6291456 bytes, new threshold 15 (max threshold 15)
[2022-07-20T10:23:53.133+0000][7][gc,age      ] GC(121) Age table with threshold 15 (max threshold 15)
[2022-07-20T10:23:53.133+0000][7][gc,age      ] GC(121) - age   1:    1600200 bytes,    1600200 total
[2022-07-20T10:23:53.133+0000][7][gc,age      ] GC(121) - age   2:      47408 bytes,    1647608 total
[2022-07-20T10:23:53.133+0000][7][gc,age      ] GC(121) - age   3:     176080 bytes,    1823688 total
[2022-07-20T10:23:53.133+0000][7][gc,age      ] GC(121) - age   4:       1664 bytes,    1825352 total
[2022-07-20T10:23:53.133+0000][7][gc,age      ] GC(121) - age   5:       1456 bytes,    1826808 total
[2022-07-20T10:23:53.133+0000][7][gc,age      ] GC(121) - age   6:      24096 bytes,    1850904 total
[2022-07-20T10:23:53.133+0000][7][gc,age      ] GC(121) - age   7:     449768 bytes,    2300672 total
[2022-07-20T10:23:53.133+0000][7][gc,age      ] GC(121) - age   8:       1768 bytes,    2302440 total
[2022-07-20T10:23:53.133+0000][7][gc,age      ] GC(121) - age   9:       2960 bytes,    2305400 total
[2022-07-20T10:23:53.133+0000][7][gc,age      ] GC(121) - age  10:         80 bytes,    2305480 total
[2022-07-20T10:23:53.133+0000][7][gc,age      ] GC(121) - age  11:       4408 bytes,    2309888 total
[2022-07-20T10:23:53.133+0000][7][gc,age      ] GC(121) - age  12:      18472 bytes,    2328360 total
[2022-07-20T10:23:53.133+0000][7][gc,age      ] GC(121) - age  13:      64968 bytes,    2393328 total
[2022-07-20T10:23:53.133+0000][7][gc,age      ] GC(121) - age  14:       4216 bytes,    2397544 total
[2022-07-20T10:23:53.133+0000][7][gc,age      ] GC(121) - age  15:       1392 bytes,    2398936 total
[2022-07-20T10:23:53.133+0000][7][gc,phases   ] GC(121)   Pre Evacuate Collection Set: 0.2ms
[2022-07-20T10:23:53.133+0000][7][gc,phases   ] GC(121)   Merge Heap Roots: 0.1ms
[2022-07-20T10:23:53.133+0000][7][gc,phases   ] GC(121)   Evacuate Collection Set: 2.8ms
[2022-07-20T10:23:53.133+0000][7][gc,phases   ] GC(121)   Post Evacuate Collection Set: 0.7ms
[2022-07-20T10:23:53.133+0000][7][gc,phases   ] GC(121)   Other: 0.4ms
[2022-07-20T10:23:53.133+0000][7][gc,heap     ] GC(121) Eden regions: 23->0(23)
[2022-07-20T10:23:53.133+0000][7][gc,heap     ] GC(121) Survivor regions: 1->1(3)
[2022-07-20T10:23:53.133+0000][7][gc,heap     ] GC(121) Old regions: 24->24
[2022-07-20T10:23:53.133+0000][7][gc,heap     ] GC(121) Archive regions: 2->2
[2022-07-20T10:23:53.133+0000][7][gc,heap     ] GC(121) Humongous regions: 2->2
[2022-07-20T10:23:53.133+0000][7][gc,metaspace] GC(121) Metaspace: 109443K(114296K)->109443K(114296K) NonClass: 95468K(98988K)->95468K(98988K) Class: 13974K(15308K)->13974K(15308K)
[2022-07-20T10:23:53.133+0000][7][gc          ] GC(121) Pause Young (Concurrent Start) (G1 Evacuation Pause) 199M->107M(256M) 4.141ms
[2022-07-20T10:23:53.133+0000][7][gc,cpu      ] GC(121) User=0.02s Sys=0.00s Real=0.00s
[2022-07-20T10:23:53.133+0000][7][safepoint   ] Safepoint "G1CollectForAllocation", Time since last: 10489920971 ns, Reaching safepoint: 146832 ns, At safepoint: 4256116 ns, Total: 4402948 ns
[2022-07-20T10:23:53.133+0000][7][gc          ] GC(122) Concurrent Cycle
[2022-07-20T10:23:53.133+0000][7][gc,marking  ] GC(122) Concurrent Clear Claimed Marks
[2022-07-20T10:23:53.133+0000][7][gc,marking  ] GC(122) Concurrent Clear Claimed Marks 0.098ms
[2022-07-20T10:23:53.133+0000][7][gc,marking  ] GC(122) Concurrent Scan Root Regions
[2022-07-20T10:23:53.136+0000][7][gc,marking  ] GC(122) Concurrent Scan Root Regions 2.628ms
[2022-07-20T10:23:53.136+0000][7][gc,marking  ] GC(122) Concurrent Mark (2380.788s)
[2022-07-20T10:23:53.136+0000][7][gc,marking  ] GC(122) Concurrent Mark From Roots
[2022-07-20T10:23:53.136+0000][7][gc,task     ] GC(122) Using 1 workers of 1 for marking
[2022-07-20T10:23:53.287+0000][7][gc,marking  ] GC(122) Concurrent Mark From Roots 151.391ms
[2022-07-20T10:23:53.287+0000][7][gc,marking  ] GC(122) Concurrent Preclean
[2022-07-20T10:23:53.288+0000][7][gc,marking  ] GC(122) Concurrent Preclean 0.180ms
[2022-07-20T10:23:53.288+0000][7][gc,marking  ] GC(122) Concurrent Mark (2380.788s, 2380.940s) 151.660ms
[2022-07-20T10:23:53.288+0000][7][gc,start    ] GC(122) Pause Remark
[2022-07-20T10:23:53.298+0000][7][gc          ] GC(122) Pause Remark 119M->119M(256M) 10.579ms
[2022-07-20T10:23:53.298+0000][7][gc,cpu      ] GC(122) User=0.04s Sys=0.00s Real=0.01s
[2022-07-20T10:23:53.299+0000][7][safepoint   ] Safepoint "G1Concurrent", Time since last: 154517567 ns, Reaching safepoint: 123773 ns, At safepoint: 10692218 ns, Total: 10815991 ns
[2022-07-20T10:23:53.299+0000][7][gc,marking  ] GC(122) Concurrent Rebuild Remembered Sets
[2022-07-20T10:23:53.388+0000][7][gc,marking  ] GC(122) Concurrent Rebuild Remembered Sets 89.835ms
[2022-07-20T10:23:53.389+0000][7][gc,start    ] GC(122) Pause Cleanup
[2022-07-20T10:23:53.389+0000][7][gc          ] GC(122) Pause Cleanup 119M->119M(256M) 0.110ms
[2022-07-20T10:23:53.389+0000][7][gc,cpu      ] GC(122) User=0.00s Sys=0.00s Real=0.00s
[2022-07-20T10:23:53.389+0000][7][safepoint   ] Safepoint "G1Concurrent", Time since last: 90011144 ns, Reaching safepoint: 132450 ns, At safepoint: 187408 ns, Total: 319858 ns
[2022-07-20T10:23:53.389+0000][7][gc,marking  ] GC(122) Concurrent Cleanup for Next Mark
[2022-07-20T10:23:53.389+0000][7][gc,marking  ] GC(122) Concurrent Cleanup for Next Mark 0.247ms
[2022-07-20T10:23:53.389+0000][7][gc          ] GC(122) Concurrent Cycle 256.002ms
[2022-07-20T10:23:57.390+0000][7][safepoint   ] Safepoint "Cleanup", Time since last: 4001075621 ns, Reaching safepoint: 121645 ns, At safepoint: 5452 ns, Total: 127097 ns
[2022-07-20T10:24:01.391+0000][7][safepoint   ] Safepoint "Cleanup", Time since last: 4000926947 ns, Reaching safepoint: 130806 ns, At safepoint: 9465 ns, Total: 140271 ns
[2022-07-20T10:24:02.391+0000][7][safepoint   ] Safepoint "Cleanup", Time since last: 1000220419 ns, Reaching safepoint: 143142 ns, At safepoint: 10012 ns, Total: 153154 ns
[2022-07-20T10:24:04.392+0000][7][safepoint   ] Safepoint "Cleanup", Time since last: 2000305351 ns, Reaching safepoint: 159153 ns, At safepoint: 9516 ns, Total: 168669 ns
[2022-07-20T10:24:05.392+0000][7][safepoint   ] Safepoint "Cleanup", Time since last: 1000346329 ns, Reaching safepoint: 99579 ns, At safepoint: 7537 ns, Total: 107116 ns
[2022-07-20T10:24:13.394+0000][7][safepoint   ] Safepoint "Cleanup", Time since last: 8001745052 ns, Reaching safepoint: 127923 ns, At safepoint: 7436 ns, Total: 135359 ns
[2022-07-20T10:24:17.395+0000][7][safepoint   ] Safepoint "Cleanup", Time since last: 4000609666 ns, Reaching safepoint: 149904 ns, At safepoint: 7065 ns, Total: 156969 ns
[2022-07-20T10:24:31.399+0000][7][safepoint   ] Safepoint "Cleanup", Time since last: 14003455353 ns, Reaching safepoint: 161892 ns, At safepoint: 7651 ns, Total: 169543 ns
[2022-07-20T10:24:31.588+0000][7][gc,start    ] GC(123) Pause Young (Normal) (G1 Evacuation Pause)
[2022-07-20T10:24:31.588+0000][7][gc,task     ] GC(123) Using 4 workers of 4 for evacuation
[2022-07-20T10:24:31.588+0000][7][gc,age      ] GC(123) Desired survivor size 6291456 bytes, new threshold 15 (max threshold 15)
[2022-07-20T10:24:31.592+0000][7][gc,age      ] GC(123) Age table with threshold 15 (max threshold 15)
[2022-07-20T10:24:31.592+0000][7][gc,age      ] GC(123) - age   1:    1700760 bytes,    1700760 total
[2022-07-20T10:24:31.592+0000][7][gc,age      ] GC(123) - age   2:     146480 bytes,    1847240 total
[2022-07-20T10:24:31.592+0000][7][gc,age      ] GC(123) - age   3:       3584 bytes,    1850824 total
[2022-07-20T10:24:31.592+0000][7][gc,age      ] GC(123) - age   4:       2016 bytes,    1852840 total
[2022-07-20T10:24:31.592+0000][7][gc,age      ] GC(123) - age   5:       1376 bytes,    1854216 total
[2022-07-20T10:24:31.592+0000][7][gc,age      ] GC(123) - age   6:       1456 bytes,    1855672 total
[2022-07-20T10:24:31.592+0000][7][gc,age      ] GC(123) - age   7:      24096 bytes,    1879768 total
[2022-07-20T10:24:31.592+0000][7][gc,age      ] GC(123) - age   8:     449768 bytes,    2329536 total
[2022-07-20T10:24:31.592+0000][7][gc,age      ] GC(123) - age   9:       1768 bytes,    2331304 total
[2022-07-20T10:24:31.592+0000][7][gc,age      ] GC(123) - age  10:       2960 bytes,    2334264 total
[2022-07-20T10:24:31.592+0000][7][gc,age      ] GC(123) - age  11:         80 bytes,    2334344 total
[2022-07-20T10:24:31.592+0000][7][gc,age      ] GC(123) - age  12:       4408 bytes,    2338752 total
[2022-07-20T10:24:31.592+0000][7][gc,age      ] GC(123) - age  13:      18472 bytes,    2357224 total
[2022-07-20T10:24:31.592+0000][7][gc,age      ] GC(123) - age  14:      64968 bytes,    2422192 total
[2022-07-20T10:24:31.592+0000][7][gc,age      ] GC(123) - age  15:       4216 bytes,    2426408 total
[2022-07-20T10:24:31.592+0000][7][gc,phases   ] GC(123)   Pre Evacuate Collection Set: 0.1ms
[2022-07-20T10:24:31.592+0000][7][gc,phases   ] GC(123)   Merge Heap Roots: 0.0ms
[2022-07-20T10:24:31.592+0000][7][gc,phases   ] GC(123)   Evacuate Collection Set: 3.1ms
[2022-07-20T10:24:31.592+0000][7][gc,phases   ] GC(123)   Post Evacuate Collection Set: 0.5ms
[2022-07-20T10:24:31.592+0000][7][gc,phases   ] GC(123)   Other: 0.3ms
[2022-07-20T10:24:31.592+0000][7][gc,heap     ] GC(123) Eden regions: 23->0(23)
[2022-07-20T10:24:31.592+0000][7][gc,heap     ] GC(123) Survivor regions: 1->1(3)
[2022-07-20T10:24:31.592+0000][7][gc,heap     ] GC(123) Old regions: 24->24
[2022-07-20T10:24:31.592+0000][7][gc,heap     ] GC(123) Archive regions: 2->2
[2022-07-20T10:24:31.592+0000][7][gc,heap     ] GC(123) Humongous regions: 2->2
[2022-07-20T10:24:31.592+0000][7][gc,metaspace] GC(123) Metaspace: 109453K(114296K)->109453K(114296K) NonClass: 95479K(98988K)->95479K(98988K) Class: 13974K(15308K)->13974K(15308K)
[2022-07-20T10:24:31.592+0000][7][gc          ] GC(123) Pause Young (Normal) (G1 Evacuation Pause) 199M->107M(256M) 4.118ms
[2022-07-20T10:24:31.592+0000][7][gc,cpu      ] GC(123) User=0.02s Sys=0.00s Real=0.00s
[2022-07-20T10:24:31.592+0000][7][safepoint   ] Safepoint "G1CollectForAllocation", Time since last: 189058918 ns, Reaching safepoint: 108150 ns, At safepoint: 4210058 ns, Total: 4318208 ns
[2022-07-20T10:24:34.593+0000][7][safepoint   ] Safepoint "Cleanup", Time since last: 3000537592 ns, Reaching safepoint: 129774 ns, At safepoint: 7603 ns, Total: 137377 ns
[2022-07-20T10:24:41.594+0000][7][safepoint   ] Safepoint "Cleanup", Time since last: 7001470417 ns, Reaching safepoint: 146102 ns, At safepoint: 6751 ns, Total: 152853 ns
[2022-07-20T10:24:44.595+0000][7][safepoint   ] Safepoint "Cleanup", Time since last: 3000477381 ns, Reaching safepoint: 148156 ns, At safepoint: 7716 ns, Total: 155872 ns
[2022-07-20T10:24:55.597+0000][7][safepoint   ] Safepoint "Cleanup", Time since last: 11002074586 ns, Reaching safepoint: 106825 ns, At safepoint: 6863 ns, Total: 113688 ns
[2022-07-20T10:24:59.598+0000][7][safepoint   ] Safepoint "Cleanup", Time since last: 4000854335 ns, Reaching safepoint: 213327 ns, At safepoint: 8608 ns, Total: 221935 ns
[2022-07-20T10:25:00.599+0000][7][safepoint   ] Safepoint "Cleanup", Time since last: 1000390578 ns, Reaching safepoint: 149274 ns, At safepoint: 7741 ns, Total: 157015 ns
[2022-07-20T10:25:01.599+0000][7][safepoint   ] Safepoint "Cleanup", Time since last: 1000411780 ns, Reaching safepoint: 137259 ns, At safepoint: 6770 ns, Total: 144029 ns
[2022-07-20T10:25:02.600+0000][7][safepoint   ] Safepoint "Cleanup", Time since last: 1000223238 ns, Reaching safepoint: 147200 ns, At safepoint: 8759 ns, Total: 155959 ns
[2022-07-20T10:25:04.600+0000][7][safepoint   ] Safepoint "Cleanup", Time since last: 2000309432 ns, Reaching safepoint: 169088 ns, At safepoint: 7798 ns, Total: 176886 ns
[2022-07-20T10:25:04.634+0000][7][gc,start    ] GC(124) Pause Young (Concurrent Start) (G1 Evacuation Pause)
[2022-07-20T10:25:04.634+0000][7][gc,task     ] GC(124) Using 4 workers of 4 for evacuation
[2022-07-20T10:25:04.634+0000][7][gc,age      ] GC(124) Desired survivor size 6291456 bytes, new threshold 15 (max threshold 15)
[2022-07-20T10:25:04.637+0000][7][gc,age      ] GC(124) Age table with threshold 15 (max threshold 15)
[2022-07-20T10:25:04.637+0000][7][gc,age      ] GC(124) - age   1:    1530168 bytes,    1530168 total
[2022-07-20T10:25:04.637+0000][7][gc,age      ] GC(124) - age   2:     192392 bytes,    1722560 total
[2022-07-20T10:25:04.637+0000][7][gc,age      ] GC(124) - age   3:       1376 bytes,    1723936 total
[2022-07-20T10:25:04.637+0000][7][gc,age      ] GC(124) - age   4:       1472 bytes,    1725408 total
[2022-07-20T10:25:04.637+0000][7][gc,age      ] GC(124) - age   5:       1632 bytes,    1727040 total
[2022-07-20T10:25:04.637+0000][7][gc,age      ] GC(124) - age   6:       1312 bytes,    1728352 total
[2022-07-20T10:25:04.637+0000][7][gc,age      ] GC(124) - age   7:       1392 bytes,    1729744 total
[2022-07-20T10:25:04.637+0000][7][gc,age      ] GC(124) - age   8:       1280 bytes,    1731024 total
[2022-07-20T10:25:04.637+0000][7][gc,age      ] GC(124) - age   9:     163552 bytes,    1894576 total
[2022-07-20T10:25:04.637+0000][7][gc,age      ] GC(124) - age  10:       1704 bytes,    1896280 total
[2022-07-20T10:25:04.637+0000][7][gc,age      ] GC(124) - age  11:       2832 bytes,    1899112 total
[2022-07-20T10:25:04.637+0000][7][gc,age      ] GC(124) - age  12:         80 bytes,    1899192 total
[2022-07-20T10:25:04.637+0000][7][gc,age      ] GC(124) - age  13:       4408 bytes,    1903600 total
[2022-07-20T10:25:04.637+0000][7][gc,age      ] GC(124) - age  14:      18472 bytes,    1922072 total
[2022-07-20T10:25:04.637+0000][7][gc,age      ] GC(124) - age  15:      64968 bytes,    1987040 total
[2022-07-20T10:25:04.637+0000][7][gc,phases   ] GC(124)   Pre Evacuate Collection Set: 0.2ms
[2022-07-20T10:25:04.637+0000][7][gc,phases   ] GC(124)   Merge Heap Roots: 0.1ms
[2022-07-20T10:25:04.637+0000][7][gc,phases   ] GC(124)   Evacuate Collection Set: 2.4ms
[2022-07-20T10:25:04.637+0000][7][gc,phases   ] GC(124)   Post Evacuate Collection Set: 0.5ms
[2022-07-20T10:25:04.637+0000][7][gc,phases   ] GC(124)   Other: 0.3ms
[2022-07-20T10:25:04.637+0000][7][gc,heap     ] GC(124) Eden regions: 23->0(23)
[2022-07-20T10:25:04.637+0000][7][gc,heap     ] GC(124) Survivor regions: 1->1(3)
[2022-07-20T10:25:04.637+0000][7][gc,heap     ] GC(124) Old regions: 24->24
[2022-07-20T10:25:04.637+0000][7][gc,heap     ] GC(124) Archive regions: 2->2
[2022-07-20T10:25:04.637+0000][7][gc,heap     ] GC(124) Humongous regions: 2->2
[2022-07-20T10:25:04.637+0000][7][gc,metaspace] GC(124) Metaspace: 109479K(114552K)->109479K(114552K) NonClass: 95504K(99244K)->95504K(99244K) Class: 13974K(15308K)->13974K(15308K)
[2022-07-20T10:25:04.637+0000][7][gc          ] GC(124) Pause Young (Concurrent Start) (G1 Evacuation Pause) 199M->106M(256M) 3.499ms
[2022-07-20T10:25:04.637+0000][7][gc,cpu      ] GC(124) User=0.01s Sys=0.00s Real=0.01s
[2022-07-20T10:25:04.637+0000][7][gc          ] GC(125) Concurrent Cycle
[2022-07-20T10:25:04.637+0000][7][gc,marking  ] GC(125) Concurrent Clear Claimed Marks
[2022-07-20T10:25:04.637+0000][7][safepoint   ] Safepoint "G1CollectForAllocation", Time since last: 33494007 ns, Reaching safepoint: 90155 ns, At safepoint: 3593770 ns, Total: 3683925 ns
[2022-07-20T10:25:04.638+0000][7][gc,marking  ] GC(125) Concurrent Clear Claimed Marks 0.107ms
[2022-07-20T10:25:04.638+0000][7][gc,marking  ] GC(125) Concurrent Scan Root Regions
[2022-07-20T10:25:04.641+0000][7][gc,marking  ] GC(125) Concurrent Scan Root Regions 3.074ms
[2022-07-20T10:25:04.641+0000][7][gc,marking  ] GC(125) Concurrent Mark (2452.293s)
[2022-07-20T10:25:04.641+0000][7][gc,marking  ] GC(125) Concurrent Mark From Roots
[2022-07-20T10:25:04.641+0000][7][gc,task     ] GC(125) Using 1 workers of 1 for marking
[2022-07-20T10:25:04.789+0000][7][gc,marking  ] GC(125) Concurrent Mark From Roots 148.055ms
[2022-07-20T10:25:04.789+0000][7][gc,marking  ] GC(125) Concurrent Preclean
[2022-07-20T10:25:04.789+0000][7][gc,marking  ] GC(125) Concurrent Preclean 0.200ms
[2022-07-20T10:25:04.789+0000][7][gc,marking  ] GC(125) Concurrent Mark (2452.293s, 2452.441s) 148.350ms
[2022-07-20T10:25:04.789+0000][7][gc,start    ] GC(125) Pause Remark
[2022-07-20T10:25:04.800+0000][7][gc          ] GC(125) Pause Remark 109M->109M(256M) 10.996ms
[2022-07-20T10:25:04.800+0000][7][gc,cpu      ] GC(125) User=0.04s Sys=0.00s Real=0.01s
[2022-07-20T10:25:04.800+0000][7][safepoint   ] Safepoint "G1Concurrent", Time since last: 151662590 ns, Reaching safepoint: 114974 ns, At safepoint: 11098666 ns, Total: 11213640 ns
[2022-07-20T10:25:04.800+0000][7][gc,marking  ] GC(125) Concurrent Rebuild Remembered Sets
[2022-07-20T10:25:04.888+0000][7][gc,marking  ] GC(125) Concurrent Rebuild Remembered Sets 87.466ms
[2022-07-20T10:25:04.888+0000][7][gc,start    ] GC(125) Pause Cleanup
[2022-07-20T10:25:04.888+0000][7][gc          ] GC(125) Pause Cleanup 109M->109M(256M) 0.069ms
[2022-07-20T10:25:04.888+0000][7][gc,cpu      ] GC(125) User=0.00s Sys=0.00s Real=0.00s
[2022-07-20T10:25:04.888+0000][7][safepoint   ] Safepoint "G1Concurrent", Time since last: 87573770 ns, Reaching safepoint: 94877 ns, At safepoint: 164450 ns, Total: 259327 ns
[2022-07-20T10:25:04.888+0000][7][gc,marking  ] GC(125) Concurrent Cleanup for Next Mark
[2022-07-20T10:25:04.888+0000][7][gc,marking  ] GC(125) Concurrent Cleanup for Next Mark 0.271ms
[2022-07-20T10:25:04.888+0000][7][gc          ] GC(125) Concurrent Cycle 251.066ms
[2022-07-20T10:25:16.891+0000][7][safepoint   ] Safepoint "Cleanup", Time since last: 12002651370 ns, Reaching safepoint: 138684 ns, At safepoint: 9325 ns, Total: 148009 ns
[2022-07-20T10:25:17.892+0000][7][safepoint   ] Safepoint "Cleanup", Time since last: 1000415420 ns, Reaching safepoint: 161435 ns, At safepoint: 15072 ns, Total: 176507 ns
[2022-07-20T10:25:25.609+0000][7][safepoint   ] Safepoint "Cleanup", Time since last: 7717742050 ns, Reaching safepoint: 85331 ns, At safepoint: 5882 ns, Total: 91213 ns
[2022-07-20T10:25:26.610+0000][7][safepoint   ] Safepoint "Cleanup", Time since last: 1000474781 ns, Reaching safepoint: 212964 ns, At safepoint: 9322 ns, Total: 222286 ns
[2022-07-20T10:25:27.611+0000][7][safepoint   ] Safepoint "Cleanup", Time since last: 1000411579 ns, Reaching safepoint: 190017 ns, At safepoint: 9411 ns, Total: 199428 ns
[2022-07-20T10:25:28.611+0000][7][safepoint   ] Safepoint "Cleanup", Time since last: 1000341985 ns, Reaching safepoint: 86783 ns, At safepoint: 6341 ns, Total: 93124 ns
[2022-07-20T10:25:29.612+0000][7][safepoint   ] Safepoint "Cleanup", Time since last: 1000414687 ns, Reaching safepoint: 160411 ns, At safepoint: 7709 ns, Total: 168120 ns
[2022-07-20T10:25:31.612+0000][7][safepoint   ] Safepoint "Cleanup", Time since last: 2000491838 ns, Reaching safepoint: 160073 ns, At safepoint: 8985 ns, Total: 169058 ns
[2022-07-20T10:25:52.622+0000][7][gc,start    ] GC(126) Pause Young (Normal) (G1 Evacuation Pause)
[2022-07-20T10:25:52.623+0000][7][gc,task     ] GC(126) Using 4 workers of 4 for evacuation
[2022-07-20T10:25:52.623+0000][7][gc,age      ] GC(126) Desired survivor size 6291456 bytes, new threshold 15 (max threshold 15)
[2022-07-20T10:25:52.626+0000][7][gc,age      ] GC(126) Age table with threshold 15 (max threshold 15)
[2022-07-20T10:25:52.626+0000][7][gc,age      ] GC(126) - age   1:    1425240 bytes,    1425240 total
[2022-07-20T10:25:52.626+0000][7][gc,age      ] GC(126) - age   2:     361224 bytes,    1786464 total
[2022-07-20T10:25:52.626+0000][7][gc,age      ] GC(126) - age   3:       1784 bytes,    1788248 total
[2022-07-20T10:25:52.626+0000][7][gc,age      ] GC(126) - age   4:       1184 bytes,    1789432 total
[2022-07-20T10:25:52.626+0000][7][gc,age      ] GC(126) - age   5:       1312 bytes,    1790744 total
[2022-07-20T10:25:52.626+0000][7][gc,age      ] GC(126) - age   6:       1568 bytes,    1792312 total
[2022-07-20T10:25:52.626+0000][7][gc,age      ] GC(126) - age   7:       1312 bytes,    1793624 total
[2022-07-20T10:25:52.626+0000][7][gc,age      ] GC(126) - age   8:       1040 bytes,    1794664 total
[2022-07-20T10:25:52.626+0000][7][gc,age      ] GC(126) - age   9:       1248 bytes,    1795912 total
[2022-07-20T10:25:52.626+0000][7][gc,age      ] GC(126) - age  10:     162904 bytes,    1958816 total
[2022-07-20T10:25:52.626+0000][7][gc,age      ] GC(126) - age  11:       1704 bytes,    1960520 total
[2022-07-20T10:25:52.626+0000][7][gc,age      ] GC(126) - age  12:       2832 bytes,    1963352 total
[2022-07-20T10:25:52.626+0000][7][gc,age      ] GC(126) - age  13:         80 bytes,    1963432 total
[2022-07-20T10:25:52.626+0000][7][gc,age      ] GC(126) - age  14:       4408 bytes,    1967840 total
[2022-07-20T10:25:52.626+0000][7][gc,age      ] GC(126) - age  15:      18472 bytes,    1986312 total
[2022-07-20T10:25:52.626+0000][7][gc,phases   ] GC(126)   Pre Evacuate Collection Set: 0.1ms
[2022-07-20T10:25:52.626+0000][7][gc,phases   ] GC(126)   Merge Heap Roots: 0.0ms
[2022-07-20T10:25:52.626+0000][7][gc,phases   ] GC(126)   Evacuate Collection Set: 2.4ms
[2022-07-20T10:25:52.626+0000][7][gc,phases   ] GC(126)   Post Evacuate Collection Set: 0.4ms
[2022-07-20T10:25:52.626+0000][7][gc,phases   ] GC(126)   Other: 0.4ms
[2022-07-20T10:25:52.626+0000][7][gc,heap     ] GC(126) Eden regions: 23->0(23)
[2022-07-20T10:25:52.626+0000][7][gc,heap     ] GC(126) Survivor regions: 1->1(3)
[2022-07-20T10:25:52.626+0000][7][gc,heap     ] GC(126) Old regions: 24->24
[2022-07-20T10:25:52.626+0000][7][gc,heap     ] GC(126) Archive regions: 2->2
[2022-07-20T10:25:52.626+0000][7][gc,heap     ] GC(126) Humongous regions: 2->2
[2022-07-20T10:25:52.626+0000][7][gc,metaspace] GC(126) Metaspace: 109508K(114552K)->109508K(114552K) NonClass: 95532K(99244K)->95532K(99244K) Class: 13975K(15308K)->13975K(15308K)
[2022-07-20T10:25:52.626+0000][7][gc          ] GC(126) Pause Young (Normal) (G1 Evacuation Pause) 198M->106M(256M) 3.453ms
[2022-07-20T10:25:52.626+0000][7][gc,cpu      ] GC(126) User=0.01s Sys=0.01s Real=0.01s
[2022-07-20T10:25:52.626+0000][7][safepoint   ] Safepoint "G1CollectForAllocation", Time since last: 21009995991 ns, Reaching safepoint: 128061 ns, At safepoint: 3536476 ns, Total: 3664537 ns
[2022-07-20T10:25:55.627+0000][7][safepoint   ] Safepoint "Cleanup", Time since last: 3000758505 ns, Reaching safepoint: 140582 ns, At safepoint: 5988 ns, Total: 146570 ns
[2022-07-20T10:26:01.629+0000][7][safepoint   ] Safepoint "Cleanup", Time since last: 6001616736 ns, Reaching safepoint: 167686 ns, At safepoint: 8141 ns, Total: 175827 ns
[2022-07-20T10:26:05.630+0000][7][safepoint   ] Safepoint "Cleanup", Time since last: 4000957362 ns, Reaching safepoint: 155665 ns, At safepoint: 8943 ns, Total: 164608 ns
[2022-07-20T10:26:25.634+0000][7][safepoint   ] Safepoint "Cleanup", Time since last: 20003914093 ns, Reaching safepoint: 98942 ns, At safepoint: 5563 ns, Total: 104505 ns
[2022-07-20T10:26:28.635+0000][7][gc,start    ] GC(127) Pause Young (Concurrent Start) (G1 Evacuation Pause)
[2022-07-20T10:26:28.635+0000][7][gc,task     ] GC(127) Using 4 workers of 4 for evacuation
[2022-07-20T10:26:28.635+0000][7][gc,age      ] GC(127) Desired survivor size 6291456 bytes, new threshold 15 (max threshold 15)
[2022-07-20T10:26:28.638+0000][7][gc,age      ] GC(127) Age table with threshold 15 (max threshold 15)
[2022-07-20T10:26:28.638+0000][7][gc,age      ] GC(127) - age   1:    1124120 bytes,    1124120 total
[2022-07-20T10:26:28.639+0000][7][gc,age      ] GC(127) - age   2:     196520 bytes,    1320640 total
[2022-07-20T10:26:28.639+0000][7][gc,age      ] GC(127) - age   3:     122232 bytes,    1442872 total
[2022-07-20T10:26:28.639+0000][7][gc,age      ] GC(127) - age   4:        920 bytes,    1443792 total
[2022-07-20T10:26:28.639+0000][7][gc,age      ] GC(127) - age   5:        832 bytes,    1444624 total
[2022-07-20T10:26:28.639+0000][7][gc,age      ] GC(127) - age   6:        952 bytes,    1445576 total
[2022-07-20T10:26:28.639+0000][7][gc,age      ] GC(127) - age   7:       1568 bytes,    1447144 total
[2022-07-20T10:26:28.639+0000][7][gc,age      ] GC(127) - age   8:       1312 bytes,    1448456 total
[2022-07-20T10:26:28.639+0000][7][gc,age      ] GC(127) - age   9:       1040 bytes,    1449496 total
[2022-07-20T10:26:28.639+0000][7][gc,age      ] GC(127) - age  10:        832 bytes,    1450328 total
[2022-07-20T10:26:28.639+0000][7][gc,age      ] GC(127) - age  11:     162904 bytes,    1613232 total
[2022-07-20T10:26:28.639+0000][7][gc,age      ] GC(127) - age  12:       1704 bytes,    1614936 total
[2022-07-20T10:26:28.639+0000][7][gc,age      ] GC(127) - age  13:       2832 bytes,    1617768 total
[2022-07-20T10:26:28.639+0000][7][gc,age      ] GC(127) - age  14:         80 bytes,    1617848 total
[2022-07-20T10:26:28.639+0000][7][gc,age      ] GC(127) - age  15:       4408 bytes,    1622256 total
[2022-07-20T10:26:28.639+0000][7][gc,phases   ] GC(127)   Pre Evacuate Collection Set: 0.2ms
[2022-07-20T10:26:28.639+0000][7][gc,phases   ] GC(127)   Merge Heap Roots: 0.1ms
[2022-07-20T10:26:28.639+0000][7][gc,phases   ] GC(127)   Evacuate Collection Set: 2.3ms
[2022-07-20T10:26:28.639+0000][7][gc,phases   ] GC(127)   Post Evacuate Collection Set: 0.5ms
[2022-07-20T10:26:28.639+0000][7][gc,phases   ] GC(127)   Other: 0.4ms
[2022-07-20T10:26:28.639+0000][7][gc,heap     ] GC(127) Eden regions: 23->0(23)
[2022-07-20T10:26:28.639+0000][7][gc,heap     ] GC(127) Survivor regions: 1->1(3)
[2022-07-20T10:26:28.639+0000][7][gc,heap     ] GC(127) Old regions: 24->24
[2022-07-20T10:26:28.639+0000][7][gc,heap     ] GC(127) Archive regions: 2->2
[2022-07-20T10:26:28.639+0000][7][gc,heap     ] GC(127) Humongous regions: 2->2
[2022-07-20T10:26:28.639+0000][7][gc,metaspace] GC(127) Metaspace: 109523K(114552K)->109523K(114552K) NonClass: 95547K(99244K)->95547K(99244K) Class: 13976K(15308K)->13976K(15308K)
[2022-07-20T10:26:28.639+0000][7][gc          ] GC(127) Pause Young (Concurrent Start) (G1 Evacuation Pause) 198M->106M(256M) 3.597ms
[2022-07-20T10:26:28.639+0000][7][gc,cpu      ] GC(127) User=0.01s Sys=0.00s Real=0.00s
[2022-07-20T10:26:28.639+0000][7][gc          ] GC(128) Concurrent Cycle
[2022-07-20T10:26:28.639+0000][7][safepoint   ] Safepoint "G1CollectForAllocation", Time since last: 3001264968 ns, Reaching safepoint: 123928 ns, At safepoint: 3699699 ns, Total: 3823627 ns
[2022-07-20T10:26:28.639+0000][7][gc,marking  ] GC(128) Concurrent Clear Claimed Marks
[2022-07-20T10:26:28.639+0000][7][gc,marking  ] GC(128) Concurrent Clear Claimed Marks 0.096ms
[2022-07-20T10:26:28.639+0000][7][gc,marking  ] GC(128) Concurrent Scan Root Regions
[2022-07-20T10:26:28.641+0000][7][gc,marking  ] GC(128) Concurrent Scan Root Regions 1.865ms
[2022-07-20T10:26:28.641+0000][7][gc,marking  ] GC(128) Concurrent Mark (2536.293s)
[2022-07-20T10:26:28.641+0000][7][gc,marking  ] GC(128) Concurrent Mark From Roots
[2022-07-20T10:26:28.641+0000][7][gc,task     ] GC(128) Using 1 workers of 1 for marking
[2022-07-20T10:26:28.790+0000][7][gc,marking  ] GC(128) Concurrent Mark From Roots 148.544ms
[2022-07-20T10:26:28.790+0000][7][gc,marking  ] GC(128) Concurrent Preclean
[2022-07-20T10:26:28.790+0000][7][gc,marking  ] GC(128) Concurrent Preclean 0.230ms
[2022-07-20T10:26:28.790+0000][7][gc,marking  ] GC(128) Concurrent Mark (2536.293s, 2536.442s) 148.867ms
[2022-07-20T10:26:28.790+0000][7][gc,start    ] GC(128) Pause Remark
[2022-07-20T10:26:28.801+0000][7][gc          ] GC(128) Pause Remark 112M->112M(256M) 10.734ms
[2022-07-20T10:26:28.801+0000][7][gc,cpu      ] GC(128) User=0.04s Sys=0.00s Real=0.01s
[2022-07-20T10:26:28.801+0000][7][safepoint   ] Safepoint "G1Concurrent", Time since last: 150958357 ns, Reaching safepoint: 140008 ns, At safepoint: 10864854 ns, Total: 11004862 ns
[2022-07-20T10:26:28.801+0000][7][gc,marking  ] GC(128) Concurrent Rebuild Remembered Sets
[2022-07-20T10:26:28.889+0000][7][gc,marking  ] GC(128) Concurrent Rebuild Remembered Sets 87.931ms
[2022-07-20T10:26:28.889+0000][7][gc,start    ] GC(128) Pause Cleanup
[2022-07-20T10:26:28.889+0000][7][gc          ] GC(128) Pause Cleanup 112M->112M(256M) 0.103ms
[2022-07-20T10:26:28.889+0000][7][gc,cpu      ] GC(128) User=0.00s Sys=0.00s Real=0.00s
[2022-07-20T10:26:28.889+0000][7][safepoint   ] Safepoint "G1Concurrent", Time since last: 88034087 ns, Reaching safepoint: 135171 ns, At safepoint: 166735 ns, Total: 301906 ns
[2022-07-20T10:26:28.889+0000][7][gc,marking  ] GC(128) Concurrent Cleanup for Next Mark
[2022-07-20T10:26:28.890+0000][7][gc,marking  ] GC(128) Concurrent Cleanup for Next Mark 0.259ms
[2022-07-20T10:26:28.890+0000][7][gc          ] GC(128) Concurrent Cycle 250.647ms
[2022-07-20T10:26:34.891+0000][7][safepoint   ] Safepoint "Cleanup", Time since last: 6001505183 ns, Reaching safepoint: 102972 ns, At safepoint: 7250 ns, Total: 110222 ns
[2022-07-20T10:26:36.891+0000][7][safepoint   ] Safepoint "Cleanup", Time since last: 2000299128 ns, Reaching safepoint: 141417 ns, At safepoint: 7207 ns, Total: 148624 ns
[2022-07-20T10:26:40.892+0000][7][safepoint   ] Safepoint "Cleanup", Time since last: 4000623567 ns, Reaching safepoint: 150260 ns, At safepoint: 9521 ns, Total: 159781 ns
[2022-07-20T10:26:51.895+0000][7][safepoint   ] Safepoint "Cleanup", Time since last: 11002406312 ns, Reaching safepoint: 115219 ns, At safepoint: 7627 ns, Total: 122846 ns
[2022-07-20T10:26:55.895+0000][7][safepoint   ] Safepoint "Cleanup", Time since last: 4000534535 ns, Reaching safepoint: 146141 ns, At safepoint: 5760 ns, Total: 151901 ns
[2022-07-20T10:26:56.896+0000][7][safepoint   ] Safepoint "Cleanup", Time since last: 1000380302 ns, Reaching safepoint: 113166 ns, At safepoint: 5900 ns, Total: 119066 ns
[2022-07-20T10:26:58.897+0000][7][safepoint   ] Safepoint "Cleanup", Time since last: 2000933640 ns, Reaching safepoint: 117165 ns, At safepoint: 5677 ns, Total: 122842 ns
[2022-07-20T10:27:01.898+0000][7][safepoint   ] Safepoint "Cleanup", Time since last: 3000907847 ns, Reaching safepoint: 146728 ns, At safepoint: 8417 ns, Total: 155145 ns
[2022-07-20T10:27:16.620+0000][7][gc,start    ] GC(129) Pause Young (Normal) (G1 Evacuation Pause)
[2022-07-20T10:27:16.621+0000][7][gc,task     ] GC(129) Using 4 workers of 4 for evacuation
[2022-07-20T10:27:16.621+0000][7][gc,age      ] GC(129) Desired survivor size 6291456 bytes, new threshold 15 (max threshold 15)
[2022-07-20T10:27:16.624+0000][7][gc,age      ] GC(129) Age table with threshold 15 (max threshold 15)
[2022-07-20T10:27:16.624+0000][7][gc,age      ] GC(129) - age   1:     701640 bytes,     701640 total
[2022-07-20T10:27:16.624+0000][7][gc,age      ] GC(129) - age   2:      47952 bytes,     749592 total
[2022-07-20T10:27:16.624+0000][7][gc,age      ] GC(129) - age   3:     195560 bytes,     945152 total
[2022-07-20T10:27:16.624+0000][7][gc,age      ] GC(129) - age   4:     121648 bytes,    1066800 total
[2022-07-20T10:27:16.624+0000][7][gc,age      ] GC(129) - age   5:        760 bytes,    1067560 total
[2022-07-20T10:27:16.624+0000][7][gc,age      ] GC(129) - age   6:        328 bytes,    1067888 total
[2022-07-20T10:27:16.624+0000][7][gc,age      ] GC(129) - age   7:        912 bytes,    1068800 total
[2022-07-20T10:27:16.624+0000][7][gc,age      ] GC(129) - age   8:       1408 bytes,    1070208 total
[2022-07-20T10:27:16.624+0000][7][gc,age      ] GC(129) - age   9:       1248 bytes,    1071456 total
[2022-07-20T10:27:16.624+0000][7][gc,age      ] GC(129) - age  10:       1040 bytes,    1072496 total
[2022-07-20T10:27:16.624+0000][7][gc,age      ] GC(129) - age  11:        800 bytes,    1073296 total
[2022-07-20T10:27:16.624+0000][7][gc,age      ] GC(129) - age  12:     162904 bytes,    1236200 total
[2022-07-20T10:27:16.624+0000][7][gc,age      ] GC(129) - age  13:       1704 bytes,    1237904 total
[2022-07-20T10:27:16.624+0000][7][gc,age      ] GC(129) - age  14:       2832 bytes,    1240736 total
[2022-07-20T10:27:16.624+0000][7][gc,age      ] GC(129) - age  15:         80 bytes,    1240816 total
[2022-07-20T10:27:16.624+0000][7][gc,phases   ] GC(129)   Pre Evacuate Collection Set: 0.1ms
[2022-07-20T10:27:16.624+0000][7][gc,phases   ] GC(129)   Merge Heap Roots: 0.0ms
[2022-07-20T10:27:16.624+0000][7][gc,phases   ] GC(129)   Evacuate Collection Set: 2.4ms
[2022-07-20T10:27:16.624+0000][7][gc,phases   ] GC(129)   Post Evacuate Collection Set: 0.5ms
[2022-07-20T10:27:16.624+0000][7][gc,phases   ] GC(129)   Other: 0.4ms
[2022-07-20T10:27:16.624+0000][7][gc,heap     ] GC(129) Eden regions: 23->0(24)
[2022-07-20T10:27:16.624+0000][7][gc,heap     ] GC(129) Survivor regions: 1->1(3)
[2022-07-20T10:27:16.624+0000][7][gc,heap     ] GC(129) Old regions: 24->24
[2022-07-20T10:27:16.624+0000][7][gc,heap     ] GC(129) Archive regions: 2->2
[2022-07-20T10:27:16.624+0000][7][gc,heap     ] GC(129) Humongous regions: 2->2
[2022-07-20T10:27:16.624+0000][7][gc,metaspace] GC(129) Metaspace: 109546K(114552K)->109546K(114552K) NonClass: 95570K(99244K)->95570K(99244K) Class: 13976K(15308K)->13976K(15308K)
[2022-07-20T10:27:16.624+0000][7][gc          ] GC(129) Pause Young (Normal) (G1 Evacuation Pause) 198M->106M(256M) 3.495ms
[2022-07-20T10:27:16.624+0000][7][gc,cpu      ] GC(129) User=0.01s Sys=0.00s Real=0.01s
[2022-07-20T10:27:16.624+0000][7][safepoint   ] Safepoint "G1CollectForAllocation", Time since last: 14722427374 ns, Reaching safepoint: 115773 ns, At safepoint: 3581744 ns, Total: 3697517 ns
[2022-07-20T10:27:25.626+0000][7][safepoint   ] Safepoint "Cleanup", Time since last: 9001889107 ns, Reaching safepoint: 105177 ns, At safepoint: 5050 ns, Total: 110227 ns
[2022-07-20T10:27:40.629+0000][7][safepoint   ] Safepoint "Cleanup", Time since last: 15002892280 ns, Reaching safepoint: 217185 ns, At safepoint: 8488 ns, Total: 225673 ns
[2022-07-20T10:27:41.630+0000][7][safepoint   ] Safepoint "Cleanup", Time since last: 1000315951 ns, Reaching safepoint: 141254 ns, At safepoint: 8269 ns, Total: 149523 ns
[2022-07-20T10:27:42.630+0000][7][safepoint   ] Safepoint "Cleanup", Time since last: 1000294244 ns, Reaching safepoint: 140402 ns, At safepoint: 8266 ns, Total: 148668 ns
[2022-07-20T10:27:52.632+0000][7][safepoint   ] Safepoint "Cleanup", Time since last: 10001472357 ns, Reaching safepoint: 140757 ns, At safepoint: 7522 ns, Total: 148279 ns
[2022-07-20T10:27:53.632+0000][7][safepoint   ] Safepoint "Cleanup", Time since last: 1000213058 ns, Reaching safepoint: 138399 ns, At safepoint: 7425 ns, Total: 145824 ns
[2022-07-20T10:28:01.635+0000][7][safepoint   ] Safepoint "Cleanup", Time since last: 8002378709 ns, Reaching safepoint: 114498 ns, At safepoint: 7384 ns, Total: 121882 ns
[2022-07-20T10:28:04.626+0000][7][gc,start    ] GC(130) Pause Young (Concurrent Start) (G1 Evacuation Pause)
[2022-07-20T10:28:04.626+0000][7][gc,task     ] GC(130) Using 4 workers of 4 for evacuation
[2022-07-20T10:28:04.626+0000][7][gc,age      ] GC(130) Desired survivor size 8388608 bytes, new threshold 15 (max threshold 15)
[2022-07-20T10:28:04.628+0000][7][gc,age      ] GC(130) Age table with threshold 15 (max threshold 15)
[2022-07-20T10:28:04.628+0000][7][gc,age      ] GC(130) - age   1:     532248 bytes,     532248 total
[2022-07-20T10:28:04.628+0000][7][gc,age      ] GC(130) - age   2:       4096 bytes,     536344 total
[2022-07-20T10:28:04.629+0000][7][gc,age      ] GC(130) - age   3:      46600 bytes,     582944 total
[2022-07-20T10:28:04.629+0000][7][gc,age      ] GC(130) - age   4:     195464 bytes,     778408 total
[2022-07-20T10:28:04.629+0000][7][gc,age      ] GC(130) - age   5:      96912 bytes,     875320 total
[2022-07-20T10:28:04.629+0000][7][gc,age      ] GC(130) - age   6:        696 bytes,     876016 total
[2022-07-20T10:28:04.629+0000][7][gc,age      ] GC(130) - age   7:        328 bytes,     876344 total
[2022-07-20T10:28:04.629+0000][7][gc,age      ] GC(130) - age   8:        912 bytes,     877256 total
[2022-07-20T10:28:04.629+0000][7][gc,age      ] GC(130) - age   9:       1408 bytes,     878664 total
[2022-07-20T10:28:04.629+0000][7][gc,age      ] GC(130) - age  10:        936 bytes,     879600 total
[2022-07-20T10:28:04.629+0000][7][gc,age      ] GC(130) - age  11:       1040 bytes,     880640 total
[2022-07-20T10:28:04.629+0000][7][gc,age      ] GC(130) - age  12:        800 bytes,     881440 total
[2022-07-20T10:28:04.629+0000][7][gc,age      ] GC(130) - age  13:     162904 bytes,    1044344 total
[2022-07-20T10:28:04.629+0000][7][gc,age      ] GC(130) - age  14:       1704 bytes,    1046048 total
[2022-07-20T10:28:04.629+0000][7][gc,age      ] GC(130) - age  15:       2832 bytes,    1048880 total
[2022-07-20T10:28:04.629+0000][7][gc,phases   ] GC(130)   Pre Evacuate Collection Set: 0.2ms
[2022-07-20T10:28:04.629+0000][7][gc,phases   ] GC(130)   Merge Heap Roots: 0.1ms
[2022-07-20T10:28:04.629+0000][7][gc,phases   ] GC(130)   Evacuate Collection Set: 1.6ms
[2022-07-20T10:28:04.629+0000][7][gc,phases   ] GC(130)   Post Evacuate Collection Set: 0.6ms
[2022-07-20T10:28:04.629+0000][7][gc,phases   ] GC(130)   Other: 0.3ms
[2022-07-20T10:28:04.629+0000][7][gc,heap     ] GC(130) Eden regions: 24->0(24)
[2022-07-20T10:28:04.629+0000][7][gc,heap     ] GC(130) Survivor regions: 1->1(4)
[2022-07-20T10:28:04.629+0000][7][gc,heap     ] GC(130) Old regions: 24->24
[2022-07-20T10:28:04.629+0000][7][gc,heap     ] GC(130) Archive regions: 2->2
[2022-07-20T10:28:04.629+0000][7][gc,heap     ] GC(130) Humongous regions: 2->2
[2022-07-20T10:28:04.629+0000][7][gc,metaspace] GC(130) Metaspace: 109576K(114552K)->109576K(114552K) NonClass: 95599K(99244K)->95599K(99244K) Class: 13976K(15308K)->13976K(15308K)
[2022-07-20T10:28:04.629+0000][7][gc          ] GC(130) Pause Young (Concurrent Start) (G1 Evacuation Pause) 202M->105M(256M) 2.879ms
[2022-07-20T10:28:04.629+0000][7][gc,cpu      ] GC(130) User=0.01s Sys=0.00s Real=0.00s
[2022-07-20T10:28:04.629+0000][7][safepoint   ] Safepoint "G1CollectForAllocation", Time since last: 2991175920 ns, Reaching safepoint: 118929 ns, At safepoint: 2976897 ns, Total: 3095826 ns
[2022-07-20T10:28:04.629+0000][7][gc          ] GC(131) Concurrent Cycle
[2022-07-20T10:28:04.629+0000][7][gc,marking  ] GC(131) Concurrent Clear Claimed Marks
[2022-07-20T10:28:04.629+0000][7][gc,marking  ] GC(131) Concurrent Clear Claimed Marks 0.087ms
[2022-07-20T10:28:04.629+0000][7][gc,marking  ] GC(131) Concurrent Scan Root Regions
[2022-07-20T10:28:04.630+0000][7][gc,marking  ] GC(131) Concurrent Scan Root Regions 1.480ms
[2022-07-20T10:28:04.630+0000][7][gc,marking  ] GC(131) Concurrent Mark (2632.282s)
[2022-07-20T10:28:04.630+0000][7][gc,marking  ] GC(131) Concurrent Mark From Roots
[2022-07-20T10:28:04.630+0000][7][gc,task     ] GC(131) Using 1 workers of 1 for marking
[2022-07-20T10:28:04.784+0000][7][gc,marking  ] GC(131) Concurrent Mark From Roots 153.129ms
[2022-07-20T10:28:04.784+0000][7][gc,marking  ] GC(131) Concurrent Preclean
[2022-07-20T10:28:04.784+0000][7][gc,marking  ] GC(131) Concurrent Preclean 0.203ms
[2022-07-20T10:28:04.784+0000][7][gc,marking  ] GC(131) Concurrent Mark (2632.282s, 2632.436s) 153.408ms
[2022-07-20T10:28:04.784+0000][7][gc,start    ] GC(131) Pause Remark
[2022-07-20T10:28:04.795+0000][7][gc          ] GC(131) Pause Remark 115M->115M(256M) 11.029ms
[2022-07-20T10:28:04.795+0000][7][gc,cpu      ] GC(131) User=0.04s Sys=0.00s Real=0.01s
[2022-07-20T10:28:04.795+0000][7][safepoint   ] Safepoint "G1Concurrent", Time since last: 155102195 ns, Reaching safepoint: 125849 ns, At safepoint: 11128771 ns, Total: 11254620 ns
[2022-07-20T10:28:04.795+0000][7][gc,marking  ] GC(131) Concurrent Rebuild Remembered Sets
[2022-07-20T10:28:04.883+0000][7][gc,marking  ] GC(131) Concurrent Rebuild Remembered Sets 88.150ms
[2022-07-20T10:28:04.884+0000][7][gc,start    ] GC(131) Pause Cleanup
[2022-07-20T10:28:04.884+0000][7][gc          ] GC(131) Pause Cleanup 115M->115M(256M) 0.110ms
[2022-07-20T10:28:04.884+0000][7][gc,cpu      ] GC(131) User=0.00s Sys=0.00s Real=0.00s
[2022-07-20T10:28:04.884+0000][7][safepoint   ] Safepoint "G1Concurrent", Time since last: 88266088 ns, Reaching safepoint: 96381 ns, At safepoint: 205255 ns, Total: 301636 ns
[2022-07-20T10:28:04.884+0000][7][gc,marking  ] GC(131) Concurrent Cleanup for Next Mark
[2022-07-20T10:28:04.884+0000][7][gc,marking  ] GC(131) Concurrent Cleanup for Next Mark 0.254ms
[2022-07-20T10:28:04.884+0000][7][gc          ] GC(131) Concurrent Cycle 255.250ms
[2022-07-20T10:28:25.888+0000][7][safepoint   ] Safepoint "Cleanup", Time since last: 21004553487 ns, Reaching safepoint: 118801 ns, At safepoint: 8120 ns, Total: 126921 ns
[2022-07-20T10:28:28.890+0000][7][safepoint   ] Safepoint "Cleanup", Time since last: 3001209583 ns, Reaching safepoint: 147362 ns, At safepoint: 6035 ns, Total: 153397 ns
[2022-07-20T10:28:30.613+0000][7][safepoint   ] Safepoint "Cleanup", Time since last: 1723043829 ns, Reaching safepoint: 127732 ns, At safepoint: 5474 ns, Total: 133206 ns
[2022-07-20T10:28:40.653+0000][7][gc,start    ] GC(132) Pause Young (Normal) (G1 Evacuation Pause)
[2022-07-20T10:28:40.653+0000][7][gc,task     ] GC(132) Using 4 workers of 4 for evacuation
[2022-07-20T10:28:40.653+0000][7][gc,age      ] GC(132) Desired survivor size 8388608 bytes, new threshold 15 (max threshold 15)
[2022-07-20T10:28:40.656+0000][7][gc,age      ] GC(132) Age table with threshold 15 (max threshold 15)
[2022-07-20T10:28:40.656+0000][7][gc,age      ] GC(132) - age   1:     601952 bytes,     601952 total
[2022-07-20T10:28:40.656+0000][7][gc,age      ] GC(132) - age   2:     149304 bytes,     751256 total
[2022-07-20T10:28:40.656+0000][7][gc,age      ] GC(132) - age   3:       3584 bytes,     754840 total
[2022-07-20T10:28:40.656+0000][7][gc,age      ] GC(132) - age   4:       1912 bytes,     756752 total
[2022-07-20T10:28:40.656+0000][7][gc,age      ] GC(132) - age   5:       1664 bytes,     758416 total
[2022-07-20T10:28:40.656+0000][7][gc,age      ] GC(132) - age   6:      29448 bytes,     787864 total
[2022-07-20T10:28:40.657+0000][7][gc,age      ] GC(132) - age   7:        632 bytes,     788496 total
[2022-07-20T10:28:40.657+0000][7][gc,age      ] GC(132) - age   8:        328 bytes,     788824 total
[2022-07-20T10:28:40.657+0000][7][gc,age      ] GC(132) - age   9:        912 bytes,     789736 total
[2022-07-20T10:28:40.657+0000][7][gc,age      ] GC(132) - age  10:       1408 bytes,     791144 total
[2022-07-20T10:28:40.657+0000][7][gc,age      ] GC(132) - age  11:        936 bytes,     792080 total
[2022-07-20T10:28:40.657+0000][7][gc,age      ] GC(132) - age  12:       1040 bytes,     793120 total
[2022-07-20T10:28:40.657+0000][7][gc,age      ] GC(132) - age  13:        800 bytes,     793920 total
[2022-07-20T10:28:40.657+0000][7][gc,age      ] GC(132) - age  14:     162752 bytes,     956672 total
[2022-07-20T10:28:40.657+0000][7][gc,age      ] GC(132) - age  15:       1704 bytes,     958376 total
[2022-07-20T10:28:40.657+0000][7][gc,phases   ] GC(132)   Pre Evacuate Collection Set: 0.1ms
[2022-07-20T10:28:40.657+0000][7][gc,phases   ] GC(132)   Merge Heap Roots: 0.1ms
[2022-07-20T10:28:40.657+0000][7][gc,phases   ] GC(132)   Evacuate Collection Set: 1.9ms
[2022-07-20T10:28:40.657+0000][7][gc,phases   ] GC(132)   Post Evacuate Collection Set: 1.1ms
[2022-07-20T10:28:40.657+0000][7][gc,phases   ] GC(132)   Other: 0.3ms
[2022-07-20T10:28:40.657+0000][7][gc,heap     ] GC(132) Eden regions: 24->0(24)
[2022-07-20T10:28:40.657+0000][7][gc,heap     ] GC(132) Survivor regions: 1->1(4)
[2022-07-20T10:28:40.657+0000][7][gc,heap     ] GC(132) Old regions: 24->24
[2022-07-20T10:28:40.657+0000][7][gc,heap     ] GC(132) Archive regions: 2->2
[2022-07-20T10:28:40.657+0000][7][gc,heap     ] GC(132) Humongous regions: 2->2
[2022-07-20T10:28:40.657+0000][7][gc,metaspace] GC(132) Metaspace: 109597K(114552K)->109597K(114552K) NonClass: 95621K(99244K)->95621K(99244K) Class: 13976K(15308K)->13976K(15308K)
[2022-07-20T10:28:40.657+0000][7][gc          ] GC(132) Pause Young (Normal) (G1 Evacuation Pause) 201M->105M(256M) 3.570ms
[2022-07-20T10:28:40.657+0000][7][gc,cpu      ] GC(132) User=0.01s Sys=0.00s Real=0.01s
[2022-07-20T10:28:40.657+0000][7][safepoint   ] Safepoint "G1CollectForAllocation", Time since last: 10040020343 ns, Reaching safepoint: 117482 ns, At safepoint: 3677286 ns, Total: 3794768 ns
[2022-07-20T10:28:46.658+0000][7][safepoint   ] Safepoint "Cleanup", Time since last: 6000704745 ns, Reaching safepoint: 119994 ns, At safepoint: 5122 ns, Total: 125116 ns
[2022-07-20T10:28:51.659+0000][7][safepoint   ] Safepoint "Cleanup", Time since last: 5000970897 ns, Reaching safepoint: 126999 ns, At safepoint: 6851 ns, Total: 133850 ns
[2022-07-20T10:28:52.659+0000][7][safepoint   ] Safepoint "Cleanup", Time since last: 1000127995 ns, Reaching safepoint: 175146 ns, At safepoint: 5360 ns, Total: 180506 ns
[2022-07-20T10:28:55.660+0000][7][safepoint   ] Safepoint "Cleanup", Time since last: 3000539408 ns, Reaching safepoint: 104456 ns, At safepoint: 5009 ns, Total: 109465 ns
[2022-07-20T10:29:07.663+0000][7][safepoint   ] Safepoint "Cleanup", Time since last: 12003124039 ns, Reaching safepoint: 120303 ns, At safepoint: 7954 ns, Total: 128257 ns
[2022-07-20T10:29:17.507+0000][7][gc,start    ] GC(133) Pause Young (Concurrent Start) (G1 Evacuation Pause)
[2022-07-20T10:29:17.507+0000][7][gc,task     ] GC(133) Using 4 workers of 4 for evacuation
[2022-07-20T10:29:17.507+0000][7][gc,age      ] GC(133) Desired survivor size 8388608 bytes, new threshold 15 (max threshold 15)
[2022-07-20T10:29:17.512+0000][7][gc,age      ] GC(133) Age table with threshold 15 (max threshold 15)
[2022-07-20T10:29:17.512+0000][7][gc,age      ] GC(133) - age   1:    1775824 bytes,    1775824 total
[2022-07-20T10:29:17.512+0000][7][gc,age      ] GC(133) - age   2:     439992 bytes,    2215816 total
[2022-07-20T10:29:17.512+0000][7][gc,age      ] GC(133) - age   3:     147352 bytes,    2363168 total
[2022-07-20T10:29:17.512+0000][7][gc,age      ] GC(133) - age   4:       2536 bytes,    2365704 total
[2022-07-20T10:29:17.512+0000][7][gc,age      ] GC(133) - age   5:       1536 bytes,    2367240 total
[2022-07-20T10:29:17.512+0000][7][gc,age      ] GC(133) - age   6:       1176 bytes,    2368416 total
[2022-07-20T10:29:17.512+0000][7][gc,age      ] GC(133) - age   7:      29288 bytes,    2397704 total
[2022-07-20T10:29:17.512+0000][7][gc,age      ] GC(133) - age   8:        568 bytes,    2398272 total
[2022-07-20T10:29:17.512+0000][7][gc,age      ] GC(133) - age   9:        296 bytes,    2398568 total
[2022-07-20T10:29:17.512+0000][7][gc,age      ] GC(133) - age  10:        912 bytes,    2399480 total
[2022-07-20T10:29:17.512+0000][7][gc,age      ] GC(133) - age  11:       1408 bytes,    2400888 total
[2022-07-20T10:29:17.512+0000][7][gc,age      ] GC(133) - age  12:        696 bytes,    2401584 total
[2022-07-20T10:29:17.512+0000][7][gc,age      ] GC(133) - age  13:       1040 bytes,    2402624 total
[2022-07-20T10:29:17.512+0000][7][gc,age      ] GC(133) - age  14:        408 bytes,    2403032 total
[2022-07-20T10:29:17.512+0000][7][gc,age      ] GC(133) - age  15:     162688 bytes,    2565720 total
[2022-07-20T10:29:17.512+0000][7][gc,phases   ] GC(133)   Pre Evacuate Collection Set: 0.2ms
[2022-07-20T10:29:17.512+0000][7][gc,phases   ] GC(133)   Merge Heap Roots: 0.0ms
[2022-07-20T10:29:17.512+0000][7][gc,phases   ] GC(133)   Evacuate Collection Set: 2.9ms
[2022-07-20T10:29:17.512+0000][7][gc,phases   ] GC(133)   Post Evacuate Collection Set: 1.2ms
[2022-07-20T10:29:17.512+0000][7][gc,phases   ] GC(133)   Other: 0.3ms
[2022-07-20T10:29:17.512+0000][7][gc,heap     ] GC(133) Eden regions: 24->0(24)
[2022-07-20T10:29:17.512+0000][7][gc,heap     ] GC(133) Survivor regions: 1->1(4)
[2022-07-20T10:29:17.512+0000][7][gc,heap     ] GC(133) Old regions: 24->24
[2022-07-20T10:29:17.512+0000][7][gc,heap     ] GC(133) Archive regions: 2->2
[2022-07-20T10:29:17.512+0000][7][gc,heap     ] GC(133) Humongous regions: 2->2
[2022-07-20T10:29:17.512+0000][7][gc,metaspace] GC(133) Metaspace: 109600K(114552K)->109600K(114552K) NonClass: 95624K(99244K)->95624K(99244K) Class: 13976K(15308K)->13976K(15308K)
[2022-07-20T10:29:17.512+0000][7][gc          ] GC(133) Pause Young (Concurrent Start) (G1 Evacuation Pause) 201M->107M(256M) 4.762ms
[2022-07-20T10:29:17.512+0000][7][gc,cpu      ] GC(133) User=0.01s Sys=0.00s Real=0.00s
[2022-07-20T10:29:17.512+0000][7][gc          ] GC(134) Concurrent Cycle
[2022-07-20T10:29:17.512+0000][7][safepoint   ] Safepoint "G1CollectForAllocation", Time since last: 9844141212 ns, Reaching safepoint: 118654 ns, At safepoint: 4863935 ns, Total: 4982589 ns
[2022-07-20T10:29:17.512+0000][7][gc,marking  ] GC(134) Concurrent Clear Claimed Marks
[2022-07-20T10:29:17.512+0000][7][gc,marking  ] GC(134) Concurrent Clear Claimed Marks 0.115ms
[2022-07-20T10:29:17.512+0000][7][gc,marking  ] GC(134) Concurrent Scan Root Regions
[2022-07-20T10:29:17.515+0000][7][gc,marking  ] GC(134) Concurrent Scan Root Regions 3.303ms
[2022-07-20T10:29:17.516+0000][7][gc,marking  ] GC(134) Concurrent Mark (2705.167s)
[2022-07-20T10:29:17.516+0000][7][gc,marking  ] GC(134) Concurrent Mark From Roots
[2022-07-20T10:29:17.516+0000][7][gc,task     ] GC(134) Using 1 workers of 1 for marking
[2022-07-20T10:29:17.665+0000][7][gc,marking  ] GC(134) Concurrent Mark From Roots 149.334ms
[2022-07-20T10:29:17.665+0000][7][gc,marking  ] GC(134) Concurrent Preclean
[2022-07-20T10:29:17.665+0000][7][gc,marking  ] GC(134) Concurrent Preclean 0.221ms
[2022-07-20T10:29:17.665+0000][7][gc,marking  ] GC(134) Concurrent Mark (2705.167s, 2705.317s) 149.636ms
[2022-07-20T10:29:17.665+0000][7][gc,start    ] GC(134) Pause Remark
[2022-07-20T10:29:17.676+0000][7][gc          ] GC(134) Pause Remark 112M->112M(256M) 10.732ms
[2022-07-20T10:29:17.676+0000][7][gc,cpu      ] GC(134) User=0.04s Sys=0.00s Real=0.01s
[2022-07-20T10:29:17.676+0000][7][safepoint   ] Safepoint "G1Concurrent", Time since last: 153163756 ns, Reaching safepoint: 126468 ns, At safepoint: 10850123 ns, Total: 10976591 ns
[2022-07-20T10:29:17.676+0000][7][gc,marking  ] GC(134) Concurrent Rebuild Remembered Sets
[2022-07-20T10:29:17.764+0000][7][gc,marking  ] GC(134) Concurrent Rebuild Remembered Sets 88.045ms
[2022-07-20T10:29:17.764+0000][7][gc,start    ] GC(134) Pause Cleanup
[2022-07-20T10:29:17.765+0000][7][gc          ] GC(134) Pause Cleanup 112M->112M(256M) 0.096ms
[2022-07-20T10:29:17.765+0000][7][gc,cpu      ] GC(134) User=0.00s Sys=0.00s Real=0.00s
[2022-07-20T10:29:17.765+0000][7][safepoint   ] Safepoint "G1Concurrent", Time since last: 88140256 ns, Reaching safepoint: 138147 ns, At safepoint: 158379 ns, Total: 296526 ns
[2022-07-20T10:29:17.765+0000][7][gc,marking  ] GC(134) Concurrent Cleanup for Next Mark
[2022-07-20T10:29:17.765+0000][7][gc,marking  ] GC(134) Concurrent Cleanup for Next Mark 0.253ms
[2022-07-20T10:29:17.765+0000][7][gc          ] GC(134) Concurrent Cycle 252.912ms
[2022-07-20T10:29:29.768+0000][7][safepoint   ] Safepoint "Cleanup", Time since last: 12003319551 ns, Reaching safepoint: 149007 ns, At safepoint: 7509 ns, Total: 156516 ns
[2022-07-20T10:29:31.769+0000][7][safepoint   ] Safepoint "Cleanup", Time since last: 2000277446 ns, Reaching safepoint: 146923 ns, At safepoint: 8766 ns, Total: 155689 ns
[2022-07-20T10:29:39.770+0000][7][safepoint   ] Safepoint "Cleanup", Time since last: 8001671581 ns, Reaching safepoint: 123209 ns, At safepoint: 7597 ns, Total: 130806 ns
[2022-07-20T10:29:41.771+0000][7][safepoint   ] Safepoint "Cleanup", Time since last: 2000407081 ns, Reaching safepoint: 132144 ns, At safepoint: 7524 ns, Total: 139668 ns
[2022-07-20T10:29:55.774+0000][7][safepoint   ] Safepoint "Cleanup", Time since last: 14003083549 ns, Reaching safepoint: 142495 ns, At safepoint: 6087 ns, Total: 148582 ns
[2022-07-20T10:29:58.775+0000][7][safepoint   ] Safepoint "Cleanup", Time since last: 3001239667 ns, Reaching safepoint: 143292 ns, At safepoint: 5978 ns, Total: 149270 ns
[2022-07-20T10:30:05.564+0000][7][gc,start    ] GC(135) Pause Young (Normal) (G1 Evacuation Pause)
[2022-07-20T10:30:05.564+0000][7][gc,task     ] GC(135) Using 4 workers of 4 for evacuation
[2022-07-20T10:30:05.564+0000][7][gc,age      ] GC(135) Desired survivor size 8388608 bytes, new threshold 15 (max threshold 15)
[2022-07-20T10:30:05.568+0000][7][gc,age      ] GC(135) Age table with threshold 15 (max threshold 15)
[2022-07-20T10:30:05.568+0000][7][gc,age      ] GC(135) - age   1:    2146368 bytes,    2146368 total
[2022-07-20T10:30:05.568+0000][7][gc,age      ] GC(135) - age   2:      85856 bytes,    2232224 total
[2022-07-20T10:30:05.568+0000][7][gc,age      ] GC(135) - age   3:     353464 bytes,    2585688 total
[2022-07-20T10:30:05.568+0000][7][gc,age      ] GC(135) - age   4:       2408 bytes,    2588096 total
[2022-07-20T10:30:05.568+0000][7][gc,age      ] GC(135) - age   5:       2376 bytes,    2590472 total
[2022-07-20T10:30:05.568+0000][7][gc,age      ] GC(135) - age   6:       1344 bytes,    2591816 total
[2022-07-20T10:30:05.568+0000][7][gc,age      ] GC(135) - age   7:       1176 bytes,    2592992 total
[2022-07-20T10:30:05.568+0000][7][gc,age      ] GC(135) - age   8:      29128 bytes,    2622120 total
[2022-07-20T10:30:05.568+0000][7][gc,age      ] GC(135) - age   9:        568 bytes,    2622688 total
[2022-07-20T10:30:05.568+0000][7][gc,age      ] GC(135) - age  10:        296 bytes,    2622984 total
[2022-07-20T10:30:05.568+0000][7][gc,age      ] GC(135) - age  11:        912 bytes,    2623896 total
[2022-07-20T10:30:05.568+0000][7][gc,age      ] GC(135) - age  12:       1408 bytes,    2625304 total
[2022-07-20T10:30:05.568+0000][7][gc,age      ] GC(135) - age  13:        696 bytes,    2626000 total
[2022-07-20T10:30:05.568+0000][7][gc,age      ] GC(135) - age  14:       1040 bytes,    2627040 total
[2022-07-20T10:30:05.568+0000][7][gc,age      ] GC(135) - age  15:        408 bytes,    2627448 total
[2022-07-20T10:30:05.568+0000][7][gc,phases   ] GC(135)   Pre Evacuate Collection Set: 0.1ms
[2022-07-20T10:30:05.568+0000][7][gc,phases   ] GC(135)   Merge Heap Roots: 0.1ms
[2022-07-20T10:30:05.568+0000][7][gc,phases   ] GC(135)   Evacuate Collection Set: 3.2ms
[2022-07-20T10:30:05.568+0000][7][gc,phases   ] GC(135)   Post Evacuate Collection Set: 0.5ms
[2022-07-20T10:30:05.568+0000][7][gc,phases   ] GC(135)   Other: 0.4ms
[2022-07-20T10:30:05.568+0000][7][gc,heap     ] GC(135) Eden regions: 24->0(23)
[2022-07-20T10:30:05.568+0000][7][gc,heap     ] GC(135) Survivor regions: 1->1(4)
[2022-07-20T10:30:05.568+0000][7][gc,heap     ] GC(135) Old regions: 24->24
[2022-07-20T10:30:05.568+0000][7][gc,heap     ] GC(135) Archive regions: 2->2
[2022-07-20T10:30:05.568+0000][7][gc,heap     ] GC(135) Humongous regions: 2->2
[2022-07-20T10:30:05.568+0000][7][gc,metaspace] GC(135) Metaspace: 109603K(114552K)->109603K(114552K) NonClass: 95626K(99244K)->95626K(99244K) Class: 13976K(15308K)->13976K(15308K)
[2022-07-20T10:30:05.568+0000][7][gc          ] GC(135) Pause Young (Normal) (G1 Evacuation Pause) 203M->107M(256M) 4.225ms
[2022-07-20T10:30:05.568+0000][7][gc,cpu      ] GC(135) User=0.02s Sys=0.00s Real=0.00s
[2022-07-20T10:30:05.568+0000][7][safepoint   ] Safepoint "G1CollectForAllocation", Time since last: 6788270213 ns, Reaching safepoint: 145610 ns, At safepoint: 4323447 ns, Total: 4469057 ns
[2022-07-20T10:30:06.568+0000][7][safepoint   ] Safepoint "Cleanup", Time since last: 1000084822 ns, Reaching safepoint: 141690 ns, At safepoint: 8870 ns, Total: 150560 ns
[2022-07-20T10:30:12.570+0000][7][safepoint   ] Safepoint "Cleanup", Time since last: 6001076292 ns, Reaching safepoint: 135236 ns, At safepoint: 7278 ns, Total: 142514 ns
[2022-07-20T10:30:14.570+0000][7][safepoint   ] Safepoint "Cleanup", Time since last: 2000311931 ns, Reaching safepoint: 110528 ns, At safepoint: 9882 ns, Total: 120410 ns
[2022-07-20T10:30:20.571+0000][7][safepoint   ] Safepoint "Cleanup", Time since last: 6000807392 ns, Reaching safepoint: 138874 ns, At safepoint: 7366 ns, Total: 146240 ns
[2022-07-20T10:30:21.571+0000][7][safepoint   ] Safepoint "Cleanup", Time since last: 1000234218 ns, Reaching safepoint: 162050 ns, At safepoint: 7169 ns, Total: 169219 ns
[2022-07-20T10:30:26.572+0000][7][safepoint   ] Safepoint "Cleanup", Time since last: 5000649221 ns, Reaching safepoint: 141598 ns, At safepoint: 6101 ns, Total: 147699 ns
[2022-07-20T10:30:27.573+0000][7][safepoint   ] Safepoint "Cleanup", Time since last: 1000283151 ns, Reaching safepoint: 122353 ns, At safepoint: 6349 ns, Total: 128702 ns
[2022-07-20T10:30:40.640+0000][7][gc,start    ] GC(136) Pause Young (Concurrent Start) (G1 Evacuation Pause)
[2022-07-20T10:30:40.640+0000][7][gc,task     ] GC(136) Using 4 workers of 4 for evacuation
[2022-07-20T10:30:40.640+0000][7][gc,age      ] GC(136) Desired survivor size 6291456 bytes, new threshold 15 (max threshold 15)
[2022-07-20T10:30:40.644+0000][7][gc,age      ] GC(136) Age table with threshold 15 (max threshold 15)
[2022-07-20T10:30:40.644+0000][7][gc,age      ] GC(136) - age   1:    1716408 bytes,    1716408 total
[2022-07-20T10:30:40.644+0000][7][gc,age      ] GC(136) - age   2:     186928 bytes,    1903336 total
[2022-07-20T10:30:40.644+0000][7][gc,age      ] GC(136) - age   3:      69320 bytes,    1972656 total
[2022-07-20T10:30:40.644+0000][7][gc,age      ] GC(136) - age   4:     174936 bytes,    2147592 total
[2022-07-20T10:30:40.644+0000][7][gc,age      ] GC(136) - age   5:       1984 bytes,    2149576 total
[2022-07-20T10:30:40.644+0000][7][gc,age      ] GC(136) - age   6:       2280 bytes,    2151856 total
[2022-07-20T10:30:40.644+0000][7][gc,age      ] GC(136) - age   7:       1344 bytes,    2153200 total
[2022-07-20T10:30:40.644+0000][7][gc,age      ] GC(136) - age   8:       1144 bytes,    2154344 total
[2022-07-20T10:30:40.644+0000][7][gc,age      ] GC(136) - age   9:      28752 bytes,    2183096 total
[2022-07-20T10:30:40.644+0000][7][gc,age      ] GC(136) - age  10:        568 bytes,    2183664 total
[2022-07-20T10:30:40.644+0000][7][gc,age      ] GC(136) - age  11:        296 bytes,    2183960 total
[2022-07-20T10:30:40.644+0000][7][gc,age      ] GC(136) - age  12:        912 bytes,    2184872 total
[2022-07-20T10:30:40.644+0000][7][gc,age      ] GC(136) - age  13:       1408 bytes,    2186280 total
[2022-07-20T10:30:40.644+0000][7][gc,age      ] GC(136) - age  14:        696 bytes,    2186976 total
[2022-07-20T10:30:40.644+0000][7][gc,age      ] GC(136) - age  15:        880 bytes,    2187856 total
[2022-07-20T10:30:40.644+0000][7][gc,phases   ] GC(136)   Pre Evacuate Collection Set: 0.2ms
[2022-07-20T10:30:40.644+0000][7][gc,phases   ] GC(136)   Merge Heap Roots: 0.1ms
[2022-07-20T10:30:40.644+0000][7][gc,phases   ] GC(136)   Evacuate Collection Set: 2.8ms
[2022-07-20T10:30:40.644+0000][7][gc,phases   ] GC(136)   Post Evacuate Collection Set: 0.6ms
[2022-07-20T10:30:40.644+0000][7][gc,phases   ] GC(136)   Other: 0.4ms
[2022-07-20T10:30:40.644+0000][7][gc,heap     ] GC(136) Eden regions: 23->0(23)
[2022-07-20T10:30:40.644+0000][7][gc,heap     ] GC(136) Survivor regions: 1->1(3)
[2022-07-20T10:30:40.644+0000][7][gc,heap     ] GC(136) Old regions: 24->24
[2022-07-20T10:30:40.644+0000][7][gc,heap     ] GC(136) Archive regions: 2->2
[2022-07-20T10:30:40.644+0000][7][gc,heap     ] GC(136) Humongous regions: 2->2
[2022-07-20T10:30:40.644+0000][7][gc,metaspace] GC(136) Metaspace: 109615K(114552K)->109615K(114552K) NonClass: 95638K(99244K)->95638K(99244K) Class: 13977K(15308K)->13977K(15308K)
[2022-07-20T10:30:40.644+0000][7][gc          ] GC(136) Pause Young (Concurrent Start) (G1 Evacuation Pause) 199M->107M(256M) 4.190ms
[2022-07-20T10:30:40.644+0000][7][gc,cpu      ] GC(136) User=0.01s Sys=0.00s Real=0.01s
[2022-07-20T10:30:40.644+0000][7][safepoint   ] Safepoint "G1CollectForAllocation", Time since last: 13067013726 ns, Reaching safepoint: 133566 ns, At safepoint: 4295447 ns, Total: 4429013 ns
[2022-07-20T10:30:40.644+0000][7][gc          ] GC(137) Concurrent Cycle
[2022-07-20T10:30:40.644+0000][7][gc,marking  ] GC(137) Concurrent Clear Claimed Marks
[2022-07-20T10:30:40.644+0000][7][gc,marking  ] GC(137) Concurrent Clear Claimed Marks 0.091ms
[2022-07-20T10:30:40.644+0000][7][gc,marking  ] GC(137) Concurrent Scan Root Regions
[2022-07-20T10:30:40.647+0000][7][gc,marking  ] GC(137) Concurrent Scan Root Regions 2.684ms
[2022-07-20T10:30:40.647+0000][7][gc,marking  ] GC(137) Concurrent Mark (2788.299s)
[2022-07-20T10:30:40.647+0000][7][gc,marking  ] GC(137) Concurrent Mark From Roots
[2022-07-20T10:30:40.647+0000][7][gc,task     ] GC(137) Using 1 workers of 1 for marking
[2022-07-20T10:30:40.809+0000][7][gc,marking  ] GC(137) Concurrent Mark From Roots 162.443ms
[2022-07-20T10:30:40.810+0000][7][gc,marking  ] GC(137) Concurrent Preclean
[2022-07-20T10:30:40.810+0000][7][gc,marking  ] GC(137) Concurrent Preclean 0.235ms
[2022-07-20T10:30:40.810+0000][7][gc,marking  ] GC(137) Concurrent Mark (2788.299s, 2788.462s) 162.775ms
[2022-07-20T10:30:40.810+0000][7][gc,start    ] GC(137) Pause Remark
[2022-07-20T10:30:40.822+0000][7][gc          ] GC(137) Pause Remark 129M->129M(256M) 11.766ms
[2022-07-20T10:30:40.822+0000][7][gc,cpu      ] GC(137) User=0.04s Sys=0.00s Real=0.01s
[2022-07-20T10:30:40.822+0000][7][safepoint   ] Safepoint "G1Concurrent", Time since last: 165687323 ns, Reaching safepoint: 178960 ns, At safepoint: 11870648 ns, Total: 12049608 ns
[2022-07-20T10:30:40.822+0000][7][gc,marking  ] GC(137) Concurrent Rebuild Remembered Sets
[2022-07-20T10:30:40.912+0000][7][gc,marking  ] GC(137) Concurrent Rebuild Remembered Sets 90.256ms
[2022-07-20T10:30:40.912+0000][7][gc,start    ] GC(137) Pause Cleanup
[2022-07-20T10:30:40.912+0000][7][gc          ] GC(137) Pause Cleanup 129M->129M(256M) 0.069ms
[2022-07-20T10:30:40.912+0000][7][gc,cpu      ] GC(137) User=0.00s Sys=0.00s Real=0.00s
[2022-07-20T10:30:40.912+0000][7][safepoint   ] Safepoint "G1Concurrent", Time since last: 90364064 ns, Reaching safepoint: 94969 ns, At safepoint: 119770 ns, Total: 214739 ns
[2022-07-20T10:30:40.912+0000][7][gc,marking  ] GC(137) Concurrent Cleanup for Next Mark
[2022-07-20T10:30:40.913+0000][7][gc,marking  ] GC(137) Concurrent Cleanup for Next Mark 0.243ms
[2022-07-20T10:30:40.913+0000][7][gc          ] GC(137) Concurrent Cycle 268.633ms
[2022-07-20T10:30:55.915+0000][7][safepoint   ] Safepoint "Cleanup", Time since last: 15002816888 ns, Reaching safepoint: 150207 ns, At safepoint: 12530 ns, Total: 162737 ns
[2022-07-20T10:31:01.917+0000][7][safepoint   ] Safepoint "Cleanup", Time since last: 6001757411 ns, Reaching safepoint: 98308 ns, At safepoint: 6950 ns, Total: 105258 ns
[2022-07-20T10:31:17.671+0000][7][gc,start    ] GC(138) Pause Young (Normal) (G1 Evacuation Pause)
[2022-07-20T10:31:17.671+0000][7][gc,task     ] GC(138) Using 4 workers of 4 for evacuation
[2022-07-20T10:31:17.671+0000][7][gc,age      ] GC(138) Desired survivor size 6291456 bytes, new threshold 15 (max threshold 15)
[2022-07-20T10:31:17.674+0000][7][gc,age      ] GC(138) Age table with threshold 15 (max threshold 15)
[2022-07-20T10:31:17.674+0000][7][gc,age      ] GC(138) - age   1:    1326136 bytes,    1326136 total
[2022-07-20T10:31:17.674+0000][7][gc,age      ] GC(138) - age   2:     240096 bytes,    1566232 total
[2022-07-20T10:31:17.674+0000][7][gc,age      ] GC(138) - age   3:       1360 bytes,    1567592 total
[2022-07-20T10:31:17.674+0000][7][gc,age      ] GC(138) - age   4:      20472 bytes,    1588064 total
[2022-07-20T10:31:17.674+0000][7][gc,age      ] GC(138) - age   5:     174744 bytes,    1762808 total
[2022-07-20T10:31:17.674+0000][7][gc,age      ] GC(138) - age   6:       1920 bytes,    1764728 total
[2022-07-20T10:31:17.674+0000][7][gc,age      ] GC(138) - age   7:       2216 bytes,    1766944 total
[2022-07-20T10:31:17.674+0000][7][gc,age      ] GC(138) - age   8:       1280 bytes,    1768224 total
[2022-07-20T10:31:17.674+0000][7][gc,age      ] GC(138) - age   9:       1144 bytes,    1769368 total
[2022-07-20T10:31:17.674+0000][7][gc,age      ] GC(138) - age  10:      28688 bytes,    1798056 total
[2022-07-20T10:31:17.674+0000][7][gc,age      ] GC(138) - age  11:        504 bytes,    1798560 total
[2022-07-20T10:31:17.674+0000][7][gc,age      ] GC(138) - age  12:        296 bytes,    1798856 total
[2022-07-20T10:31:17.674+0000][7][gc,age      ] GC(138) - age  13:        912 bytes,    1799768 total
[2022-07-20T10:31:17.674+0000][7][gc,age      ] GC(138) - age  14:       1408 bytes,    1801176 total
[2022-07-20T10:31:17.674+0000][7][gc,age      ] GC(138) - age  15:        696 bytes,    1801872 total
[2022-07-20T10:31:17.674+0000][7][gc,phases   ] GC(138)   Pre Evacuate Collection Set: 0.1ms
[2022-07-20T10:31:17.674+0000][7][gc,phases   ] GC(138)   Merge Heap Roots: 0.0ms
[2022-07-20T10:31:17.674+0000][7][gc,phases   ] GC(138)   Evacuate Collection Set: 2.6ms
[2022-07-20T10:31:17.674+0000][7][gc,phases   ] GC(138)   Post Evacuate Collection Set: 0.5ms
[2022-07-20T10:31:17.674+0000][7][gc,phases   ] GC(138)   Other: 0.4ms
[2022-07-20T10:31:17.674+0000][7][gc,heap     ] GC(138) Eden regions: 23->0(23)
[2022-07-20T10:31:17.674+0000][7][gc,heap     ] GC(138) Survivor regions: 1->1(3)
[2022-07-20T10:31:17.674+0000][7][gc,heap     ] GC(138) Old regions: 24->24
[2022-07-20T10:31:17.674+0000][7][gc,heap     ] GC(138) Archive regions: 2->2
[2022-07-20T10:31:17.674+0000][7][gc,heap     ] GC(138) Humongous regions: 2->2
[2022-07-20T10:31:17.674+0000][7][gc,metaspace] GC(138) Metaspace: 109625K(114552K)->109625K(114552K) NonClass: 95648K(99244K)->95648K(99244K) Class: 13977K(15308K)->13977K(15308K)
[2022-07-20T10:31:17.674+0000][7][gc          ] GC(138) Pause Young (Normal) (G1 Evacuation Pause) 199M->107M(256M) 3.649ms
[2022-07-20T10:31:17.674+0000][7][gc,cpu      ] GC(138) User=0.01s Sys=0.01s Real=0.00s
[2022-07-20T10:31:17.674+0000][7][safepoint   ] Safepoint "G1CollectForAllocation", Time since last: 15753240618 ns, Reaching safepoint: 173525 ns, At safepoint: 3749608 ns, Total: 3923133 ns
[2022-07-20T10:31:40.678+0000][7][safepoint   ] Safepoint "Cleanup", Time since last: 23003301771 ns, Reaching safepoint: 99561 ns, At safepoint: 9824 ns, Total: 109385 ns
[2022-07-20T10:31:58.680+0000][7][safepoint   ] Safepoint "Cleanup", Time since last: 18002456202 ns, Reaching safepoint: 96682 ns, At safepoint: 4684 ns, Total: 101366 ns
[2022-07-20T10:32:05.724+0000][7][gc,start    ] GC(139) Pause Young (Concurrent Start) (G1 Evacuation Pause)
[2022-07-20T10:32:05.724+0000][7][gc,task     ] GC(139) Using 4 workers of 4 for evacuation
[2022-07-20T10:32:05.724+0000][7][gc,age      ] GC(139) Desired survivor size 6291456 bytes, new threshold 15 (max threshold 15)
[2022-07-20T10:32:05.727+0000][7][gc,age      ] GC(139) Age table with threshold 15 (max threshold 15)
[2022-07-20T10:32:05.727+0000][7][gc,age      ] GC(139) - age   1:    1378888 bytes,    1378888 total
[2022-07-20T10:32:05.727+0000][7][gc,age      ] GC(139) - age   2:     209112 bytes,    1588000 total
[2022-07-20T10:32:05.727+0000][7][gc,age      ] GC(139) - age   3:      13120 bytes,    1601120 total
[2022-07-20T10:32:05.727+0000][7][gc,age      ] GC(139) - age   4:        640 bytes,    1601760 total
[2022-07-20T10:32:05.727+0000][7][gc,age      ] GC(139) - age   5:      20312 bytes,    1622072 total
[2022-07-20T10:32:05.727+0000][7][gc,age      ] GC(139) - age   6:     174712 bytes,    1796784 total
[2022-07-20T10:32:05.727+0000][7][gc,age      ] GC(139) - age   7:       1568 bytes,    1798352 total
[2022-07-20T10:32:05.727+0000][7][gc,age      ] GC(139) - age   8:       2152 bytes,    1800504 total
[2022-07-20T10:32:05.727+0000][7][gc,age      ] GC(139) - age   9:       1280 bytes,    1801784 total
[2022-07-20T10:32:05.727+0000][7][gc,age      ] GC(139) - age  10:       1144 bytes,    1802928 total
[2022-07-20T10:32:05.727+0000][7][gc,age      ] GC(139) - age  11:      28688 bytes,    1831616 total
[2022-07-20T10:32:05.728+0000][7][gc,age      ] GC(139) - age  12:        504 bytes,    1832120 total
[2022-07-20T10:32:05.728+0000][7][gc,age      ] GC(139) - age  13:        296 bytes,    1832416 total
[2022-07-20T10:32:05.728+0000][7][gc,age      ] GC(139) - age  14:        912 bytes,    1833328 total
[2022-07-20T10:32:05.728+0000][7][gc,age      ] GC(139) - age  15:       1408 bytes,    1834736 total
[2022-07-20T10:32:05.728+0000][7][gc,phases   ] GC(139)   Pre Evacuate Collection Set: 0.2ms
[2022-07-20T10:32:05.728+0000][7][gc,phases   ] GC(139)   Merge Heap Roots: 0.1ms
[2022-07-20T10:32:05.728+0000][7][gc,phases   ] GC(139)   Evacuate Collection Set: 2.2ms
[2022-07-20T10:32:05.728+0000][7][gc,phases   ] GC(139)   Post Evacuate Collection Set: 0.5ms
[2022-07-20T10:32:05.728+0000][7][gc,phases   ] GC(139)   Other: 0.4ms
[2022-07-20T10:32:05.728+0000][7][gc,heap     ] GC(139) Eden regions: 23->0(23)
[2022-07-20T10:32:05.728+0000][7][gc,heap     ] GC(139) Survivor regions: 1->1(3)
[2022-07-20T10:32:05.728+0000][7][gc,heap     ] GC(139) Old regions: 24->24
[2022-07-20T10:32:05.728+0000][7][gc,heap     ] GC(139) Archive regions: 2->2
[2022-07-20T10:32:05.728+0000][7][gc,heap     ] GC(139) Humongous regions: 2->2
[2022-07-20T10:32:05.728+0000][7][gc,metaspace] GC(139) Metaspace: 109631K(114552K)->109631K(114552K) NonClass: 95654K(99244K)->95654K(99244K) Class: 13977K(15308K)->13977K(15308K)
[2022-07-20T10:32:05.728+0000][7][gc          ] GC(139) Pause Young (Concurrent Start) (G1 Evacuation Pause) 198M->107M(256M) 3.426ms
[2022-07-20T10:32:05.728+0000][7][gc,cpu      ] GC(139) User=0.01s Sys=0.00s Real=0.00s
[2022-07-20T10:32:05.728+0000][7][gc          ] GC(140) Concurrent Cycle
[2022-07-20T10:32:05.728+0000][7][safepoint   ] Safepoint "G1CollectForAllocation", Time since last: 7043721437 ns, Reaching safepoint: 137006 ns, At safepoint: 3531508 ns, Total: 3668514 ns
[2022-07-20T10:32:05.728+0000][7][gc,marking  ] GC(140) Concurrent Clear Claimed Marks
[2022-07-20T10:32:05.728+0000][7][gc,marking  ] GC(140) Concurrent Clear Claimed Marks 0.106ms
[2022-07-20T10:32:05.728+0000][7][gc,marking  ] GC(140) Concurrent Scan Root Regions
[2022-07-20T10:32:05.731+0000][7][gc,marking  ] GC(140) Concurrent Scan Root Regions 2.775ms
[2022-07-20T10:32:05.731+0000][7][gc,marking  ] GC(140) Concurrent Mark (2873.383s)
[2022-07-20T10:32:05.731+0000][7][gc,marking  ] GC(140) Concurrent Mark From Roots
[2022-07-20T10:32:05.731+0000][7][gc,task     ] GC(140) Using 1 workers of 1 for marking
[2022-07-20T10:32:05.875+0000][7][gc,marking  ] GC(140) Concurrent Mark From Roots 144.158ms
[2022-07-20T10:32:05.875+0000][7][gc,marking  ] GC(140) Concurrent Preclean
[2022-07-20T10:32:05.875+0000][7][gc,marking  ] GC(140) Concurrent Preclean 0.219ms
[2022-07-20T10:32:05.875+0000][7][gc,marking  ] GC(140) Concurrent Mark (2873.383s, 2873.527s) 144.463ms
[2022-07-20T10:32:05.875+0000][7][gc,start    ] GC(140) Pause Remark
[2022-07-20T10:32:05.887+0000][7][gc          ] GC(140) Pause Remark 110M->110M(256M) 11.471ms
[2022-07-20T10:32:05.887+0000][7][gc,cpu      ] GC(140) User=0.04s Sys=0.00s Real=0.01s
[2022-07-20T10:32:05.887+0000][7][safepoint   ] Safepoint "G1Concurrent", Time since last: 147447375 ns, Reaching safepoint: 140737 ns, At safepoint: 11596181 ns, Total: 11736918 ns
[2022-07-20T10:32:05.887+0000][7][gc,marking  ] GC(140) Concurrent Rebuild Remembered Sets
[2022-07-20T10:32:05.976+0000][7][gc,marking  ] GC(140) Concurrent Rebuild Remembered Sets 88.688ms
[2022-07-20T10:32:05.976+0000][7][gc,start    ] GC(140) Pause Cleanup
[2022-07-20T10:32:05.976+0000][7][gc          ] GC(140) Pause Cleanup 110M->110M(256M) 0.096ms
[2022-07-20T10:32:05.976+0000][7][gc,cpu      ] GC(140) User=0.00s Sys=0.00s Real=0.00s
[2022-07-20T10:32:05.976+0000][7][safepoint   ] Safepoint "G1Concurrent", Time since last: 88820292 ns, Reaching safepoint: 192357 ns, At safepoint: 177991 ns, Total: 370348 ns
[2022-07-20T10:32:05.976+0000][7][gc,marking  ] GC(140) Concurrent Cleanup for Next Mark
[2022-07-20T10:32:05.976+0000][7][gc,marking  ] GC(140) Concurrent Cleanup for Next Mark 0.252ms
[2022-07-20T10:32:05.977+0000][7][gc          ] GC(140) Concurrent Cycle 248.735ms
[2022-07-20T10:32:18.978+0000][7][safepoint   ] Safepoint "Cleanup", Time since last: 13002178781 ns, Reaching safepoint: 102030 ns, At safepoint: 4837 ns, Total: 106867 ns
[2022-07-20T10:32:24.979+0000][7][safepoint   ] Safepoint "Cleanup", Time since last: 6000471881 ns, Reaching safepoint: 142699 ns, At safepoint: 7016 ns, Total: 149715 ns
[2022-07-20T10:32:26.980+0000][7][safepoint   ] Safepoint "Cleanup", Time since last: 2000475033 ns, Reaching safepoint: 137081 ns, At safepoint: 6420 ns, Total: 143501 ns
[2022-07-20T10:32:28.981+0000][7][safepoint   ] Safepoint "Cleanup", Time since last: 2000734796 ns, Reaching safepoint: 92377 ns, At safepoint: 5803 ns, Total: 98180 ns
[2022-07-20T10:32:40.650+0000][7][gc,start    ] GC(141) Pause Young (Normal) (G1 Evacuation Pause)
[2022-07-20T10:32:40.650+0000][7][gc,task     ] GC(141) Using 4 workers of 4 for evacuation
[2022-07-20T10:32:40.650+0000][7][gc,age      ] GC(141) Desired survivor size 6291456 bytes, new threshold 15 (max threshold 15)
[2022-07-20T10:32:40.654+0000][7][gc,age      ] GC(141) Age table with threshold 15 (max threshold 15)
[2022-07-20T10:32:40.654+0000][7][gc,age      ] GC(141) - age   1:    2173920 bytes,    2173920 total
[2022-07-20T10:32:40.654+0000][7][gc,age      ] GC(141) - age   2:     185072 bytes,    2358992 total
[2022-07-20T10:32:40.654+0000][7][gc,age      ] GC(141) - age   3:       3216 bytes,    2362208 total
[2022-07-20T10:32:40.654+0000][7][gc,age      ] GC(141) - age   4:      12800 bytes,    2375008 total
[2022-07-20T10:32:40.654+0000][7][gc,age      ] GC(141) - age   5:        416 bytes,    2375424 total
[2022-07-20T10:32:40.654+0000][7][gc,age      ] GC(141) - age   6:      20248 bytes,    2395672 total
[2022-07-20T10:32:40.654+0000][7][gc,age      ] GC(141) - age   7:     174648 bytes,    2570320 total
[2022-07-20T10:32:40.654+0000][7][gc,age      ] GC(141) - age   8:       1568 bytes,    2571888 total
[2022-07-20T10:32:40.654+0000][7][gc,age      ] GC(141) - age   9:       2152 bytes,    2574040 total
[2022-07-20T10:32:40.654+0000][7][gc,age      ] GC(141) - age  10:       1280 bytes,    2575320 total
[2022-07-20T10:32:40.654+0000][7][gc,age      ] GC(141) - age  11:       1144 bytes,    2576464 total
[2022-07-20T10:32:40.654+0000][7][gc,age      ] GC(141) - age  12:      28688 bytes,    2605152 total
[2022-07-20T10:32:40.654+0000][7][gc,age      ] GC(141) - age  13:        504 bytes,    2605656 total
[2022-07-20T10:32:40.654+0000][7][gc,age      ] GC(141) - age  14:        296 bytes,    2605952 total
[2022-07-20T10:32:40.654+0000][7][gc,age      ] GC(141) - age  15:        912 bytes,    2606864 total
[2022-07-20T10:32:40.654+0000][7][gc,phases   ] GC(141)   Pre Evacuate Collection Set: 0.1ms
[2022-07-20T10:32:40.654+0000][7][gc,phases   ] GC(141)   Merge Heap Roots: 0.1ms
[2022-07-20T10:32:40.654+0000][7][gc,phases   ] GC(141)   Evacuate Collection Set: 2.9ms
[2022-07-20T10:32:40.654+0000][7][gc,phases   ] GC(141)   Post Evacuate Collection Set: 0.6ms
[2022-07-20T10:32:40.654+0000][7][gc,phases   ] GC(141)   Other: 0.4ms
[2022-07-20T10:32:40.654+0000][7][gc,heap     ] GC(141) Eden regions: 23->0(23)
[2022-07-20T10:32:40.654+0000][7][gc,heap     ] GC(141) Survivor regions: 1->1(3)
[2022-07-20T10:32:40.654+0000][7][gc,heap     ] GC(141) Old regions: 24->24
[2022-07-20T10:32:40.654+0000][7][gc,heap     ] GC(141) Archive regions: 2->2
[2022-07-20T10:32:40.654+0000][7][gc,heap     ] GC(141) Humongous regions: 2->2
[2022-07-20T10:32:40.654+0000][7][gc,metaspace] GC(141) Metaspace: 109636K(114680K)->109636K(114680K) NonClass: 95658K(99244K)->95658K(99244K) Class: 13978K(15436K)->13978K(15436K)
[2022-07-20T10:32:40.654+0000][7][gc          ] GC(141) Pause Young (Normal) (G1 Evacuation Pause) 199M->107M(256M) 4.128ms
[2022-07-20T10:32:40.654+0000][7][gc,cpu      ] GC(141) User=0.01s Sys=0.00s Real=0.00s
[2022-07-20T10:32:40.654+0000][7][safepoint   ] Safepoint "G1CollectForAllocation", Time since last: 11669092500 ns, Reaching safepoint: 148728 ns, At safepoint: 4228397 ns, Total: 4377125 ns
[2022-07-20T10:32:41.654+0000][7][safepoint   ] Safepoint "Cleanup", Time since last: 1000303189 ns, Reaching safepoint: 136568 ns, At safepoint: 8825 ns, Total: 145393 ns
[2022-07-20T10:32:43.643+0000][7][safepoint   ] Safepoint "Cleanup", Time since last: 1987943296 ns, Reaching safepoint: 117915 ns, At safepoint: 6510 ns, Total: 124425 ns
[2022-07-20T10:32:44.661+0000][7][safepoint   ] Safepoint "Cleanup", Time since last: 1018572996 ns, Reaching safepoint: 202723 ns, At safepoint: 9451 ns, Total: 212174 ns
[2022-07-20T10:32:46.662+0000][7][safepoint   ] Safepoint "Cleanup", Time since last: 2000483935 ns, Reaching safepoint: 117273 ns, At safepoint: 9487 ns, Total: 126760 ns
[2022-07-20T10:32:54.663+0000][7][safepoint   ] Safepoint "Cleanup", Time since last: 8000802820 ns, Reaching safepoint: 141916 ns, At safepoint: 6766 ns, Total: 148682 ns
[2022-07-20T10:32:55.663+0000][7][safepoint   ] Safepoint "Cleanup", Time since last: 1000234180 ns, Reaching safepoint: 125125 ns, At safepoint: 6914 ns, Total: 132039 ns
[2022-07-20T10:33:01.664+0000][7][safepoint   ] Safepoint "Cleanup", Time since last: 6000838157 ns, Reaching safepoint: 99169 ns, At safepoint: 5445 ns, Total: 104614 ns
[2022-07-20T10:33:16.845+0000][7][gc,start    ] GC(142) Pause Young (Concurrent Start) (G1 Evacuation Pause)
[2022-07-20T10:33:16.845+0000][7][gc,task     ] GC(142) Using 4 workers of 4 for evacuation
[2022-07-20T10:33:16.845+0000][7][gc,age      ] GC(142) Desired survivor size 6291456 bytes, new threshold 15 (max threshold 15)
[2022-07-20T10:33:16.849+0000][7][gc,age      ] GC(142) Age table with threshold 15 (max threshold 15)
[2022-07-20T10:33:16.849+0000][7][gc,age      ] GC(142) - age   1:    1312288 bytes,    1312288 total
[2022-07-20T10:33:16.849+0000][7][gc,age      ] GC(142) - age   2:      63504 bytes,    1375792 total
[2022-07-20T10:33:16.849+0000][7][gc,age      ] GC(142) - age   3:     183968 bytes,    1559760 total
[2022-07-20T10:33:16.849+0000][7][gc,age      ] GC(142) - age   4:       2528 bytes,    1562288 total
[2022-07-20T10:33:16.849+0000][7][gc,age      ] GC(142) - age   5:      10224 bytes,    1572512 total
[2022-07-20T10:33:16.849+0000][7][gc,age      ] GC(142) - age   6:        416 bytes,    1572928 total
[2022-07-20T10:33:16.849+0000][7][gc,age      ] GC(142) - age   7:      20248 bytes,    1593176 total
[2022-07-20T10:33:16.849+0000][7][gc,age      ] GC(142) - age   8:     174648 bytes,    1767824 total
[2022-07-20T10:33:16.849+0000][7][gc,age      ] GC(142) - age   9:       1568 bytes,    1769392 total
[2022-07-20T10:33:16.850+0000][7][gc,age      ] GC(142) - age  10:       2152 bytes,    1771544 total
[2022-07-20T10:33:16.850+0000][7][gc,age      ] GC(142) - age  11:       1280 bytes,    1772824 total
[2022-07-20T10:33:16.850+0000][7][gc,age      ] GC(142) - age  12:        960 bytes,    1773784 total
[2022-07-20T10:33:16.850+0000][7][gc,age      ] GC(142) - age  13:      28688 bytes,    1802472 total
[2022-07-20T10:33:16.850+0000][7][gc,age      ] GC(142) - age  14:        504 bytes,    1802976 total
[2022-07-20T10:33:16.850+0000][7][gc,age      ] GC(142) - age  15:        296 bytes,    1803272 total
[2022-07-20T10:33:16.850+0000][7][gc,phases   ] GC(142)   Pre Evacuate Collection Set: 0.2ms
[2022-07-20T10:33:16.850+0000][7][gc,phases   ] GC(142)   Merge Heap Roots: 0.1ms
[2022-07-20T10:33:16.850+0000][7][gc,phases   ] GC(142)   Evacuate Collection Set: 2.8ms
[2022-07-20T10:33:16.850+0000][7][gc,phases   ] GC(142)   Post Evacuate Collection Set: 1.2ms
[2022-07-20T10:33:16.850+0000][7][gc,phases   ] GC(142)   Other: 0.4ms
[2022-07-20T10:33:16.850+0000][7][gc,heap     ] GC(142) Eden regions: 23->0(23)
[2022-07-20T10:33:16.850+0000][7][gc,heap     ] GC(142) Survivor regions: 1->1(3)
[2022-07-20T10:33:16.850+0000][7][gc,heap     ] GC(142) Old regions: 24->24
[2022-07-20T10:33:16.850+0000][7][gc,heap     ] GC(142) Archive regions: 2->2
[2022-07-20T10:33:16.850+0000][7][gc,heap     ] GC(142) Humongous regions: 2->2
[2022-07-20T10:33:16.850+0000][7][gc,metaspace] GC(142) Metaspace: 109743K(114680K)->109743K(114680K) NonClass: 95748K(99244K)->95748K(99244K) Class: 13995K(15436K)->13995K(15436K)
[2022-07-20T10:33:16.850+0000][7][gc          ] GC(142) Pause Young (Concurrent Start) (G1 Evacuation Pause) 199M->106M(256M) 4.746ms
[2022-07-20T10:33:16.850+0000][7][gc,cpu      ] GC(142) User=0.01s Sys=0.00s Real=0.00s
[2022-07-20T10:33:16.850+0000][7][gc          ] GC(143) Concurrent Cycle
[2022-07-20T10:33:16.850+0000][7][safepoint   ] Safepoint "G1CollectForAllocation", Time since last: 15180630520 ns, Reaching safepoint: 150717 ns, At safepoint: 4846504 ns, Total: 4997221 ns
[2022-07-20T10:33:16.850+0000][7][gc,marking  ] GC(143) Concurrent Clear Claimed Marks
[2022-07-20T10:33:16.850+0000][7][gc,marking  ] GC(143) Concurrent Clear Claimed Marks 0.132ms
[2022-07-20T10:33:16.850+0000][7][gc,marking  ] GC(143) Concurrent Scan Root Regions
[2022-07-20T10:33:16.852+0000][7][gc,marking  ] GC(143) Concurrent Scan Root Regions 2.266ms
[2022-07-20T10:33:16.852+0000][7][gc,marking  ] GC(143) Concurrent Mark (2944.504s)
[2022-07-20T10:33:16.852+0000][7][gc,marking  ] GC(143) Concurrent Mark From Roots
[2022-07-20T10:33:16.852+0000][7][gc,task     ] GC(143) Using 1 workers of 1 for marking
[2022-07-20T10:33:17.016+0000][7][gc,marking  ] GC(143) Concurrent Mark From Roots 163.588ms
[2022-07-20T10:33:17.016+0000][7][gc,marking  ] GC(143) Concurrent Preclean
[2022-07-20T10:33:17.016+0000][7][gc,marking  ] GC(143) Concurrent Preclean 0.178ms
[2022-07-20T10:33:17.016+0000][7][gc,marking  ] GC(143) Concurrent Mark (2944.504s, 2944.668s) 163.849ms
[2022-07-20T10:33:17.016+0000][7][gc,start    ] GC(143) Pause Remark
[2022-07-20T10:33:17.046+0000][7][gc          ] GC(143) Pause Remark 107M->107M(256M) 29.609ms
[2022-07-20T10:33:17.046+0000][7][gc,cpu      ] GC(143) User=0.05s Sys=0.00s Real=0.03s
[2022-07-20T10:33:17.046+0000][7][safepoint   ] Safepoint "G1Concurrent", Time since last: 166370069 ns, Reaching safepoint: 128196 ns, At safepoint: 29729576 ns, Total: 29857772 ns
[2022-07-20T10:33:17.046+0000][7][gc,marking  ] GC(143) Concurrent Rebuild Remembered Sets
[2022-07-20T10:33:17.143+0000][7][gc,marking  ] GC(143) Concurrent Rebuild Remembered Sets 96.525ms
[2022-07-20T10:33:17.143+0000][7][gc,start    ] GC(143) Pause Cleanup
[2022-07-20T10:33:17.143+0000][7][gc          ] GC(143) Pause Cleanup 107M->107M(256M) 0.074ms
[2022-07-20T10:33:17.143+0000][7][gc,cpu      ] GC(143) User=0.00s Sys=0.00s Real=0.00s
[2022-07-20T10:33:17.143+0000][7][safepoint   ] Safepoint "G1Concurrent", Time since last: 96632891 ns, Reaching safepoint: 101777 ns, At safepoint: 129900 ns, Total: 231677 ns
[2022-07-20T10:33:17.143+0000][7][gc,marking  ] GC(143) Concurrent Cleanup for Next Mark
[2022-07-20T10:33:17.143+0000][7][gc,marking  ] GC(143) Concurrent Cleanup for Next Mark 0.311ms
[2022-07-20T10:33:17.143+0000][7][gc          ] GC(143) Concurrent Cycle 293.496ms
[2022-07-20T10:33:26.144+0000][7][safepoint   ] Safepoint "Cleanup", Time since last: 9001167912 ns, Reaching safepoint: 216753 ns, At safepoint: 9383 ns, Total: 226136 ns
[2022-07-20T10:33:29.145+0000][7][safepoint   ] Safepoint "Cleanup", Time since last: 3000972158 ns, Reaching safepoint: 162846 ns, At safepoint: 8505 ns, Total: 171351 ns
[2022-07-20T10:33:30.146+0000][7][safepoint   ] Safepoint "Cleanup", Time since last: 1000497029 ns, Reaching safepoint: 153187 ns, At safepoint: 8059 ns, Total: 161246 ns
[2022-07-20T10:33:32.147+0000][7][safepoint   ] Safepoint "Cleanup", Time since last: 2000301852 ns, Reaching safepoint: 98397 ns, At safepoint: 5388 ns, Total: 103785 ns
[2022-07-20T10:33:46.148+0000][7][safepoint   ] Safepoint "Cleanup", Time since last: 14001763641 ns, Reaching safepoint: 115237 ns, At safepoint: 5975 ns, Total: 121212 ns
[2022-07-20T10:33:52.150+0000][7][safepoint   ] Safepoint "Cleanup", Time since last: 6001484345 ns, Reaching safepoint: 216711 ns, At safepoint: 9155 ns, Total: 225866 ns
[2022-07-20T10:33:53.151+0000][7][safepoint   ] Safepoint "Cleanup", Time since last: 1000328345 ns, Reaching safepoint: 234122 ns, At safepoint: 9552 ns, Total: 243674 ns
[2022-07-20T10:33:55.151+0000][7][safepoint   ] Safepoint "Cleanup", Time since last: 2000214429 ns, Reaching safepoint: 130903 ns, At safepoint: 8405 ns, Total: 139308 ns
[2022-07-20T10:33:56.091+0000][7][gc,start    ] GC(144) Pause Young (Normal) (G1 Evacuation Pause)
[2022-07-20T10:33:56.091+0000][7][gc,task     ] GC(144) Using 4 workers of 4 for evacuation
[2022-07-20T10:33:56.091+0000][7][gc,age      ] GC(144) Desired survivor size 6291456 bytes, new threshold 15 (max threshold 15)
[2022-07-20T10:33:56.095+0000][7][gc,age      ] GC(144) Age table with threshold 15 (max threshold 15)
[2022-07-20T10:33:56.095+0000][7][gc,age      ] GC(144) - age   1:    1357880 bytes,    1357880 total
[2022-07-20T10:33:56.095+0000][7][gc,age      ] GC(144) - age   2:      59128 bytes,    1417008 total
[2022-07-20T10:33:56.095+0000][7][gc,age      ] GC(144) - age   3:      62544 bytes,    1479552 total
[2022-07-20T10:33:56.095+0000][7][gc,age      ] GC(144) - age   4:     183656 bytes,    1663208 total
[2022-07-20T10:33:56.095+0000][7][gc,age      ] GC(144) - age   5:       1896 bytes,    1665104 total
[2022-07-20T10:33:56.095+0000][7][gc,age      ] GC(144) - age   6:       1856 bytes,    1666960 total
[2022-07-20T10:33:56.095+0000][7][gc,age      ] GC(144) - age   7:        416 bytes,    1667376 total
[2022-07-20T10:33:56.095+0000][7][gc,age      ] GC(144) - age   8:       1512 bytes,    1668888 total
[2022-07-20T10:33:56.095+0000][7][gc,age      ] GC(144) - age   9:     119576 bytes,    1788464 total
[2022-07-20T10:33:56.095+0000][7][gc,age      ] GC(144) - age  10:       1568 bytes,    1790032 total
[2022-07-20T10:33:56.095+0000][7][gc,age      ] GC(144) - age  11:       2152 bytes,    1792184 total
[2022-07-20T10:33:56.095+0000][7][gc,age      ] GC(144) - age  12:       1280 bytes,    1793464 total
[2022-07-20T10:33:56.095+0000][7][gc,age      ] GC(144) - age  13:        960 bytes,    1794424 total
[2022-07-20T10:33:56.095+0000][7][gc,age      ] GC(144) - age  14:       4280 bytes,    1798704 total
[2022-07-20T10:33:56.095+0000][7][gc,age      ] GC(144) - age  15:        504 bytes,    1799208 total
[2022-07-20T10:33:56.095+0000][7][gc,phases   ] GC(144)   Pre Evacuate Collection Set: 0.1ms
[2022-07-20T10:33:56.095+0000][7][gc,phases   ] GC(144)   Merge Heap Roots: 0.1ms
[2022-07-20T10:33:56.095+0000][7][gc,phases   ] GC(144)   Evacuate Collection Set: 3.1ms
[2022-07-20T10:33:56.095+0000][7][gc,phases   ] GC(144)   Post Evacuate Collection Set: 0.6ms
[2022-07-20T10:33:56.095+0000][7][gc,phases   ] GC(144)   Other: 0.4ms
[2022-07-20T10:33:56.095+0000][7][gc,heap     ] GC(144) Eden regions: 23->0(23)
[2022-07-20T10:33:56.095+0000][7][gc,heap     ] GC(144) Survivor regions: 1->1(3)
[2022-07-20T10:33:56.095+0000][7][gc,heap     ] GC(144) Old regions: 24->24
[2022-07-20T10:33:56.095+0000][7][gc,heap     ] GC(144) Archive regions: 2->2
[2022-07-20T10:33:56.095+0000][7][gc,heap     ] GC(144) Humongous regions: 2->2
[2022-07-20T10:33:56.095+0000][7][gc,metaspace] GC(144) Metaspace: 109770K(114680K)->109770K(114680K) NonClass: 95774K(99244K)->95774K(99244K) Class: 13996K(15436K)->13996K(15436K)
[2022-07-20T10:33:56.095+0000][7][gc          ] GC(144) Pause Young (Normal) (G1 Evacuation Pause) 198M->106M(256M) 4.295ms
[2022-07-20T10:33:56.095+0000][7][gc,cpu      ] GC(144) User=0.01s Sys=0.00s Real=0.01s
[2022-07-20T10:33:56.095+0000][7][safepoint   ] Safepoint "G1CollectForAllocation", Time since last: 939432481 ns, Reaching safepoint: 142717 ns, At safepoint: 4404056 ns, Total: 4546773 ns
[2022-07-20T10:34:05.097+0000][7][safepoint   ] Safepoint "Cleanup", Time since last: 9001771292 ns, Reaching safepoint: 214552 ns, At safepoint: 9751 ns, Total: 224303 ns
[2022-07-20T10:34:16.099+0000][7][safepoint   ] Safepoint "Cleanup", Time since last: 11001920269 ns, Reaching safepoint: 187623 ns, At safepoint: 8506 ns, Total: 196129 ns
[2022-07-20T10:34:26.101+0000][7][safepoint   ] Safepoint "Cleanup", Time since last: 10001571114 ns, Reaching safepoint: 124571 ns, At safepoint: 9440 ns, Total: 134011 ns
[2022-07-20T10:34:27.698+0000][7][safepoint   ] Safepoint "ICBufferFull", Time since last: 1596493010 ns, Reaching safepoint: 203636 ns, At safepoint: 7614 ns, Total: 211250 ns
[2022-07-20T10:34:27.723+0000][7][safepoint   ] Safepoint "ICBufferFull", Time since last: 24882663 ns, Reaching safepoint: 259363 ns, At safepoint: 9784 ns, Total: 269147 ns
[2022-07-20T10:34:28.682+0000][7][gc,start    ] GC(145) Pause Young (Concurrent Start) (G1 Evacuation Pause)
[2022-07-20T10:34:28.682+0000][7][gc,task     ] GC(145) Using 4 workers of 4 for evacuation
[2022-07-20T10:34:28.682+0000][7][gc,age      ] GC(145) Desired survivor size 6291456 bytes, new threshold 15 (max threshold 15)
[2022-07-20T10:34:28.685+0000][7][gc,age      ] GC(145) Age table with threshold 15 (max threshold 15)
[2022-07-20T10:34:28.686+0000][7][gc,age      ] GC(145) - age   1:    2117040 bytes,    2117040 total
[2022-07-20T10:34:28.686+0000][7][gc,age      ] GC(145) - age   2:     435440 bytes,    2552480 total
[2022-07-20T10:34:28.686+0000][7][gc,age      ] GC(145) - age   3:      58424 bytes,    2610904 total
[2022-07-20T10:34:28.686+0000][7][gc,age      ] GC(145) - age   4:      13776 bytes,    2624680 total
[2022-07-20T10:34:28.686+0000][7][gc,age      ] GC(145) - age   5:       1760 bytes,    2626440 total
[2022-07-20T10:34:28.686+0000][7][gc,age      ] GC(145) - age   6:       1704 bytes,    2628144 total
[2022-07-20T10:34:28.686+0000][7][gc,age      ] GC(145) - age   7:       1664 bytes,    2629808 total
[2022-07-20T10:34:28.686+0000][7][gc,age      ] GC(145) - age   8:        416 bytes,    2630224 total
[2022-07-20T10:34:28.686+0000][7][gc,age      ] GC(145) - age   9:       1272 bytes,    2631496 total
[2022-07-20T10:34:28.686+0000][7][gc,age      ] GC(145) - age  10:     119576 bytes,    2751072 total
[2022-07-20T10:34:28.686+0000][7][gc,age      ] GC(145) - age  11:       1568 bytes,    2752640 total
[2022-07-20T10:34:28.686+0000][7][gc,age      ] GC(145) - age  12:       1952 bytes,    2754592 total
[2022-07-20T10:34:28.686+0000][7][gc,age      ] GC(145) - age  13:        968 bytes,    2755560 total
[2022-07-20T10:34:28.686+0000][7][gc,age      ] GC(145) - age  14:        920 bytes,    2756480 total
[2022-07-20T10:34:28.686+0000][7][gc,age      ] GC(145) - age  15:       3968 bytes,    2760448 total
[2022-07-20T10:34:28.686+0000][7][gc,phases   ] GC(145)   Pre Evacuate Collection Set: 0.2ms
[2022-07-20T10:34:28.686+0000][7][gc,phases   ] GC(145)   Merge Heap Roots: 0.1ms
[2022-07-20T10:34:28.686+0000][7][gc,phases   ] GC(145)   Evacuate Collection Set: 2.9ms
[2022-07-20T10:34:28.686+0000][7][gc,phases   ] GC(145)   Post Evacuate Collection Set: 0.5ms
[2022-07-20T10:34:28.686+0000][7][gc,phases   ] GC(145)   Other: 0.4ms
[2022-07-20T10:34:28.686+0000][7][gc,heap     ] GC(145) Eden regions: 23->0(23)
[2022-07-20T10:34:28.686+0000][7][gc,heap     ] GC(145) Survivor regions: 1->1(3)
[2022-07-20T10:34:28.686+0000][7][gc,heap     ] GC(145) Old regions: 24->24
[2022-07-20T10:34:28.686+0000][7][gc,heap     ] GC(145) Archive regions: 2->2
[2022-07-20T10:34:28.686+0000][7][gc,heap     ] GC(145) Humongous regions: 2->2
[2022-07-20T10:34:28.686+0000][7][gc,metaspace] GC(145) Metaspace: 109963K(114936K)->109963K(114936K) NonClass: 95936K(99500K)->95936K(99500K) Class: 14026K(15436K)->14026K(15436K)
[2022-07-20T10:34:28.686+0000][7][gc          ] GC(145) Pause Young (Concurrent Start) (G1 Evacuation Pause) 198M->107M(256M) 4.194ms
[2022-07-20T10:34:28.686+0000][7][gc,cpu      ] GC(145) User=0.02s Sys=0.00s Real=0.01s
[2022-07-20T10:34:28.686+0000][7][gc          ] GC(146) Concurrent Cycle
[2022-07-20T10:34:28.686+0000][7][safepoint   ] Safepoint "G1CollectForAllocation", Time since last: 958737563 ns, Reaching safepoint: 241884 ns, At safepoint: 4294601 ns, Total: 4536485 ns
[2022-07-20T10:34:28.686+0000][7][gc,marking  ] GC(146) Concurrent Clear Claimed Marks
[2022-07-20T10:34:28.686+0000][7][gc,marking  ] GC(146) Concurrent Clear Claimed Marks 0.100ms
[2022-07-20T10:34:28.686+0000][7][gc,marking  ] GC(146) Concurrent Scan Root Regions
[2022-07-20T10:34:28.690+0000][7][gc,marking  ] GC(146) Concurrent Scan Root Regions 3.724ms
[2022-07-20T10:34:28.690+0000][7][gc,marking  ] GC(146) Concurrent Mark (3016.342s)
[2022-07-20T10:34:28.690+0000][7][gc,marking  ] GC(146) Concurrent Mark From Roots
[2022-07-20T10:34:28.690+0000][7][gc,task     ] GC(146) Using 1 workers of 1 for marking
[2022-07-20T10:34:28.851+0000][7][gc,marking  ] GC(146) Concurrent Mark From Roots 161.109ms
[2022-07-20T10:34:28.851+0000][7][gc,marking  ] GC(146) Concurrent Preclean
[2022-07-20T10:34:28.851+0000][7][gc,marking  ] GC(146) Concurrent Preclean 0.221ms
[2022-07-20T10:34:28.851+0000][7][gc,marking  ] GC(146) Concurrent Mark (3016.342s, 3016.503s) 161.445ms
[2022-07-20T10:34:28.852+0000][7][gc,start    ] GC(146) Pause Remark
[2022-07-20T10:34:28.863+0000][7][gc          ] GC(146) Pause Remark 116M->116M(256M) 11.111ms
[2022-07-20T10:34:28.863+0000][7][gc,cpu      ] GC(146) User=0.04s Sys=0.00s Real=0.02s
[2022-07-20T10:34:28.863+0000][7][safepoint   ] Safepoint "G1Concurrent", Time since last: 165478613 ns, Reaching safepoint: 142208 ns, At safepoint: 11214551 ns, Total: 11356759 ns
[2022-07-20T10:34:28.863+0000][7][gc,marking  ] GC(146) Concurrent Rebuild Remembered Sets
[2022-07-20T10:34:28.966+0000][7][gc,marking  ] GC(146) Concurrent Rebuild Remembered Sets 103.536ms
[2022-07-20T10:34:28.967+0000][7][gc,start    ] GC(146) Pause Cleanup
[2022-07-20T10:34:28.967+0000][7][gc          ] GC(146) Pause Cleanup 121M->121M(256M) 0.079ms
[2022-07-20T10:34:28.967+0000][7][gc,cpu      ] GC(146) User=0.00s Sys=0.00s Real=0.00s
[2022-07-20T10:34:28.967+0000][7][safepoint   ] Safepoint "G1Concurrent", Time since last: 103638200 ns, Reaching safepoint: 98010 ns, At safepoint: 149120 ns, Total: 247130 ns
[2022-07-20T10:34:28.967+0000][7][gc,marking  ] GC(146) Concurrent Cleanup for Next Mark
[2022-07-20T10:34:28.967+0000][7][gc,marking  ] GC(146) Concurrent Cleanup for Next Mark 0.245ms
[2022-07-20T10:34:28.967+0000][7][gc          ] GC(146) Concurrent Cycle 281.035ms
[2022-07-20T10:34:31.967+0000][7][safepoint   ] Safepoint "Cleanup", Time since last: 3000246210 ns, Reaching safepoint: 130430 ns, At safepoint: 7362 ns, Total: 137792 ns
[2022-07-20T10:34:34.968+0000][7][safepoint   ] Safepoint "Cleanup", Time since last: 3000490539 ns, Reaching safepoint: 99217 ns, At safepoint: 7108 ns, Total: 106325 ns
[2022-07-20T10:34:40.968+0000][7][safepoint   ] Safepoint "Cleanup", Time since last: 6000689725 ns, Reaching safepoint: 138075 ns, At safepoint: 7523 ns, Total: 145598 ns
[2022-07-20T10:34:41.969+0000][7][safepoint   ] Safepoint "Cleanup", Time since last: 1000170317 ns, Reaching safepoint: 107785 ns, At safepoint: 6493 ns, Total: 114278 ns
[2022-07-20T10:34:43.969+0000][7][safepoint   ] Safepoint "Cleanup", Time since last: 2000276186 ns, Reaching safepoint: 114036 ns, At safepoint: 5814 ns, Total: 119850 ns
[2022-07-20T10:34:52.970+0000][7][safepoint   ] Safepoint "Cleanup", Time since last: 9000860739 ns, Reaching safepoint: 214535 ns, At safepoint: 5462 ns, Total: 219997 ns
[2022-07-20T10:34:55.972+0000][7][safepoint   ] Safepoint "Cleanup", Time since last: 3001247076 ns, Reaching safepoint: 134059 ns, At safepoint: 6936 ns, Total: 140995 ns
[2022-07-20T10:34:56.972+0000][7][safepoint   ] Safepoint "Cleanup", Time since last: 1000426231 ns, Reaching safepoint: 146324 ns, At safepoint: 9236 ns, Total: 155560 ns
[2022-07-20T10:34:59.973+0000][7][safepoint   ] Safepoint "Cleanup", Time since last: 3000902913 ns, Reaching safepoint: 126600 ns, At safepoint: 7488 ns, Total: 134088 ns
[2022-07-20T10:35:01.974+0000][7][safepoint   ] Safepoint "Cleanup", Time since last: 2000686983 ns, Reaching safepoint: 125472 ns, At safepoint: 7178 ns, Total: 132650 ns
[2022-07-20T10:35:04.701+0000][7][gc,start    ] GC(147) Pause Young (Normal) (G1 Evacuation Pause)
[2022-07-20T10:35:04.701+0000][7][gc,task     ] GC(147) Using 4 workers of 4 for evacuation
[2022-07-20T10:35:04.701+0000][7][gc,age      ] GC(147) Desired survivor size 6291456 bytes, new threshold 15 (max threshold 15)
[2022-07-20T10:35:04.706+0000][7][gc,age      ] GC(147) Age table with threshold 15 (max threshold 15)
[2022-07-20T10:35:04.706+0000][7][gc,age      ] GC(147) - age   1:    1640424 bytes,    1640424 total
[2022-07-20T10:35:04.706+0000][7][gc,age      ] GC(147) - age   2:     989704 bytes,    2630128 total
[2022-07-20T10:35:04.706+0000][7][gc,age      ] GC(147) - age   3:     433624 bytes,    3063752 total
[2022-07-20T10:35:04.706+0000][7][gc,age      ] GC(147) - age   4:      57824 bytes,    3121576 total
[2022-07-20T10:35:04.706+0000][7][gc,age      ] GC(147) - age   5:      13360 bytes,    3134936 total
[2022-07-20T10:35:04.706+0000][7][gc,age      ] GC(147) - age   6:       1504 bytes,    3136440 total
[2022-07-20T10:35:04.706+0000][7][gc,age      ] GC(147) - age   7:       1640 bytes,    3138080 total
[2022-07-20T10:35:04.706+0000][7][gc,age      ] GC(147) - age   8:       1664 bytes,    3139744 total
[2022-07-20T10:35:04.706+0000][7][gc,age      ] GC(147) - age   9:        352 bytes,    3140096 total
[2022-07-20T10:35:04.706+0000][7][gc,age      ] GC(147) - age  10:       1208 bytes,    3141304 total
[2022-07-20T10:35:04.706+0000][7][gc,age      ] GC(147) - age  11:     119448 bytes,    3260752 total
[2022-07-20T10:35:04.706+0000][7][gc,age      ] GC(147) - age  12:       1568 bytes,    3262320 total
[2022-07-20T10:35:04.706+0000][7][gc,age      ] GC(147) - age  13:       1952 bytes,    3264272 total
[2022-07-20T10:35:04.706+0000][7][gc,age      ] GC(147) - age  14:        968 bytes,    3265240 total
[2022-07-20T10:35:04.706+0000][7][gc,age      ] GC(147) - age  15:        920 bytes,    3266160 total
[2022-07-20T10:35:04.706+0000][7][gc,phases   ] GC(147)   Pre Evacuate Collection Set: 0.0ms
[2022-07-20T10:35:04.706+0000][7][gc,phases   ] GC(147)   Merge Heap Roots: 0.1ms
[2022-07-20T10:35:04.706+0000][7][gc,phases   ] GC(147)   Evacuate Collection Set: 4.3ms
[2022-07-20T10:35:04.706+0000][7][gc,phases   ] GC(147)   Post Evacuate Collection Set: 0.5ms
[2022-07-20T10:35:04.706+0000][7][gc,phases   ] GC(147)   Other: 0.3ms
[2022-07-20T10:35:04.706+0000][7][gc,heap     ] GC(147) Eden regions: 23->0(23)
[2022-07-20T10:35:04.706+0000][7][gc,heap     ] GC(147) Survivor regions: 1->1(3)
[2022-07-20T10:35:04.706+0000][7][gc,heap     ] GC(147) Old regions: 24->24
[2022-07-20T10:35:04.706+0000][7][gc,heap     ] GC(147) Archive regions: 2->2
[2022-07-20T10:35:04.706+0000][7][gc,heap     ] GC(147) Humongous regions: 2->2
[2022-07-20T10:35:04.706+0000][7][gc,metaspace] GC(147) Metaspace: 109969K(114936K)->109969K(114936K) NonClass: 95942K(99500K)->95942K(99500K) Class: 14026K(15436K)->14026K(15436K)
[2022-07-20T10:35:04.706+0000][7][gc          ] GC(147) Pause Young (Normal) (G1 Evacuation Pause) 199M->108M(256M) 5.317ms
[2022-07-20T10:35:04.706+0000][7][gc,cpu      ] GC(147) User=0.01s Sys=0.00s Real=0.01s
[2022-07-20T10:35:04.706+0000][7][safepoint   ] Safepoint "G1CollectForAllocation", Time since last: 2726412967 ns, Reaching safepoint: 93183 ns, At safepoint: 5410620 ns, Total: 5503803 ns
[2022-07-20T10:35:05.706+0000][7][safepoint   ] Safepoint "Cleanup", Time since last: 1000194044 ns, Reaching safepoint: 138483 ns, At safepoint: 9945 ns, Total: 148428 ns
[2022-07-20T10:35:13.708+0000][7][safepoint   ] Safepoint "Cleanup", Time since last: 8001412560 ns, Reaching safepoint: 128112 ns, At safepoint: 5967 ns, Total: 134079 ns
[2022-07-20T10:35:16.708+0000][7][safepoint   ] Safepoint "Cleanup", Time since last: 3000286851 ns, Reaching safepoint: 115426 ns, At safepoint: 8855 ns, Total: 124281 ns
[2022-07-20T10:35:17.709+0000][7][safepoint   ] Safepoint "Cleanup", Time since last: 1000122377 ns, Reaching safepoint: 139829 ns, At safepoint: 11205 ns, Total: 151034 ns
[2022-07-20T10:35:19.709+0000][7][safepoint   ] Safepoint "Cleanup", Time since last: 2000224966 ns, Reaching safepoint: 128849 ns, At safepoint: 8170 ns, Total: 137019 ns
[2022-07-20T10:35:22.710+0000][7][safepoint   ] Safepoint "Cleanup", Time since last: 3000566331 ns, Reaching safepoint: 115702 ns, At safepoint: 6791 ns, Total: 122493 ns
[2022-07-20T10:35:23.710+0000][7][safepoint   ] Safepoint "Cleanup", Time since last: 1000250180 ns, Reaching safepoint: 137706 ns, At safepoint: 8239 ns, Total: 145945 ns
[2022-07-20T10:35:26.710+0000][7][safepoint   ] Safepoint "Cleanup", Time since last: 3000302304 ns, Reaching safepoint: 114757 ns, At safepoint: 7041 ns, Total: 121798 ns
[2022-07-20T10:35:28.711+0000][7][safepoint   ] Safepoint "Cleanup", Time since last: 2000592579 ns, Reaching safepoint: 120412 ns, At safepoint: 8009 ns, Total: 128421 ns
[2022-07-20T10:35:40.713+0000][7][safepoint   ] Safepoint "Cleanup", Time since last: 12002128869 ns, Reaching safepoint: 128587 ns, At safepoint: 5705 ns, Total: 134292 ns
[2022-07-20T10:35:41.045+0000][7][gc,start    ] GC(148) Pause Young (Concurrent Start) (G1 Evacuation Pause)
[2022-07-20T10:35:41.045+0000][7][gc,task     ] GC(148) Using 4 workers of 4 for evacuation
[2022-07-20T10:35:41.045+0000][7][gc,age      ] GC(148) Desired survivor size 6291456 bytes, new threshold 15 (max threshold 15)
[2022-07-20T10:35:41.050+0000][7][gc,age      ] GC(148) Age table with threshold 15 (max threshold 15)
[2022-07-20T10:35:41.050+0000][7][gc,age      ] GC(148) - age   1:    2039616 bytes,    2039616 total
[2022-07-20T10:35:41.050+0000][7][gc,age      ] GC(148) - age   2:      64328 bytes,    2103944 total
[2022-07-20T10:35:41.050+0000][7][gc,age      ] GC(148) - age   3:     481448 bytes,    2585392 total
[2022-07-20T10:35:41.050+0000][7][gc,age      ] GC(148) - age   4:     364320 bytes,    2949712 total
[2022-07-20T10:35:41.050+0000][7][gc,age      ] GC(148) - age   5:      57568 bytes,    3007280 total
[2022-07-20T10:35:41.050+0000][7][gc,age      ] GC(148) - age   6:      13360 bytes,    3020640 total
[2022-07-20T10:35:41.050+0000][7][gc,age      ] GC(148) - age   7:       1152 bytes,    3021792 total
[2022-07-20T10:35:41.050+0000][7][gc,age      ] GC(148) - age   8:       1608 bytes,    3023400 total
[2022-07-20T10:35:41.050+0000][7][gc,age      ] GC(148) - age   9:       1664 bytes,    3025064 total
[2022-07-20T10:35:41.050+0000][7][gc,age      ] GC(148) - age  10:        352 bytes,    3025416 total
[2022-07-20T10:35:41.050+0000][7][gc,age      ] GC(148) - age  11:        816 bytes,    3026232 total
[2022-07-20T10:35:41.050+0000][7][gc,age      ] GC(148) - age  12:     119216 bytes,    3145448 total
[2022-07-20T10:35:41.050+0000][7][gc,age      ] GC(148) - age  13:       1568 bytes,    3147016 total
[2022-07-20T10:35:41.050+0000][7][gc,age      ] GC(148) - age  14:       1952 bytes,    3148968 total
[2022-07-20T10:35:41.050+0000][7][gc,age      ] GC(148) - age  15:        968 bytes,    3149936 total
[2022-07-20T10:35:41.050+0000][7][gc,phases   ] GC(148)   Pre Evacuate Collection Set: 0.2ms
[2022-07-20T10:35:41.050+0000][7][gc,phases   ] GC(148)   Merge Heap Roots: 0.1ms
[2022-07-20T10:35:41.050+0000][7][gc,phases   ] GC(148)   Evacuate Collection Set: 4.0ms
[2022-07-20T10:35:41.050+0000][7][gc,phases   ] GC(148)   Post Evacuate Collection Set: 0.6ms
[2022-07-20T10:35:41.050+0000][7][gc,phases   ] GC(148)   Other: 0.4ms
[2022-07-20T10:35:41.050+0000][7][gc,heap     ] GC(148) Eden regions: 23->0(23)
[2022-07-20T10:35:41.050+0000][7][gc,heap     ] GC(148) Survivor regions: 1->1(3)
[2022-07-20T10:35:41.050+0000][7][gc,heap     ] GC(148) Old regions: 24->24
[2022-07-20T10:35:41.050+0000][7][gc,heap     ] GC(148) Archive regions: 2->2
[2022-07-20T10:35:41.050+0000][7][gc,heap     ] GC(148) Humongous regions: 2->2
[2022-07-20T10:35:41.050+0000][7][gc,metaspace] GC(148) Metaspace: 109971K(114936K)->109971K(114936K) NonClass: 95944K(99500K)->95944K(99500K) Class: 14026K(15436K)->14026K(15436K)
[2022-07-20T10:35:41.050+0000][7][gc          ] GC(148) Pause Young (Concurrent Start) (G1 Evacuation Pause) 200M->108M(256M) 5.395ms
[2022-07-20T10:35:41.050+0000][7][gc,cpu      ] GC(148) User=0.01s Sys=0.00s Real=0.00s
[2022-07-20T10:35:41.050+0000][7][safepoint   ] Safepoint "G1CollectForAllocation", Time since last: 331000983 ns, Reaching safepoint: 112641 ns, At safepoint: 5492598 ns, Total: 5605239 ns
[2022-07-20T10:35:41.050+0000][7][gc          ] GC(149) Concurrent Cycle
[2022-07-20T10:35:41.050+0000][7][gc,marking  ] GC(149) Concurrent Clear Claimed Marks
[2022-07-20T10:35:41.050+0000][7][gc,marking  ] GC(149) Concurrent Clear Claimed Marks 0.091ms
[2022-07-20T10:35:41.050+0000][7][gc,marking  ] GC(149) Concurrent Scan Root Regions
[2022-07-20T10:35:41.053+0000][7][gc,marking  ] GC(149) Concurrent Scan Root Regions 3.223ms
[2022-07-20T10:35:41.053+0000][7][gc,marking  ] GC(149) Concurrent Mark (3088.705s)
[2022-07-20T10:35:41.053+0000][7][gc,marking  ] GC(149) Concurrent Mark From Roots
[2022-07-20T10:35:41.053+0000][7][gc,task     ] GC(149) Using 1 workers of 1 for marking
[2022-07-20T10:35:41.218+0000][7][gc,marking  ] GC(149) Concurrent Mark From Roots 164.442ms
[2022-07-20T10:35:41.218+0000][7][gc,marking  ] GC(149) Concurrent Preclean
[2022-07-20T10:35:41.218+0000][7][gc,marking  ] GC(149) Concurrent Preclean 0.258ms
[2022-07-20T10:35:41.218+0000][7][gc,marking  ] GC(149) Concurrent Mark (3088.705s, 3088.870s) 164.780ms
[2022-07-20T10:35:41.218+0000][7][gc,start    ] GC(149) Pause Remark
[2022-07-20T10:35:41.236+0000][7][gc          ] GC(149) Pause Remark 120M->120M(256M) 17.352ms
[2022-07-20T10:35:41.236+0000][7][gc,cpu      ] GC(149) User=0.04s Sys=0.00s Real=0.02s
[2022-07-20T10:35:41.236+0000][7][safepoint   ] Safepoint "G1Concurrent", Time since last: 168214640 ns, Reaching safepoint: 109240 ns, At safepoint: 17509213 ns, Total: 17618453 ns
[2022-07-20T10:35:41.236+0000][7][gc,marking  ] GC(149) Concurrent Rebuild Remembered Sets
[2022-07-20T10:35:41.329+0000][7][gc,marking  ] GC(149) Concurrent Rebuild Remembered Sets 93.184ms
[2022-07-20T10:35:41.329+0000][7][gc,start    ] GC(149) Pause Cleanup
[2022-07-20T10:35:41.329+0000][7][gc          ] GC(149) Pause Cleanup 120M->120M(256M) 0.106ms
[2022-07-20T10:35:41.329+0000][7][gc,cpu      ] GC(149) User=0.00s Sys=0.00s Real=0.00s
[2022-07-20T10:35:41.329+0000][7][safepoint   ] Safepoint "G1Concurrent", Time since last: 93298887 ns, Reaching safepoint: 122397 ns, At safepoint: 179479 ns, Total: 301876 ns
[2022-07-20T10:35:41.329+0000][7][gc,marking  ] GC(149) Concurrent Cleanup for Next Mark
[2022-07-20T10:35:41.330+0000][7][gc,marking  ] GC(149) Concurrent Cleanup for Next Mark 0.236ms
[2022-07-20T10:35:41.330+0000][7][gc          ] GC(149) Concurrent Cycle 279.740ms
[2022-07-20T10:35:42.330+0000][7][safepoint   ] Safepoint "Cleanup", Time since last: 1000316985 ns, Reaching safepoint: 145092 ns, At safepoint: 6848 ns, Total: 151940 ns
[2022-07-20T10:35:47.331+0000][7][safepoint   ] Safepoint "Cleanup", Time since last: 5000839226 ns, Reaching safepoint: 98134 ns, At safepoint: 5495 ns, Total: 103629 ns
[2022-07-20T10:35:53.332+0000][7][safepoint   ] Safepoint "Cleanup", Time since last: 6000791592 ns, Reaching safepoint: 145487 ns, At safepoint: 9017 ns, Total: 154504 ns
[2022-07-20T10:35:56.332+0000][7][safepoint   ] Safepoint "Cleanup", Time since last: 3000544605 ns, Reaching safepoint: 110762 ns, At safepoint: 6550 ns, Total: 117312 ns
[2022-07-20T10:35:57.333+0000][7][safepoint   ] Safepoint "Cleanup", Time since last: 1000315911 ns, Reaching safepoint: 109585 ns, At safepoint: 5434 ns, Total: 115019 ns
[2022-07-20T10:36:01.334+0000][7][safepoint   ] Safepoint "Cleanup", Time since last: 4000886234 ns, Reaching safepoint: 127219 ns, At safepoint: 7162 ns, Total: 134381 ns
[2022-07-20T10:36:02.334+0000][7][safepoint   ] Safepoint "Cleanup", Time since last: 1000174888 ns, Reaching safepoint: 145453 ns, At safepoint: 4959 ns, Total: 150412 ns
[2022-07-20T10:36:17.336+0000][7][safepoint   ] Safepoint "Cleanup", Time since last: 15001679930 ns, Reaching safepoint: 129057 ns, At safepoint: 5030 ns, Total: 134087 ns
[2022-07-20T10:36:26.338+0000][7][safepoint   ] Safepoint "Cleanup", Time since last: 9001696602 ns, Reaching safepoint: 128857 ns, At safepoint: 5419 ns, Total: 134276 ns
[2022-07-20T10:36:29.097+0000][7][gc,start    ] GC(150) Pause Young (Normal) (G1 Evacuation Pause)
[2022-07-20T10:36:29.097+0000][7][gc,task     ] GC(150) Using 4 workers of 4 for evacuation
[2022-07-20T10:36:29.097+0000][7][gc,age      ] GC(150) Desired survivor size 6291456 bytes, new threshold 15 (max threshold 15)
[2022-07-20T10:36:29.101+0000][7][gc,age      ] GC(150) Age table with threshold 15 (max threshold 15)
[2022-07-20T10:36:29.101+0000][7][gc,age      ] GC(150) - age   1:    2000432 bytes,    2000432 total
[2022-07-20T10:36:29.101+0000][7][gc,age      ] GC(150) - age   2:     399008 bytes,    2399440 total
[2022-07-20T10:36:29.101+0000][7][gc,age      ] GC(150) - age   3:      15600 bytes,    2415040 total
[2022-07-20T10:36:29.101+0000][7][gc,age      ] GC(150) - age   4:     433880 bytes,    2848920 total
[2022-07-20T10:36:29.101+0000][7][gc,age      ] GC(150) - age   5:     218432 bytes,    3067352 total
[2022-07-20T10:36:29.101+0000][7][gc,age      ] GC(150) - age   6:      36648 bytes,    3104000 total
[2022-07-20T10:36:29.102+0000][7][gc,age      ] GC(150) - age   7:       2224 bytes,    3106224 total
[2022-07-20T10:36:29.102+0000][7][gc,age      ] GC(150) - age   8:       1152 bytes,    3107376 total
[2022-07-20T10:36:29.102+0000][7][gc,age      ] GC(150) - age   9:       1544 bytes,    3108920 total
[2022-07-20T10:36:29.102+0000][7][gc,age      ] GC(150) - age  10:       1312 bytes,    3110232 total
[2022-07-20T10:36:29.102+0000][7][gc,age      ] GC(150) - age  11:        352 bytes,    3110584 total
[2022-07-20T10:36:29.102+0000][7][gc,age      ] GC(150) - age  12:        816 bytes,    3111400 total
[2022-07-20T10:36:29.102+0000][7][gc,age      ] GC(150) - age  13:     119216 bytes,    3230616 total
[2022-07-20T10:36:29.102+0000][7][gc,age      ] GC(150) - age  14:       1568 bytes,    3232184 total
[2022-07-20T10:36:29.102+0000][7][gc,age      ] GC(150) - age  15:       1952 bytes,    3234136 total
[2022-07-20T10:36:29.102+0000][7][gc,phases   ] GC(150)   Pre Evacuate Collection Set: 0.1ms
[2022-07-20T10:36:29.102+0000][7][gc,phases   ] GC(150)   Merge Heap Roots: 0.1ms
[2022-07-20T10:36:29.102+0000][7][gc,phases   ] GC(150)   Evacuate Collection Set: 3.5ms
[2022-07-20T10:36:29.102+0000][7][gc,phases   ] GC(150)   Post Evacuate Collection Set: 0.6ms
[2022-07-20T10:36:29.102+0000][7][gc,phases   ] GC(150)   Other: 0.4ms
[2022-07-20T10:36:29.102+0000][7][gc,heap     ] GC(150) Eden regions: 23->0(23)
[2022-07-20T10:36:29.102+0000][7][gc,heap     ] GC(150) Survivor regions: 1->1(3)
[2022-07-20T10:36:29.102+0000][7][gc,heap     ] GC(150) Old regions: 24->24
[2022-07-20T10:36:29.102+0000][7][gc,heap     ] GC(150) Archive regions: 2->2
[2022-07-20T10:36:29.102+0000][7][gc,heap     ] GC(150) Humongous regions: 2->2
[2022-07-20T10:36:29.102+0000][7][gc,metaspace] GC(150) Metaspace: 109979K(114936K)->109979K(114936K) NonClass: 95952K(99500K)->95952K(99500K) Class: 14026K(15436K)->14026K(15436K)
[2022-07-20T10:36:29.102+0000][7][gc          ] GC(150) Pause Young (Normal) (G1 Evacuation Pause) 200M->108M(256M) 4.769ms
[2022-07-20T10:36:29.102+0000][7][gc,cpu      ] GC(150) User=0.02s Sys=0.00s Real=0.00s
[2022-07-20T10:36:29.102+0000][7][safepoint   ] Safepoint "G1CollectForAllocation", Time since last: 2758945041 ns, Reaching safepoint: 134222 ns, At safepoint: 4868593 ns, Total: 5002815 ns
[2022-07-20T10:36:32.103+0000][7][safepoint   ] Safepoint "Cleanup", Time since last: 3000570181 ns, Reaching safepoint: 197858 ns, At safepoint: 9921 ns, Total: 207779 ns
[2022-07-20T10:36:33.103+0000][7][safepoint   ] Safepoint "Cleanup", Time since last: 1000141122 ns, Reaching safepoint: 108323 ns, At safepoint: 9748 ns, Total: 118071 ns
[2022-07-20T10:36:41.104+0000][7][safepoint   ] Safepoint "Cleanup", Time since last: 8001270237 ns, Reaching safepoint: 124409 ns, At safepoint: 8126 ns, Total: 132535 ns
[2022-07-20T10:36:51.107+0000][7][safepoint   ] Safepoint "Cleanup", Time since last: 10002285189 ns, Reaching safepoint: 135915 ns, At safepoint: 6909 ns, Total: 142824 ns
[2022-07-20T10:37:00.108+0000][7][safepoint   ] Safepoint "Cleanup", Time since last: 9001366300 ns, Reaching safepoint: 181595 ns, At safepoint: 6819 ns, Total: 188414 ns
[2022-07-20T10:37:02.109+0000][7][safepoint   ] Safepoint "Cleanup", Time since last: 2000214974 ns, Reaching safepoint: 173711 ns, At safepoint: 6806 ns, Total: 180517 ns
[2022-07-20T10:37:04.716+0000][7][gc,start    ] GC(151) Pause Young (Concurrent Start) (G1 Evacuation Pause)
[2022-07-20T10:37:04.716+0000][7][gc,task     ] GC(151) Using 4 workers of 4 for evacuation
[2022-07-20T10:37:04.716+0000][7][gc,age      ] GC(151) Desired survivor size 6291456 bytes, new threshold 15 (max threshold 15)
[2022-07-20T10:37:04.721+0000][7][gc,age      ] GC(151) Age table with threshold 15 (max threshold 15)
[2022-07-20T10:37:04.721+0000][7][gc,age      ] GC(151) - age   1:    1703224 bytes,    1703224 total
[2022-07-20T10:37:04.721+0000][7][gc,age      ] GC(151) - age   2:     212144 bytes,    1915368 total
[2022-07-20T10:37:04.721+0000][7][gc,age      ] GC(151) - age   3:     121232 bytes,    2036600 total
[2022-07-20T10:37:04.721+0000][7][gc,age      ] GC(151) - age   4:      13664 bytes,    2050264 total
[2022-07-20T10:37:04.721+0000][7][gc,age      ] GC(151) - age   5:     347784 bytes,    2398048 total
[2022-07-20T10:37:04.721+0000][7][gc,age      ] GC(151) - age   6:     215512 bytes,    2613560 total
[2022-07-20T10:37:04.721+0000][7][gc,age      ] GC(151) - age   7:      36528 bytes,    2650088 total
[2022-07-20T10:37:04.721+0000][7][gc,age      ] GC(151) - age   8:       2096 bytes,    2652184 total
[2022-07-20T10:37:04.721+0000][7][gc,age      ] GC(151) - age   9:       1152 bytes,    2653336 total
[2022-07-20T10:37:04.721+0000][7][gc,age      ] GC(151) - age  10:       1544 bytes,    2654880 total
[2022-07-20T10:37:04.721+0000][7][gc,age      ] GC(151) - age  11:       1312 bytes,    2656192 total
[2022-07-20T10:37:04.721+0000][7][gc,age      ] GC(151) - age  12:        352 bytes,    2656544 total
[2022-07-20T10:37:04.721+0000][7][gc,age      ] GC(151) - age  13:        816 bytes,    2657360 total
[2022-07-20T10:37:04.721+0000][7][gc,age      ] GC(151) - age  14:     119216 bytes,    2776576 total
[2022-07-20T10:37:04.721+0000][7][gc,age      ] GC(151) - age  15:       1568 bytes,    2778144 total
[2022-07-20T10:37:04.721+0000][7][gc,phases   ] GC(151)   Pre Evacuate Collection Set: 0.2ms
[2022-07-20T10:37:04.721+0000][7][gc,phases   ] GC(151)   Merge Heap Roots: 0.0ms
[2022-07-20T10:37:04.721+0000][7][gc,phases   ] GC(151)   Evacuate Collection Set: 3.9ms
[2022-07-20T10:37:04.721+0000][7][gc,phases   ] GC(151)   Post Evacuate Collection Set: 0.6ms
[2022-07-20T10:37:04.721+0000][7][gc,phases   ] GC(151)   Other: 0.4ms
[2022-07-20T10:37:04.721+0000][7][gc,heap     ] GC(151) Eden regions: 23->0(23)
[2022-07-20T10:37:04.721+0000][7][gc,heap     ] GC(151) Survivor regions: 1->1(3)
[2022-07-20T10:37:04.721+0000][7][gc,heap     ] GC(151) Old regions: 24->24
[2022-07-20T10:37:04.721+0000][7][gc,heap     ] GC(151) Archive regions: 2->2
[2022-07-20T10:37:04.721+0000][7][gc,heap     ] GC(151) Humongous regions: 2->2
[2022-07-20T10:37:04.721+0000][7][gc,metaspace] GC(151) Metaspace: 110034K(114936K)->110034K(114936K) NonClass: 95993K(99500K)->95993K(99500K) Class: 14041K(15436K)->14041K(15436K)
[2022-07-20T10:37:04.722+0000][7][gc          ] GC(151) Pause Young (Concurrent Start) (G1 Evacuation Pause) 200M->108M(256M) 5.165ms
[2022-07-20T10:37:04.722+0000][7][gc,cpu      ] GC(151) User=0.01s Sys=0.00s Real=0.00s
[2022-07-20T10:37:04.722+0000][7][gc          ] GC(152) Concurrent Cycle
[2022-07-20T10:37:04.722+0000][7][gc,marking  ] GC(152) Concurrent Clear Claimed Marks
[2022-07-20T10:37:04.722+0000][7][gc,marking  ] GC(152) Concurrent Clear Claimed Marks 0.099ms
[2022-07-20T10:37:04.722+0000][7][gc,marking  ] GC(152) Concurrent Scan Root Regions
[2022-07-20T10:37:04.722+0000][7][safepoint   ] Safepoint "G1CollectForAllocation", Time since last: 2607542562 ns, Reaching safepoint: 96556 ns, At safepoint: 5262501 ns, Total: 5359057 ns
[2022-07-20T10:37:04.725+0000][7][gc,marking  ] GC(152) Concurrent Scan Root Regions 3.296ms
[2022-07-20T10:37:04.725+0000][7][gc,marking  ] GC(152) Concurrent Mark (3172.377s)
[2022-07-20T10:37:04.725+0000][7][gc,marking  ] GC(152) Concurrent Mark From Roots
[2022-07-20T10:37:04.725+0000][7][gc,task     ] GC(152) Using 1 workers of 1 for marking
[2022-07-20T10:37:04.908+0000][7][gc,marking  ] GC(152) Concurrent Mark From Roots 182.440ms
[2022-07-20T10:37:04.908+0000][7][gc,marking  ] GC(152) Concurrent Preclean
[2022-07-20T10:37:04.908+0000][7][gc,marking  ] GC(152) Concurrent Preclean 0.261ms
[2022-07-20T10:37:04.908+0000][7][gc,marking  ] GC(152) Concurrent Mark (3172.377s, 3172.560s) 182.788ms
[2022-07-20T10:37:04.908+0000][7][gc,start    ] GC(152) Pause Remark
[2022-07-20T10:37:04.920+0000][7][gc          ] GC(152) Pause Remark 111M->111M(256M) 12.205ms
[2022-07-20T10:37:04.920+0000][7][gc,cpu      ] GC(152) User=0.05s Sys=0.00s Real=0.01s
[2022-07-20T10:37:04.920+0000][7][safepoint   ] Safepoint "G1Concurrent", Time since last: 186326841 ns, Reaching safepoint: 184791 ns, At safepoint: 12326518 ns, Total: 12511309 ns
[2022-07-20T10:37:04.920+0000][7][gc,marking  ] GC(152) Concurrent Rebuild Remembered Sets
[2022-07-20T10:37:05.029+0000][7][gc,marking  ] GC(152) Concurrent Rebuild Remembered Sets 108.801ms
[2022-07-20T10:37:05.030+0000][7][gc,start    ] GC(152) Pause Cleanup
[2022-07-20T10:37:05.030+0000][7][gc          ] GC(152) Pause Cleanup 111M->111M(256M) 0.077ms
[2022-07-20T10:37:05.030+0000][7][gc,cpu      ] GC(152) User=0.00s Sys=0.00s Real=0.00s
[2022-07-20T10:37:05.030+0000][7][safepoint   ] Safepoint "G1Concurrent", Time since last: 108922528 ns, Reaching safepoint: 209378 ns, At safepoint: 147660 ns, Total: 357038 ns
[2022-07-20T10:37:05.030+0000][7][gc,marking  ] GC(152) Concurrent Cleanup for Next Mark
[2022-07-20T10:37:05.030+0000][7][gc,marking  ] GC(152) Concurrent Cleanup for Next Mark 0.270ms
[2022-07-20T10:37:05.030+0000][7][gc          ] GC(152) Concurrent Cycle 308.451ms
[2022-07-20T10:37:07.030+0000][7][safepoint   ] Safepoint "Cleanup", Time since last: 2000153411 ns, Reaching safepoint: 127922 ns, At safepoint: 6034 ns, Total: 133956 ns
[2022-07-20T10:37:18.032+0000][7][safepoint   ] Safepoint "Cleanup", Time since last: 11001682149 ns, Reaching safepoint: 214982 ns, At safepoint: 9207 ns, Total: 224189 ns
[2022-07-20T10:37:25.039+0000][7][safepoint   ] Safepoint "Cleanup", Time since last: 7006681667 ns, Reaching safepoint: 174097 ns, At safepoint: 4642 ns, Total: 178739 ns
[2022-07-20T10:37:26.039+0000][7][safepoint   ] Safepoint "Cleanup", Time since last: 1000510160 ns, Reaching safepoint: 142430 ns, At safepoint: 7891 ns, Total: 150321 ns
[2022-07-20T10:37:27.040+0000][7][safepoint   ] Safepoint "Cleanup", Time since last: 1000172408 ns, Reaching safepoint: 141676 ns, At safepoint: 4810 ns, Total: 146486 ns
[2022-07-20T10:37:29.041+0000][7][safepoint   ] Safepoint "Cleanup", Time since last: 2000842049 ns, Reaching safepoint: 143274 ns, At safepoint: 8357 ns, Total: 151631 ns
[2022-07-20T10:37:30.041+0000][7][safepoint   ] Safepoint "Cleanup", Time since last: 1000136675 ns, Reaching safepoint: 208042 ns, At safepoint: 9627 ns, Total: 217669 ns
[2022-07-20T10:37:35.185+0000][7][gc,start    ] GC(153) Pause Young (Normal) (G1 Evacuation Pause)
[2022-07-20T10:37:35.185+0000][7][gc,task     ] GC(153) Using 4 workers of 4 for evacuation
[2022-07-20T10:37:35.185+0000][7][gc,age      ] GC(153) Desired survivor size 6291456 bytes, new threshold 15 (max threshold 15)
[2022-07-20T10:37:35.190+0000][7][gc,age      ] GC(153) Age table with threshold 15 (max threshold 15)
[2022-07-20T10:37:35.190+0000][7][gc,age      ] GC(153) - age   1:    1745664 bytes,    1745664 total
[2022-07-20T10:37:35.190+0000][7][gc,age      ] GC(153) - age   2:     246520 bytes,    1992184 total
[2022-07-20T10:37:35.190+0000][7][gc,age      ] GC(153) - age   3:     211224 bytes,    2203408 total
[2022-07-20T10:37:35.190+0000][7][gc,age      ] GC(153) - age   4:     119928 bytes,    2323336 total
[2022-07-20T10:37:35.190+0000][7][gc,age      ] GC(153) - age   5:       4984 bytes,    2328320 total
[2022-07-20T10:37:35.190+0000][7][gc,age      ] GC(153) - age   6:     304224 bytes,    2632544 total
[2022-07-20T10:37:35.190+0000][7][gc,age      ] GC(153) - age   7:     213120 bytes,    2845664 total
[2022-07-20T10:37:35.190+0000][7][gc,age      ] GC(153) - age   8:      36528 bytes,    2882192 total
[2022-07-20T10:37:35.190+0000][7][gc,age      ] GC(153) - age   9:       2096 bytes,    2884288 total
[2022-07-20T10:37:35.190+0000][7][gc,age      ] GC(153) - age  10:       1152 bytes,    2885440 total
[2022-07-20T10:37:35.190+0000][7][gc,age      ] GC(153) - age  11:       1240 bytes,    2886680 total
[2022-07-20T10:37:35.190+0000][7][gc,age      ] GC(153) - age  12:       1312 bytes,    2887992 total
[2022-07-20T10:37:35.190+0000][7][gc,age      ] GC(153) - age  13:        352 bytes,    2888344 total
[2022-07-20T10:37:35.190+0000][7][gc,age      ] GC(153) - age  14:        816 bytes,    2889160 total
[2022-07-20T10:37:35.190+0000][7][gc,age      ] GC(153) - age  15:     119216 bytes,    3008376 total
[2022-07-20T10:37:35.190+0000][7][gc,phases   ] GC(153)   Pre Evacuate Collection Set: 0.1ms
[2022-07-20T10:37:35.190+0000][7][gc,phases   ] GC(153)   Merge Heap Roots: 0.1ms
[2022-07-20T10:37:35.190+0000][7][gc,phases   ] GC(153)   Evacuate Collection Set: 3.5ms
[2022-07-20T10:37:35.190+0000][7][gc,phases   ] GC(153)   Post Evacuate Collection Set: 1.2ms
[2022-07-20T10:37:35.190+0000][7][gc,phases   ] GC(153)   Other: 0.4ms
[2022-07-20T10:37:35.190+0000][7][gc,heap     ] GC(153) Eden regions: 23->0(23)
[2022-07-20T10:37:35.190+0000][7][gc,heap     ] GC(153) Survivor regions: 1->1(3)
[2022-07-20T10:37:35.190+0000][7][gc,heap     ] GC(153) Old regions: 24->24
[2022-07-20T10:37:35.190+0000][7][gc,heap     ] GC(153) Archive regions: 2->2
[2022-07-20T10:37:35.190+0000][7][gc,heap     ] GC(153) Humongous regions: 2->2
[2022-07-20T10:37:35.190+0000][7][gc,metaspace] GC(153) Metaspace: 110064K(114936K)->110064K(114936K) NonClass: 96023K(99500K)->96023K(99500K) Class: 14041K(15436K)->14041K(15436K)
[2022-07-20T10:37:35.190+0000][7][gc          ] GC(153) Pause Young (Normal) (G1 Evacuation Pause) 200M->108M(256M) 5.342ms
[2022-07-20T10:37:35.190+0000][7][gc,cpu      ] GC(153) User=0.02s Sys=0.00s Real=0.00s
[2022-07-20T10:37:35.190+0000][7][safepoint   ] Safepoint "G1CollectForAllocation", Time since last: 5143727802 ns, Reaching safepoint: 124076 ns, At safepoint: 5456370 ns, Total: 5580446 ns
[2022-07-20T10:37:36.191+0000][7][safepoint   ] Safepoint "Cleanup", Time since last: 1000307936 ns, Reaching safepoint: 144774 ns, At safepoint: 6746 ns, Total: 151520 ns
[2022-07-20T10:37:42.192+0000][7][safepoint   ] Safepoint "Cleanup", Time since last: 6000966773 ns, Reaching safepoint: 188475 ns, At safepoint: 4336 ns, Total: 192811 ns
[2022-07-20T10:37:57.195+0000][7][safepoint   ] Safepoint "Cleanup", Time since last: 15002781797 ns, Reaching safepoint: 160235 ns, At safepoint: 8574 ns, Total: 168809 ns
[2022-07-20T10:38:05.197+0000][7][safepoint   ] Safepoint "Cleanup", Time since last: 8001886824 ns, Reaching safepoint: 161905 ns, At safepoint: 7905 ns, Total: 169810 ns
[2022-07-20T10:38:08.764+0000][7][gc,start    ] GC(154) Pause Young (Concurrent Start) (G1 Evacuation Pause)
[2022-07-20T10:38:08.764+0000][7][gc,task     ] GC(154) Using 4 workers of 4 for evacuation
[2022-07-20T10:38:08.764+0000][7][gc,age      ] GC(154) Desired survivor size 6291456 bytes, new threshold 15 (max threshold 15)
[2022-07-20T10:38:08.769+0000][7][gc,age      ] GC(154) Age table with threshold 15 (max threshold 15)
[2022-07-20T10:38:08.769+0000][7][gc,age      ] GC(154) - age   1:     720720 bytes,     720720 total
[2022-07-20T10:38:08.769+0000][7][gc,age      ] GC(154) - age   2:     732696 bytes,    1453416 total
[2022-07-20T10:38:08.769+0000][7][gc,age      ] GC(154) - age   3:     230288 bytes,    1683704 total
[2022-07-20T10:38:08.769+0000][7][gc,age      ] GC(154) - age   4:      17912 bytes,    1701616 total
[2022-07-20T10:38:08.769+0000][7][gc,age      ] GC(154) - age   5:     118048 bytes,    1819664 total
[2022-07-20T10:38:08.769+0000][7][gc,age      ] GC(154) - age   6:       4984 bytes,    1824648 total
[2022-07-20T10:38:08.769+0000][7][gc,age      ] GC(154) - age   7:     304224 bytes,    2128872 total
[2022-07-20T10:38:08.769+0000][7][gc,age      ] GC(154) - age   8:     213056 bytes,    2341928 total
[2022-07-20T10:38:08.769+0000][7][gc,age      ] GC(154) - age   9:      36528 bytes,    2378456 total
[2022-07-20T10:38:08.769+0000][7][gc,age      ] GC(154) - age  10:       2096 bytes,    2380552 total
[2022-07-20T10:38:08.769+0000][7][gc,age      ] GC(154) - age  11:       1152 bytes,    2381704 total
[2022-07-20T10:38:08.769+0000][7][gc,age      ] GC(154) - age  12:       1240 bytes,    2382944 total
[2022-07-20T10:38:08.769+0000][7][gc,age      ] GC(154) - age  13:       1312 bytes,    2384256 total
[2022-07-20T10:38:08.769+0000][7][gc,age      ] GC(154) - age  14:        352 bytes,    2384608 total
[2022-07-20T10:38:08.769+0000][7][gc,age      ] GC(154) - age  15:        816 bytes,    2385424 total
[2022-07-20T10:38:08.769+0000][7][gc,phases   ] GC(154)   Pre Evacuate Collection Set: 0.2ms
[2022-07-20T10:38:08.769+0000][7][gc,phases   ] GC(154)   Merge Heap Roots: 0.1ms
[2022-07-20T10:38:08.769+0000][7][gc,phases   ] GC(154)   Evacuate Collection Set: 3.4ms
[2022-07-20T10:38:08.769+0000][7][gc,phases   ] GC(154)   Post Evacuate Collection Set: 0.5ms
[2022-07-20T10:38:08.769+0000][7][gc,phases   ] GC(154)   Other: 0.4ms
[2022-07-20T10:38:08.769+0000][7][gc,heap     ] GC(154) Eden regions: 23->0(23)
[2022-07-20T10:38:08.769+0000][7][gc,heap     ] GC(154) Survivor regions: 1->1(3)
[2022-07-20T10:38:08.769+0000][7][gc,heap     ] GC(154) Old regions: 24->24
[2022-07-20T10:38:08.769+0000][7][gc,heap     ] GC(154) Archive regions: 2->2
[2022-07-20T10:38:08.769+0000][7][gc,heap     ] GC(154) Humongous regions: 2->2
[2022-07-20T10:38:08.769+0000][7][gc,metaspace] GC(154) Metaspace: 110094K(114936K)->110094K(114936K) NonClass: 96053K(99500K)->96053K(99500K) Class: 14041K(15436K)->14041K(15436K)
[2022-07-20T10:38:08.769+0000][7][gc          ] GC(154) Pause Young (Concurrent Start) (G1 Evacuation Pause) 200M->107M(256M) 4.651ms
[2022-07-20T10:38:08.769+0000][7][gc,cpu      ] GC(154) User=0.01s Sys=0.00s Real=0.00s
[2022-07-20T10:38:08.769+0000][7][gc          ] GC(155) Concurrent Cycle
[2022-07-20T10:38:08.769+0000][7][safepoint   ] Safepoint "G1CollectForAllocation", Time since last: 3567065702 ns, Reaching safepoint: 195382 ns, At safepoint: 4758981 ns, Total: 4954363 ns
[2022-07-20T10:38:08.769+0000][7][gc,marking  ] GC(155) Concurrent Clear Claimed Marks
[2022-07-20T10:38:08.769+0000][7][gc,marking  ] GC(155) Concurrent Clear Claimed Marks 0.126ms
[2022-07-20T10:38:08.769+0000][7][gc,marking  ] GC(155) Concurrent Scan Root Regions
[2022-07-20T10:38:08.773+0000][7][gc,marking  ] GC(155) Concurrent Scan Root Regions 4.231ms
[2022-07-20T10:38:08.773+0000][7][gc,marking  ] GC(155) Concurrent Mark (3236.425s)
[2022-07-20T10:38:08.773+0000][7][gc,marking  ] GC(155) Concurrent Mark From Roots
[2022-07-20T10:38:08.773+0000][7][gc,task     ] GC(155) Using 1 workers of 1 for marking
[2022-07-20T10:38:08.981+0000][7][gc,marking  ] GC(155) Concurrent Mark From Roots 207.475ms
[2022-07-20T10:38:08.981+0000][7][gc,marking  ] GC(155) Concurrent Preclean
[2022-07-20T10:38:08.981+0000][7][gc,marking  ] GC(155) Concurrent Preclean 0.189ms
[2022-07-20T10:38:08.981+0000][7][gc,marking  ] GC(155) Concurrent Mark (3236.425s, 3236.633s) 207.748ms
[2022-07-20T10:38:08.981+0000][7][gc,start    ] GC(155) Pause Remark
[2022-07-20T10:38:08.993+0000][7][gc          ] GC(155) Pause Remark 111M->111M(256M) 11.765ms
[2022-07-20T10:38:08.993+0000][7][gc,cpu      ] GC(155) User=0.05s Sys=0.00s Real=0.01s
[2022-07-20T10:38:08.993+0000][7][safepoint   ] Safepoint "G1Concurrent", Time since last: 212211636 ns, Reaching safepoint: 114256 ns, At safepoint: 11865529 ns, Total: 11979785 ns
[2022-07-20T10:38:08.993+0000][7][gc,marking  ] GC(155) Concurrent Rebuild Remembered Sets
[2022-07-20T10:38:09.083+0000][7][gc,marking  ] GC(155) Concurrent Rebuild Remembered Sets 90.098ms
[2022-07-20T10:38:09.084+0000][7][gc,start    ] GC(155) Pause Cleanup
[2022-07-20T10:38:09.084+0000][7][gc          ] GC(155) Pause Cleanup 111M->111M(256M) 0.102ms
[2022-07-20T10:38:09.084+0000][7][gc,cpu      ] GC(155) User=0.00s Sys=0.00s Real=0.00s
[2022-07-20T10:38:09.084+0000][7][safepoint   ] Safepoint "G1Concurrent", Time since last: 90213312 ns, Reaching safepoint: 140599 ns, At safepoint: 154576 ns, Total: 295175 ns
[2022-07-20T10:38:09.084+0000][7][gc,marking  ] GC(155) Concurrent Cleanup for Next Mark
[2022-07-20T10:38:09.084+0000][7][gc,marking  ] GC(155) Concurrent Cleanup for Next Mark 0.234ms
[2022-07-20T10:38:09.084+0000][7][gc          ] GC(155) Concurrent Cycle 315.001ms
[2022-07-20T10:38:12.084+0000][7][safepoint   ] Safepoint "Cleanup", Time since last: 3000525786 ns, Reaching safepoint: 150152 ns, At safepoint: 7471 ns, Total: 157623 ns
[2022-07-20T10:38:18.086+0000][7][safepoint   ] Safepoint "Cleanup", Time since last: 6001240244 ns, Reaching safepoint: 124311 ns, At safepoint: 6050 ns, Total: 130361 ns
[2022-07-20T10:38:32.088+0000][7][safepoint   ] Safepoint "Cleanup", Time since last: 14002554514 ns, Reaching safepoint: 139659 ns, At safepoint: 8795 ns, Total: 148454 ns
[2022-07-20T10:38:38.090+0000][7][safepoint   ] Safepoint "Cleanup", Time since last: 6001324218 ns, Reaching safepoint: 154967 ns, At safepoint: 7884 ns, Total: 162851 ns
[2022-07-20T10:38:41.091+0000][7][safepoint   ] Safepoint "Cleanup", Time since last: 3000812246 ns, Reaching safepoint: 144471 ns, At safepoint: 7236 ns, Total: 151707 ns
[2022-07-20T10:38:41.279+0000][7][gc,start    ] GC(156) Pause Young (Normal) (G1 Evacuation Pause)
[2022-07-20T10:38:41.279+0000][7][gc,task     ] GC(156) Using 4 workers of 4 for evacuation
[2022-07-20T10:38:41.279+0000][7][gc,age      ] GC(156) Desired survivor size 6291456 bytes, new threshold 15 (max threshold 15)
[2022-07-20T10:38:41.284+0000][7][gc,age      ] GC(156) Age table with threshold 15 (max threshold 15)
[2022-07-20T10:38:41.284+0000][7][gc,age      ] GC(156) - age   1:    2411816 bytes,    2411816 total
[2022-07-20T10:38:41.284+0000][7][gc,age      ] GC(156) - age   2:     547336 bytes,    2959152 total
[2022-07-20T10:38:41.284+0000][7][gc,age      ] GC(156) - age   3:     626448 bytes,    3585600 total
[2022-07-20T10:38:41.284+0000][7][gc,age      ] GC(156) - age   4:     209912 bytes,    3795512 total
[2022-07-20T10:38:41.284+0000][7][gc,age      ] GC(156) - age   5:      17336 bytes,    3812848 total
[2022-07-20T10:38:41.284+0000][7][gc,age      ] GC(156) - age   6:     117984 bytes,    3930832 total
[2022-07-20T10:38:41.284+0000][7][gc,age      ] GC(156) - age   7:       4984 bytes,    3935816 total
[2022-07-20T10:38:41.284+0000][7][gc,age      ] GC(156) - age   8:     304128 bytes,    4239944 total
[2022-07-20T10:38:41.284+0000][7][gc,age      ] GC(156) - age   9:     213056 bytes,    4453000 total
[2022-07-20T10:38:41.284+0000][7][gc,age      ] GC(156) - age  10:      36528 bytes,    4489528 total
[2022-07-20T10:38:41.284+0000][7][gc,age      ] GC(156) - age  11:       2096 bytes,    4491624 total
[2022-07-20T10:38:41.284+0000][7][gc,age      ] GC(156) - age  12:       1152 bytes,    4492776 total
[2022-07-20T10:38:41.284+0000][7][gc,age      ] GC(156) - age  13:       1240 bytes,    4494016 total
[2022-07-20T10:38:41.284+0000][7][gc,age      ] GC(156) - age  14:       1312 bytes,    4495328 total
[2022-07-20T10:38:41.284+0000][7][gc,age      ] GC(156) - age  15:        352 bytes,    4495680 total
[2022-07-20T10:38:41.285+0000][7][gc,phases   ] GC(156)   Pre Evacuate Collection Set: 0.1ms
[2022-07-20T10:38:41.285+0000][7][gc,phases   ] GC(156)   Merge Heap Roots: 0.1ms
[2022-07-20T10:38:41.285+0000][7][gc,phases   ] GC(156)   Evacuate Collection Set: 4.7ms
[2022-07-20T10:38:41.285+0000][7][gc,phases   ] GC(156)   Post Evacuate Collection Set: 0.5ms
[2022-07-20T10:38:41.285+0000][7][gc,phases   ] GC(156)   Other: 0.3ms
[2022-07-20T10:38:41.285+0000][7][gc,heap     ] GC(156) Eden regions: 23->0(22)
[2022-07-20T10:38:41.285+0000][7][gc,heap     ] GC(156) Survivor regions: 1->2(3)
[2022-07-20T10:38:41.285+0000][7][gc,heap     ] GC(156) Old regions: 24->24
[2022-07-20T10:38:41.285+0000][7][gc,heap     ] GC(156) Archive regions: 2->2
[2022-07-20T10:38:41.285+0000][7][gc,heap     ] GC(156) Humongous regions: 2->2
[2022-07-20T10:38:41.285+0000][7][gc,metaspace] GC(156) Metaspace: 110106K(114936K)->110106K(114936K) NonClass: 96065K(99500K)->96065K(99500K) Class: 14041K(15436K)->14041K(15436K)
[2022-07-20T10:38:41.285+0000][7][gc          ] GC(156) Pause Young (Normal) (G1 Evacuation Pause) 199M->109M(256M) 5.727ms
[2022-07-20T10:38:41.285+0000][7][gc,cpu      ] GC(156) User=0.02s Sys=0.00s Real=0.01s
[2022-07-20T10:38:41.285+0000][7][safepoint   ] Safepoint "G1CollectForAllocation", Time since last: 187789213 ns, Reaching safepoint: 135030 ns, At safepoint: 5822316 ns, Total: 5957346 ns
[2022-07-20T10:38:42.285+0000][7][safepoint   ] Safepoint "Cleanup", Time since last: 1000112056 ns, Reaching safepoint: 222779 ns, At safepoint: 9213 ns, Total: 231992 ns
[2022-07-20T10:38:44.286+0000][7][safepoint   ] Safepoint "Cleanup", Time since last: 2000459359 ns, Reaching safepoint: 149450 ns, At safepoint: 7726 ns, Total: 157176 ns
[2022-07-20T10:38:47.286+0000][7][safepoint   ] Safepoint "Cleanup", Time since last: 3000622243 ns, Reaching safepoint: 138217 ns, At safepoint: 7787 ns, Total: 146004 ns
[2022-07-20T10:38:49.287+0000][7][safepoint   ] Safepoint "Cleanup", Time since last: 2000391754 ns, Reaching safepoint: 235700 ns, At safepoint: 22646 ns, Total: 258346 ns
[2022-07-20T10:38:53.288+0000][7][safepoint   ] Safepoint "Cleanup", Time since last: 4000728198 ns, Reaching safepoint: 86387 ns, At safepoint: 4106 ns, Total: 90493 ns
[2022-07-20T10:38:56.289+0000][7][safepoint   ] Safepoint "Cleanup", Time since last: 3000709614 ns, Reaching safepoint: 126126 ns, At safepoint: 9278 ns, Total: 135404 ns
[2022-07-20T10:39:02.290+0000][7][safepoint   ] Safepoint "Cleanup", Time since last: 6001040302 ns, Reaching safepoint: 86635 ns, At safepoint: 5228 ns, Total: 91863 ns
[2022-07-20T10:39:07.414+0000][7][safepoint   ] Safepoint "Cleanup", Time since last: 5123986256 ns, Reaching safepoint: 136628 ns, At safepoint: 10292 ns, Total: 146920 ns
[2022-07-20T10:39:12.415+0000][7][safepoint   ] Safepoint "Cleanup", Time since last: 5001045338 ns, Reaching safepoint: 151526 ns, At safepoint: 8266 ns, Total: 159792 ns
[2022-07-20T10:39:17.416+0000][7][safepoint   ] Safepoint "Cleanup", Time since last: 5000748159 ns, Reaching safepoint: 87073 ns, At safepoint: 5382 ns, Total: 92455 ns
[2022-07-20T10:39:26.580+0000][7][gc,start    ] GC(157) Pause Young (Concurrent Start) (G1 Evacuation Pause)
[2022-07-20T10:39:26.580+0000][7][gc,task     ] GC(157) Using 4 workers of 4 for evacuation
[2022-07-20T10:39:26.580+0000][7][gc,age      ] GC(157) Desired survivor size 6291456 bytes, new threshold 15 (max threshold 15)
[2022-07-20T10:39:26.592+0000][7][gc,age      ] GC(157) Age table with threshold 15 (max threshold 15)
[2022-07-20T10:39:26.592+0000][7][gc,age      ] GC(157) - age   1:    1742240 bytes,    1742240 total
[2022-07-20T10:39:26.592+0000][7][gc,age      ] GC(157) - age   2:     432304 bytes,    2174544 total
[2022-07-20T10:39:26.592+0000][7][gc,age      ] GC(157) - age   3:     364728 bytes,    2539272 total
[2022-07-20T10:39:26.592+0000][7][gc,age      ] GC(157) - age   4:     428136 bytes,    2967408 total
[2022-07-20T10:39:26.592+0000][7][gc,age      ] GC(157) - age   5:     209272 bytes,    3176680 total
[2022-07-20T10:39:26.592+0000][7][gc,age      ] GC(157) - age   6:      16864 bytes,    3193544 total
[2022-07-20T10:39:26.592+0000][7][gc,age      ] GC(157) - age   7:     117952 bytes,    3311496 total
[2022-07-20T10:39:26.592+0000][7][gc,age      ] GC(157) - age   8:       4792 bytes,    3316288 total
[2022-07-20T10:39:26.592+0000][7][gc,age      ] GC(157) - age   9:     302688 bytes,    3618976 total
[2022-07-20T10:39:26.592+0000][7][gc,age      ] GC(157) - age  10:     213056 bytes,    3832032 total
[2022-07-20T10:39:26.592+0000][7][gc,age      ] GC(157) - age  11:      36528 bytes,    3868560 total
[2022-07-20T10:39:26.592+0000][7][gc,age      ] GC(157) - age  12:       2096 bytes,    3870656 total
[2022-07-20T10:39:26.592+0000][7][gc,age      ] GC(157) - age  13:       1152 bytes,    3871808 total
[2022-07-20T10:39:26.592+0000][7][gc,age      ] GC(157) - age  14:       1240 bytes,    3873048 total
[2022-07-20T10:39:26.592+0000][7][gc,age      ] GC(157) - age  15:       1312 bytes,    3874360 total
[2022-07-20T10:39:26.592+0000][7][gc,phases   ] GC(157)   Pre Evacuate Collection Set: 0.1ms
[2022-07-20T10:39:26.592+0000][7][gc,phases   ] GC(157)   Merge Heap Roots: 0.1ms
[2022-07-20T10:39:26.592+0000][7][gc,phases   ] GC(157)   Evacuate Collection Set: 10.6ms
[2022-07-20T10:39:26.592+0000][7][gc,phases   ] GC(157)   Post Evacuate Collection Set: 0.8ms
[2022-07-20T10:39:26.592+0000][7][gc,phases   ] GC(157)   Other: 0.4ms
[2022-07-20T10:39:26.592+0000][7][gc,heap     ] GC(157) Eden regions: 22->0(23)
[2022-07-20T10:39:26.592+0000][7][gc,heap     ] GC(157) Survivor regions: 2->1(3)
[2022-07-20T10:39:26.592+0000][7][gc,heap     ] GC(157) Old regions: 24->24
[2022-07-20T10:39:26.592+0000][7][gc,heap     ] GC(157) Archive regions: 2->2
[2022-07-20T10:39:26.592+0000][7][gc,heap     ] GC(157) Humongous regions: 2->2
[2022-07-20T10:39:26.592+0000][7][gc,metaspace] GC(157) Metaspace: 110147K(115192K)->110147K(115192K) NonClass: 96106K(99756K)->96106K(99756K) Class: 14041K(15436K)->14041K(15436K)
[2022-07-20T10:39:26.592+0000][7][gc          ] GC(157) Pause Young (Concurrent Start) (G1 Evacuation Pause) 197M->109M(256M) 12.221ms
[2022-07-20T10:39:26.592+0000][7][gc,cpu      ] GC(157) User=0.02s Sys=0.00s Real=0.01s
[2022-07-20T10:39:26.592+0000][7][safepoint   ] Safepoint "G1CollectForAllocation", Time since last: 9163747358 ns, Reaching safepoint: 119523 ns, At safepoint: 12374316 ns, Total: 12493839 ns
[2022-07-20T10:39:26.592+0000][7][gc          ] GC(158) Concurrent Cycle
[2022-07-20T10:39:26.592+0000][7][gc,marking  ] GC(158) Concurrent Clear Claimed Marks
[2022-07-20T10:39:26.592+0000][7][gc,marking  ] GC(158) Concurrent Clear Claimed Marks 0.144ms
[2022-07-20T10:39:26.592+0000][7][gc,marking  ] GC(158) Concurrent Scan Root Regions
[2022-07-20T10:39:26.599+0000][7][gc,marking  ] GC(158) Concurrent Scan Root Regions 6.511ms
[2022-07-20T10:39:26.610+0000][7][gc,marking  ] GC(158) Concurrent Mark (3314.262s)
[2022-07-20T10:39:26.610+0000][7][gc,marking  ] GC(158) Concurrent Mark From Roots
[2022-07-20T10:39:26.610+0000][7][gc,task     ] GC(158) Using 1 workers of 1 for marking
[2022-07-20T10:39:26.845+0000][7][gc,marking  ] GC(158) Concurrent Mark From Roots 235.594ms
[2022-07-20T10:39:26.845+0000][7][gc,marking  ] GC(158) Concurrent Preclean
[2022-07-20T10:39:26.846+0000][7][gc,marking  ] GC(158) Concurrent Preclean 0.311ms
[2022-07-20T10:39:26.846+0000][7][gc,marking  ] GC(158) Concurrent Mark (3314.262s, 3314.498s) 236.033ms
[2022-07-20T10:39:26.848+0000][7][gc,start    ] GC(158) Pause Remark
[2022-07-20T10:39:26.871+0000][7][gc          ] GC(158) Pause Remark 123M->123M(256M) 23.350ms
[2022-07-20T10:39:26.871+0000][7][gc,cpu      ] GC(158) User=0.05s Sys=0.00s Real=0.02s
[2022-07-20T10:39:26.871+0000][7][safepoint   ] Safepoint "G1Concurrent", Time since last: 255206531 ns, Reaching safepoint: 171898 ns, At safepoint: 23460247 ns, Total: 23632145 ns
[2022-07-20T10:39:26.871+0000][7][gc,marking  ] GC(158) Concurrent Rebuild Remembered Sets
[2022-07-20T10:39:27.018+0000][7][gc,marking  ] GC(158) Concurrent Rebuild Remembered Sets 146.431ms
[2022-07-20T10:39:27.018+0000][7][gc,start    ] GC(158) Pause Cleanup
[2022-07-20T10:39:27.018+0000][7][gc          ] GC(158) Pause Cleanup 123M->123M(256M) 0.082ms
[2022-07-20T10:39:27.018+0000][7][gc,cpu      ] GC(158) User=0.00s Sys=0.00s Real=0.00s
[2022-07-20T10:39:27.018+0000][7][safepoint   ] Safepoint "G1Concurrent", Time since last: 146687333 ns, Reaching safepoint: 97375 ns, At safepoint: 143416 ns, Total: 240791 ns
[2022-07-20T10:39:27.018+0000][7][gc,marking  ] GC(158) Concurrent Cleanup for Next Mark
[2022-07-20T10:39:27.018+0000][7][gc,marking  ] GC(158) Concurrent Cleanup for Next Mark 0.260ms
[2022-07-20T10:39:27.018+0000][7][gc          ] GC(158) Concurrent Cycle 426.038ms
[2022-07-20T10:39:41.021+0000][7][safepoint   ] Safepoint "Cleanup", Time since last: 14003212707 ns, Reaching safepoint: 147213 ns, At safepoint: 7325 ns, Total: 154538 ns
[2022-07-20T10:39:42.022+0000][7][safepoint   ] Safepoint "Cleanup", Time since last: 1000140849 ns, Reaching safepoint: 148484 ns, At safepoint: 9317 ns, Total: 157801 ns
[2022-07-20T10:39:53.023+0000][7][safepoint   ] Safepoint "Cleanup", Time since last: 11001650376 ns, Reaching safepoint: 96787 ns, At safepoint: 6248 ns, Total: 103035 ns
[2022-07-20T10:39:59.832+0000][7][gc,start    ] GC(159) Pause Young (Normal) (G1 Evacuation Pause)
[2022-07-20T10:39:59.832+0000][7][gc,task     ] GC(159) Using 4 workers of 4 for evacuation
[2022-07-20T10:39:59.832+0000][7][gc,age      ] GC(159) Desired survivor size 6291456 bytes, new threshold 15 (max threshold 15)
[2022-07-20T10:39:59.846+0000][7][gc,age      ] GC(159) Age table with threshold 15 (max threshold 15)
[2022-07-20T10:39:59.846+0000][7][gc,age      ] GC(159) - age   1:    1138264 bytes,    1138264 total
[2022-07-20T10:39:59.846+0000][7][gc,age      ] GC(159) - age   2:     435856 bytes,    1574120 total
[2022-07-20T10:39:59.846+0000][7][gc,age      ] GC(159) - age   3:     366200 bytes,    1940320 total
[2022-07-20T10:39:59.846+0000][7][gc,age      ] GC(159) - age   4:     218064 bytes,    2158384 total
[2022-07-20T10:39:59.846+0000][7][gc,age      ] GC(159) - age   5:     428008 bytes,    2586392 total
[2022-07-20T10:39:59.846+0000][7][gc,age      ] GC(159) - age   6:     203992 bytes,    2790384 total
[2022-07-20T10:39:59.846+0000][7][gc,age      ] GC(159) - age   7:      16736 bytes,    2807120 total
[2022-07-20T10:39:59.846+0000][7][gc,age      ] GC(159) - age   8:     117536 bytes,    2924656 total
[2022-07-20T10:39:59.846+0000][7][gc,age      ] GC(159) - age   9:       4792 bytes,    2929448 total
[2022-07-20T10:39:59.846+0000][7][gc,age      ] GC(159) - age  10:     299744 bytes,    3229192 total
[2022-07-20T10:39:59.846+0000][7][gc,age      ] GC(159) - age  11:     212648 bytes,    3441840 total
[2022-07-20T10:39:59.846+0000][7][gc,age      ] GC(159) - age  12:      36528 bytes,    3478368 total
[2022-07-20T10:39:59.846+0000][7][gc,age      ] GC(159) - age  13:       2048 bytes,    3480416 total
[2022-07-20T10:39:59.846+0000][7][gc,age      ] GC(159) - age  14:       1152 bytes,    3481568 total
[2022-07-20T10:39:59.846+0000][7][gc,age      ] GC(159) - age  15:       1240 bytes,    3482808 total
[2022-07-20T10:39:59.847+0000][7][gc,phases   ] GC(159)   Pre Evacuate Collection Set: 0.1ms
[2022-07-20T10:39:59.847+0000][7][gc,phases   ] GC(159)   Merge Heap Roots: 0.1ms
[2022-07-20T10:39:59.847+0000][7][gc,phases   ] GC(159)   Evacuate Collection Set: 12.9ms
[2022-07-20T10:39:59.847+0000][7][gc,phases   ] GC(159)   Post Evacuate Collection Set: 0.8ms
[2022-07-20T10:39:59.847+0000][7][gc,phases   ] GC(159)   Other: 0.4ms
[2022-07-20T10:39:59.847+0000][7][gc,heap     ] GC(159) Eden regions: 23->0(23)
[2022-07-20T10:39:59.847+0000][7][gc,heap     ] GC(159) Survivor regions: 1->1(3)
[2022-07-20T10:39:59.847+0000][7][gc,heap     ] GC(159) Old regions: 24->24
[2022-07-20T10:39:59.847+0000][7][gc,heap     ] GC(159) Archive regions: 2->2
[2022-07-20T10:39:59.847+0000][7][gc,heap     ] GC(159) Humongous regions: 2->2
[2022-07-20T10:39:59.847+0000][7][gc,metaspace] GC(159) Metaspace: 110182K(115192K)->110182K(115192K) NonClass: 96141K(99756K)->96141K(99756K) Class: 14041K(15436K)->14041K(15436K)
[2022-07-20T10:39:59.847+0000][7][gc          ] GC(159) Pause Young (Normal) (G1 Evacuation Pause) 201M->108M(256M) 14.491ms
[2022-07-20T10:39:59.847+0000][7][gc,cpu      ] GC(159) User=0.03s Sys=0.00s Real=0.02s
[2022-07-20T10:39:59.847+0000][7][safepoint   ] Safepoint "G1CollectForAllocation", Time since last: 6808492701 ns, Reaching safepoint: 265802 ns, At safepoint: 14602798 ns, Total: 14868600 ns
[2022-07-20T10:40:00.848+0000][7][safepoint   ] Safepoint "Cleanup", Time since last: 1000542926 ns, Reaching safepoint: 168746 ns, At safepoint: 12111 ns, Total: 180857 ns
[2022-07-20T10:40:01.848+0000][7][safepoint   ] Safepoint "Cleanup", Time since last: 1000189706 ns, Reaching safepoint: 96116 ns, At safepoint: 6173 ns, Total: 102289 ns
[2022-07-20T10:40:16.857+0000][7][safepoint   ] Safepoint "Cleanup", Time since last: 15008490659 ns, Reaching safepoint: 191832 ns, At safepoint: 7583 ns, Total: 199415 ns
[2022-07-20T10:40:22.858+0000][7][safepoint   ] Safepoint "Cleanup", Time since last: 6001057645 ns, Reaching safepoint: 96362 ns, At safepoint: 7171 ns, Total: 103533 ns
[2022-07-20T10:40:23.858+0000][7][safepoint   ] Safepoint "Cleanup", Time since last: 1000123363 ns, Reaching safepoint: 142420 ns, At safepoint: 10776 ns, Total: 153196 ns
[2022-07-20T10:40:24.858+0000][7][safepoint   ] Safepoint "Cleanup", Time since last: 1000128875 ns, Reaching safepoint: 151407 ns, At safepoint: 12974 ns, Total: 164381 ns
[2022-07-20T10:40:25.698+0000][7][gc,start    ] GC(160) Pause Young (Concurrent Start) (G1 Evacuation Pause)
[2022-07-20T10:40:25.698+0000][7][gc,task     ] GC(160) Using 4 workers of 4 for evacuation
[2022-07-20T10:40:25.698+0000][7][gc,age      ] GC(160) Desired survivor size 6291456 bytes, new threshold 15 (max threshold 15)
[2022-07-20T10:40:25.702+0000][7][gc,age      ] GC(160) Age table with threshold 15 (max threshold 15)
[2022-07-20T10:40:25.702+0000][7][gc,age      ] GC(160) - age   1:     547224 bytes,     547224 total
[2022-07-20T10:40:25.702+0000][7][gc,age      ] GC(160) - age   2:     242280 bytes,     789504 total
[2022-07-20T10:40:25.702+0000][7][gc,age      ] GC(160) - age   3:     431448 bytes,    1220952 total
[2022-07-20T10:40:25.702+0000][7][gc,age      ] GC(160) - age   4:     366072 bytes,    1587024 total
[2022-07-20T10:40:25.702+0000][7][gc,age      ] GC(160) - age   5:     216920 bytes,    1803944 total
[2022-07-20T10:40:25.702+0000][7][gc,age      ] GC(160) - age   6:     427816 bytes,    2231760 total
[2022-07-20T10:40:25.702+0000][7][gc,age      ] GC(160) - age   7:     203864 bytes,    2435624 total
[2022-07-20T10:40:25.702+0000][7][gc,age      ] GC(160) - age   8:      16736 bytes,    2452360 total
[2022-07-20T10:40:25.702+0000][7][gc,age      ] GC(160) - age   9:     117536 bytes,    2569896 total
[2022-07-20T10:40:25.702+0000][7][gc,age      ] GC(160) - age  10:       4792 bytes,    2574688 total
[2022-07-20T10:40:25.702+0000][7][gc,age      ] GC(160) - age  11:     299744 bytes,    2874432 total
[2022-07-20T10:40:25.702+0000][7][gc,age      ] GC(160) - age  12:     212648 bytes,    3087080 total
[2022-07-20T10:40:25.702+0000][7][gc,age      ] GC(160) - age  13:      36528 bytes,    3123608 total
[2022-07-20T10:40:25.702+0000][7][gc,age      ] GC(160) - age  14:       2048 bytes,    3125656 total
[2022-07-20T10:40:25.702+0000][7][gc,age      ] GC(160) - age  15:       1152 bytes,    3126808 total
[2022-07-20T10:40:25.703+0000][7][gc,phases   ] GC(160)   Pre Evacuate Collection Set: 0.2ms
[2022-07-20T10:40:25.703+0000][7][gc,phases   ] GC(160)   Merge Heap Roots: 0.1ms
[2022-07-20T10:40:25.703+0000][7][gc,phases   ] GC(160)   Evacuate Collection Set: 3.8ms
[2022-07-20T10:40:25.703+0000][7][gc,phases   ] GC(160)   Post Evacuate Collection Set: 0.6ms
[2022-07-20T10:40:25.703+0000][7][gc,phases   ] GC(160)   Other: 0.4ms
[2022-07-20T10:40:25.703+0000][7][gc,heap     ] GC(160) Eden regions: 23->0(23)
[2022-07-20T10:40:25.703+0000][7][gc,heap     ] GC(160) Survivor regions: 1->1(3)
[2022-07-20T10:40:25.703+0000][7][gc,heap     ] GC(160) Old regions: 24->24
[2022-07-20T10:40:25.703+0000][7][gc,heap     ] GC(160) Archive regions: 2->2
[2022-07-20T10:40:25.703+0000][7][gc,heap     ] GC(160) Humongous regions: 2->2
[2022-07-20T10:40:25.703+0000][7][gc,metaspace] GC(160) Metaspace: 110244K(115192K)->110244K(115192K) NonClass: 96202K(99756K)->96202K(99756K) Class: 14041K(15436K)->14041K(15436K)
[2022-07-20T10:40:25.703+0000][7][gc          ] GC(160) Pause Young (Concurrent Start) (G1 Evacuation Pause) 200M->108M(256M) 5.129ms
[2022-07-20T10:40:25.703+0000][7][gc,cpu      ] GC(160) User=0.01s Sys=0.01s Real=0.01s
[2022-07-20T10:40:25.703+0000][7][gc          ] GC(161) Concurrent Cycle
[2022-07-20T10:40:25.703+0000][7][safepoint   ] Safepoint "G1CollectForAllocation", Time since last: 839097046 ns, Reaching safepoint: 123850 ns, At safepoint: 5236258 ns, Total: 5360108 ns
[2022-07-20T10:40:25.703+0000][7][gc,marking  ] GC(161) Concurrent Clear Claimed Marks
[2022-07-20T10:40:25.703+0000][7][gc,marking  ] GC(161) Concurrent Clear Claimed Marks 0.121ms
[2022-07-20T10:40:25.703+0000][7][gc,marking  ] GC(161) Concurrent Scan Root Regions
[2022-07-20T10:40:25.706+0000][7][gc,marking  ] GC(161) Concurrent Scan Root Regions 3.135ms
[2022-07-20T10:40:25.706+0000][7][gc,marking  ] GC(161) Concurrent Mark (3373.358s)
[2022-07-20T10:40:25.706+0000][7][gc,marking  ] GC(161) Concurrent Mark From Roots
[2022-07-20T10:40:25.706+0000][7][gc,task     ] GC(161) Using 1 workers of 1 for marking
[2022-07-20T10:40:25.850+0000][7][gc,marking  ] GC(161) Concurrent Mark From Roots 143.733ms
[2022-07-20T10:40:25.850+0000][7][gc,marking  ] GC(161) Concurrent Preclean
[2022-07-20T10:40:25.850+0000][7][gc,marking  ] GC(161) Concurrent Preclean 0.229ms
[2022-07-20T10:40:25.850+0000][7][gc,marking  ] GC(161) Concurrent Mark (3373.358s, 3373.502s) 144.038ms
[2022-07-20T10:40:25.850+0000][7][gc,start    ] GC(161) Pause Remark
[2022-07-20T10:40:25.862+0000][7][gc          ] GC(161) Pause Remark 109M->109M(256M) 11.967ms
[2022-07-20T10:40:25.862+0000][7][gc,cpu      ] GC(161) User=0.04s Sys=0.00s Real=0.01s
[2022-07-20T10:40:25.862+0000][7][safepoint   ] Safepoint "G1Concurrent", Time since last: 147421020 ns, Reaching safepoint: 126017 ns, At safepoint: 12107422 ns, Total: 12233439 ns
[2022-07-20T10:40:25.862+0000][7][gc,marking  ] GC(161) Concurrent Rebuild Remembered Sets
[2022-07-20T10:40:25.954+0000][7][gc,marking  ] GC(161) Concurrent Rebuild Remembered Sets 91.692ms
[2022-07-20T10:40:25.954+0000][7][gc,start    ] GC(161) Pause Cleanup
[2022-07-20T10:40:25.954+0000][7][gc          ] GC(161) Pause Cleanup 109M->109M(256M) 0.098ms
[2022-07-20T10:40:25.954+0000][7][gc,cpu      ] GC(161) User=0.00s Sys=0.00s Real=0.00s
[2022-07-20T10:40:25.954+0000][7][safepoint   ] Safepoint "G1Concurrent", Time since last: 91801169 ns, Reaching safepoint: 109011 ns, At safepoint: 153814 ns, Total: 262825 ns
[2022-07-20T10:40:25.954+0000][7][gc,marking  ] GC(161) Concurrent Cleanup for Next Mark
[2022-07-20T10:40:25.955+0000][7][gc,marking  ] GC(161) Concurrent Cleanup for Next Mark 0.243ms
[2022-07-20T10:40:25.955+0000][7][gc          ] GC(161) Concurrent Cycle 252.030ms
[2022-07-20T10:40:28.955+0000][7][safepoint   ] Safepoint "Cleanup", Time since last: 3000694840 ns, Reaching safepoint: 117916 ns, At safepoint: 7235 ns, Total: 125151 ns
[2022-07-20T10:40:29.956+0000][7][safepoint   ] Safepoint "Cleanup", Time since last: 1000377404 ns, Reaching safepoint: 163082 ns, At safepoint: 11039 ns, Total: 174121 ns
[2022-07-20T10:40:31.956+0000][7][safepoint   ] Safepoint "Cleanup", Time since last: 2000405135 ns, Reaching safepoint: 143316 ns, At safepoint: 8275 ns, Total: 151591 ns
[2022-07-20T10:40:54.959+0000][7][safepoint   ] Safepoint "Cleanup", Time since last: 23002746853 ns, Reaching safepoint: 97048 ns, At safepoint: 6147 ns, Total: 103195 ns
[2022-07-20T10:41:04.731+0000][7][gc,start    ] GC(162) Pause Young (Normal) (G1 Evacuation Pause)
[2022-07-20T10:41:04.731+0000][7][gc,task     ] GC(162) Using 4 workers of 4 for evacuation
[2022-07-20T10:41:04.731+0000][7][gc,age      ] GC(162) Desired survivor size 6291456 bytes, new threshold 15 (max threshold 15)
[2022-07-20T10:41:04.738+0000][7][gc,age      ] GC(162) Age table with threshold 15 (max threshold 15)
[2022-07-20T10:41:04.738+0000][7][gc,age      ] GC(162) - age   1:    2275592 bytes,    2275592 total
[2022-07-20T10:41:04.738+0000][7][gc,age      ] GC(162) - age   2:     425528 bytes,    2701120 total
[2022-07-20T10:41:04.738+0000][7][gc,age      ] GC(162) - age   3:     235224 bytes,    2936344 total
[2022-07-20T10:41:04.738+0000][7][gc,age      ] GC(162) - age   4:     430064 bytes,    3366408 total
[2022-07-20T10:41:04.738+0000][7][gc,age      ] GC(162) - age   5:     365880 bytes,    3732288 total
[2022-07-20T10:41:04.738+0000][7][gc,age      ] GC(162) - age   6:     216920 bytes,    3949208 total
[2022-07-20T10:41:04.738+0000][7][gc,age      ] GC(162) - age   7:     427816 bytes,    4377024 total
[2022-07-20T10:41:04.738+0000][7][gc,age      ] GC(162) - age   8:     203568 bytes,    4580592 total
[2022-07-20T10:41:04.738+0000][7][gc,age      ] GC(162) - age   9:      16736 bytes,    4597328 total
[2022-07-20T10:41:04.738+0000][7][gc,age      ] GC(162) - age  10:     117536 bytes,    4714864 total
[2022-07-20T10:41:04.738+0000][7][gc,age      ] GC(162) - age  11:       4496 bytes,    4719360 total
[2022-07-20T10:41:04.738+0000][7][gc,age      ] GC(162) - age  12:     299744 bytes,    5019104 total
[2022-07-20T10:41:04.738+0000][7][gc,age      ] GC(162) - age  13:     212648 bytes,    5231752 total
[2022-07-20T10:41:04.738+0000][7][gc,age      ] GC(162) - age  14:      36424 bytes,    5268176 total
[2022-07-20T10:41:04.738+0000][7][gc,age      ] GC(162) - age  15:       2008 bytes,    5270184 total
[2022-07-20T10:41:04.738+0000][7][gc,phases   ] GC(162)   Pre Evacuate Collection Set: 0.0ms
[2022-07-20T10:41:04.738+0000][7][gc,phases   ] GC(162)   Merge Heap Roots: 0.1ms
[2022-07-20T10:41:04.738+0000][7][gc,phases   ] GC(162)   Evacuate Collection Set: 5.8ms
[2022-07-20T10:41:04.738+0000][7][gc,phases   ] GC(162)   Post Evacuate Collection Set: 0.5ms
[2022-07-20T10:41:04.738+0000][7][gc,phases   ] GC(162)   Other: 0.3ms
[2022-07-20T10:41:04.738+0000][7][gc,heap     ] GC(162) Eden regions: 23->0(22)
[2022-07-20T10:41:04.738+0000][7][gc,heap     ] GC(162) Survivor regions: 1->2(3)
[2022-07-20T10:41:04.738+0000][7][gc,heap     ] GC(162) Old regions: 24->24
[2022-07-20T10:41:04.738+0000][7][gc,heap     ] GC(162) Archive regions: 2->2
[2022-07-20T10:41:04.738+0000][7][gc,heap     ] GC(162) Humongous regions: 2->2
[2022-07-20T10:41:04.738+0000][7][gc,metaspace] GC(162) Metaspace: 110253K(115192K)->110253K(115192K) NonClass: 96210K(99756K)->96210K(99756K) Class: 14042K(15436K)->14042K(15436K)
[2022-07-20T10:41:04.738+0000][7][gc          ] GC(162) Pause Young (Normal) (G1 Evacuation Pause) 200M->110M(256M) 6.786ms
[2022-07-20T10:41:04.738+0000][7][gc,cpu      ] GC(162) User=0.02s Sys=0.00s Real=0.01s
[2022-07-20T10:41:04.738+0000][7][safepoint   ] Safepoint "G1CollectForAllocation", Time since last: 9771850161 ns, Reaching safepoint: 146308 ns, At safepoint: 6870799 ns, Total: 7017107 ns
[2022-07-20T10:41:09.739+0000][7][safepoint   ] Safepoint "Cleanup", Time since last: 5000599484 ns, Reaching safepoint: 210036 ns, At safepoint: 10064 ns, Total: 220100 ns
[2022-07-20T10:41:26.743+0000][7][safepoint   ] Safepoint "Cleanup", Time since last: 17003543695 ns, Reaching safepoint: 80456 ns, At safepoint: 3895 ns, Total: 84351 ns
[2022-07-20T10:41:27.743+0000][7][safepoint   ] Safepoint "Cleanup", Time since last: 1000264517 ns, Reaching safepoint: 97767 ns, At safepoint: 4162 ns, Total: 101929 ns
[2022-07-20T10:41:43.310+0000][7][gc,start    ] GC(163) Pause Young (Concurrent Start) (G1 Evacuation Pause)
[2022-07-20T10:41:43.310+0000][7][gc,task     ] GC(163) Using 4 workers of 4 for evacuation
[2022-07-20T10:41:43.310+0000][7][gc,age      ] GC(163) Desired survivor size 6291456 bytes, new threshold 15 (max threshold 15)
[2022-07-20T10:41:43.319+0000][7][gc,age      ] GC(163) Age table with threshold 15 (max threshold 15)
[2022-07-20T10:41:43.319+0000][7][gc,age      ] GC(163) - age   1:    1650624 bytes,    1650624 total
[2022-07-20T10:41:43.319+0000][7][gc,age      ] GC(163) - age   2:      81728 bytes,    1732352 total
[2022-07-20T10:41:43.319+0000][7][gc,age      ] GC(163) - age   3:     396240 bytes,    2128592 total
[2022-07-20T10:41:43.319+0000][7][gc,age      ] GC(163) - age   4:     219064 bytes,    2347656 total
[2022-07-20T10:41:43.319+0000][7][gc,age      ] GC(163) - age   5:     248024 bytes,    2595680 total
[2022-07-20T10:41:43.319+0000][7][gc,age      ] GC(163) - age   6:     364328 bytes,    2960008 total
[2022-07-20T10:41:43.319+0000][7][gc,age      ] GC(163) - age   7:     216792 bytes,    3176800 total
[2022-07-20T10:41:43.319+0000][7][gc,age      ] GC(163) - age   8:     427816 bytes,    3604616 total
[2022-07-20T10:41:43.319+0000][7][gc,age      ] GC(163) - age   9:     203568 bytes,    3808184 total
[2022-07-20T10:41:43.319+0000][7][gc,age      ] GC(163) - age  10:      16736 bytes,    3824920 total
[2022-07-20T10:41:43.319+0000][7][gc,age      ] GC(163) - age  11:     117536 bytes,    3942456 total
[2022-07-20T10:41:43.319+0000][7][gc,age      ] GC(163) - age  12:       4496 bytes,    3946952 total
[2022-07-20T10:41:43.319+0000][7][gc,age      ] GC(163) - age  13:     299744 bytes,    4246696 total
[2022-07-20T10:41:43.319+0000][7][gc,age      ] GC(163) - age  14:     212648 bytes,    4459344 total
[2022-07-20T10:41:43.319+0000][7][gc,age      ] GC(163) - age  15:      36424 bytes,    4495768 total
[2022-07-20T10:41:43.319+0000][7][gc,phases   ] GC(163)   Pre Evacuate Collection Set: 0.2ms
[2022-07-20T10:41:43.319+0000][7][gc,phases   ] GC(163)   Merge Heap Roots: 0.0ms
[2022-07-20T10:41:43.319+0000][7][gc,phases   ] GC(163)   Evacuate Collection Set: 6.1ms
[2022-07-20T10:41:43.319+0000][7][gc,phases   ] GC(163)   Post Evacuate Collection Set: 1.9ms
[2022-07-20T10:41:43.319+0000][7][gc,phases   ] GC(163)   Other: 0.4ms
[2022-07-20T10:41:43.319+0000][7][gc,heap     ] GC(163) Eden regions: 22->0(22)
[2022-07-20T10:41:43.319+0000][7][gc,heap     ] GC(163) Survivor regions: 2->2(3)
[2022-07-20T10:41:43.319+0000][7][gc,heap     ] GC(163) Old regions: 24->24
[2022-07-20T10:41:43.319+0000][7][gc,heap     ] GC(163) Archive regions: 2->2
[2022-07-20T10:41:43.319+0000][7][gc,heap     ] GC(163) Humongous regions: 2->2
[2022-07-20T10:41:43.319+0000][7][gc,metaspace] GC(163) Metaspace: 110279K(115192K)->110279K(115192K) NonClass: 96236K(99756K)->96236K(99756K) Class: 14042K(15436K)->14042K(15436K)
[2022-07-20T10:41:43.319+0000][7][gc          ] GC(163) Pause Young (Concurrent Start) (G1 Evacuation Pause) 198M->109M(256M) 8.712ms
[2022-07-20T10:41:43.319+0000][7][gc,cpu      ] GC(163) User=0.02s Sys=0.00s Real=0.01s
[2022-07-20T10:41:43.319+0000][7][gc          ] GC(164) Concurrent Cycle
[2022-07-20T10:41:43.319+0000][7][safepoint   ] Safepoint "G1CollectForAllocation", Time since last: 15567318951 ns, Reaching safepoint: 98371 ns, At safepoint: 8813078 ns, Total: 8911449 ns
[2022-07-20T10:41:43.319+0000][7][gc,marking  ] GC(164) Concurrent Clear Claimed Marks
[2022-07-20T10:41:43.319+0000][7][gc,marking  ] GC(164) Concurrent Clear Claimed Marks 0.179ms
[2022-07-20T10:41:43.319+0000][7][gc,marking  ] GC(164) Concurrent Scan Root Regions
[2022-07-20T10:41:43.325+0000][7][gc,marking  ] GC(164) Concurrent Scan Root Regions 5.293ms
[2022-07-20T10:41:43.325+0000][7][gc,marking  ] GC(164) Concurrent Mark (3450.977s)
[2022-07-20T10:41:43.325+0000][7][gc,marking  ] GC(164) Concurrent Mark From Roots
[2022-07-20T10:41:43.325+0000][7][gc,task     ] GC(164) Using 1 workers of 1 for marking
[2022-07-20T10:41:43.580+0000][7][gc,marking  ] GC(164) Concurrent Mark From Roots 255.283ms
[2022-07-20T10:41:43.580+0000][7][gc,marking  ] GC(164) Concurrent Preclean
[2022-07-20T10:41:43.580+0000][7][gc,marking  ] GC(164) Concurrent Preclean 0.218ms
[2022-07-20T10:41:43.580+0000][7][gc,marking  ] GC(164) Concurrent Mark (3450.977s, 3451.232s) 255.577ms
[2022-07-20T10:41:43.580+0000][7][gc,start    ] GC(164) Pause Remark
[2022-07-20T10:41:43.595+0000][7][gc          ] GC(164) Pause Remark 116M->116M(256M) 14.517ms
[2022-07-20T10:41:43.595+0000][7][gc,cpu      ] GC(164) User=0.05s Sys=0.00s Real=0.02s
[2022-07-20T10:41:43.595+0000][7][safepoint   ] Safepoint "G1Concurrent", Time since last: 261199309 ns, Reaching safepoint: 143895 ns, At safepoint: 14643244 ns, Total: 14787139 ns
[2022-07-20T10:41:43.595+0000][7][gc,marking  ] GC(164) Concurrent Rebuild Remembered Sets
[2022-07-20T10:41:43.687+0000][7][gc,marking  ] GC(164) Concurrent Rebuild Remembered Sets 91.450ms
[2022-07-20T10:41:43.687+0000][7][gc,start    ] GC(164) Pause Cleanup
[2022-07-20T10:41:43.687+0000][7][gc          ] GC(164) Pause Cleanup 116M->116M(256M) 0.121ms
[2022-07-20T10:41:43.687+0000][7][gc,cpu      ] GC(164) User=0.00s Sys=0.00s Real=0.00s
[2022-07-20T10:41:43.687+0000][7][safepoint   ] Safepoint "G1Concurrent", Time since last: 91588694 ns, Reaching safepoint: 111585 ns, At safepoint: 204812 ns, Total: 316397 ns
[2022-07-20T10:41:43.687+0000][7][gc,marking  ] GC(164) Concurrent Cleanup for Next Mark
[2022-07-20T10:41:43.687+0000][7][gc,marking  ] GC(164) Concurrent Cleanup for Next Mark 0.267ms
[2022-07-20T10:41:43.687+0000][7][gc          ] GC(164) Concurrent Cycle 368.276ms
[2022-07-20T10:41:47.688+0000][7][safepoint   ] Safepoint "Cleanup", Time since last: 4000468977 ns, Reaching safepoint: 93563 ns, At safepoint: 6121 ns, Total: 99684 ns
[2022-07-20T10:41:49.688+0000][7][safepoint   ] Safepoint "Cleanup", Time since last: 2000275372 ns, Reaching safepoint: 197674 ns, At safepoint: 8224 ns, Total: 205898 ns
[2022-07-20T10:41:50.689+0000][7][safepoint   ] Safepoint "Cleanup", Time since last: 1000406652 ns, Reaching safepoint: 151141 ns, At safepoint: 8290 ns, Total: 159431 ns
[2022-07-20T10:42:07.695+0000][7][safepoint   ] Safepoint "Cleanup", Time since last: 17006691521 ns, Reaching safepoint: 169554 ns, At safepoint: 5961 ns, Total: 175515 ns
[2022-07-20T10:42:07.823+0000][7][gc,start    ] GC(165) Pause Young (Normal) (G1 Evacuation Pause)
[2022-07-20T10:42:07.823+0000][7][gc,task     ] GC(165) Using 4 workers of 4 for evacuation
[2022-07-20T10:42:07.823+0000][7][gc,age      ] GC(165) Desired survivor size 6291456 bytes, new threshold 15 (max threshold 15)
[2022-07-20T10:42:07.830+0000][7][gc,age      ] GC(165) Age table with threshold 15 (max threshold 15)
[2022-07-20T10:42:07.830+0000][7][gc,age      ] GC(165) - age   1:    2373216 bytes,    2373216 total
[2022-07-20T10:42:07.830+0000][7][gc,age      ] GC(165) - age   2:     208472 bytes,    2581688 total
[2022-07-20T10:42:07.830+0000][7][gc,age      ] GC(165) - age   3:      78224 bytes,    2659912 total
[2022-07-20T10:42:07.830+0000][7][gc,age      ] GC(165) - age   4:     362032 bytes,    3021944 total
[2022-07-20T10:42:07.830+0000][7][gc,age      ] GC(165) - age   5:     213152 bytes,    3235096 total
[2022-07-20T10:42:07.830+0000][7][gc,age      ] GC(165) - age   6:     219720 bytes,    3454816 total
[2022-07-20T10:42:07.830+0000][7][gc,age      ] GC(165) - age   7:     277880 bytes,    3732696 total
[2022-07-20T10:42:07.830+0000][7][gc,age      ] GC(165) - age   8:     216792 bytes,    3949488 total
[2022-07-20T10:42:07.830+0000][7][gc,age      ] GC(165) - age   9:     419920 bytes,    4369408 total
[2022-07-20T10:42:07.830+0000][7][gc,age      ] GC(165) - age  10:     202928 bytes,    4572336 total
[2022-07-20T10:42:07.830+0000][7][gc,age      ] GC(165) - age  11:      16736 bytes,    4589072 total
[2022-07-20T10:42:07.830+0000][7][gc,age      ] GC(165) - age  12:     117536 bytes,    4706608 total
[2022-07-20T10:42:07.830+0000][7][gc,age      ] GC(165) - age  13:       4408 bytes,    4711016 total
[2022-07-20T10:42:07.830+0000][7][gc,age      ] GC(165) - age  14:     293456 bytes,    5004472 total
[2022-07-20T10:42:07.830+0000][7][gc,age      ] GC(165) - age  15:      24376 bytes,    5028848 total
[2022-07-20T10:42:07.830+0000][7][gc,phases   ] GC(165)   Pre Evacuate Collection Set: 0.1ms
[2022-07-20T10:42:07.830+0000][7][gc,phases   ] GC(165)   Merge Heap Roots: 0.1ms
[2022-07-20T10:42:07.830+0000][7][gc,phases   ] GC(165)   Evacuate Collection Set: 5.5ms
[2022-07-20T10:42:07.830+0000][7][gc,phases   ] GC(165)   Post Evacuate Collection Set: 1.2ms
[2022-07-20T10:42:07.830+0000][7][gc,phases   ] GC(165)   Other: 0.4ms
[2022-07-20T10:42:07.830+0000][7][gc,heap     ] GC(165) Eden regions: 22->0(22)
[2022-07-20T10:42:07.830+0000][7][gc,heap     ] GC(165) Survivor regions: 2->2(3)
[2022-07-20T10:42:07.830+0000][7][gc,heap     ] GC(165) Old regions: 24->24
[2022-07-20T10:42:07.830+0000][7][gc,heap     ] GC(165) Archive regions: 2->2
[2022-07-20T10:42:07.830+0000][7][gc,heap     ] GC(165) Humongous regions: 2->2
[2022-07-20T10:42:07.831+0000][7][gc,metaspace] GC(165) Metaspace: 110329K(115320K)->110329K(115320K) NonClass: 96283K(99756K)->96283K(99756K) Class: 14045K(15564K)->14045K(15564K)
[2022-07-20T10:42:07.831+0000][7][gc          ] GC(165) Pause Young (Normal) (G1 Evacuation Pause) 197M->110M(256M) 7.310ms
[2022-07-20T10:42:07.831+0000][7][gc,cpu      ] GC(165) User=0.02s Sys=0.00s Real=0.00s
[2022-07-20T10:42:07.831+0000][7][safepoint   ] Safepoint "G1CollectForAllocation", Time since last: 127598543 ns, Reaching safepoint: 113421 ns, At safepoint: 7445371 ns, Total: 7558792 ns
[2022-07-20T10:42:08.831+0000][7][safepoint   ] Safepoint "Cleanup", Time since last: 1000099846 ns, Reaching safepoint: 166573 ns, At safepoint: 6778 ns, Total: 173351 ns
[2022-07-20T10:42:10.831+0000][7][safepoint   ] Safepoint "Cleanup", Time since last: 2000321173 ns, Reaching safepoint: 115129 ns, At safepoint: 9735 ns, Total: 124864 ns
[2022-07-20T10:42:11.832+0000][7][safepoint   ] Safepoint "Cleanup", Time since last: 1000278642 ns, Reaching safepoint: 95953 ns, At safepoint: 7880 ns, Total: 103833 ns
[2022-07-20T10:42:13.832+0000][7][safepoint   ] Safepoint "Cleanup", Time since last: 2000226156 ns, Reaching safepoint: 83351 ns, At safepoint: 4864 ns, Total: 88215 ns
[2022-07-20T10:42:14.832+0000][7][safepoint   ] Safepoint "Cleanup", Time since last: 1000277017 ns, Reaching safepoint: 109979 ns, At safepoint: 5761 ns, Total: 115740 ns
[2022-07-20T10:42:16.833+0000][7][safepoint   ] Safepoint "Cleanup", Time since last: 2000185893 ns, Reaching safepoint: 229029 ns, At safepoint: 9632 ns, Total: 238661 ns
[2022-07-20T10:42:17.833+0000][7][safepoint   ] Safepoint "Cleanup", Time since last: 1000123084 ns, Reaching safepoint: 100508 ns, At safepoint: 6156 ns, Total: 106664 ns
[2022-07-20T10:42:18.833+0000][7][safepoint   ] Safepoint "Cleanup", Time since last: 1000138025 ns, Reaching safepoint: 152503 ns, At safepoint: 3543 ns, Total: 156046 ns
[2022-07-20T10:42:22.834+0000][7][safepoint   ] Safepoint "Cleanup", Time since last: 4000564791 ns, Reaching safepoint: 146788 ns, At safepoint: 10251 ns, Total: 157039 ns
[2022-07-20T10:42:23.834+0000][7][safepoint   ] Safepoint "Cleanup", Time since last: 1000163430 ns, Reaching safepoint: 105365 ns, At safepoint: 6760 ns, Total: 112125 ns
[2022-07-20T10:42:24.835+0000][7][safepoint   ] Safepoint "Cleanup", Time since last: 1000222873 ns, Reaching safepoint: 127885 ns, At safepoint: 5361 ns, Total: 133246 ns
[2022-07-20T10:42:25.835+0000][7][safepoint   ] Safepoint "Cleanup", Time since last: 1000278608 ns, Reaching safepoint: 116880 ns, At safepoint: 5785 ns, Total: 122665 ns
[2022-07-20T10:42:26.835+0000][7][safepoint   ] Safepoint "Cleanup", Time since last: 1000098053 ns, Reaching safepoint: 93653 ns, At safepoint: 4580 ns, Total: 98233 ns
[2022-07-20T10:42:27.836+0000][7][safepoint   ] Safepoint "Cleanup", Time since last: 1000211457 ns, Reaching safepoint: 162610 ns, At safepoint: 5837 ns, Total: 168447 ns
[2022-07-20T10:42:28.836+0000][7][safepoint   ] Safepoint "Cleanup", Time since last: 1000296086 ns, Reaching safepoint: 121727 ns, At safepoint: 16308 ns, Total: 138035 ns
[2022-07-20T10:42:36.837+0000][7][safepoint   ] Safepoint "Cleanup", Time since last: 8000969044 ns, Reaching safepoint: 137029 ns, At safepoint: 3832 ns, Total: 140861 ns
[2022-07-20T10:42:37.838+0000][7][safepoint   ] Safepoint "Cleanup", Time since last: 1000207081 ns, Reaching safepoint: 114103 ns, At safepoint: 9863 ns, Total: 123966 ns
[2022-07-20T10:42:39.838+0000][7][safepoint   ] Safepoint "Cleanup", Time since last: 2000286857 ns, Reaching safepoint: 137254 ns, At safepoint: 8179 ns, Total: 145433 ns
[2022-07-20T10:42:40.776+0000][7][gc,start    ] GC(166) Pause Young (Concurrent Start) (G1 Evacuation Pause)
[2022-07-20T10:42:40.776+0000][7][gc,task     ] GC(166) Using 4 workers of 4 for evacuation
[2022-07-20T10:42:40.776+0000][7][gc,age      ] GC(166) Desired survivor size 6291456 bytes, new threshold 15 (max threshold 15)
[2022-07-20T10:42:40.787+0000][7][gc,age      ] GC(166) Age table with threshold 15 (max threshold 15)
[2022-07-20T10:42:40.787+0000][7][gc,age      ] GC(166) - age   1:    2621280 bytes,    2621280 total
[2022-07-20T10:42:40.787+0000][7][gc,age      ] GC(166) - age   2:    1077656 bytes,    3698936 total
[2022-07-20T10:42:40.788+0000][7][gc,age      ] GC(166) - age   3:     206688 bytes,    3905624 total
[2022-07-20T10:42:40.788+0000][7][gc,age      ] GC(166) - age   4:      76944 bytes,    3982568 total
[2022-07-20T10:42:40.788+0000][7][gc,age      ] GC(166) - age   5:     361968 bytes,    4344536 total
[2022-07-20T10:42:40.788+0000][7][gc,age      ] GC(166) - age   6:     213088 bytes,    4557624 total
[2022-07-20T10:42:40.788+0000][7][gc,age      ] GC(166) - age   7:     219104 bytes,    4776728 total
[2022-07-20T10:42:40.788+0000][7][gc,age      ] GC(166) - age   8:      23000 bytes,    4799728 total
[2022-07-20T10:42:40.788+0000][7][gc,age      ] GC(166) - age   9:     216496 bytes,    5016224 total
[2022-07-20T10:42:40.788+0000][7][gc,age      ] GC(166) - age  10:     292896 bytes,    5309120 total
[2022-07-20T10:42:40.788+0000][7][gc,age      ] GC(166) - age  11:      86416 bytes,    5395536 total
[2022-07-20T10:42:40.788+0000][7][gc,age      ] GC(166) - age  12:      16608 bytes,    5412144 total
[2022-07-20T10:42:40.788+0000][7][gc,age      ] GC(166) - age  13:        360 bytes,    5412504 total
[2022-07-20T10:42:40.788+0000][7][gc,age      ] GC(166) - age  14:       4312 bytes,    5416816 total
[2022-07-20T10:42:40.788+0000][7][gc,age      ] GC(166) - age  15:     293080 bytes,    5709896 total
[2022-07-20T10:42:40.788+0000][7][gc,phases   ] GC(166)   Pre Evacuate Collection Set: 0.1ms
[2022-07-20T10:42:40.788+0000][7][gc,phases   ] GC(166)   Merge Heap Roots: 0.0ms
[2022-07-20T10:42:40.788+0000][7][gc,phases   ] GC(166)   Evacuate Collection Set: 8.9ms
[2022-07-20T10:42:40.788+0000][7][gc,phases   ] GC(166)   Post Evacuate Collection Set: 1.7ms
[2022-07-20T10:42:40.788+0000][7][gc,phases   ] GC(166)   Other: 0.4ms
[2022-07-20T10:42:40.788+0000][7][gc,heap     ] GC(166) Eden regions: 22->0(22)
[2022-07-20T10:42:40.788+0000][7][gc,heap     ] GC(166) Survivor regions: 2->2(3)
[2022-07-20T10:42:40.788+0000][7][gc,heap     ] GC(166) Old regions: 24->24
[2022-07-20T10:42:40.788+0000][7][gc,heap     ] GC(166) Archive regions: 2->2
[2022-07-20T10:42:40.788+0000][7][gc,heap     ] GC(166) Humongous regions: 2->2
[2022-07-20T10:42:40.788+0000][7][gc,metaspace] GC(166) Metaspace: 110475K(115576K)->110475K(115576K) NonClass: 96411K(100012K)->96411K(100012K) Class: 14064K(15564K)->14064K(15564K)
[2022-07-20T10:42:40.788+0000][7][gc          ] GC(166) Pause Young (Concurrent Start) (G1 Evacuation Pause) 198M->111M(256M) 11.473ms
[2022-07-20T10:42:40.788+0000][7][gc,cpu      ] GC(166) User=0.02s Sys=0.00s Real=0.01s
[2022-07-20T10:42:40.788+0000][7][gc          ] GC(167) Concurrent Cycle
[2022-07-20T10:42:40.788+0000][7][safepoint   ] Safepoint "G1CollectForAllocation", Time since last: 938224016 ns, Reaching safepoint: 111637 ns, At safepoint: 11596312 ns, Total: 11707949 ns
[2022-07-20T10:42:40.788+0000][7][gc,marking  ] GC(167) Concurrent Clear Claimed Marks
[2022-07-20T10:42:40.789+0000][7][gc,marking  ] GC(167) Concurrent Clear Claimed Marks 0.537ms
[2022-07-20T10:42:40.789+0000][7][gc,marking  ] GC(167) Concurrent Scan Root Regions
[2022-07-20T10:42:40.796+0000][7][gc,marking  ] GC(167) Concurrent Scan Root Regions 7.634ms
[2022-07-20T10:42:40.796+0000][7][gc,marking  ] GC(167) Concurrent Mark (3508.448s)
[2022-07-20T10:42:40.796+0000][7][gc,marking  ] GC(167) Concurrent Mark From Roots
[2022-07-20T10:42:40.796+0000][7][gc,task     ] GC(167) Using 1 workers of 1 for marking
[2022-07-20T10:42:41.039+0000][7][gc,marking  ] GC(167) Concurrent Mark From Roots 243.146ms
[2022-07-20T10:42:41.039+0000][7][gc,marking  ] GC(167) Concurrent Preclean
[2022-07-20T10:42:41.040+0000][7][gc,marking  ] GC(167) Concurrent Preclean 0.231ms
[2022-07-20T10:42:41.040+0000][7][gc,marking  ] GC(167) Concurrent Mark (3508.448s, 3508.692s) 243.462ms
[2022-07-20T10:42:41.040+0000][7][gc,start    ] GC(167) Pause Remark
[2022-07-20T10:42:41.059+0000][7][gc          ] GC(167) Pause Remark 120M->120M(256M) 19.378ms
[2022-07-20T10:42:41.059+0000][7][gc,cpu      ] GC(167) User=0.07s Sys=0.00s Real=0.02s
[2022-07-20T10:42:41.059+0000][7][safepoint   ] Safepoint "G1Concurrent", Time since last: 251797570 ns, Reaching safepoint: 106209 ns, At safepoint: 19537238 ns, Total: 19643447 ns
[2022-07-20T10:42:41.059+0000][7][gc,marking  ] GC(167) Concurrent Rebuild Remembered Sets
[2022-07-20T10:42:41.193+0000][7][gc,marking  ] GC(167) Concurrent Rebuild Remembered Sets 133.070ms
[2022-07-20T10:42:41.193+0000][7][gc,start    ] GC(167) Pause Cleanup
[2022-07-20T10:42:41.193+0000][7][gc          ] GC(167) Pause Cleanup 120M->120M(256M) 0.111ms
[2022-07-20T10:42:41.193+0000][7][gc,cpu      ] GC(167) User=0.00s Sys=0.00s Real=0.00s
[2022-07-20T10:42:41.193+0000][7][safepoint   ] Safepoint "G1Concurrent", Time since last: 133259149 ns, Reaching safepoint: 134049 ns, At safepoint: 189294 ns, Total: 323343 ns
[2022-07-20T10:42:41.193+0000][7][gc,marking  ] GC(167) Concurrent Cleanup for Next Mark
[2022-07-20T10:42:41.193+0000][7][gc,marking  ] GC(167) Concurrent Cleanup for Next Mark 0.258ms
[2022-07-20T10:42:41.193+0000][7][gc          ] GC(167) Concurrent Cycle 405.372ms
[2022-07-20T10:42:50.195+0000][7][safepoint   ] Safepoint "Cleanup", Time since last: 9001754923 ns, Reaching safepoint: 120976 ns, At safepoint: 5984 ns, Total: 126960 ns
[2022-07-20T10:42:52.195+0000][7][safepoint   ] Safepoint "Cleanup", Time since last: 2000399228 ns, Reaching safepoint: 170853 ns, At safepoint: 7029 ns, Total: 177882 ns
[2022-07-20T10:42:53.520+0000][7][safepoint   ] Safepoint "Cleanup", Time since last: 1324405825 ns, Reaching safepoint: 151984 ns, At safepoint: 7267 ns, Total: 159251 ns
[2022-07-20T10:42:54.520+0000][7][safepoint   ] Safepoint "Cleanup", Time since last: 1000215844 ns, Reaching safepoint: 145710 ns, At safepoint: 7270 ns, Total: 152980 ns
[2022-07-20T10:42:56.521+0000][7][safepoint   ] Safepoint "Cleanup", Time since last: 2000448509 ns, Reaching safepoint: 141430 ns, At safepoint: 5761 ns, Total: 147191 ns
[2022-07-20T10:42:57.521+0000][7][safepoint   ] Safepoint "Cleanup", Time since last: 1000315975 ns, Reaching safepoint: 136435 ns, At safepoint: 7718 ns, Total: 144153 ns
[2022-07-20T10:43:01.523+0000][7][safepoint   ] Safepoint "Cleanup", Time since last: 4001071772 ns, Reaching safepoint: 192265 ns, At safepoint: 9629 ns, Total: 201894 ns
[2022-07-20T10:43:05.523+0000][7][safepoint   ] Safepoint "Cleanup", Time since last: 4000585138 ns, Reaching safepoint: 143494 ns, At safepoint: 8412 ns, Total: 151906 ns
[2022-07-20T10:43:11.945+0000][7][gc,start    ] GC(168) Pause Young (Normal) (G1 Evacuation Pause)
[2022-07-20T10:43:11.945+0000][7][gc,task     ] GC(168) Using 4 workers of 4 for evacuation
[2022-07-20T10:43:11.945+0000][7][gc,age      ] GC(168) Desired survivor size 6291456 bytes, new threshold 15 (max threshold 15)
[2022-07-20T10:43:11.951+0000][7][gc,age      ] GC(168) Age table with threshold 15 (max threshold 15)
[2022-07-20T10:43:11.951+0000][7][gc,age      ] GC(168) - age   1:    1472640 bytes,    1472640 total
[2022-07-20T10:43:11.951+0000][7][gc,age      ] GC(168) - age   2:     853896 bytes,    2326536 total
[2022-07-20T10:43:11.951+0000][7][gc,age      ] GC(168) - age   3:     421048 bytes,    2747584 total
[2022-07-20T10:43:11.951+0000][7][gc,age      ] GC(168) - age   4:       6960 bytes,    2754544 total
[2022-07-20T10:43:11.951+0000][7][gc,age      ] GC(168) - age   5:       8208 bytes,    2762752 total
[2022-07-20T10:43:11.951+0000][7][gc,age      ] GC(168) - age   6:       3440 bytes,    2766192 total
[2022-07-20T10:43:11.951+0000][7][gc,age      ] GC(168) - age   7:       1744 bytes,    2767936 total
[2022-07-20T10:43:11.951+0000][7][gc,age      ] GC(168) - age   8:       3208 bytes,    2771144 total
[2022-07-20T10:43:11.951+0000][7][gc,age      ] GC(168) - age   9:      19992 bytes,    2791136 total
[2022-07-20T10:43:11.951+0000][7][gc,age      ] GC(168) - age  10:       3456 bytes,    2794592 total
[2022-07-20T10:43:11.951+0000][7][gc,age      ] GC(168) - age  11:      79064 bytes,    2873656 total
[2022-07-20T10:43:11.951+0000][7][gc,age      ] GC(168) - age  12:      23088 bytes,    2896744 total
[2022-07-20T10:43:11.951+0000][7][gc,age      ] GC(168) - age  13:      16608 bytes,    2913352 total
[2022-07-20T10:43:11.951+0000][7][gc,age      ] GC(168) - age  14:        280 bytes,    2913632 total
[2022-07-20T10:43:11.951+0000][7][gc,age      ] GC(168) - age  15:       3936 bytes,    2917568 total
[2022-07-20T10:43:11.951+0000][7][gc,phases   ] GC(168)   Pre Evacuate Collection Set: 0.1ms
[2022-07-20T10:43:11.951+0000][7][gc,phases   ] GC(168)   Merge Heap Roots: 0.1ms
[2022-07-20T10:43:11.951+0000][7][gc,phases   ] GC(168)   Evacuate Collection Set: 4.0ms
[2022-07-20T10:43:11.951+0000][7][gc,phases   ] GC(168)   Post Evacuate Collection Set: 1.2ms
[2022-07-20T10:43:11.951+0000][7][gc,phases   ] GC(168)   Other: 0.4ms
[2022-07-20T10:43:11.951+0000][7][gc,heap     ] GC(168) Eden regions: 22->0(23)
[2022-07-20T10:43:11.951+0000][7][gc,heap     ] GC(168) Survivor regions: 2->1(3)
[2022-07-20T10:43:11.951+0000][7][gc,heap     ] GC(168) Old regions: 24->24
[2022-07-20T10:43:11.951+0000][7][gc,heap     ] GC(168) Archive regions: 2->2
[2022-07-20T10:43:11.951+0000][7][gc,heap     ] GC(168) Humongous regions: 2->2
[2022-07-20T10:43:11.951+0000][7][gc,metaspace] GC(168) Metaspace: 110558K(115576K)->110558K(115576K) NonClass: 96485K(100012K)->96485K(100012K) Class: 14072K(15564K)->14072K(15564K)
[2022-07-20T10:43:11.951+0000][7][gc          ] GC(168) Pause Young (Normal) (G1 Evacuation Pause) 199M->108M(256M) 5.732ms
[2022-07-20T10:43:11.951+0000][7][gc,cpu      ] GC(168) User=0.02s Sys=0.00s Real=0.00s
[2022-07-20T10:43:11.951+0000][7][safepoint   ] Safepoint "G1CollectForAllocation", Time since last: 6421496651 ns, Reaching safepoint: 129789 ns, At safepoint: 5824029 ns, Total: 5953818 ns
[2022-07-20T10:43:16.952+0000][7][safepoint   ] Safepoint "Cleanup", Time since last: 5000709372 ns, Reaching safepoint: 108906 ns, At safepoint: 8670 ns, Total: 117576 ns
[2022-07-20T10:43:17.952+0000][7][safepoint   ] Safepoint "Cleanup", Time since last: 1000292652 ns, Reaching safepoint: 172158 ns, At safepoint: 9902 ns, Total: 182060 ns
[2022-07-20T10:43:22.953+0000][7][safepoint   ] Safepoint "Cleanup", Time since last: 5000571229 ns, Reaching safepoint: 135984 ns, At safepoint: 6577 ns, Total: 142561 ns
[2022-07-20T10:43:27.954+0000][7][safepoint   ] Safepoint "Cleanup", Time since last: 5000828581 ns, Reaching safepoint: 153392 ns, At safepoint: 7095 ns, Total: 160487 ns
[2022-07-20T10:43:29.820+0000][7][safepoint   ] Safepoint "Cleanup", Time since last: 1865681923 ns, Reaching safepoint: 144536 ns, At safepoint: 9992 ns, Total: 154528 ns
[2022-07-20T10:43:31.820+0000][7][safepoint   ] Safepoint "Cleanup", Time since last: 2000351575 ns, Reaching safepoint: 161184 ns, At safepoint: 10656 ns, Total: 171840 ns
[2022-07-20T10:43:32.821+0000][7][safepoint   ] Safepoint "Cleanup", Time since last: 1000314437 ns, Reaching safepoint: 137956 ns, At safepoint: 7827 ns, Total: 145783 ns
[2022-07-20T10:43:47.285+0000][7][gc,start    ] GC(169) Pause Young (Concurrent Start) (G1 Evacuation Pause)
[2022-07-20T10:43:47.285+0000][7][gc,task     ] GC(169) Using 4 workers of 4 for evacuation
[2022-07-20T10:43:47.285+0000][7][gc,age      ] GC(169) Desired survivor size 6291456 bytes, new threshold 15 (max threshold 15)
[2022-07-20T10:43:47.289+0000][7][gc,age      ] GC(169) Age table with threshold 15 (max threshold 15)
[2022-07-20T10:43:47.290+0000][7][gc,age      ] GC(169) - age   1:    1491176 bytes,    1491176 total
[2022-07-20T10:43:47.290+0000][7][gc,age      ] GC(169) - age   2:      65000 bytes,    1556176 total
[2022-07-20T10:43:47.290+0000][7][gc,age      ] GC(169) - age   3:     770592 bytes,    2326768 total
[2022-07-20T10:43:47.290+0000][7][gc,age      ] GC(169) - age   4:     419240 bytes,    2746008 total
[2022-07-20T10:43:47.290+0000][7][gc,age      ] GC(169) - age   5:       2200 bytes,    2748208 total
[2022-07-20T10:43:47.290+0000][7][gc,age      ] GC(169) - age   6:       2592 bytes,    2750800 total
[2022-07-20T10:43:47.290+0000][7][gc,age      ] GC(169) - age   7:       3128 bytes,    2753928 total
[2022-07-20T10:43:47.290+0000][7][gc,age      ] GC(169) - age   8:       1448 bytes,    2755376 total
[2022-07-20T10:43:47.290+0000][7][gc,age      ] GC(169) - age   9:       3168 bytes,    2758544 total
[2022-07-20T10:43:47.290+0000][7][gc,age      ] GC(169) - age  10:       1216 bytes,    2759760 total
[2022-07-20T10:43:47.290+0000][7][gc,age      ] GC(169) - age  11:       3456 bytes,    2763216 total
[2022-07-20T10:43:47.290+0000][7][gc,age      ] GC(169) - age  12:      79064 bytes,    2842280 total
[2022-07-20T10:43:47.290+0000][7][gc,age      ] GC(169) - age  13:      23088 bytes,    2865368 total
[2022-07-20T10:43:47.290+0000][7][gc,age      ] GC(169) - age  14:      16608 bytes,    2881976 total
[2022-07-20T10:43:47.290+0000][7][gc,age      ] GC(169) - age  15:        280 bytes,    2882256 total
[2022-07-20T10:43:47.290+0000][7][gc,phases   ] GC(169)   Pre Evacuate Collection Set: 0.1ms
[2022-07-20T10:43:47.290+0000][7][gc,phases   ] GC(169)   Merge Heap Roots: 0.0ms
[2022-07-20T10:43:47.290+0000][7][gc,phases   ] GC(169)   Evacuate Collection Set: 3.9ms
[2022-07-20T10:43:47.290+0000][7][gc,phases   ] GC(169)   Post Evacuate Collection Set: 0.5ms
[2022-07-20T10:43:47.290+0000][7][gc,phases   ] GC(169)   Other: 0.4ms
[2022-07-20T10:43:47.290+0000][7][gc,heap     ] GC(169) Eden regions: 23->0(23)
[2022-07-20T10:43:47.290+0000][7][gc,heap     ] GC(169) Survivor regions: 1->1(3)
[2022-07-20T10:43:47.290+0000][7][gc,heap     ] GC(169) Old regions: 24->24
[2022-07-20T10:43:47.290+0000][7][gc,heap     ] GC(169) Archive regions: 2->2
[2022-07-20T10:43:47.290+0000][7][gc,heap     ] GC(169) Humongous regions: 2->2
[2022-07-20T10:43:47.290+0000][7][gc,metaspace] GC(169) Metaspace: 110608K(115576K)->110608K(115576K) NonClass: 96536K(100012K)->96536K(100012K) Class: 14072K(15564K)->14072K(15564K)
[2022-07-20T10:43:47.290+0000][7][gc          ] GC(169) Pause Young (Concurrent Start) (G1 Evacuation Pause) 200M->108M(256M) 5.090ms
[2022-07-20T10:43:47.290+0000][7][gc,cpu      ] GC(169) User=0.01s Sys=0.00s Real=0.00s
[2022-07-20T10:43:47.290+0000][7][gc          ] GC(170) Concurrent Cycle
[2022-07-20T10:43:47.290+0000][7][safepoint   ] Safepoint "G1CollectForAllocation", Time since last: 14463854090 ns, Reaching safepoint: 115383 ns, At safepoint: 5192142 ns, Total: 5307525 ns
[2022-07-20T10:43:47.290+0000][7][gc,marking  ] GC(170) Concurrent Clear Claimed Marks
[2022-07-20T10:43:47.290+0000][7][gc,marking  ] GC(170) Concurrent Clear Claimed Marks 0.129ms
[2022-07-20T10:43:47.290+0000][7][gc,marking  ] GC(170) Concurrent Scan Root Regions
[2022-07-20T10:43:47.293+0000][7][gc,marking  ] GC(170) Concurrent Scan Root Regions 3.280ms
[2022-07-20T10:43:47.293+0000][7][gc,marking  ] GC(170) Concurrent Mark (3574.945s)
[2022-07-20T10:43:47.293+0000][7][gc,marking  ] GC(170) Concurrent Mark From Roots
[2022-07-20T10:43:47.293+0000][7][gc,task     ] GC(170) Using 1 workers of 1 for marking
[2022-07-20T10:43:47.512+0000][7][gc,marking  ] GC(170) Concurrent Mark From Roots 218.864ms
[2022-07-20T10:43:47.512+0000][7][gc,marking  ] GC(170) Concurrent Preclean
[2022-07-20T10:43:47.513+0000][7][gc,marking  ] GC(170) Concurrent Preclean 0.205ms
[2022-07-20T10:43:47.513+0000][7][gc,marking  ] GC(170) Concurrent Mark (3574.945s, 3575.165s) 219.167ms
[2022-07-20T10:43:47.513+0000][7][gc,start    ] GC(170) Pause Remark
[2022-07-20T10:43:47.528+0000][7][gc          ] GC(170) Pause Remark 111M->111M(256M) 15.548ms
[2022-07-20T10:43:47.528+0000][7][gc,cpu      ] GC(170) User=0.03s Sys=0.00s Real=0.02s
[2022-07-20T10:43:47.528+0000][7][safepoint   ] Safepoint "G1Concurrent", Time since last: 222735158 ns, Reaching safepoint: 119598 ns, At safepoint: 15661470 ns, Total: 15781068 ns
[2022-07-20T10:43:47.528+0000][7][gc,marking  ] GC(170) Concurrent Rebuild Remembered Sets
[2022-07-20T10:43:47.631+0000][7][gc,marking  ] GC(170) Concurrent Rebuild Remembered Sets 102.139ms
[2022-07-20T10:43:47.631+0000][7][gc,start    ] GC(170) Pause Cleanup
[2022-07-20T10:43:47.631+0000][7][gc          ] GC(170) Pause Cleanup 111M->111M(256M) 0.080ms
[2022-07-20T10:43:47.631+0000][7][gc,cpu      ] GC(170) User=0.00s Sys=0.00s Real=0.00s
[2022-07-20T10:43:47.631+0000][7][safepoint   ] Safepoint "G1Concurrent", Time since last: 102255290 ns, Reaching safepoint: 94276 ns, At safepoint: 135056 ns, Total: 229332 ns
[2022-07-20T10:43:47.631+0000][7][gc,marking  ] GC(170) Concurrent Cleanup for Next Mark
[2022-07-20T10:43:47.631+0000][7][gc,marking  ] GC(170) Concurrent Cleanup for Next Mark 0.249ms
[2022-07-20T10:43:47.631+0000][7][gc          ] GC(170) Concurrent Cycle 341.328ms
[2022-07-20T10:43:53.632+0000][7][safepoint   ] Safepoint "Cleanup", Time since last: 6000970662 ns, Reaching safepoint: 149445 ns, At safepoint: 9187 ns, Total: 158632 ns
[2022-07-20T10:43:55.633+0000][7][safepoint   ] Safepoint "Cleanup", Time since last: 2000330247 ns, Reaching safepoint: 195960 ns, At safepoint: 7509 ns, Total: 203469 ns
[2022-07-20T10:44:04.635+0000][7][safepoint   ] Safepoint "Cleanup", Time since last: 9001926850 ns, Reaching safepoint: 100306 ns, At safepoint: 5679 ns, Total: 105985 ns
[2022-07-20T10:44:05.635+0000][7][safepoint   ] Safepoint "Cleanup", Time since last: 1000138489 ns, Reaching safepoint: 148140 ns, At safepoint: 7499 ns, Total: 155639 ns
[2022-07-20T10:44:08.635+0000][7][safepoint   ] Safepoint "Cleanup", Time since last: 3000331473 ns, Reaching safepoint: 179363 ns, At safepoint: 5006 ns, Total: 184369 ns
[2022-07-20T10:44:11.636+0000][7][safepoint   ] Safepoint "Cleanup", Time since last: 3000493067 ns, Reaching safepoint: 105917 ns, At safepoint: 5297 ns, Total: 111214 ns
[2022-07-20T10:44:14.637+0000][7][safepoint   ] Safepoint "Cleanup", Time since last: 3000375414 ns, Reaching safepoint: 118005 ns, At safepoint: 5829 ns, Total: 123834 ns
[2022-07-20T10:44:15.637+0000][7][safepoint   ] Safepoint "Cleanup", Time since last: 1000124565 ns, Reaching safepoint: 237038 ns, At safepoint: 11855 ns, Total: 248893 ns
[2022-07-20T10:44:17.628+0000][7][gc,start    ] GC(171) Pause Young (Normal) (G1 Evacuation Pause)
[2022-07-20T10:44:17.628+0000][7][gc,task     ] GC(171) Using 4 workers of 4 for evacuation
[2022-07-20T10:44:17.628+0000][7][gc,age      ] GC(171) Desired survivor size 6291456 bytes, new threshold 15 (max threshold 15)
[2022-07-20T10:44:17.634+0000][7][gc,age      ] GC(171) Age table with threshold 15 (max threshold 15)
[2022-07-20T10:44:17.634+0000][7][gc,age      ] GC(171) - age   1:    1468216 bytes,    1468216 total
[2022-07-20T10:44:17.634+0000][7][gc,age      ] GC(171) - age   2:    1186616 bytes,    2654832 total
[2022-07-20T10:44:17.634+0000][7][gc,age      ] GC(171) - age   3:      42736 bytes,    2697568 total
[2022-07-20T10:44:17.634+0000][7][gc,age      ] GC(171) - age   4:     768384 bytes,    3465952 total
[2022-07-20T10:44:17.634+0000][7][gc,age      ] GC(171) - age   5:     407888 bytes,    3873840 total
[2022-07-20T10:44:17.634+0000][7][gc,age      ] GC(171) - age   6:       1592 bytes,    3875432 total
[2022-07-20T10:44:17.634+0000][7][gc,age      ] GC(171) - age   7:       2560 bytes,    3877992 total
[2022-07-20T10:44:17.634+0000][7][gc,age      ] GC(171) - age   8:       3128 bytes,    3881120 total
[2022-07-20T10:44:17.634+0000][7][gc,age      ] GC(171) - age   9:       1336 bytes,    3882456 total
[2022-07-20T10:44:17.634+0000][7][gc,age      ] GC(171) - age  10:       3120 bytes,    3885576 total
[2022-07-20T10:44:17.634+0000][7][gc,age      ] GC(171) - age  11:       1216 bytes,    3886792 total
[2022-07-20T10:44:17.635+0000][7][gc,age      ] GC(171) - age  12:       3456 bytes,    3890248 total
[2022-07-20T10:44:17.635+0000][7][gc,age      ] GC(171) - age  13:      78904 bytes,    3969152 total
[2022-07-20T10:44:17.635+0000][7][gc,age      ] GC(171) - age  14:      23088 bytes,    3992240 total
[2022-07-20T10:44:17.635+0000][7][gc,age      ] GC(171) - age  15:      16608 bytes,    4008848 total
[2022-07-20T10:44:17.635+0000][7][gc,phases   ] GC(171)   Pre Evacuate Collection Set: 0.1ms
[2022-07-20T10:44:17.635+0000][7][gc,phases   ] GC(171)   Merge Heap Roots: 0.1ms
[2022-07-20T10:44:17.635+0000][7][gc,phases   ] GC(171)   Evacuate Collection Set: 4.7ms
[2022-07-20T10:44:17.635+0000][7][gc,phases   ] GC(171)   Post Evacuate Collection Set: 1.1ms
[2022-07-20T10:44:17.635+0000][7][gc,phases   ] GC(171)   Other: 0.3ms
[2022-07-20T10:44:17.635+0000][7][gc,heap     ] GC(171) Eden regions: 23->0(22)
[2022-07-20T10:44:17.635+0000][7][gc,heap     ] GC(171) Survivor regions: 1->2(3)
[2022-07-20T10:44:17.635+0000][7][gc,heap     ] GC(171) Old regions: 24->24
[2022-07-20T10:44:17.635+0000][7][gc,heap     ] GC(171) Archive regions: 2->2
[2022-07-20T10:44:17.635+0000][7][gc,heap     ] GC(171) Humongous regions: 2->2
[2022-07-20T10:44:17.635+0000][7][gc,metaspace] GC(171) Metaspace: 110627K(115576K)->110627K(115576K) NonClass: 96554K(100012K)->96554K(100012K) Class: 14072K(15564K)->14072K(15564K)
[2022-07-20T10:44:17.635+0000][7][gc          ] GC(171) Pause Young (Normal) (G1 Evacuation Pause) 200M->109M(256M) 6.392ms
[2022-07-20T10:44:17.635+0000][7][gc,cpu      ] GC(171) User=0.01s Sys=0.01s Real=0.01s
[2022-07-20T10:44:17.635+0000][7][safepoint   ] Safepoint "G1CollectForAllocation", Time since last: 1991210350 ns, Reaching safepoint: 170704 ns, At safepoint: 6491572 ns, Total: 6662276 ns
[2022-07-20T10:44:18.635+0000][7][safepoint   ] Safepoint "Cleanup", Time since last: 1000107163 ns, Reaching safepoint: 137938 ns, At safepoint: 4933 ns, Total: 142871 ns
[2022-07-20T10:44:19.635+0000][7][safepoint   ] Safepoint "Cleanup", Time since last: 1000134920 ns, Reaching safepoint: 179373 ns, At safepoint: 7786 ns, Total: 187159 ns
[2022-07-20T10:44:20.636+0000][7][safepoint   ] Safepoint "Cleanup", Time since last: 1000105550 ns, Reaching safepoint: 88375 ns, At safepoint: 7353 ns, Total: 95728 ns
[2022-07-20T10:44:21.636+0000][7][safepoint   ] Safepoint "Cleanup", Time since last: 1000185757 ns, Reaching safepoint: 168952 ns, At safepoint: 10633 ns, Total: 179585 ns
[2022-07-20T10:44:26.637+0000][7][safepoint   ] Safepoint "Cleanup", Time since last: 5000517192 ns, Reaching safepoint: 223201 ns, At safepoint: 10326 ns, Total: 233527 ns
[2022-07-20T10:44:27.637+0000][7][safepoint   ] Safepoint "Cleanup", Time since last: 1000485196 ns, Reaching safepoint: 159616 ns, At safepoint: 7051 ns, Total: 166667 ns
[2022-07-20T10:44:38.639+0000][7][safepoint   ] Safepoint "Cleanup", Time since last: 11002013093 ns, Reaching safepoint: 95365 ns, At safepoint: 6295 ns, Total: 101660 ns
[2022-07-20T10:44:41.640+0000][7][safepoint   ] Safepoint "Cleanup", Time since last: 3000358539 ns, Reaching safepoint: 180931 ns, At safepoint: 6715 ns, Total: 187646 ns
[2022-07-20T10:44:55.643+0000][7][safepoint   ] Safepoint "Cleanup", Time since last: 14002808692 ns, Reaching safepoint: 123970 ns, At safepoint: 7928 ns, Total: 131898 ns
[2022-07-20T10:44:56.661+0000][7][safepoint   ] Safepoint "Cleanup", Time since last: 1000308586 ns, Reaching safepoint: 17747663 ns, At safepoint: 9009 ns, Total: 17756672 ns
[2022-07-20T10:44:56.679+0000][7][gc,start    ] GC(172) Pause Young (Concurrent Start) (G1 Evacuation Pause)
[2022-07-20T10:44:56.679+0000][7][gc,task     ] GC(172) Using 4 workers of 4 for evacuation
[2022-07-20T10:44:56.679+0000][7][gc,age      ] GC(172) Desired survivor size 6291456 bytes, new threshold 15 (max threshold 15)
[2022-07-20T10:44:56.686+0000][7][gc,age      ] GC(172) Age table with threshold 15 (max threshold 15)
[2022-07-20T10:44:56.686+0000][7][gc,age      ] GC(172) - age   1:    1772312 bytes,    1772312 total
[2022-07-20T10:44:56.686+0000][7][gc,age      ] GC(172) - age   2:     525240 bytes,    2297552 total
[2022-07-20T10:44:56.686+0000][7][gc,age      ] GC(172) - age   3:     403936 bytes,    2701488 total
[2022-07-20T10:44:56.686+0000][7][gc,age      ] GC(172) - age   4:      36472 bytes,    2737960 total
[2022-07-20T10:44:56.686+0000][7][gc,age      ] GC(172) - age   5:     767808 bytes,    3505768 total
[2022-07-20T10:44:56.686+0000][7][gc,age      ] GC(172) - age   6:     220392 bytes,    3726160 total
[2022-07-20T10:44:56.686+0000][7][gc,age      ] GC(172) - age   7:       1592 bytes,    3727752 total
[2022-07-20T10:44:56.686+0000][7][gc,age      ] GC(172) - age   8:       2208 bytes,    3729960 total
[2022-07-20T10:44:56.686+0000][7][gc,age      ] GC(172) - age   9:       3128 bytes,    3733088 total
[2022-07-20T10:44:56.686+0000][7][gc,age      ] GC(172) - age  10:       1336 bytes,    3734424 total
[2022-07-20T10:44:56.686+0000][7][gc,age      ] GC(172) - age  11:       2848 bytes,    3737272 total
[2022-07-20T10:44:56.686+0000][7][gc,age      ] GC(172) - age  12:       1216 bytes,    3738488 total
[2022-07-20T10:44:56.686+0000][7][gc,age      ] GC(172) - age  13:       3456 bytes,    3741944 total
[2022-07-20T10:44:56.686+0000][7][gc,age      ] GC(172) - age  14:      78904 bytes,    3820848 total
[2022-07-20T10:44:56.686+0000][7][gc,age      ] GC(172) - age  15:      23088 bytes,    3843936 total
[2022-07-20T10:44:56.686+0000][7][gc,phases   ] GC(172)   Pre Evacuate Collection Set: 0.2ms
[2022-07-20T10:44:56.686+0000][7][gc,phases   ] GC(172)   Merge Heap Roots: 0.1ms
[2022-07-20T10:44:56.686+0000][7][gc,phases   ] GC(172)   Evacuate Collection Set: 5.0ms
[2022-07-20T10:44:56.686+0000][7][gc,phases   ] GC(172)   Post Evacuate Collection Set: 1.2ms
[2022-07-20T10:44:56.686+0000][7][gc,phases   ] GC(172)   Other: 0.4ms
[2022-07-20T10:44:56.686+0000][7][gc,heap     ] GC(172) Eden regions: 22->0(23)
[2022-07-20T10:44:56.686+0000][7][gc,heap     ] GC(172) Survivor regions: 2->1(3)
[2022-07-20T10:44:56.686+0000][7][gc,heap     ] GC(172) Old regions: 24->24
[2022-07-20T10:44:56.686+0000][7][gc,heap     ] GC(172) Archive regions: 2->2
[2022-07-20T10:44:56.686+0000][7][gc,heap     ] GC(172) Humongous regions: 2->2
[2022-07-20T10:44:56.686+0000][7][gc,metaspace] GC(172) Metaspace: 110649K(115576K)->110649K(115576K) NonClass: 96575K(100012K)->96575K(100012K) Class: 14073K(15564K)->14073K(15564K)
[2022-07-20T10:44:56.686+0000][7][gc          ] GC(172) Pause Young (Concurrent Start) (G1 Evacuation Pause) 197M->109M(256M) 6.945ms
[2022-07-20T10:44:56.686+0000][7][gc,cpu      ] GC(172) User=0.01s Sys=0.00s Real=0.01s
[2022-07-20T10:44:56.686+0000][7][gc          ] GC(173) Concurrent Cycle
[2022-07-20T10:44:56.686+0000][7][safepoint   ] Safepoint "G1CollectForAllocation", Time since last: 18223515 ns, Reaching safepoint: 166067 ns, At safepoint: 7053079 ns, Total: 7219146 ns
[2022-07-20T10:44:56.686+0000][7][gc,marking  ] GC(173) Concurrent Clear Claimed Marks
[2022-07-20T10:44:56.687+0000][7][gc,marking  ] GC(173) Concurrent Clear Claimed Marks 0.253ms
[2022-07-20T10:44:56.687+0000][7][gc,marking  ] GC(173) Concurrent Scan Root Regions
[2022-07-20T10:44:56.690+0000][7][gc,marking  ] GC(173) Concurrent Scan Root Regions 3.439ms
[2022-07-20T10:44:56.690+0000][7][gc,marking  ] GC(173) Concurrent Mark (3644.342s)
[2022-07-20T10:44:56.690+0000][7][gc,marking  ] GC(173) Concurrent Mark From Roots
[2022-07-20T10:44:56.690+0000][7][gc,task     ] GC(173) Using 1 workers of 1 for marking
[2022-07-20T10:44:56.851+0000][7][gc,marking  ] GC(173) Concurrent Mark From Roots 161.105ms
[2022-07-20T10:44:56.851+0000][7][gc,marking  ] GC(173) Concurrent Preclean
[2022-07-20T10:44:56.852+0000][7][gc,marking  ] GC(173) Concurrent Preclean 0.225ms
[2022-07-20T10:44:56.852+0000][7][gc,marking  ] GC(173) Concurrent Mark (3644.342s, 3644.504s) 161.423ms
[2022-07-20T10:44:56.852+0000][7][gc,start    ] GC(173) Pause Remark
[2022-07-20T10:44:56.863+0000][7][gc          ] GC(173) Pause Remark 122M->122M(256M) 11.283ms
[2022-07-20T10:44:56.863+0000][7][gc,cpu      ] GC(173) User=0.04s Sys=0.00s Real=0.02s
[2022-07-20T10:44:56.863+0000][7][safepoint   ] Safepoint "G1Concurrent", Time since last: 165283206 ns, Reaching safepoint: 190221 ns, At safepoint: 11385769 ns, Total: 11575990 ns
[2022-07-20T10:44:56.863+0000][7][gc,marking  ] GC(173) Concurrent Rebuild Remembered Sets
[2022-07-20T10:44:56.953+0000][7][gc,marking  ] GC(173) Concurrent Rebuild Remembered Sets 89.676ms
[2022-07-20T10:44:56.953+0000][7][gc,start    ] GC(173) Pause Cleanup
[2022-07-20T10:44:56.953+0000][7][gc          ] GC(173) Pause Cleanup 122M->122M(256M) 0.085ms
[2022-07-20T10:44:56.953+0000][7][gc,cpu      ] GC(173) User=0.00s Sys=0.00s Real=0.00s
[2022-07-20T10:44:56.953+0000][7][safepoint   ] Safepoint "G1Concurrent", Time since last: 89805023 ns, Reaching safepoint: 210951 ns, At safepoint: 169427 ns, Total: 380378 ns
[2022-07-20T10:44:56.953+0000][7][gc,marking  ] GC(173) Concurrent Cleanup for Next Mark
[2022-07-20T10:44:56.954+0000][7][gc,marking  ] GC(173) Concurrent Cleanup for Next Mark 0.250ms
[2022-07-20T10:44:56.954+0000][7][gc          ] GC(173) Concurrent Cycle 267.382ms
[2022-07-20T10:45:00.955+0000][7][safepoint   ] Safepoint "Cleanup", Time since last: 4001133252 ns, Reaching safepoint: 137262 ns, At safepoint: 6479 ns, Total: 143741 ns
[2022-07-20T10:45:04.955+0000][7][safepoint   ] Safepoint "Cleanup", Time since last: 4000532318 ns, Reaching safepoint: 170358 ns, At safepoint: 34072 ns, Total: 204430 ns
[2022-07-20T10:45:08.957+0000][7][safepoint   ] Safepoint "Cleanup", Time since last: 4001112187 ns, Reaching safepoint: 143423 ns, At safepoint: 7739 ns, Total: 151162 ns
[2022-07-20T10:45:16.959+0000][7][safepoint   ] Safepoint "Cleanup", Time since last: 8001671848 ns, Reaching safepoint: 149010 ns, At safepoint: 8862 ns, Total: 157872 ns
[2022-07-20T10:45:25.960+0000][7][safepoint   ] Safepoint "Cleanup", Time since last: 9001320456 ns, Reaching safepoint: 123532 ns, At safepoint: 10119 ns, Total: 133651 ns
[2022-07-20T10:45:28.767+0000][7][gc,start    ] GC(174) Pause Young (Normal) (G1 Evacuation Pause)
[2022-07-20T10:45:28.767+0000][7][gc,task     ] GC(174) Using 4 workers of 4 for evacuation
[2022-07-20T10:45:28.767+0000][7][gc,age      ] GC(174) Desired survivor size 6291456 bytes, new threshold 15 (max threshold 15)
[2022-07-20T10:45:28.772+0000][7][gc,age      ] GC(174) Age table with threshold 15 (max threshold 15)
[2022-07-20T10:45:28.772+0000][7][gc,age      ] GC(174) - age   1:    1600976 bytes,    1600976 total
[2022-07-20T10:45:28.772+0000][7][gc,age      ] GC(174) - age   2:     213696 bytes,    1814672 total
[2022-07-20T10:45:28.772+0000][7][gc,age      ] GC(174) - age   3:     416016 bytes,    2230688 total
[2022-07-20T10:45:28.772+0000][7][gc,age      ] GC(174) - age   4:     204080 bytes,    2434768 total
[2022-07-20T10:45:28.772+0000][7][gc,age      ] GC(174) - age   5:      36216 bytes,    2470984 total
[2022-07-20T10:45:28.772+0000][7][gc,age      ] GC(174) - age   6:     757440 bytes,    3228424 total
[2022-07-20T10:45:28.772+0000][7][gc,age      ] GC(174) - age   7:     217984 bytes,    3446408 total
[2022-07-20T10:45:28.772+0000][7][gc,age      ] GC(174) - age   8:       1560 bytes,    3447968 total
[2022-07-20T10:45:28.772+0000][7][gc,age      ] GC(174) - age   9:       1400 bytes,    3449368 total
[2022-07-20T10:45:28.772+0000][7][gc,age      ] GC(174) - age  10:       3128 bytes,    3452496 total
[2022-07-20T10:45:28.772+0000][7][gc,age      ] GC(174) - age  11:       1336 bytes,    3453832 total
[2022-07-20T10:45:28.772+0000][7][gc,age      ] GC(174) - age  12:       2848 bytes,    3456680 total
[2022-07-20T10:45:28.772+0000][7][gc,age      ] GC(174) - age  13:       1216 bytes,    3457896 total
[2022-07-20T10:45:28.772+0000][7][gc,age      ] GC(174) - age  14:       3456 bytes,    3461352 total
[2022-07-20T10:45:28.772+0000][7][gc,age      ] GC(174) - age  15:      78904 bytes,    3540256 total
[2022-07-20T10:45:28.772+0000][7][gc,phases   ] GC(174)   Pre Evacuate Collection Set: 0.1ms
[2022-07-20T10:45:28.772+0000][7][gc,phases   ] GC(174)   Merge Heap Roots: 0.1ms
[2022-07-20T10:45:28.772+0000][7][gc,phases   ] GC(174)   Evacuate Collection Set: 4.1ms
[2022-07-20T10:45:28.772+0000][7][gc,phases   ] GC(174)   Post Evacuate Collection Set: 0.6ms
[2022-07-20T10:45:28.772+0000][7][gc,phases   ] GC(174)   Other: 0.4ms
[2022-07-20T10:45:28.772+0000][7][gc,heap     ] GC(174) Eden regions: 23->0(23)
[2022-07-20T10:45:28.772+0000][7][gc,heap     ] GC(174) Survivor regions: 1->1(3)
[2022-07-20T10:45:28.772+0000][7][gc,heap     ] GC(174) Old regions: 24->24
[2022-07-20T10:45:28.772+0000][7][gc,heap     ] GC(174) Archive regions: 2->2
[2022-07-20T10:45:28.772+0000][7][gc,heap     ] GC(174) Humongous regions: 2->2
[2022-07-20T10:45:28.772+0000][7][gc,metaspace] GC(174) Metaspace: 110667K(115576K)->110667K(115576K) NonClass: 96593K(100012K)->96593K(100012K) Class: 14073K(15564K)->14073K(15564K)
[2022-07-20T10:45:28.772+0000][7][gc          ] GC(174) Pause Young (Normal) (G1 Evacuation Pause) 201M->109M(256M) 5.284ms
[2022-07-20T10:45:28.772+0000][7][gc,cpu      ] GC(174) User=0.01s Sys=0.00s Real=0.00s
[2022-07-20T10:45:28.772+0000][7][safepoint   ] Safepoint "G1CollectForAllocation", Time since last: 2806701914 ns, Reaching safepoint: 117110 ns, At safepoint: 5381488 ns, Total: 5498598 ns
[2022-07-20T10:45:29.773+0000][7][safepoint   ] Safepoint "Cleanup", Time since last: 1000124636 ns, Reaching safepoint: 173122 ns, At safepoint: 12760 ns, Total: 185882 ns
[2022-07-20T10:45:38.774+0000][7][safepoint   ] Safepoint "Cleanup", Time since last: 9001406935 ns, Reaching safepoint: 114836 ns, At safepoint: 7522 ns, Total: 122358 ns
[2022-07-20T10:45:40.775+0000][7][safepoint   ] Safepoint "Cleanup", Time since last: 2000530194 ns, Reaching safepoint: 250474 ns, At safepoint: 11736 ns, Total: 262210 ns
[2022-07-20T10:45:41.775+0000][7][safepoint   ] Safepoint "Cleanup", Time since last: 1000140439 ns, Reaching safepoint: 148455 ns, At safepoint: 7669 ns, Total: 156124 ns
[2022-07-20T10:45:53.778+0000][7][safepoint   ] Safepoint "Cleanup", Time since last: 12002297668 ns, Reaching safepoint: 82343 ns, At safepoint: 6144 ns, Total: 88487 ns
[2022-07-20T10:45:59.779+0000][7][safepoint   ] Safepoint "Cleanup", Time since last: 6001312097 ns, Reaching safepoint: 150634 ns, At safepoint: 8754 ns, Total: 159388 ns
[2022-07-20T10:46:04.762+0000][7][gc,start    ] GC(175) Pause Young (Concurrent Start) (G1 Evacuation Pause)
[2022-07-20T10:46:04.762+0000][7][gc,task     ] GC(175) Using 4 workers of 4 for evacuation
[2022-07-20T10:46:04.762+0000][7][gc,age      ] GC(175) Desired survivor size 6291456 bytes, new threshold 15 (max threshold 15)
[2022-07-20T10:46:04.767+0000][7][gc,age      ] GC(175) Age table with threshold 15 (max threshold 15)
[2022-07-20T10:46:04.767+0000][7][gc,age      ] GC(175) - age   1:    2384352 bytes,    2384352 total
[2022-07-20T10:46:04.767+0000][7][gc,age      ] GC(175) - age   2:     259336 bytes,    2643688 total
[2022-07-20T10:46:04.767+0000][7][gc,age      ] GC(175) - age   3:      54272 bytes,    2697960 total
[2022-07-20T10:46:04.767+0000][7][gc,age      ] GC(175) - age   4:     251904 bytes,    2949864 total
[2022-07-20T10:46:04.767+0000][7][gc,age      ] GC(175) - age   5:     202664 bytes,    3152528 total
[2022-07-20T10:46:04.767+0000][7][gc,age      ] GC(175) - age   6:      34384 bytes,    3186912 total
[2022-07-20T10:46:04.767+0000][7][gc,age      ] GC(175) - age   7:     756960 bytes,    3943872 total
[2022-07-20T10:46:04.767+0000][7][gc,age      ] GC(175) - age   8:     214944 bytes,    4158816 total
[2022-07-20T10:46:04.767+0000][7][gc,age      ] GC(175) - age   9:       1496 bytes,    4160312 total
[2022-07-20T10:46:04.767+0000][7][gc,age      ] GC(175) - age  10:       1352 bytes,    4161664 total
[2022-07-20T10:46:04.767+0000][7][gc,age      ] GC(175) - age  11:       3128 bytes,    4164792 total
[2022-07-20T10:46:04.767+0000][7][gc,age      ] GC(175) - age  12:       1336 bytes,    4166128 total
[2022-07-20T10:46:04.767+0000][7][gc,age      ] GC(175) - age  13:       2848 bytes,    4168976 total
[2022-07-20T10:46:04.767+0000][7][gc,age      ] GC(175) - age  14:       1216 bytes,    4170192 total
[2022-07-20T10:46:04.767+0000][7][gc,age      ] GC(175) - age  15:       3456 bytes,    4173648 total
[2022-07-20T10:46:04.767+0000][7][gc,phases   ] GC(175)   Pre Evacuate Collection Set: 0.1ms
[2022-07-20T10:46:04.767+0000][7][gc,phases   ] GC(175)   Merge Heap Roots: 0.0ms
[2022-07-20T10:46:04.767+0000][7][gc,phases   ] GC(175)   Evacuate Collection Set: 3.7ms
[2022-07-20T10:46:04.767+0000][7][gc,phases   ] GC(175)   Post Evacuate Collection Set: 1.2ms
[2022-07-20T10:46:04.767+0000][7][gc,phases   ] GC(175)   Other: 0.4ms
[2022-07-20T10:46:04.767+0000][7][gc,heap     ] GC(175) Eden regions: 23->0(22)
[2022-07-20T10:46:04.767+0000][7][gc,heap     ] GC(175) Survivor regions: 1->2(3)
[2022-07-20T10:46:04.768+0000][7][gc,heap     ] GC(175) Old regions: 24->24
[2022-07-20T10:46:04.768+0000][7][gc,heap     ] GC(175) Archive regions: 2->2
[2022-07-20T10:46:04.768+0000][7][gc,heap     ] GC(175) Humongous regions: 2->2
[2022-07-20T10:46:04.768+0000][7][gc,metaspace] GC(175) Metaspace: 110686K(115576K)->110686K(115576K) NonClass: 96613K(100012K)->96613K(100012K) Class: 14073K(15564K)->14073K(15564K)
[2022-07-20T10:46:04.768+0000][7][gc          ] GC(175) Pause Young (Concurrent Start) (G1 Evacuation Pause) 201M->109M(256M) 5.640ms
[2022-07-20T10:46:04.768+0000][7][gc,cpu      ] GC(175) User=0.02s Sys=0.00s Real=0.01s
[2022-07-20T10:46:04.768+0000][7][gc          ] GC(176) Concurrent Cycle
[2022-07-20T10:46:04.768+0000][7][safepoint   ] Safepoint "G1CollectForAllocation", Time since last: 4982791704 ns, Reaching safepoint: 95866 ns, At safepoint: 5738133 ns, Total: 5833999 ns
[2022-07-20T10:46:04.768+0000][7][gc,marking  ] GC(176) Concurrent Clear Claimed Marks
[2022-07-20T10:46:04.768+0000][7][gc,marking  ] GC(176) Concurrent Clear Claimed Marks 0.129ms
[2022-07-20T10:46:04.768+0000][7][gc,marking  ] GC(176) Concurrent Scan Root Regions
[2022-07-20T10:46:04.771+0000][7][gc,marking  ] GC(176) Concurrent Scan Root Regions 3.583ms
[2022-07-20T10:46:04.771+0000][7][gc,marking  ] GC(176) Concurrent Mark (3712.423s)
[2022-07-20T10:46:04.771+0000][7][gc,marking  ] GC(176) Concurrent Mark From Roots
[2022-07-20T10:46:04.771+0000][7][gc,task     ] GC(176) Using 1 workers of 1 for marking
[2022-07-20T10:46:04.970+0000][7][gc,marking  ] GC(176) Concurrent Mark From Roots 198.287ms
[2022-07-20T10:46:04.970+0000][7][gc,marking  ] GC(176) Concurrent Preclean
[2022-07-20T10:46:04.970+0000][7][gc,marking  ] GC(176) Concurrent Preclean 0.211ms
[2022-07-20T10:46:04.970+0000][7][gc,marking  ] GC(176) Concurrent Mark (3712.423s, 3712.622s) 198.579ms
[2022-07-20T10:46:04.970+0000][7][gc,start    ] GC(176) Pause Remark
[2022-07-20T10:46:04.981+0000][7][gc          ] GC(176) Pause Remark 118M->118M(256M) 11.248ms
[2022-07-20T10:46:04.982+0000][7][gc,cpu      ] GC(176) User=0.04s Sys=0.00s Real=0.01s
[2022-07-20T10:46:04.982+0000][7][safepoint   ] Safepoint "G1Concurrent", Time since last: 202425306 ns, Reaching safepoint: 133381 ns, At safepoint: 11370350 ns, Total: 11503731 ns
[2022-07-20T10:46:04.982+0000][7][gc,marking  ] GC(176) Concurrent Rebuild Remembered Sets
[2022-07-20T10:46:05.069+0000][7][gc,marking  ] GC(176) Concurrent Rebuild Remembered Sets 87.132ms
[2022-07-20T10:46:05.069+0000][7][gc,start    ] GC(176) Pause Cleanup
[2022-07-20T10:46:05.069+0000][7][gc          ] GC(176) Pause Cleanup 118M->118M(256M) 0.102ms
[2022-07-20T10:46:05.069+0000][7][gc,cpu      ] GC(176) User=0.00s Sys=0.00s Real=0.00s
[2022-07-20T10:46:05.069+0000][7][safepoint   ] Safepoint "G1Concurrent", Time since last: 87262175 ns, Reaching safepoint: 107619 ns, At safepoint: 166211 ns, Total: 273830 ns
[2022-07-20T10:46:05.069+0000][7][gc,marking  ] GC(176) Concurrent Cleanup for Next Mark
[2022-07-20T10:46:05.069+0000][7][gc,marking  ] GC(176) Concurrent Cleanup for Next Mark 0.261ms
[2022-07-20T10:46:05.069+0000][7][gc          ] GC(176) Concurrent Cycle 301.818ms
[2022-07-20T10:46:15.071+0000][7][safepoint   ] Safepoint "Cleanup", Time since last: 10002094146 ns, Reaching safepoint: 207862 ns, At safepoint: 14075 ns, Total: 221937 ns
[2022-07-20T10:46:17.072+0000][7][safepoint   ] Safepoint "Cleanup", Time since last: 2000389915 ns, Reaching safepoint: 133088 ns, At safepoint: 4931 ns, Total: 138019 ns
[2022-07-20T10:46:18.072+0000][7][safepoint   ] Safepoint "Cleanup", Time since last: 1000264801 ns, Reaching safepoint: 130454 ns, At safepoint: 5314 ns, Total: 135768 ns
[2022-07-20T10:46:20.073+0000][7][safepoint   ] Safepoint "Cleanup", Time since last: 2000307606 ns, Reaching safepoint: 168980 ns, At safepoint: 6812 ns, Total: 175792 ns
[2022-07-20T10:46:27.074+0000][7][safepoint   ] Safepoint "Cleanup", Time since last: 7001257556 ns, Reaching safepoint: 110940 ns, At safepoint: 10035 ns, Total: 120975 ns
[2022-07-20T10:46:29.075+0000][7][safepoint   ] Safepoint "Cleanup", Time since last: 2000562249 ns, Reaching safepoint: 113044 ns, At safepoint: 5678 ns, Total: 118722 ns
[2022-07-20T10:46:29.809+0000][7][gc,start    ] GC(177) Pause Young (Normal) (G1 Evacuation Pause)
[2022-07-20T10:46:29.809+0000][7][gc,task     ] GC(177) Using 4 workers of 4 for evacuation
[2022-07-20T10:46:29.809+0000][7][gc,age      ] GC(177) Desired survivor size 6291456 bytes, new threshold 15 (max threshold 15)
[2022-07-20T10:46:29.817+0000][7][gc,age      ] GC(177) Age table with threshold 15 (max threshold 15)
[2022-07-20T10:46:29.817+0000][7][gc,age      ] GC(177) - age   1:    1855584 bytes,    1855584 total
[2022-07-20T10:46:29.817+0000][7][gc,age      ] GC(177) - age   2:     300544 bytes,    2156128 total
[2022-07-20T10:46:29.817+0000][7][gc,age      ] GC(177) - age   3:       4376 bytes,    2160504 total
[2022-07-20T10:46:29.817+0000][7][gc,age      ] GC(177) - age   4:      30728 bytes,    2191232 total
[2022-07-20T10:46:29.817+0000][7][gc,age      ] GC(177) - age   5:     251560 bytes,    2442792 total
[2022-07-20T10:46:29.817+0000][7][gc,age      ] GC(177) - age   6:     189000 bytes,    2631792 total
[2022-07-20T10:46:29.817+0000][7][gc,age      ] GC(177) - age   7:      34032 bytes,    2665824 total
[2022-07-20T10:46:29.817+0000][7][gc,age      ] GC(177) - age   8:     756224 bytes,    3422048 total
[2022-07-20T10:46:29.817+0000][7][gc,age      ] GC(177) - age   9:     214944 bytes,    3636992 total
[2022-07-20T10:46:29.817+0000][7][gc,age      ] GC(177) - age  10:       1496 bytes,    3638488 total
[2022-07-20T10:46:29.817+0000][7][gc,age      ] GC(177) - age  11:       1256 bytes,    3639744 total
[2022-07-20T10:46:29.817+0000][7][gc,age      ] GC(177) - age  12:       2520 bytes,    3642264 total
[2022-07-20T10:46:29.817+0000][7][gc,age      ] GC(177) - age  13:        728 bytes,    3642992 total
[2022-07-20T10:46:29.817+0000][7][gc,age      ] GC(177) - age  14:       2848 bytes,    3645840 total
[2022-07-20T10:46:29.817+0000][7][gc,age      ] GC(177) - age  15:       1216 bytes,    3647056 total
[2022-07-20T10:46:29.817+0000][7][gc,phases   ] GC(177)   Pre Evacuate Collection Set: 0.1ms
[2022-07-20T10:46:29.817+0000][7][gc,phases   ] GC(177)   Merge Heap Roots: 0.1ms
[2022-07-20T10:46:29.817+0000][7][gc,phases   ] GC(177)   Evacuate Collection Set: 5.7ms
[2022-07-20T10:46:29.817+0000][7][gc,phases   ] GC(177)   Post Evacuate Collection Set: 1.6ms
[2022-07-20T10:46:29.817+0000][7][gc,phases   ] GC(177)   Other: 0.3ms
[2022-07-20T10:46:29.817+0000][7][gc,heap     ] GC(177) Eden regions: 22->0(23)
[2022-07-20T10:46:29.817+0000][7][gc,heap     ] GC(177) Survivor regions: 2->1(3)
[2022-07-20T10:46:29.817+0000][7][gc,heap     ] GC(177) Old regions: 24->24
[2022-07-20T10:46:29.817+0000][7][gc,heap     ] GC(177) Archive regions: 2->2
[2022-07-20T10:46:29.817+0000][7][gc,heap     ] GC(177) Humongous regions: 2->2
[2022-07-20T10:46:29.817+0000][7][gc,metaspace] GC(177) Metaspace: 110786K(115832K)->110786K(115832K) NonClass: 96712K(100268K)->96712K(100268K) Class: 14074K(15564K)->14074K(15564K)
[2022-07-20T10:46:29.817+0000][7][gc          ] GC(177) Pause Young (Normal) (G1 Evacuation Pause) 197M->109M(256M) 7.792ms
[2022-07-20T10:46:29.817+0000][7][gc,cpu      ] GC(177) User=0.02s Sys=0.00s Real=0.01s
[2022-07-20T10:46:29.817+0000][7][safepoint   ] Safepoint "G1CollectForAllocation", Time since last: 734040248 ns, Reaching safepoint: 142668 ns, At safepoint: 7883286 ns, Total: 8025954 ns
[2022-07-20T10:46:34.818+0000][7][safepoint   ] Safepoint "Cleanup", Time since last: 5000510108 ns, Reaching safepoint: 107857 ns, At safepoint: 6454 ns, Total: 114311 ns
[2022-07-20T10:46:42.819+0000][7][safepoint   ] Safepoint "Cleanup", Time since last: 8001106703 ns, Reaching safepoint: 143530 ns, At safepoint: 7502 ns, Total: 151032 ns
[2022-07-20T10:46:56.820+0000][7][safepoint   ] Safepoint "Cleanup", Time since last: 14001475323 ns, Reaching safepoint: 117096 ns, At safepoint: 9267 ns, Total: 126363 ns
[2022-07-20T10:46:57.821+0000][7][safepoint   ] Safepoint "Cleanup", Time since last: 1000374393 ns, Reaching safepoint: 119027 ns, At safepoint: 6503 ns, Total: 125530 ns
[2022-07-20T10:47:01.822+0000][7][safepoint   ] Safepoint "Cleanup", Time since last: 4000810424 ns, Reaching safepoint: 119687 ns, At safepoint: 6249 ns, Total: 125936 ns
[2022-07-20T10:47:01.869+0000][7][gc,start    ] GC(178) Pause Young (Concurrent Start) (G1 Evacuation Pause)
[2022-07-20T10:47:01.869+0000][7][gc,task     ] GC(178) Using 4 workers of 4 for evacuation
[2022-07-20T10:47:01.869+0000][7][gc,age      ] GC(178) Desired survivor size 6291456 bytes, new threshold 15 (max threshold 15)
[2022-07-20T10:47:01.875+0000][7][gc,age      ] GC(178) Age table with threshold 15 (max threshold 15)
[2022-07-20T10:47:01.875+0000][7][gc,age      ] GC(178) - age   1:    2368272 bytes,    2368272 total
[2022-07-20T10:47:01.875+0000][7][gc,age      ] GC(178) - age   2:     485632 bytes,    2853904 total
[2022-07-20T10:47:01.875+0000][7][gc,age      ] GC(178) - age   3:     296944 bytes,    3150848 total
[2022-07-20T10:47:01.875+0000][7][gc,age      ] GC(178) - age   4:       3992 bytes,    3154840 total
[2022-07-20T10:47:01.875+0000][7][gc,age      ] GC(178) - age   5:      28152 bytes,    3182992 total
[2022-07-20T10:47:01.875+0000][7][gc,age      ] GC(178) - age   6:     250384 bytes,    3433376 total
[2022-07-20T10:47:01.875+0000][7][gc,age      ] GC(178) - age   7:     188584 bytes,    3621960 total
[2022-07-20T10:47:01.875+0000][7][gc,age      ] GC(178) - age   8:      33720 bytes,    3655680 total
[2022-07-20T10:47:01.875+0000][7][gc,age      ] GC(178) - age   9:     756224 bytes,    4411904 total
[2022-07-20T10:47:01.875+0000][7][gc,age      ] GC(178) - age  10:     214944 bytes,    4626848 total
[2022-07-20T10:47:01.875+0000][7][gc,age      ] GC(178) - age  11:       1392 bytes,    4628240 total
[2022-07-20T10:47:01.875+0000][7][gc,age      ] GC(178) - age  12:       1256 bytes,    4629496 total
[2022-07-20T10:47:01.875+0000][7][gc,age      ] GC(178) - age  13:       2520 bytes,    4632016 total
[2022-07-20T10:47:01.875+0000][7][gc,age      ] GC(178) - age  14:        728 bytes,    4632744 total
[2022-07-20T10:47:01.875+0000][7][gc,age      ] GC(178) - age  15:       2848 bytes,    4635592 total
[2022-07-20T10:47:01.875+0000][7][gc,phases   ] GC(178)   Pre Evacuate Collection Set: 0.2ms
[2022-07-20T10:47:01.875+0000][7][gc,phases   ] GC(178)   Merge Heap Roots: 0.1ms
[2022-07-20T10:47:01.875+0000][7][gc,phases   ] GC(178)   Evacuate Collection Set: 4.7ms
[2022-07-20T10:47:01.875+0000][7][gc,phases   ] GC(178)   Post Evacuate Collection Set: 0.5ms
[2022-07-20T10:47:01.875+0000][7][gc,phases   ] GC(178)   Other: 0.3ms
[2022-07-20T10:47:01.875+0000][7][gc,heap     ] GC(178) Eden regions: 23->0(22)
[2022-07-20T10:47:01.875+0000][7][gc,heap     ] GC(178) Survivor regions: 1->2(3)
[2022-07-20T10:47:01.875+0000][7][gc,heap     ] GC(178) Old regions: 24->24
[2022-07-20T10:47:01.875+0000][7][gc,heap     ] GC(178) Archive regions: 2->2
[2022-07-20T10:47:01.875+0000][7][gc,heap     ] GC(178) Humongous regions: 2->2
[2022-07-20T10:47:01.875+0000][7][gc,metaspace] GC(178) Metaspace: 110828K(115832K)->110828K(115832K) NonClass: 96754K(100268K)->96754K(100268K) Class: 14074K(15564K)->14074K(15564K)
[2022-07-20T10:47:01.875+0000][7][gc          ] GC(178) Pause Young (Concurrent Start) (G1 Evacuation Pause) 201M->110M(256M) 5.841ms
[2022-07-20T10:47:01.875+0000][7][gc,cpu      ] GC(178) User=0.02s Sys=0.00s Real=0.01s
[2022-07-20T10:47:01.875+0000][7][gc          ] GC(179) Concurrent Cycle
[2022-07-20T10:47:01.875+0000][7][gc,marking  ] GC(179) Concurrent Clear Claimed Marks
[2022-07-20T10:47:01.875+0000][7][safepoint   ] Safepoint "G1CollectForAllocation", Time since last: 47251660 ns, Reaching safepoint: 87953 ns, At safepoint: 5931090 ns, Total: 6019043 ns
[2022-07-20T10:47:01.875+0000][7][gc,marking  ] GC(179) Concurrent Clear Claimed Marks 0.097ms
[2022-07-20T10:47:01.875+0000][7][gc,marking  ] GC(179) Concurrent Scan Root Regions
[2022-07-20T10:47:01.881+0000][7][gc,marking  ] GC(179) Concurrent Scan Root Regions 5.330ms
[2022-07-20T10:47:01.881+0000][7][gc,marking  ] GC(179) Concurrent Mark (3769.533s)
[2022-07-20T10:47:01.881+0000][7][gc,marking  ] GC(179) Concurrent Mark From Roots
[2022-07-20T10:47:01.881+0000][7][gc,task     ] GC(179) Using 1 workers of 1 for marking
[2022-07-20T10:47:02.058+0000][7][gc,marking  ] GC(179) Concurrent Mark From Roots 177.784ms
[2022-07-20T10:47:02.059+0000][7][gc,marking  ] GC(179) Concurrent Preclean
[2022-07-20T10:47:02.059+0000][7][gc,marking  ] GC(179) Concurrent Preclean 0.224ms
[2022-07-20T10:47:02.059+0000][7][gc,marking  ] GC(179) Concurrent Mark (3769.533s, 3769.711s) 178.110ms
[2022-07-20T10:47:02.059+0000][7][gc,start    ] GC(179) Pause Remark
[2022-07-20T10:47:02.071+0000][7][gc          ] GC(179) Pause Remark 115M->115M(256M) 12.480ms
[2022-07-20T10:47:02.071+0000][7][gc,cpu      ] GC(179) User=0.04s Sys=0.00s Real=0.01s
[2022-07-20T10:47:02.072+0000][7][safepoint   ] Safepoint "G1Concurrent", Time since last: 183646158 ns, Reaching safepoint: 131906 ns, At safepoint: 12615198 ns, Total: 12747104 ns
[2022-07-20T10:47:02.072+0000][7][gc,marking  ] GC(179) Concurrent Rebuild Remembered Sets
[2022-07-20T10:47:02.171+0000][7][gc,marking  ] GC(179) Concurrent Rebuild Remembered Sets 99.839ms
[2022-07-20T10:47:02.172+0000][7][gc,start    ] GC(179) Pause Cleanup
[2022-07-20T10:47:02.172+0000][7][gc          ] GC(179) Pause Cleanup 115M->115M(256M) 0.082ms
[2022-07-20T10:47:02.172+0000][7][gc,cpu      ] GC(179) User=0.00s Sys=0.00s Real=0.00s
[2022-07-20T10:47:02.172+0000][7][safepoint   ] Safepoint "G1Concurrent", Time since last: 99961140 ns, Reaching safepoint: 140417 ns, At safepoint: 168943 ns, Total: 309360 ns
[2022-07-20T10:47:02.172+0000][7][gc,marking  ] GC(179) Concurrent Cleanup for Next Mark
[2022-07-20T10:47:02.172+0000][7][gc,marking  ] GC(179) Concurrent Cleanup for Next Mark 0.305ms
[2022-07-20T10:47:02.172+0000][7][gc          ] GC(179) Concurrent Cycle 297.060ms
[2022-07-20T10:47:29.176+0000][7][safepoint   ] Safepoint "Cleanup", Time since last: 27004039865 ns, Reaching safepoint: 128657 ns, At safepoint: 7115 ns, Total: 135772 ns
[2022-07-20T10:47:29.327+0000][7][gc,start    ] GC(180) Pause Young (Normal) (G1 Evacuation Pause)
[2022-07-20T10:47:29.327+0000][7][gc,task     ] GC(180) Using 4 workers of 4 for evacuation
[2022-07-20T10:47:29.327+0000][7][gc,age      ] GC(180) Desired survivor size 6291456 bytes, new threshold 15 (max threshold 15)
[2022-07-20T10:47:29.333+0000][7][gc,age      ] GC(180) Age table with threshold 15 (max threshold 15)
[2022-07-20T10:47:29.333+0000][7][gc,age      ] GC(180) - age   1:    2491000 bytes,    2491000 total
[2022-07-20T10:47:29.334+0000][7][gc,age      ] GC(180) - age   2:     314056 bytes,    2805056 total
[2022-07-20T10:47:29.334+0000][7][gc,age      ] GC(180) - age   3:     148200 bytes,    2953256 total
[2022-07-20T10:47:29.334+0000][7][gc,age      ] GC(180) - age   4:     296528 bytes,    3249784 total
[2022-07-20T10:47:29.334+0000][7][gc,age      ] GC(180) - age   5:       3608 bytes,    3253392 total
[2022-07-20T10:47:29.334+0000][7][gc,age      ] GC(180) - age   6:      19536 bytes,    3272928 total
[2022-07-20T10:47:29.334+0000][7][gc,age      ] GC(180) - age   7:     250320 bytes,    3523248 total
[2022-07-20T10:47:29.334+0000][7][gc,age      ] GC(180) - age   8:     188288 bytes,    3711536 total
[2022-07-20T10:47:29.334+0000][7][gc,age      ] GC(180) - age   9:      33720 bytes,    3745256 total
[2022-07-20T10:47:29.334+0000][7][gc,age      ] GC(180) - age  10:     756160 bytes,    4501416 total
[2022-07-20T10:47:29.334+0000][7][gc,age      ] GC(180) - age  11:     214944 bytes,    4716360 total
[2022-07-20T10:47:29.334+0000][7][gc,age      ] GC(180) - age  12:       1392 bytes,    4717752 total
[2022-07-20T10:47:29.334+0000][7][gc,age      ] GC(180) - age  13:       1256 bytes,    4719008 total
[2022-07-20T10:47:29.334+0000][7][gc,age      ] GC(180) - age  14:       2520 bytes,    4721528 total
[2022-07-20T10:47:29.334+0000][7][gc,age      ] GC(180) - age  15:        728 bytes,    4722256 total
[2022-07-20T10:47:29.334+0000][7][gc,phases   ] GC(180)   Pre Evacuate Collection Set: 0.1ms
[2022-07-20T10:47:29.334+0000][7][gc,phases   ] GC(180)   Merge Heap Roots: 0.0ms
[2022-07-20T10:47:29.334+0000][7][gc,phases   ] GC(180)   Evacuate Collection Set: 5.2ms
[2022-07-20T10:47:29.334+0000][7][gc,phases   ] GC(180)   Post Evacuate Collection Set: 0.7ms
[2022-07-20T10:47:29.334+0000][7][gc,phases   ] GC(180)   Other: 0.3ms
[2022-07-20T10:47:29.334+0000][7][gc,heap     ] GC(180) Eden regions: 22->0(22)
[2022-07-20T10:47:29.334+0000][7][gc,heap     ] GC(180) Survivor regions: 2->2(3)
[2022-07-20T10:47:29.334+0000][7][gc,heap     ] GC(180) Old regions: 24->24
[2022-07-20T10:47:29.334+0000][7][gc,heap     ] GC(180) Archive regions: 2->2
[2022-07-20T10:47:29.334+0000][7][gc,heap     ] GC(180) Humongous regions: 2->2
[2022-07-20T10:47:29.334+0000][7][gc,metaspace] GC(180) Metaspace: 110833K(115832K)->110833K(115832K) NonClass: 96758K(100268K)->96758K(100268K) Class: 14074K(15564K)->14074K(15564K)
[2022-07-20T10:47:29.334+0000][7][gc          ] GC(180) Pause Young (Normal) (G1 Evacuation Pause) 198M->110M(256M) 6.443ms
[2022-07-20T10:47:29.334+0000][7][gc,cpu      ] GC(180) User=0.02s Sys=0.00s Real=0.00s
[2022-07-20T10:47:29.334+0000][7][safepoint   ] Safepoint "G1CollectForAllocation", Time since last: 151143145 ns, Reaching safepoint: 172320 ns, At safepoint: 6522352 ns, Total: 6694672 ns
[2022-07-20T10:47:32.334+0000][7][safepoint   ] Safepoint "Cleanup", Time since last: 3000456411 ns, Reaching safepoint: 154802 ns, At safepoint: 8873 ns, Total: 163675 ns
[2022-07-20T10:47:38.335+0000][7][safepoint   ] Safepoint "Cleanup", Time since last: 6000602928 ns, Reaching safepoint: 146070 ns, At safepoint: 10265 ns, Total: 156335 ns
[2022-07-20T10:47:41.336+0000][7][safepoint   ] Safepoint "Cleanup", Time since last: 3000533427 ns, Reaching safepoint: 137404 ns, At safepoint: 10199 ns, Total: 147603 ns
[2022-07-20T10:48:00.047+0000][7][gc,start    ] GC(181) Pause Young (Concurrent Start) (G1 Evacuation Pause)
[2022-07-20T10:48:00.047+0000][7][gc,task     ] GC(181) Using 4 workers of 4 for evacuation
[2022-07-20T10:48:00.047+0000][7][gc,age      ] GC(181) Desired survivor size 6291456 bytes, new threshold 15 (max threshold 15)
[2022-07-20T10:48:00.052+0000][7][gc,age      ] GC(181) Age table with threshold 15 (max threshold 15)
[2022-07-20T10:48:00.052+0000][7][gc,age      ] GC(181) - age   1:    4998624 bytes,    4998624 total
[2022-07-20T10:48:00.052+0000][7][gc,age      ] GC(181) - age   2:      49944 bytes,    5048568 total
[2022-07-20T10:48:00.052+0000][7][gc,age      ] GC(181) - age   3:     171632 bytes,    5220200 total
[2022-07-20T10:48:00.052+0000][7][gc,age      ] GC(181) - age   4:     143184 bytes,    5363384 total
[2022-07-20T10:48:00.052+0000][7][gc,age      ] GC(181) - age   5:     295280 bytes,    5658664 total
[2022-07-20T10:48:00.052+0000][7][gc,age      ] GC(181) - age   6:       3608 bytes,    5662272 total
[2022-07-20T10:48:00.052+0000][7][gc,age      ] GC(181) - age   7:      19536 bytes,    5681808 total
[2022-07-20T10:48:00.052+0000][7][gc,age      ] GC(181) - age   8:     250256 bytes,    5932064 total
[2022-07-20T10:48:00.052+0000][7][gc,age      ] GC(181) - age   9:     187568 bytes,    6119632 total
[2022-07-20T10:48:00.053+0000][7][gc,age      ] GC(181) - age  10:      33720 bytes,    6153352 total
[2022-07-20T10:48:00.053+0000][7][gc,age      ] GC(181) - age  11:     755984 bytes,    6909336 total
[2022-07-20T10:48:00.053+0000][7][gc,age      ] GC(181) - age  12:     214944 bytes,    7124280 total
[2022-07-20T10:48:00.053+0000][7][gc,age      ] GC(181) - age  13:       1392 bytes,    7125672 total
[2022-07-20T10:48:00.053+0000][7][gc,age      ] GC(181) - age  14:       1256 bytes,    7126928 total
[2022-07-20T10:48:00.053+0000][7][gc,age      ] GC(181) - age  15:       2520 bytes,    7129448 total
[2022-07-20T10:48:00.053+0000][7][gc,phases   ] GC(181)   Pre Evacuate Collection Set: 0.2ms
[2022-07-20T10:48:00.053+0000][7][gc,phases   ] GC(181)   Merge Heap Roots: 0.1ms
[2022-07-20T10:48:00.053+0000][7][gc,phases   ] GC(181)   Evacuate Collection Set: 4.5ms
[2022-07-20T10:48:00.053+0000][7][gc,phases   ] GC(181)   Post Evacuate Collection Set: 0.6ms
[2022-07-20T10:48:00.053+0000][7][gc,phases   ] GC(181)   Other: 0.3ms
[2022-07-20T10:48:00.053+0000][7][gc,heap     ] GC(181) Eden regions: 22->0(21)
[2022-07-20T10:48:00.053+0000][7][gc,heap     ] GC(181) Survivor regions: 2->2(3)
[2022-07-20T10:48:00.053+0000][7][gc,heap     ] GC(181) Old regions: 24->24
[2022-07-20T10:48:00.053+0000][7][gc,heap     ] GC(181) Archive regions: 2->2
[2022-07-20T10:48:00.053+0000][7][gc,heap     ] GC(181) Humongous regions: 2->2
[2022-07-20T10:48:00.053+0000][7][gc,metaspace] GC(181) Metaspace: 110845K(115832K)->110845K(115832K) NonClass: 96769K(100268K)->96769K(100268K) Class: 14075K(15564K)->14075K(15564K)
[2022-07-20T10:48:00.053+0000][7][gc          ] GC(181) Pause Young (Concurrent Start) (G1 Evacuation Pause) 198M->112M(256M) 5.677ms
[2022-07-20T10:48:00.053+0000][7][gc,cpu      ] GC(181) User=0.02s Sys=0.00s Real=0.00s
[2022-07-20T10:48:00.053+0000][7][gc          ] GC(182) Concurrent Cycle
[2022-07-20T10:48:00.053+0000][7][gc,marking  ] GC(182) Concurrent Clear Claimed Marks
[2022-07-20T10:48:00.053+0000][7][safepoint   ] Safepoint "G1CollectForAllocation", Time since last: 18711006593 ns, Reaching safepoint: 93240 ns, At safepoint: 5790913 ns, Total: 5884153 ns
[2022-07-20T10:48:00.053+0000][7][gc,marking  ] GC(182) Concurrent Clear Claimed Marks 0.112ms
[2022-07-20T10:48:00.053+0000][7][gc,marking  ] GC(182) Concurrent Scan Root Regions
[2022-07-20T10:48:00.057+0000][7][gc,marking  ] GC(182) Concurrent Scan Root Regions 4.333ms
[2022-07-20T10:48:00.057+0000][7][gc,marking  ] GC(182) Concurrent Mark (3827.709s)
[2022-07-20T10:48:00.057+0000][7][gc,marking  ] GC(182) Concurrent Mark From Roots
[2022-07-20T10:48:00.057+0000][7][gc,task     ] GC(182) Using 1 workers of 1 for marking
[2022-07-20T10:48:00.224+0000][7][gc,marking  ] GC(182) Concurrent Mark From Roots 166.968ms
[2022-07-20T10:48:00.224+0000][7][gc,marking  ] GC(182) Concurrent Preclean
[2022-07-20T10:48:00.225+0000][7][gc,marking  ] GC(182) Concurrent Preclean 0.209ms
[2022-07-20T10:48:00.225+0000][7][gc,marking  ] GC(182) Concurrent Mark (3827.709s, 3827.877s) 167.260ms
[2022-07-20T10:48:00.225+0000][7][gc,start    ] GC(182) Pause Remark
[2022-07-20T10:48:00.237+0000][7][gc          ] GC(182) Pause Remark 114M->114M(256M) 12.571ms
[2022-07-20T10:48:00.237+0000][7][gc,cpu      ] GC(182) User=0.04s Sys=0.00s Real=0.01s
[2022-07-20T10:48:00.237+0000][7][safepoint   ] Safepoint "G1Concurrent", Time since last: 171832772 ns, Reaching safepoint: 136047 ns, At safepoint: 12689377 ns, Total: 12825424 ns
[2022-07-20T10:48:00.237+0000][7][gc,marking  ] GC(182) Concurrent Rebuild Remembered Sets
[2022-07-20T10:48:00.337+0000][7][gc,marking  ] GC(182) Concurrent Rebuild Remembered Sets 99.942ms
[2022-07-20T10:48:00.338+0000][7][gc,start    ] GC(182) Pause Cleanup
[2022-07-20T10:48:00.338+0000][7][gc          ] GC(182) Pause Cleanup 114M->114M(256M) 0.100ms
[2022-07-20T10:48:00.338+0000][7][gc,cpu      ] GC(182) User=0.00s Sys=0.00s Real=0.00s
[2022-07-20T10:48:00.338+0000][7][safepoint   ] Safepoint "G1Concurrent", Time since last: 100077409 ns, Reaching safepoint: 142909 ns, At safepoint: 162395 ns, Total: 305304 ns
[2022-07-20T10:48:00.338+0000][7][gc,marking  ] GC(182) Concurrent Cleanup for Next Mark
[2022-07-20T10:48:00.338+0000][7][gc,marking  ] GC(182) Concurrent Cleanup for Next Mark 0.297ms
[2022-07-20T10:48:00.338+0000][7][gc          ] GC(182) Concurrent Cycle 285.438ms
[2022-07-20T10:48:01.338+0000][7][safepoint   ] Safepoint "Cleanup", Time since last: 1000097660 ns, Reaching safepoint: 126000 ns, At safepoint: 7476 ns, Total: 133476 ns
[2022-07-20T10:48:02.338+0000][7][safepoint   ] Safepoint "Cleanup", Time since last: 1000134807 ns, Reaching safepoint: 135664 ns, At safepoint: 6221 ns, Total: 141885 ns
[2022-07-20T10:48:05.339+0000][7][safepoint   ] Safepoint "Cleanup", Time since last: 3000250783 ns, Reaching safepoint: 139837 ns, At safepoint: 5422 ns, Total: 145259 ns
[2022-07-20T10:48:16.975+0000][7][gc,start    ] GC(183) Pause Young (Normal) (G1 Evacuation Pause)
[2022-07-20T10:48:16.975+0000][7][gc,task     ] GC(183) Using 4 workers of 4 for evacuation
[2022-07-20T10:48:16.975+0000][7][gc,age      ] GC(183) Desired survivor size 6291456 bytes, new threshold 11 (max threshold 15)
[2022-07-20T10:48:16.979+0000][7][gc,age      ] GC(183) Age table with threshold 11 (max threshold 15)
[2022-07-20T10:48:16.979+0000][7][gc,age      ] GC(183) - age   1:    1008824 bytes,    1008824 total
[2022-07-20T10:48:16.979+0000][7][gc,age      ] GC(183) - age   2:      25968 bytes,    1034792 total
[2022-07-20T10:48:16.979+0000][7][gc,age      ] GC(183) - age   3:       2136 bytes,    1036928 total
[2022-07-20T10:48:16.979+0000][7][gc,age      ] GC(183) - age   4:      23928 bytes,    1060856 total
[2022-07-20T10:48:16.979+0000][7][gc,age      ] GC(183) - age   5:     127480 bytes,    1188336 total
[2022-07-20T10:48:16.979+0000][7][gc,age      ] GC(183) - age   6:     163144 bytes,    1351480 total
[2022-07-20T10:48:16.979+0000][7][gc,age      ] GC(183) - age   7:       3592 bytes,    1355072 total
[2022-07-20T10:48:16.979+0000][7][gc,age      ] GC(183) - age   8:      19104 bytes,    1374176 total
[2022-07-20T10:48:16.979+0000][7][gc,age      ] GC(183) - age   9:     122688 bytes,    1496864 total
[2022-07-20T10:48:16.979+0000][7][gc,age      ] GC(183) - age  10:      29104 bytes,    1525968 total
[2022-07-20T10:48:16.979+0000][7][gc,age      ] GC(183) - age  11:      31624 bytes,    1557592 total
[2022-07-20T10:48:16.979+0000][7][gc,phases   ] GC(183)   Pre Evacuate Collection Set: 0.1ms
[2022-07-20T10:48:16.979+0000][7][gc,phases   ] GC(183)   Merge Heap Roots: 0.0ms
[2022-07-20T10:48:16.979+0000][7][gc,phases   ] GC(183)   Evacuate Collection Set: 3.3ms
[2022-07-20T10:48:16.979+0000][7][gc,phases   ] GC(183)   Post Evacuate Collection Set: 0.6ms
[2022-07-20T10:48:16.979+0000][7][gc,phases   ] GC(183)   Other: 0.3ms
[2022-07-20T10:48:16.979+0000][7][gc,heap     ] GC(183) Eden regions: 21->0(22)
[2022-07-20T10:48:16.979+0000][7][gc,heap     ] GC(183) Survivor regions: 2->1(3)
[2022-07-20T10:48:16.980+0000][7][gc,heap     ] GC(183) Old regions: 24->24
[2022-07-20T10:48:16.980+0000][7][gc,heap     ] GC(183) Archive regions: 2->2
[2022-07-20T10:48:16.980+0000][7][gc,heap     ] GC(183) Humongous regions: 2->2
[2022-07-20T10:48:16.980+0000][7][gc,metaspace] GC(183) Metaspace: 110899K(115832K)->110899K(115832K) NonClass: 96824K(100268K)->96824K(100268K) Class: 14075K(15564K)->14075K(15564K)
[2022-07-20T10:48:16.980+0000][7][gc          ] GC(183) Pause Young (Normal) (G1 Evacuation Pause) 196M->107M(256M) 4.455ms
[2022-07-20T10:48:16.980+0000][7][gc,cpu      ] GC(183) User=0.01s Sys=0.00s Real=0.00s
[2022-07-20T10:48:16.980+0000][7][safepoint   ] Safepoint "G1CollectForAllocation", Time since last: 11636271597 ns, Reaching safepoint: 88820 ns, At safepoint: 4532665 ns, Total: 4621485 ns
[2022-07-20T10:48:29.982+0000][7][safepoint   ] Safepoint "Cleanup", Time since last: 13002363428 ns, Reaching safepoint: 145765 ns, At safepoint: 8522 ns, Total: 154287 ns
[2022-07-20T10:48:31.983+0000][7][safepoint   ] Safepoint "Cleanup", Time since last: 2000568024 ns, Reaching safepoint: 133345 ns, At safepoint: 8064 ns, Total: 141409 ns
[2022-07-20T10:48:40.984+0000][7][safepoint   ] Safepoint "Cleanup", Time since last: 9001128610 ns, Reaching safepoint: 114865 ns, At safepoint: 7687 ns, Total: 122552 ns
[2022-07-20T10:48:52.987+0000][7][safepoint   ] Safepoint "Cleanup", Time since last: 12002438796 ns, Reaching safepoint: 140793 ns, At safepoint: 10061 ns, Total: 150854 ns
[2022-07-20T10:48:55.987+0000][7][safepoint   ] Safepoint "Cleanup", Time since last: 3000402644 ns, Reaching safepoint: 124252 ns, At safepoint: 8665 ns, Total: 132917 ns
[2022-07-20T10:49:01.989+0000][7][safepoint   ] Safepoint "Cleanup", Time since last: 6001513803 ns, Reaching safepoint: 125737 ns, At safepoint: 6079 ns, Total: 131816 ns
[2022-07-20T10:49:04.797+0000][7][gc,start    ] GC(184) Pause Young (Concurrent Start) (G1 Evacuation Pause)
[2022-07-20T10:49:04.797+0000][7][gc,task     ] GC(184) Using 4 workers of 4 for evacuation
[2022-07-20T10:49:04.797+0000][7][gc,age      ] GC(184) Desired survivor size 6291456 bytes, new threshold 15 (max threshold 15)
[2022-07-20T10:49:04.802+0000][7][gc,age      ] GC(184) Age table with threshold 15 (max threshold 15)
[2022-07-20T10:49:04.803+0000][7][gc,age      ] GC(184) - age   1:    2002448 bytes,    2002448 total
[2022-07-20T10:49:04.803+0000][7][gc,age      ] GC(184) - age   2:     873088 bytes,    2875536 total
[2022-07-20T10:49:04.803+0000][7][gc,age      ] GC(184) - age   3:      16848 bytes,    2892384 total
[2022-07-20T10:49:04.803+0000][7][gc,age      ] GC(184) - age   4:       1560 bytes,    2893944 total
[2022-07-20T10:49:04.803+0000][7][gc,age      ] GC(184) - age   5:      22784 bytes,    2916728 total
[2022-07-20T10:49:04.803+0000][7][gc,age      ] GC(184) - age   6:     126840 bytes,    3043568 total
[2022-07-20T10:49:04.803+0000][7][gc,age      ] GC(184) - age   7:     163144 bytes,    3206712 total
[2022-07-20T10:49:04.803+0000][7][gc,age      ] GC(184) - age   8:       3592 bytes,    3210304 total
[2022-07-20T10:49:04.803+0000][7][gc,age      ] GC(184) - age   9:      19104 bytes,    3229408 total
[2022-07-20T10:49:04.803+0000][7][gc,age      ] GC(184) - age  10:     122688 bytes,    3352096 total
[2022-07-20T10:49:04.803+0000][7][gc,age      ] GC(184) - age  11:      29008 bytes,    3381104 total
[2022-07-20T10:49:04.803+0000][7][gc,age      ] GC(184) - age  12:      31624 bytes,    3412728 total
[2022-07-20T10:49:04.803+0000][7][gc,phases   ] GC(184)   Pre Evacuate Collection Set: 0.2ms
[2022-07-20T10:49:04.803+0000][7][gc,phases   ] GC(184)   Merge Heap Roots: 0.0ms
[2022-07-20T10:49:04.803+0000][7][gc,phases   ] GC(184)   Evacuate Collection Set: 3.8ms
[2022-07-20T10:49:04.803+0000][7][gc,phases   ] GC(184)   Post Evacuate Collection Set: 1.2ms
[2022-07-20T10:49:04.803+0000][7][gc,phases   ] GC(184)   Other: 0.5ms
[2022-07-20T10:49:04.803+0000][7][gc,heap     ] GC(184) Eden regions: 22->0(23)
[2022-07-20T10:49:04.803+0000][7][gc,heap     ] GC(184) Survivor regions: 1->1(3)
[2022-07-20T10:49:04.803+0000][7][gc,heap     ] GC(184) Old regions: 24->24
[2022-07-20T10:49:04.803+0000][7][gc,heap     ] GC(184) Archive regions: 2->2
[2022-07-20T10:49:04.803+0000][7][gc,heap     ] GC(184) Humongous regions: 2->2
[2022-07-20T10:49:04.803+0000][7][gc,metaspace] GC(184) Metaspace: 110925K(115832K)->110925K(115832K) NonClass: 96850K(100268K)->96850K(100268K) Class: 14075K(15564K)->14075K(15564K)
[2022-07-20T10:49:04.803+0000][7][gc          ] GC(184) Pause Young (Concurrent Start) (G1 Evacuation Pause) 195M->109M(256M) 5.889ms
[2022-07-20T10:49:04.803+0000][7][gc,cpu      ] GC(184) User=0.02s Sys=0.00s Real=0.01s
[2022-07-20T10:49:04.803+0000][7][gc          ] GC(185) Concurrent Cycle
[2022-07-20T10:49:04.803+0000][7][safepoint   ] Safepoint "G1CollectForAllocation", Time since last: 2808174385 ns, Reaching safepoint: 120454 ns, At safepoint: 6017097 ns, Total: 6137551 ns
[2022-07-20T10:49:04.803+0000][7][gc,marking  ] GC(185) Concurrent Clear Claimed Marks
[2022-07-20T10:49:04.803+0000][7][gc,marking  ] GC(185) Concurrent Clear Claimed Marks 0.145ms
[2022-07-20T10:49:04.803+0000][7][gc,marking  ] GC(185) Concurrent Scan Root Regions
[2022-07-20T10:49:04.809+0000][7][gc,marking  ] GC(185) Concurrent Scan Root Regions 5.220ms
[2022-07-20T10:49:04.809+0000][7][gc,marking  ] GC(185) Concurrent Mark (3892.461s)
[2022-07-20T10:49:04.809+0000][7][gc,marking  ] GC(185) Concurrent Mark From Roots
[2022-07-20T10:49:04.809+0000][7][gc,task     ] GC(185) Using 1 workers of 1 for marking
[2022-07-20T10:49:05.050+0000][7][gc,marking  ] GC(185) Concurrent Mark From Roots 241.253ms
[2022-07-20T10:49:05.050+0000][7][gc,marking  ] GC(185) Concurrent Preclean
[2022-07-20T10:49:05.050+0000][7][gc,marking  ] GC(185) Concurrent Preclean 0.217ms
[2022-07-20T10:49:05.050+0000][7][gc,marking  ] GC(185) Concurrent Mark (3892.461s, 3892.702s) 241.551ms
[2022-07-20T10:49:05.050+0000][7][gc,start    ] GC(185) Pause Remark
[2022-07-20T10:49:05.072+0000][7][gc          ] GC(185) Pause Remark 126M->126M(256M) 21.471ms
[2022-07-20T10:49:05.072+0000][7][gc,cpu      ] GC(185) User=0.07s Sys=0.00s Real=0.02s
[2022-07-20T10:49:05.072+0000][7][safepoint   ] Safepoint "G1Concurrent", Time since last: 247125232 ns, Reaching safepoint: 85925 ns, At safepoint: 21586714 ns, Total: 21672639 ns
[2022-07-20T10:49:05.072+0000][7][gc,marking  ] GC(185) Concurrent Rebuild Remembered Sets
[2022-07-20T10:49:05.221+0000][7][gc,marking  ] GC(185) Concurrent Rebuild Remembered Sets 148.636ms
[2022-07-20T10:49:05.221+0000][7][gc,start    ] GC(185) Pause Cleanup
[2022-07-20T10:49:05.221+0000][7][gc          ] GC(185) Pause Cleanup 126M->126M(256M) 0.104ms
[2022-07-20T10:49:05.221+0000][7][gc,cpu      ] GC(185) User=0.00s Sys=0.00s Real=0.00s
[2022-07-20T10:49:05.221+0000][7][safepoint   ] Safepoint "G1Concurrent", Time since last: 148811092 ns, Reaching safepoint: 231747 ns, At safepoint: 173570 ns, Total: 405317 ns
[2022-07-20T10:49:05.221+0000][7][gc,marking  ] GC(185) Concurrent Cleanup for Next Mark
[2022-07-20T10:49:05.222+0000][7][gc,marking  ] GC(185) Concurrent Cleanup for Next Mark 0.546ms
[2022-07-20T10:49:05.222+0000][7][gc          ] GC(185) Concurrent Cycle 418.789ms
[2022-07-20T10:49:08.222+0000][7][safepoint   ] Safepoint "Cleanup", Time since last: 3000272615 ns, Reaching safepoint: 94758 ns, At safepoint: 6687 ns, Total: 101445 ns
[2022-07-20T10:49:14.222+0000][7][safepoint   ] Safepoint "Cleanup", Time since last: 6000612269 ns, Reaching safepoint: 224415 ns, At safepoint: 16134 ns, Total: 240549 ns
[2022-07-20T10:49:25.224+0000][7][safepoint   ] Safepoint "Cleanup", Time since last: 11001871746 ns, Reaching safepoint: 124463 ns, At safepoint: 6331 ns, Total: 130794 ns
[2022-07-20T10:49:26.225+0000][7][safepoint   ] Safepoint "Cleanup", Time since last: 1000332945 ns, Reaching safepoint: 103691 ns, At safepoint: 6340 ns, Total: 110031 ns
[2022-07-20T10:49:27.225+0000][7][safepoint   ] Safepoint "Cleanup", Time since last: 1000268303 ns, Reaching safepoint: 190614 ns, At safepoint: 6383 ns, Total: 196997 ns
[2022-07-20T10:49:28.226+0000][7][safepoint   ] Safepoint "Cleanup", Time since last: 1000324154 ns, Reaching safepoint: 138285 ns, At safepoint: 6151 ns, Total: 144436 ns
[2022-07-20T10:49:28.770+0000][7][gc,start    ] GC(186) Pause Young (Normal) (G1 Evacuation Pause)
[2022-07-20T10:49:28.770+0000][7][gc,task     ] GC(186) Using 4 workers of 4 for evacuation
[2022-07-20T10:49:28.770+0000][7][gc,age      ] GC(186) Desired survivor size 6291456 bytes, new threshold 15 (max threshold 15)
[2022-07-20T10:49:28.776+0000][7][gc,age      ] GC(186) Age table with threshold 15 (max threshold 15)
[2022-07-20T10:49:28.776+0000][7][gc,age      ] GC(186) - age   1:    1982784 bytes,    1982784 total
[2022-07-20T10:49:28.776+0000][7][gc,age      ] GC(186) - age   2:      83064 bytes,    2065848 total
[2022-07-20T10:49:28.776+0000][7][gc,age      ] GC(186) - age   3:     446344 bytes,    2512192 total
[2022-07-20T10:49:28.776+0000][7][gc,age      ] GC(186) - age   4:      14632 bytes,    2526824 total
[2022-07-20T10:49:28.776+0000][7][gc,age      ] GC(186) - age   5:       1072 bytes,    2527896 total
[2022-07-20T10:49:28.776+0000][7][gc,age      ] GC(186) - age   6:      18904 bytes,    2546800 total
[2022-07-20T10:49:28.776+0000][7][gc,age      ] GC(186) - age   7:     124936 bytes,    2671736 total
[2022-07-20T10:49:28.776+0000][7][gc,age      ] GC(186) - age   8:       2200 bytes,    2673936 total
[2022-07-20T10:49:28.776+0000][7][gc,age      ] GC(186) - age   9:       3528 bytes,    2677464 total
[2022-07-20T10:49:28.776+0000][7][gc,age      ] GC(186) - age  10:      19104 bytes,    2696568 total
[2022-07-20T10:49:28.776+0000][7][gc,age      ] GC(186) - age  11:     120640 bytes,    2817208 total
[2022-07-20T10:49:28.776+0000][7][gc,age      ] GC(186) - age  12:      26528 bytes,    2843736 total
[2022-07-20T10:49:28.776+0000][7][gc,age      ] GC(186) - age  13:      31584 bytes,    2875320 total
[2022-07-20T10:49:28.776+0000][7][gc,phases   ] GC(186)   Pre Evacuate Collection Set: 0.1ms
[2022-07-20T10:49:28.776+0000][7][gc,phases   ] GC(186)   Merge Heap Roots: 0.1ms
[2022-07-20T10:49:28.776+0000][7][gc,phases   ] GC(186)   Evacuate Collection Set: 4.0ms
[2022-07-20T10:49:28.776+0000][7][gc,phases   ] GC(186)   Post Evacuate Collection Set: 1.4ms
[2022-07-20T10:49:28.776+0000][7][gc,phases   ] GC(186)   Other: 0.3ms
[2022-07-20T10:49:28.776+0000][7][gc,heap     ] GC(186) Eden regions: 23->0(23)
[2022-07-20T10:49:28.776+0000][7][gc,heap     ] GC(186) Survivor regions: 1->1(3)
[2022-07-20T10:49:28.776+0000][7][gc,heap     ] GC(186) Old regions: 24->24
[2022-07-20T10:49:28.776+0000][7][gc,heap     ] GC(186) Archive regions: 2->2
[2022-07-20T10:49:28.776+0000][7][gc,heap     ] GC(186) Humongous regions: 2->2
[2022-07-20T10:49:28.776+0000][7][gc,metaspace] GC(186) Metaspace: 110980K(116088K)->110980K(116088K) NonClass: 96905K(100524K)->96905K(100524K) Class: 14075K(15564K)->14075K(15564K)
[2022-07-20T10:49:28.776+0000][7][gc          ] GC(186) Pause Young (Normal) (G1 Evacuation Pause) 201M->109M(256M) 5.931ms
[2022-07-20T10:49:28.776+0000][7][gc,cpu      ] GC(186) User=0.01s Sys=0.00s Real=0.01s
[2022-07-20T10:49:28.776+0000][7][safepoint   ] Safepoint "G1CollectForAllocation", Time since last: 544280001 ns, Reaching safepoint: 210222 ns, At safepoint: 6029308 ns, Total: 6239530 ns
[2022-07-20T10:49:34.777+0000][7][safepoint   ] Safepoint "Cleanup", Time since last: 6000861707 ns, Reaching safepoint: 100235 ns, At safepoint: 6021 ns, Total: 106256 ns
[2022-07-20T10:49:37.778+0000][7][safepoint   ] Safepoint "Cleanup", Time since last: 3000322731 ns, Reaching safepoint: 138928 ns, At safepoint: 5305 ns, Total: 144233 ns
[2022-07-20T10:49:39.778+0000][7][safepoint   ] Safepoint "Cleanup", Time since last: 2000220791 ns, Reaching safepoint: 127342 ns, At safepoint: 9073 ns, Total: 136415 ns
[2022-07-20T10:49:41.779+0000][7][safepoint   ] Safepoint "Cleanup", Time since last: 2000421871 ns, Reaching safepoint: 135544 ns, At safepoint: 6986 ns, Total: 142530 ns
[2022-07-20T10:49:46.780+0000][7][safepoint   ] Safepoint "Cleanup", Time since last: 5000757377 ns, Reaching safepoint: 128352 ns, At safepoint: 6869 ns, Total: 135221 ns
[2022-07-20T10:49:49.780+0000][7][safepoint   ] Safepoint "Cleanup", Time since last: 3000603625 ns, Reaching safepoint: 146337 ns, At safepoint: 8756 ns, Total: 155093 ns
[2022-07-20T10:49:55.782+0000][7][safepoint   ] Safepoint "Cleanup", Time since last: 6001272131 ns, Reaching safepoint: 143600 ns, At safepoint: 7735 ns, Total: 151335 ns
[2022-07-20T10:49:56.782+0000][7][safepoint   ] Safepoint "Cleanup", Time since last: 1000299908 ns, Reaching safepoint: 144308 ns, At safepoint: 6627 ns, Total: 150935 ns
[2022-07-20T10:50:00.319+0000][7][gc,start    ] GC(187) Pause Young (Concurrent Start) (G1 Evacuation Pause)
[2022-07-20T10:50:00.319+0000][7][gc,task     ] GC(187) Using 4 workers of 4 for evacuation
[2022-07-20T10:50:00.319+0000][7][gc,age      ] GC(187) Desired survivor size 6291456 bytes, new threshold 15 (max threshold 15)
[2022-07-20T10:50:00.323+0000][7][gc,age      ] GC(187) Age table with threshold 15 (max threshold 15)
[2022-07-20T10:50:00.323+0000][7][gc,age      ] GC(187) - age   1:    1194048 bytes,    1194048 total
[2022-07-20T10:50:00.323+0000][7][gc,age      ] GC(187) - age   2:     838624 bytes,    2032672 total
[2022-07-20T10:50:00.323+0000][7][gc,age      ] GC(187) - age   3:      80144 bytes,    2112816 total
[2022-07-20T10:50:00.323+0000][7][gc,age      ] GC(187) - age   4:     445960 bytes,    2558776 total
[2022-07-20T10:50:00.323+0000][7][gc,age      ] GC(187) - age   5:      13960 bytes,    2572736 total
[2022-07-20T10:50:00.323+0000][7][gc,age      ] GC(187) - age   6:        944 bytes,    2573680 total
[2022-07-20T10:50:00.323+0000][7][gc,age      ] GC(187) - age   7:      18392 bytes,    2592072 total
[2022-07-20T10:50:00.323+0000][7][gc,age      ] GC(187) - age   8:     122184 bytes,    2714256 total
[2022-07-20T10:50:00.323+0000][7][gc,age      ] GC(187) - age   9:       1640 bytes,    2715896 total
[2022-07-20T10:50:00.323+0000][7][gc,age      ] GC(187) - age  10:       3528 bytes,    2719424 total
[2022-07-20T10:50:00.323+0000][7][gc,age      ] GC(187) - age  11:      18752 bytes,    2738176 total
[2022-07-20T10:50:00.323+0000][7][gc,age      ] GC(187) - age  12:     119776 bytes,    2857952 total
[2022-07-20T10:50:00.323+0000][7][gc,age      ] GC(187) - age  13:      26528 bytes,    2884480 total
[2022-07-20T10:50:00.323+0000][7][gc,age      ] GC(187) - age  14:      31584 bytes,    2916064 total
[2022-07-20T10:50:00.323+0000][7][gc,phases   ] GC(187)   Pre Evacuate Collection Set: 0.2ms
[2022-07-20T10:50:00.323+0000][7][gc,phases   ] GC(187)   Merge Heap Roots: 0.1ms
[2022-07-20T10:50:00.323+0000][7][gc,phases   ] GC(187)   Evacuate Collection Set: 3.4ms
[2022-07-20T10:50:00.324+0000][7][gc,phases   ] GC(187)   Post Evacuate Collection Set: 0.6ms
[2022-07-20T10:50:00.324+0000][7][gc,phases   ] GC(187)   Other: 0.3ms
[2022-07-20T10:50:00.324+0000][7][gc,heap     ] GC(187) Eden regions: 23->0(23)
[2022-07-20T10:50:00.324+0000][7][gc,heap     ] GC(187) Survivor regions: 1->1(3)
[2022-07-20T10:50:00.324+0000][7][gc,heap     ] GC(187) Old regions: 24->24
[2022-07-20T10:50:00.324+0000][7][gc,heap     ] GC(187) Archive regions: 2->2
[2022-07-20T10:50:00.324+0000][7][gc,heap     ] GC(187) Humongous regions: 2->2
[2022-07-20T10:50:00.324+0000][7][gc,metaspace] GC(187) Metaspace: 110992K(116088K)->110992K(116088K) NonClass: 96916K(100524K)->96916K(100524K) Class: 14075K(15564K)->14075K(15564K)
[2022-07-20T10:50:00.324+0000][7][gc          ] GC(187) Pause Young (Concurrent Start) (G1 Evacuation Pause) 201M->109M(256M) 4.633ms
[2022-07-20T10:50:00.324+0000][7][gc,cpu      ] GC(187) User=0.01s Sys=0.00s Real=0.01s
[2022-07-20T10:50:00.324+0000][7][gc          ] GC(188) Concurrent Cycle
[2022-07-20T10:50:00.324+0000][7][safepoint   ] Safepoint "G1CollectForAllocation", Time since last: 3536623441 ns, Reaching safepoint: 118476 ns, At safepoint: 4733929 ns, Total: 4852405 ns
[2022-07-20T10:50:00.324+0000][7][gc,marking  ] GC(188) Concurrent Clear Claimed Marks
[2022-07-20T10:50:00.324+0000][7][gc,marking  ] GC(188) Concurrent Clear Claimed Marks 0.109ms
[2022-07-20T10:50:00.324+0000][7][gc,marking  ] GC(188) Concurrent Scan Root Regions
[2022-07-20T10:50:00.327+0000][7][gc,marking  ] GC(188) Concurrent Scan Root Regions 2.718ms
[2022-07-20T10:50:00.327+0000][7][gc,marking  ] GC(188) Concurrent Mark (3947.979s)
[2022-07-20T10:50:00.327+0000][7][gc,marking  ] GC(188) Concurrent Mark From Roots
[2022-07-20T10:50:00.327+0000][7][gc,task     ] GC(188) Using 1 workers of 1 for marking
[2022-07-20T10:50:00.495+0000][7][gc,marking  ] GC(188) Concurrent Mark From Roots 168.239ms
[2022-07-20T10:50:00.495+0000][7][gc,marking  ] GC(188) Concurrent Preclean
[2022-07-20T10:50:00.495+0000][7][gc,marking  ] GC(188) Concurrent Preclean 0.210ms
[2022-07-20T10:50:00.495+0000][7][gc,marking  ] GC(188) Concurrent Mark (3947.979s, 3948.147s) 168.529ms
[2022-07-20T10:50:00.495+0000][7][gc,start    ] GC(188) Pause Remark
[2022-07-20T10:50:00.508+0000][7][gc          ] GC(188) Pause Remark 111M->111M(256M) 12.517ms
[2022-07-20T10:50:00.508+0000][7][gc,cpu      ] GC(188) User=0.05s Sys=0.00s Real=0.01s
[2022-07-20T10:50:00.508+0000][7][safepoint   ] Safepoint "G1Concurrent", Time since last: 171460576 ns, Reaching safepoint: 97225 ns, At safepoint: 12648725 ns, Total: 12745950 ns
[2022-07-20T10:50:00.508+0000][7][gc,marking  ] GC(188) Concurrent Rebuild Remembered Sets
[2022-07-20T10:50:00.609+0000][7][gc,marking  ] GC(188) Concurrent Rebuild Remembered Sets 101.255ms
[2022-07-20T10:50:00.609+0000][7][gc,start    ] GC(188) Pause Cleanup
[2022-07-20T10:50:00.609+0000][7][gc          ] GC(188) Pause Cleanup 111M->111M(256M) 0.102ms
[2022-07-20T10:50:00.610+0000][7][gc,cpu      ] GC(188) User=0.00s Sys=0.00s Real=0.00s
[2022-07-20T10:50:00.610+0000][7][safepoint   ] Safepoint "G1Concurrent", Time since last: 101375984 ns, Reaching safepoint: 136218 ns, At safepoint: 163791 ns, Total: 300009 ns
[2022-07-20T10:50:00.610+0000][7][gc,marking  ] GC(188) Concurrent Cleanup for Next Mark
[2022-07-20T10:50:00.610+0000][7][gc,marking  ] GC(188) Concurrent Cleanup for Next Mark 0.234ms
[2022-07-20T10:50:00.610+0000][7][gc          ] GC(188) Concurrent Cycle 286.192ms
[2022-07-20T10:50:02.610+0000][7][safepoint   ] Safepoint "Cleanup", Time since last: 2000400050 ns, Reaching safepoint: 101622 ns, At safepoint: 7053 ns, Total: 108675 ns
[2022-07-20T10:50:05.611+0000][7][safepoint   ] Safepoint "Cleanup", Time since last: 3000311169 ns, Reaching safepoint: 311114 ns, At safepoint: 8629 ns, Total: 319743 ns
[2022-07-20T10:50:10.612+0000][7][safepoint   ] Safepoint "Cleanup", Time since last: 5000976932 ns, Reaching safepoint: 140983 ns, At safepoint: 6004 ns, Total: 146987 ns
[2022-07-20T10:50:11.612+0000][7][safepoint   ] Safepoint "Cleanup", Time since last: 1000201804 ns, Reaching safepoint: 134987 ns, At safepoint: 11227 ns, Total: 146214 ns
[2022-07-20T10:50:14.613+0000][7][safepoint   ] Safepoint "Cleanup", Time since last: 3000543509 ns, Reaching safepoint: 101425 ns, At safepoint: 6617 ns, Total: 108042 ns
[2022-07-20T10:50:17.614+0000][7][safepoint   ] Safepoint "Cleanup", Time since last: 3000768373 ns, Reaching safepoint: 145847 ns, At safepoint: 8339 ns, Total: 154186 ns
[2022-07-20T10:50:25.811+0000][7][gc,start    ] GC(189) Pause Young (Normal) (G1 Evacuation Pause)
[2022-07-20T10:50:25.811+0000][7][gc,task     ] GC(189) Using 4 workers of 4 for evacuation
[2022-07-20T10:50:25.811+0000][7][gc,age      ] GC(189) Desired survivor size 6291456 bytes, new threshold 15 (max threshold 15)
[2022-07-20T10:50:25.821+0000][7][gc,age      ] GC(189) Age table with threshold 15 (max threshold 15)
[2022-07-20T10:50:25.822+0000][7][gc,age      ] GC(189) - age   1:    2185648 bytes,    2185648 total
[2022-07-20T10:50:25.822+0000][7][gc,age      ] GC(189) - age   2:     950896 bytes,    3136544 total
[2022-07-20T10:50:25.822+0000][7][gc,age      ] GC(189) - age   3:     587848 bytes,    3724392 total
[2022-07-20T10:50:25.822+0000][7][gc,age      ] GC(189) - age   4:      79760 bytes,    3804152 total
[2022-07-20T10:50:25.822+0000][7][gc,age      ] GC(189) - age   5:     444744 bytes,    4248896 total
[2022-07-20T10:50:25.822+0000][7][gc,age      ] GC(189) - age   6:       8384 bytes,    4257280 total
[2022-07-20T10:50:25.822+0000][7][gc,age      ] GC(189) - age   7:        912 bytes,    4258192 total
[2022-07-20T10:50:25.822+0000][7][gc,age      ] GC(189) - age   8:      18352 bytes,    4276544 total
[2022-07-20T10:50:25.822+0000][7][gc,age      ] GC(189) - age   9:     122184 bytes,    4398728 total
[2022-07-20T10:50:25.822+0000][7][gc,age      ] GC(189) - age  10:       1576 bytes,    4400304 total
[2022-07-20T10:50:25.822+0000][7][gc,age      ] GC(189) - age  11:       3240 bytes,    4403544 total
[2022-07-20T10:50:25.822+0000][7][gc,age      ] GC(189) - age  12:      18368 bytes,    4421912 total
[2022-07-20T10:50:25.822+0000][7][gc,age      ] GC(189) - age  13:     119232 bytes,    4541144 total
[2022-07-20T10:50:25.822+0000][7][gc,age      ] GC(189) - age  14:      26528 bytes,    4567672 total
[2022-07-20T10:50:25.822+0000][7][gc,age      ] GC(189) - age  15:      31584 bytes,    4599256 total
[2022-07-20T10:50:25.822+0000][7][gc,phases   ] GC(189)   Pre Evacuate Collection Set: 0.1ms
[2022-07-20T10:50:25.822+0000][7][gc,phases   ] GC(189)   Merge Heap Roots: 0.1ms
[2022-07-20T10:50:25.822+0000][7][gc,phases   ] GC(189)   Evacuate Collection Set: 7.9ms
[2022-07-20T10:50:25.822+0000][7][gc,phases   ] GC(189)   Post Evacuate Collection Set: 2.7ms
[2022-07-20T10:50:25.822+0000][7][gc,phases   ] GC(189)   Other: 0.5ms
[2022-07-20T10:50:25.822+0000][7][gc,heap     ] GC(189) Eden regions: 23->0(22)
[2022-07-20T10:50:25.822+0000][7][gc,heap     ] GC(189) Survivor regions: 1->2(3)
[2022-07-20T10:50:25.822+0000][7][gc,heap     ] GC(189) Old regions: 24->24
[2022-07-20T10:50:25.822+0000][7][gc,heap     ] GC(189) Archive regions: 2->2
[2022-07-20T10:50:25.822+0000][7][gc,heap     ] GC(189) Humongous regions: 2->2
[2022-07-20T10:50:25.822+0000][7][gc,metaspace] GC(189) Metaspace: 111035K(116088K)->111035K(116088K) NonClass: 96960K(100524K)->96960K(100524K) Class: 14075K(15564K)->14075K(15564K)
[2022-07-20T10:50:25.822+0000][7][gc          ] GC(189) Pause Young (Normal) (G1 Evacuation Pause) 201M->110M(256M) 11.327ms
[2022-07-20T10:50:25.822+0000][7][gc,cpu      ] GC(189) User=0.02s Sys=0.00s Real=0.01s
[2022-07-20T10:50:25.822+0000][7][safepoint   ] Safepoint "G1CollectForAllocation", Time since last: 8196632063 ns, Reaching safepoint: 152760 ns, At safepoint: 11460113 ns, Total: 11612873 ns
[2022-07-20T10:50:26.822+0000][7][safepoint   ] Safepoint "Cleanup", Time since last: 1000083496 ns, Reaching safepoint: 132566 ns, At safepoint: 5042 ns, Total: 137608 ns
[2022-07-20T10:50:35.897+0000][7][safepoint   ] Safepoint "Cleanup", Time since last: 9074304646 ns, Reaching safepoint: 151261 ns, At safepoint: 7371 ns, Total: 158632 ns
[2022-07-20T10:50:40.897+0000][7][safepoint   ] Safepoint "Cleanup", Time since last: 5000441490 ns, Reaching safepoint: 201116 ns, At safepoint: 8846 ns, Total: 209962 ns
[2022-07-20T10:50:43.902+0000][7][safepoint   ] Safepoint "Cleanup", Time since last: 3004120108 ns, Reaching safepoint: 109393 ns, At safepoint: 6707 ns, Total: 116100 ns
[2022-07-20T10:50:44.902+0000][7][safepoint   ] Safepoint "Cleanup", Time since last: 1000273175 ns, Reaching safepoint: 143154 ns, At safepoint: 7928 ns, Total: 151082 ns
[2022-07-20T10:50:47.658+0000][7][gc,start    ] GC(190) Pause Young (Concurrent Start) (G1 Evacuation Pause)
[2022-07-20T10:50:47.658+0000][7][gc,task     ] GC(190) Using 4 workers of 4 for evacuation
[2022-07-20T10:50:47.658+0000][7][gc,age      ] GC(190) Desired survivor size 6291456 bytes, new threshold 15 (max threshold 15)
[2022-07-20T10:50:47.663+0000][7][gc,age      ] GC(190) Age table with threshold 15 (max threshold 15)
[2022-07-20T10:50:47.663+0000][7][gc,age      ] GC(190) - age   1:    1487192 bytes,    1487192 total
[2022-07-20T10:50:47.663+0000][7][gc,age      ] GC(190) - age   2:      92416 bytes,    1579608 total
[2022-07-20T10:50:47.663+0000][7][gc,age      ] GC(190) - age   3:     221464 bytes,    1801072 total
[2022-07-20T10:50:47.663+0000][7][gc,age      ] GC(190) - age   4:     218712 bytes,    2019784 total
[2022-07-20T10:50:47.663+0000][7][gc,age      ] GC(190) - age   5:      77360 bytes,    2097144 total
[2022-07-20T10:50:47.663+0000][7][gc,age      ] GC(190) - age   6:     240760 bytes,    2337904 total
[2022-07-20T10:50:47.663+0000][7][gc,age      ] GC(190) - age   7:       6784 bytes,    2344688 total
[2022-07-20T10:50:47.663+0000][7][gc,age      ] GC(190) - age   8:        912 bytes,    2345600 total
[2022-07-20T10:50:47.663+0000][7][gc,age      ] GC(190) - age   9:      17176 bytes,    2362776 total
[2022-07-20T10:50:47.663+0000][7][gc,age      ] GC(190) - age  10:       2632 bytes,    2365408 total
[2022-07-20T10:50:47.663+0000][7][gc,age      ] GC(190) - age  11:        696 bytes,    2366104 total
[2022-07-20T10:50:47.663+0000][7][gc,age      ] GC(190) - age  12:       3240 bytes,    2369344 total
[2022-07-20T10:50:47.663+0000][7][gc,age      ] GC(190) - age  13:      18368 bytes,    2387712 total
[2022-07-20T10:50:47.663+0000][7][gc,age      ] GC(190) - age  14:       1992 bytes,    2389704 total
[2022-07-20T10:50:47.663+0000][7][gc,age      ] GC(190) - age  15:      26528 bytes,    2416232 total
[2022-07-20T10:50:47.664+0000][7][gc,phases   ] GC(190)   Pre Evacuate Collection Set: 0.2ms
[2022-07-20T10:50:47.664+0000][7][gc,phases   ] GC(190)   Merge Heap Roots: 0.1ms
[2022-07-20T10:50:47.664+0000][7][gc,phases   ] GC(190)   Evacuate Collection Set: 3.3ms
[2022-07-20T10:50:47.664+0000][7][gc,phases   ] GC(190)   Post Evacuate Collection Set: 1.1ms
[2022-07-20T10:50:47.664+0000][7][gc,phases   ] GC(190)   Other: 0.4ms
[2022-07-20T10:50:47.664+0000][7][gc,heap     ] GC(190) Eden regions: 22->0(23)
[2022-07-20T10:50:47.664+0000][7][gc,heap     ] GC(190) Survivor regions: 2->1(3)
[2022-07-20T10:50:47.664+0000][7][gc,heap     ] GC(190) Old regions: 24->24
[2022-07-20T10:50:47.664+0000][7][gc,heap     ] GC(190) Archive regions: 2->2
[2022-07-20T10:50:47.664+0000][7][gc,heap     ] GC(190) Humongous regions: 2->2
[2022-07-20T10:50:47.664+0000][7][gc,metaspace] GC(190) Metaspace: 111047K(116088K)->111047K(116088K) NonClass: 96971K(100524K)->96971K(100524K) Class: 14075K(15564K)->14075K(15564K)
[2022-07-20T10:50:47.664+0000][7][gc          ] GC(190) Pause Young (Concurrent Start) (G1 Evacuation Pause) 198M->108M(256M) 5.326ms
[2022-07-20T10:50:47.664+0000][7][gc,cpu      ] GC(190) User=0.02s Sys=0.00s Real=0.01s
[2022-07-20T10:50:47.664+0000][7][safepoint   ] Safepoint "G1CollectForAllocation", Time since last: 2756248629 ns, Reaching safepoint: 105172 ns, At safepoint: 5445786 ns, Total: 5550958 ns
[2022-07-20T10:50:47.664+0000][7][gc          ] GC(191) Concurrent Cycle
[2022-07-20T10:50:47.664+0000][7][gc,marking  ] GC(191) Concurrent Clear Claimed Marks
[2022-07-20T10:50:47.664+0000][7][gc,marking  ] GC(191) Concurrent Clear Claimed Marks 0.107ms
[2022-07-20T10:50:47.664+0000][7][gc,marking  ] GC(191) Concurrent Scan Root Regions
[2022-07-20T10:50:47.666+0000][7][gc,marking  ] GC(191) Concurrent Scan Root Regions 2.452ms
[2022-07-20T10:50:47.666+0000][7][gc,marking  ] GC(191) Concurrent Mark (3995.318s)
[2022-07-20T10:50:47.666+0000][7][gc,marking  ] GC(191) Concurrent Mark From Roots
[2022-07-20T10:50:47.666+0000][7][gc,task     ] GC(191) Using 1 workers of 1 for marking
[2022-07-20T10:50:47.831+0000][7][gc,marking  ] GC(191) Concurrent Mark From Roots 164.706ms
[2022-07-20T10:50:47.831+0000][7][gc,marking  ] GC(191) Concurrent Preclean
[2022-07-20T10:50:47.831+0000][7][gc,marking  ] GC(191) Concurrent Preclean 0.204ms
[2022-07-20T10:50:47.831+0000][7][gc,marking  ] GC(191) Concurrent Mark (3995.318s, 3995.483s) 164.981ms
[2022-07-20T10:50:47.832+0000][7][gc,start    ] GC(191) Pause Remark
[2022-07-20T10:50:47.855+0000][7][gc          ] GC(191) Pause Remark 111M->111M(256M) 23.178ms
[2022-07-20T10:50:47.855+0000][7][gc,cpu      ] GC(191) User=0.04s Sys=0.00s Real=0.03s
[2022-07-20T10:50:47.855+0000][7][safepoint   ] Safepoint "G1Concurrent", Time since last: 167718516 ns, Reaching safepoint: 137600 ns, At safepoint: 23329829 ns, Total: 23467429 ns
[2022-07-20T10:50:47.855+0000][7][gc,marking  ] GC(191) Concurrent Rebuild Remembered Sets
[2022-07-20T10:50:47.955+0000][7][gc,marking  ] GC(191) Concurrent Rebuild Remembered Sets 100.189ms
[2022-07-20T10:50:47.956+0000][7][gc,start    ] GC(191) Pause Cleanup
[2022-07-20T10:50:47.956+0000][7][gc          ] GC(191) Pause Cleanup 111M->111M(256M) 0.263ms
[2022-07-20T10:50:47.956+0000][7][gc,cpu      ] GC(191) User=0.00s Sys=0.00s Real=0.00s
[2022-07-20T10:50:47.956+0000][7][safepoint   ] Safepoint "G1Concurrent", Time since last: 100415827 ns, Reaching safepoint: 278958 ns, At safepoint: 393447 ns, Total: 672405 ns
[2022-07-20T10:50:47.956+0000][7][gc,marking  ] GC(191) Concurrent Cleanup for Next Mark
[2022-07-20T10:50:47.956+0000][7][gc,marking  ] GC(191) Concurrent Cleanup for Next Mark 0.294ms
[2022-07-20T10:50:47.956+0000][7][gc          ] GC(191) Concurrent Cycle 292.688ms
[2022-07-20T10:51:01.960+0000][7][safepoint   ] Safepoint "Cleanup", Time since last: 14003540134 ns, Reaching safepoint: 111835 ns, At safepoint: 10198 ns, Total: 122033 ns
[2022-07-20T10:51:04.961+0000][7][safepoint   ] Safepoint "Cleanup", Time since last: 3000748367 ns, Reaching safepoint: 119828 ns, At safepoint: 5519 ns, Total: 125347 ns
[2022-07-20T10:51:13.962+0000][7][safepoint   ] Safepoint "Cleanup", Time since last: 9001338748 ns, Reaching safepoint: 141730 ns, At safepoint: 11422 ns, Total: 153152 ns
[2022-07-20T10:51:14.221+0000][7][gc,start    ] GC(192) Pause Young (Normal) (G1 Evacuation Pause)
[2022-07-20T10:51:14.221+0000][7][gc,task     ] GC(192) Using 4 workers of 4 for evacuation
[2022-07-20T10:51:14.221+0000][7][gc,age      ] GC(192) Desired survivor size 6291456 bytes, new threshold 15 (max threshold 15)
[2022-07-20T10:51:14.225+0000][7][gc,age      ] GC(192) Age table with threshold 15 (max threshold 15)
[2022-07-20T10:51:14.225+0000][7][gc,age      ] GC(192) - age   1:    1315032 bytes,    1315032 total
[2022-07-20T10:51:14.225+0000][7][gc,age      ] GC(192) - age   2:     458344 bytes,    1773376 total
[2022-07-20T10:51:14.225+0000][7][gc,age      ] GC(192) - age   3:      20096 bytes,    1793472 total
[2022-07-20T10:51:14.225+0000][7][gc,age      ] GC(192) - age   4:      29432 bytes,    1822904 total
[2022-07-20T10:51:14.225+0000][7][gc,age      ] GC(192) - age   5:     218488 bytes,    2041392 total
[2022-07-20T10:51:14.225+0000][7][gc,age      ] GC(192) - age   6:      76216 bytes,    2117608 total
[2022-07-20T10:51:14.225+0000][7][gc,age      ] GC(192) - age   7:     240312 bytes,    2357920 total
[2022-07-20T10:51:14.225+0000][7][gc,age      ] GC(192) - age   8:       6272 bytes,    2364192 total
[2022-07-20T10:51:14.225+0000][7][gc,age      ] GC(192) - age   9:        912 bytes,    2365104 total
[2022-07-20T10:51:14.225+0000][7][gc,age      ] GC(192) - age  10:      17112 bytes,    2382216 total
[2022-07-20T10:51:14.225+0000][7][gc,age      ] GC(192) - age  11:       2360 bytes,    2384576 total
[2022-07-20T10:51:14.225+0000][7][gc,age      ] GC(192) - age  12:        696 bytes,    2385272 total
[2022-07-20T10:51:14.225+0000][7][gc,age      ] GC(192) - age  13:       3240 bytes,    2388512 total
[2022-07-20T10:51:14.225+0000][7][gc,age      ] GC(192) - age  14:      18368 bytes,    2406880 total
[2022-07-20T10:51:14.225+0000][7][gc,age      ] GC(192) - age  15:       1928 bytes,    2408808 total
[2022-07-20T10:51:14.225+0000][7][gc,phases   ] GC(192)   Pre Evacuate Collection Set: 0.1ms
[2022-07-20T10:51:14.225+0000][7][gc,phases   ] GC(192)   Merge Heap Roots: 0.0ms
[2022-07-20T10:51:14.225+0000][7][gc,phases   ] GC(192)   Evacuate Collection Set: 3.2ms
[2022-07-20T10:51:14.225+0000][7][gc,phases   ] GC(192)   Post Evacuate Collection Set: 0.6ms
[2022-07-20T10:51:14.225+0000][7][gc,phases   ] GC(192)   Other: 0.3ms
[2022-07-20T10:51:14.225+0000][7][gc,heap     ] GC(192) Eden regions: 23->0(23)
[2022-07-20T10:51:14.225+0000][7][gc,heap     ] GC(192) Survivor regions: 1->1(3)
[2022-07-20T10:51:14.225+0000][7][gc,heap     ] GC(192) Old regions: 24->24
[2022-07-20T10:51:14.225+0000][7][gc,heap     ] GC(192) Archive regions: 2->2
[2022-07-20T10:51:14.225+0000][7][gc,heap     ] GC(192) Humongous regions: 2->2
[2022-07-20T10:51:14.225+0000][7][gc,metaspace] GC(192) Metaspace: 111081K(116088K)->111081K(116088K) NonClass: 97006K(100524K)->97006K(100524K) Class: 14075K(15564K)->14075K(15564K)
[2022-07-20T10:51:14.225+0000][7][gc          ] GC(192) Pause Young (Normal) (G1 Evacuation Pause) 200M->108M(256M) 4.251ms
[2022-07-20T10:51:14.225+0000][7][gc,cpu      ] GC(192) User=0.02s Sys=0.00s Real=0.01s
[2022-07-20T10:51:14.225+0000][7][safepoint   ] Safepoint "G1CollectForAllocation", Time since last: 258313253 ns, Reaching safepoint: 127275 ns, At safepoint: 4342119 ns, Total: 4469394 ns
[2022-07-20T10:51:20.226+0000][7][safepoint   ] Safepoint "Cleanup", Time since last: 6000948160 ns, Reaching safepoint: 117472 ns, At safepoint: 7939 ns, Total: 125411 ns
[2022-07-20T10:51:24.227+0000][7][safepoint   ] Safepoint "Cleanup", Time since last: 4000716642 ns, Reaching safepoint: 105613 ns, At safepoint: 4759 ns, Total: 110372 ns
[2022-07-20T10:51:28.227+0000][7][safepoint   ] Safepoint "Cleanup", Time since last: 4000523538 ns, Reaching safepoint: 205326 ns, At safepoint: 4363 ns, Total: 209689 ns
[2022-07-20T10:51:29.228+0000][7][safepoint   ] Safepoint "Cleanup", Time since last: 1000242353 ns, Reaching safepoint: 132759 ns, At safepoint: 6922 ns, Total: 139681 ns
[2022-07-20T10:51:41.230+0000][7][safepoint   ] Safepoint "Cleanup", Time since last: 12002323684 ns, Reaching safepoint: 123364 ns, At safepoint: 7975 ns, Total: 131339 ns
[2022-07-20T10:51:50.329+0000][7][gc,start    ] GC(193) Pause Young (Concurrent Start) (G1 Evacuation Pause)
[2022-07-20T10:51:50.329+0000][7][gc,task     ] GC(193) Using 4 workers of 4 for evacuation
[2022-07-20T10:51:50.329+0000][7][gc,age      ] GC(193) Desired survivor size 6291456 bytes, new threshold 15 (max threshold 15)
[2022-07-20T10:51:50.334+0000][7][gc,age      ] GC(193) Age table with threshold 15 (max threshold 15)
[2022-07-20T10:51:50.334+0000][7][gc,age      ] GC(193) - age   1:    1841016 bytes,    1841016 total
[2022-07-20T10:51:50.334+0000][7][gc,age      ] GC(193) - age   2:     495240 bytes,    2336256 total
[2022-07-20T10:51:50.334+0000][7][gc,age      ] GC(193) - age   3:     452920 bytes,    2789176 total
[2022-07-20T10:51:50.334+0000][7][gc,age      ] GC(193) - age   4:      19600 bytes,    2808776 total
[2022-07-20T10:51:50.334+0000][7][gc,age      ] GC(193) - age   5:      28960 bytes,    2837736 total
[2022-07-20T10:51:50.334+0000][7][gc,age      ] GC(193) - age   6:     217880 bytes,    3055616 total
[2022-07-20T10:51:50.334+0000][7][gc,age      ] GC(193) - age   7:      76216 bytes,    3131832 total
[2022-07-20T10:51:50.334+0000][7][gc,age      ] GC(193) - age   8:     239912 bytes,    3371744 total
[2022-07-20T10:51:50.334+0000][7][gc,age      ] GC(193) - age   9:       6272 bytes,    3378016 total
[2022-07-20T10:51:50.334+0000][7][gc,age      ] GC(193) - age  10:        848 bytes,    3378864 total
[2022-07-20T10:51:50.334+0000][7][gc,age      ] GC(193) - age  11:      17112 bytes,    3395976 total
[2022-07-20T10:51:50.334+0000][7][gc,age      ] GC(193) - age  12:       2232 bytes,    3398208 total
[2022-07-20T10:51:50.334+0000][7][gc,age      ] GC(193) - age  13:        696 bytes,    3398904 total
[2022-07-20T10:51:50.334+0000][7][gc,age      ] GC(193) - age  14:       3240 bytes,    3402144 total
[2022-07-20T10:51:50.334+0000][7][gc,age      ] GC(193) - age  15:      18368 bytes,    3420512 total
[2022-07-20T10:51:50.334+0000][7][gc,phases   ] GC(193)   Pre Evacuate Collection Set: 0.2ms
[2022-07-20T10:51:50.334+0000][7][gc,phases   ] GC(193)   Merge Heap Roots: 0.1ms
[2022-07-20T10:51:50.334+0000][7][gc,phases   ] GC(193)   Evacuate Collection Set: 3.9ms
[2022-07-20T10:51:50.334+0000][7][gc,phases   ] GC(193)   Post Evacuate Collection Set: 0.6ms
[2022-07-20T10:51:50.334+0000][7][gc,phases   ] GC(193)   Other: 0.3ms
[2022-07-20T10:51:50.334+0000][7][gc,heap     ] GC(193) Eden regions: 23->0(23)
[2022-07-20T10:51:50.334+0000][7][gc,heap     ] GC(193) Survivor regions: 1->1(3)
[2022-07-20T10:51:50.334+0000][7][gc,heap     ] GC(193) Old regions: 24->24
[2022-07-20T10:51:50.334+0000][7][gc,heap     ] GC(193) Archive regions: 2->2
[2022-07-20T10:51:50.335+0000][7][gc,heap     ] GC(193) Humongous regions: 2->2
[2022-07-20T10:51:50.335+0000][7][gc,metaspace] GC(193) Metaspace: 111115K(116088K)->111115K(116088K) NonClass: 97039K(100524K)->97039K(100524K) Class: 14075K(15564K)->14075K(15564K)
[2022-07-20T10:51:50.335+0000][7][gc          ] GC(193) Pause Young (Concurrent Start) (G1 Evacuation Pause) 200M->109M(256M) 5.158ms
[2022-07-20T10:51:50.335+0000][7][gc,cpu      ] GC(193) User=0.01s Sys=0.00s Real=0.01s
[2022-07-20T10:51:50.335+0000][7][gc          ] GC(194) Concurrent Cycle
[2022-07-20T10:51:50.335+0000][7][safepoint   ] Safepoint "G1CollectForAllocation", Time since last: 9098899325 ns, Reaching safepoint: 123873 ns, At safepoint: 5262926 ns, Total: 5386799 ns
[2022-07-20T10:51:50.335+0000][7][gc,marking  ] GC(194) Concurrent Clear Claimed Marks
[2022-07-20T10:51:50.335+0000][7][gc,marking  ] GC(194) Concurrent Clear Claimed Marks 0.113ms
[2022-07-20T10:51:50.335+0000][7][gc,marking  ] GC(194) Concurrent Scan Root Regions
[2022-07-20T10:51:50.339+0000][7][gc,marking  ] GC(194) Concurrent Scan Root Regions 3.989ms
[2022-07-20T10:51:50.339+0000][7][gc,marking  ] GC(194) Concurrent Mark (4057.991s)
[2022-07-20T10:51:50.339+0000][7][gc,marking  ] GC(194) Concurrent Mark From Roots
[2022-07-20T10:51:50.339+0000][7][gc,task     ] GC(194) Using 1 workers of 1 for marking
[2022-07-20T10:51:50.488+0000][7][gc,marking  ] GC(194) Concurrent Mark From Roots 148.966ms
[2022-07-20T10:51:50.488+0000][7][gc,marking  ] GC(194) Concurrent Preclean
[2022-07-20T10:51:50.488+0000][7][gc,marking  ] GC(194) Concurrent Preclean 0.220ms
[2022-07-20T10:51:50.488+0000][7][gc,marking  ] GC(194) Concurrent Mark (4057.991s, 4058.140s) 149.278ms
[2022-07-20T10:51:50.488+0000][7][gc,start    ] GC(194) Pause Remark
[2022-07-20T10:51:50.500+0000][7][gc          ] GC(194) Pause Remark 112M->112M(256M) 11.633ms
[2022-07-20T10:51:50.500+0000][7][gc,cpu      ] GC(194) User=0.05s Sys=0.00s Real=0.01s
[2022-07-20T10:51:50.500+0000][7][safepoint   ] Safepoint "G1Concurrent", Time since last: 153508774 ns, Reaching safepoint: 190299 ns, At safepoint: 11758196 ns, Total: 11948495 ns
[2022-07-20T10:51:50.500+0000][7][gc,marking  ] GC(194) Concurrent Rebuild Remembered Sets
[2022-07-20T10:51:50.590+0000][7][gc,marking  ] GC(194) Concurrent Rebuild Remembered Sets 89.593ms
[2022-07-20T10:51:50.590+0000][7][gc,start    ] GC(194) Pause Cleanup
[2022-07-20T10:51:50.590+0000][7][gc          ] GC(194) Pause Cleanup 113M->113M(256M) 0.100ms
[2022-07-20T10:51:50.590+0000][7][gc,cpu      ] GC(194) User=0.00s Sys=0.00s Real=0.00s
[2022-07-20T10:51:50.590+0000][7][safepoint   ] Safepoint "G1Concurrent", Time since last: 89698056 ns, Reaching safepoint: 143593 ns, At safepoint: 165105 ns, Total: 308698 ns
[2022-07-20T10:51:50.590+0000][7][gc,marking  ] GC(194) Concurrent Cleanup for Next Mark
[2022-07-20T10:51:50.590+0000][7][gc,marking  ] GC(194) Concurrent Cleanup for Next Mark 0.253ms
[2022-07-20T10:51:50.590+0000][7][gc          ] GC(194) Concurrent Cycle 255.805ms
[2022-07-20T10:51:56.591+0000][7][safepoint   ] Safepoint "Cleanup", Time since last: 6001128809 ns, Reaching safepoint: 135084 ns, At safepoint: 6571 ns, Total: 141655 ns
[2022-07-20T10:52:13.594+0000][7][safepoint   ] Safepoint "Cleanup", Time since last: 17002970560 ns, Reaching safepoint: 122306 ns, At safepoint: 5692 ns, Total: 127998 ns
[2022-07-20T10:52:17.481+0000][7][gc,start    ] GC(195) Pause Young (Normal) (G1 Evacuation Pause)
[2022-07-20T10:52:17.481+0000][7][gc,task     ] GC(195) Using 4 workers of 4 for evacuation
[2022-07-20T10:52:17.481+0000][7][gc,age      ] GC(195) Desired survivor size 6291456 bytes, new threshold 15 (max threshold 15)
[2022-07-20T10:52:17.486+0000][7][gc,age      ] GC(195) Age table with threshold 15 (max threshold 15)
[2022-07-20T10:52:17.486+0000][7][gc,age      ] GC(195) - age   1:    1522336 bytes,    1522336 total
[2022-07-20T10:52:17.486+0000][7][gc,age      ] GC(195) - age   2:     211968 bytes,    1734304 total
[2022-07-20T10:52:17.486+0000][7][gc,age      ] GC(195) - age   3:     279464 bytes,    2013768 total
[2022-07-20T10:52:17.486+0000][7][gc,age      ] GC(195) - age   4:     246104 bytes,    2259872 total
[2022-07-20T10:52:17.486+0000][7][gc,age      ] GC(195) - age   5:      18512 bytes,    2278384 total
[2022-07-20T10:52:17.486+0000][7][gc,age      ] GC(195) - age   6:      28480 bytes,    2306864 total
[2022-07-20T10:52:17.486+0000][7][gc,age      ] GC(195) - age   7:     217784 bytes,    2524648 total
[2022-07-20T10:52:17.486+0000][7][gc,age      ] GC(195) - age   8:      76216 bytes,    2600864 total
[2022-07-20T10:52:17.486+0000][7][gc,age      ] GC(195) - age   9:     239912 bytes,    2840776 total
[2022-07-20T10:52:17.486+0000][7][gc,age      ] GC(195) - age  10:       6208 bytes,    2846984 total
[2022-07-20T10:52:17.486+0000][7][gc,age      ] GC(195) - age  11:        848 bytes,    2847832 total
[2022-07-20T10:52:17.486+0000][7][gc,age      ] GC(195) - age  12:      17080 bytes,    2864912 total
[2022-07-20T10:52:17.486+0000][7][gc,age      ] GC(195) - age  13:       2136 bytes,    2867048 total
[2022-07-20T10:52:17.486+0000][7][gc,age      ] GC(195) - age  14:        600 bytes,    2867648 total
[2022-07-20T10:52:17.486+0000][7][gc,age      ] GC(195) - age  15:       3240 bytes,    2870888 total
[2022-07-20T10:52:17.486+0000][7][gc,phases   ] GC(195)   Pre Evacuate Collection Set: 0.1ms
[2022-07-20T10:52:17.486+0000][7][gc,phases   ] GC(195)   Merge Heap Roots: 0.0ms
[2022-07-20T10:52:17.486+0000][7][gc,phases   ] GC(195)   Evacuate Collection Set: 3.4ms
[2022-07-20T10:52:17.486+0000][7][gc,phases   ] GC(195)   Post Evacuate Collection Set: 0.6ms
[2022-07-20T10:52:17.486+0000][7][gc,phases   ] GC(195)   Other: 0.4ms
[2022-07-20T10:52:17.486+0000][7][gc,heap     ] GC(195) Eden regions: 23->0(23)
[2022-07-20T10:52:17.486+0000][7][gc,heap     ] GC(195) Survivor regions: 1->1(3)
[2022-07-20T10:52:17.486+0000][7][gc,heap     ] GC(195) Old regions: 24->24
[2022-07-20T10:52:17.486+0000][7][gc,heap     ] GC(195) Archive regions: 2->2
[2022-07-20T10:52:17.486+0000][7][gc,heap     ] GC(195) Humongous regions: 2->2
[2022-07-20T10:52:17.486+0000][7][gc,metaspace] GC(195) Metaspace: 111131K(116088K)->111131K(116088K) NonClass: 97055K(100524K)->97055K(100524K) Class: 14075K(15564K)->14075K(15564K)
[2022-07-20T10:52:17.486+0000][7][gc          ] GC(195) Pause Young (Normal) (G1 Evacuation Pause) 201M->109M(256M) 4.671ms
[2022-07-20T10:52:17.486+0000][7][gc,cpu      ] GC(195) User=0.02s Sys=0.00s Real=0.01s
[2022-07-20T10:52:17.486+0000][7][safepoint   ] Safepoint "G1CollectForAllocation", Time since last: 3886731434 ns, Reaching safepoint: 128821 ns, At safepoint: 4781522 ns, Total: 4910343 ns
[2022-07-20T10:52:21.487+0000][7][safepoint   ] Safepoint "Cleanup", Time since last: 4000551107 ns, Reaching safepoint: 93083 ns, At safepoint: 5746 ns, Total: 98829 ns
[2022-07-20T10:52:29.489+0000][7][safepoint   ] Safepoint "Cleanup", Time since last: 8002270048 ns, Reaching safepoint: 154335 ns, At safepoint: 7549 ns, Total: 161884 ns
[2022-07-20T10:52:32.490+0000][7][safepoint   ] Safepoint "Cleanup", Time since last: 3000484263 ns, Reaching safepoint: 143989 ns, At safepoint: 10617 ns, Total: 154606 ns
[2022-07-20T10:52:35.490+0000][7][safepoint   ] Safepoint "Cleanup", Time since last: 3000397111 ns, Reaching safepoint: 88963 ns, At safepoint: 5815 ns, Total: 94778 ns
[2022-07-20T10:52:41.491+0000][7][safepoint   ] Safepoint "Cleanup", Time since last: 6000742131 ns, Reaching safepoint: 111571 ns, At safepoint: 6393 ns, Total: 117964 ns
[2022-07-20T10:52:56.833+0000][7][gc,start    ] GC(196) Pause Young (Concurrent Start) (G1 Evacuation Pause)
[2022-07-20T10:52:56.833+0000][7][gc,task     ] GC(196) Using 4 workers of 4 for evacuation
[2022-07-20T10:52:56.833+0000][7][gc,age      ] GC(196) Desired survivor size 6291456 bytes, new threshold 15 (max threshold 15)
[2022-07-20T10:52:56.837+0000][7][gc,age      ] GC(196) Age table with threshold 15 (max threshold 15)
[2022-07-20T10:52:56.837+0000][7][gc,age      ] GC(196) - age   1:     862752 bytes,     862752 total
[2022-07-20T10:52:56.837+0000][7][gc,age      ] GC(196) - age   2:     613528 bytes,    1476280 total
[2022-07-20T10:52:56.837+0000][7][gc,age      ] GC(196) - age   3:     134136 bytes,    1610416 total
[2022-07-20T10:52:56.837+0000][7][gc,age      ] GC(196) - age   4:     133176 bytes,    1743592 total
[2022-07-20T10:52:56.837+0000][7][gc,age      ] GC(196) - age   5:     245304 bytes,    1988896 total
[2022-07-20T10:52:56.837+0000][7][gc,age      ] GC(196) - age   6:      18000 bytes,    2006896 total
[2022-07-20T10:52:56.837+0000][7][gc,age      ] GC(196) - age   7:      28288 bytes,    2035184 total
[2022-07-20T10:52:56.837+0000][7][gc,age      ] GC(196) - age   8:     217784 bytes,    2252968 total
[2022-07-20T10:52:56.837+0000][7][gc,age      ] GC(196) - age   9:      76216 bytes,    2329184 total
[2022-07-20T10:52:56.837+0000][7][gc,age      ] GC(196) - age  10:     239808 bytes,    2568992 total
[2022-07-20T10:52:56.837+0000][7][gc,age      ] GC(196) - age  11:       6208 bytes,    2575200 total
[2022-07-20T10:52:56.837+0000][7][gc,age      ] GC(196) - age  12:        848 bytes,    2576048 total
[2022-07-20T10:52:56.837+0000][7][gc,age      ] GC(196) - age  13:      17080 bytes,    2593128 total
[2022-07-20T10:52:56.837+0000][7][gc,age      ] GC(196) - age  14:       2136 bytes,    2595264 total
[2022-07-20T10:52:56.837+0000][7][gc,age      ] GC(196) - age  15:        600 bytes,    2595864 total
[2022-07-20T10:52:56.837+0000][7][gc,phases   ] GC(196)   Pre Evacuate Collection Set: 0.2ms
[2022-07-20T10:52:56.837+0000][7][gc,phases   ] GC(196)   Merge Heap Roots: 0.0ms
[2022-07-20T10:52:56.837+0000][7][gc,phases   ] GC(196)   Evacuate Collection Set: 3.1ms
[2022-07-20T10:52:56.837+0000][7][gc,phases   ] GC(196)   Post Evacuate Collection Set: 0.5ms
[2022-07-20T10:52:56.837+0000][7][gc,phases   ] GC(196)   Other: 0.4ms
[2022-07-20T10:52:56.837+0000][7][gc,heap     ] GC(196) Eden regions: 23->0(23)
[2022-07-20T10:52:56.837+0000][7][gc,heap     ] GC(196) Survivor regions: 1->1(3)
[2022-07-20T10:52:56.837+0000][7][gc,heap     ] GC(196) Old regions: 24->24
[2022-07-20T10:52:56.837+0000][7][gc,heap     ] GC(196) Archive regions: 2->2
[2022-07-20T10:52:56.837+0000][7][gc,heap     ] GC(196) Humongous regions: 2->2
[2022-07-20T10:52:56.837+0000][7][gc,metaspace] GC(196) Metaspace: 111160K(116344K)->111160K(116344K) NonClass: 97085K(100780K)->97085K(100780K) Class: 14075K(15564K)->14075K(15564K)
[2022-07-20T10:52:56.837+0000][7][gc          ] GC(196) Pause Young (Concurrent Start) (G1 Evacuation Pause) 201M->109M(256M) 4.224ms
[2022-07-20T10:52:56.837+0000][7][gc,cpu      ] GC(196) User=0.01s Sys=0.00s Real=0.01s
[2022-07-20T10:52:56.837+0000][7][gc          ] GC(197) Concurrent Cycle
[2022-07-20T10:52:56.837+0000][7][safepoint   ] Safepoint "G1CollectForAllocation", Time since last: 15341556130 ns, Reaching safepoint: 118176 ns, At safepoint: 4347019 ns, Total: 4465195 ns
[2022-07-20T10:52:56.837+0000][7][gc,marking  ] GC(197) Concurrent Clear Claimed Marks
[2022-07-20T10:52:56.837+0000][7][gc,marking  ] GC(197) Concurrent Clear Claimed Marks 0.110ms
[2022-07-20T10:52:56.837+0000][7][gc,marking  ] GC(197) Concurrent Scan Root Regions
[2022-07-20T10:52:56.840+0000][7][gc,marking  ] GC(197) Concurrent Scan Root Regions 2.403ms
[2022-07-20T10:52:56.840+0000][7][gc,marking  ] GC(197) Concurrent Mark (4124.492s)
[2022-07-20T10:52:56.840+0000][7][gc,marking  ] GC(197) Concurrent Mark From Roots
[2022-07-20T10:52:56.840+0000][7][gc,task     ] GC(197) Using 1 workers of 1 for marking
[2022-07-20T10:52:57.005+0000][7][gc,marking  ] GC(197) Concurrent Mark From Roots 165.506ms
[2022-07-20T10:52:57.005+0000][7][gc,marking  ] GC(197) Concurrent Preclean
[2022-07-20T10:52:57.006+0000][7][gc,marking  ] GC(197) Concurrent Preclean 0.238ms
[2022-07-20T10:52:57.006+0000][7][gc,marking  ] GC(197) Concurrent Mark (4124.492s, 4124.658s) 165.815ms
[2022-07-20T10:52:57.006+0000][7][gc,start    ] GC(197) Pause Remark
[2022-07-20T10:52:57.018+0000][7][gc          ] GC(197) Pause Remark 109M->109M(256M) 12.053ms
[2022-07-20T10:52:57.018+0000][7][gc,cpu      ] GC(197) User=0.05s Sys=0.00s Real=0.01s
[2022-07-20T10:52:57.018+0000][7][safepoint   ] Safepoint "G1Concurrent", Time since last: 168443563 ns, Reaching safepoint: 96904 ns, At safepoint: 12181177 ns, Total: 12278081 ns
[2022-07-20T10:52:57.018+0000][7][gc,marking  ] GC(197) Concurrent Rebuild Remembered Sets
[2022-07-20T10:52:57.110+0000][7][gc,marking  ] GC(197) Concurrent Rebuild Remembered Sets 91.733ms
[2022-07-20T10:52:57.110+0000][7][gc,start    ] GC(197) Pause Cleanup
[2022-07-20T10:52:57.110+0000][7][gc          ] GC(197) Pause Cleanup 110M->110M(256M) 0.085ms
[2022-07-20T10:52:57.110+0000][7][gc,cpu      ] GC(197) User=0.00s Sys=0.00s Real=0.00s
[2022-07-20T10:52:57.110+0000][7][safepoint   ] Safepoint "G1Concurrent", Time since last: 91973372 ns, Reaching safepoint: 127475 ns, At safepoint: 142402 ns, Total: 269877 ns
[2022-07-20T10:52:57.110+0000][7][gc,marking  ] GC(197) Concurrent Cleanup for Next Mark
[2022-07-20T10:52:57.110+0000][7][gc,marking  ] GC(197) Concurrent Cleanup for Next Mark 0.245ms
[2022-07-20T10:52:57.110+0000][7][gc          ] GC(197) Concurrent Cycle 273.291ms
[2022-07-20T10:52:59.111+0000][7][safepoint   ] Safepoint "Cleanup", Time since last: 2000444564 ns, Reaching safepoint: 139130 ns, At safepoint: 7244 ns, Total: 146374 ns
[2022-07-20T10:53:01.327+0000][7][safepoint   ] Safepoint "Cleanup", Time since last: 2215591225 ns, Reaching safepoint: 188627 ns, At safepoint: 14139 ns, Total: 202766 ns
[2022-07-20T10:53:02.327+0000][7][safepoint   ] Safepoint "Cleanup", Time since last: 1000407466 ns, Reaching safepoint: 153294 ns, At safepoint: 5792 ns, Total: 159086 ns
[2022-07-20T10:53:14.329+0000][7][safepoint   ] Safepoint "Cleanup", Time since last: 12001785697 ns, Reaching safepoint: 102480 ns, At safepoint: 9953 ns, Total: 112433 ns
[2022-07-20T10:53:17.330+0000][7][safepoint   ] Safepoint "Cleanup", Time since last: 3000446997 ns, Reaching safepoint: 104248 ns, At safepoint: 6362 ns, Total: 110610 ns
[2022-07-20T10:53:20.330+0000][7][safepoint   ] Safepoint "Cleanup", Time since last: 3000288825 ns, Reaching safepoint: 91410 ns, At safepoint: 6467 ns, Total: 97877 ns
[2022-07-20T10:53:25.331+0000][7][safepoint   ] Safepoint "Cleanup", Time since last: 5000702693 ns, Reaching safepoint: 124316 ns, At safepoint: 5531 ns, Total: 129847 ns
[2022-07-20T10:53:29.369+0000][7][gc,start    ] GC(198) Pause Young (Normal) (G1 Evacuation Pause)
[2022-07-20T10:53:29.369+0000][7][gc,task     ] GC(198) Using 4 workers of 4 for evacuation
[2022-07-20T10:53:29.370+0000][7][gc,age      ] GC(198) Desired survivor size 6291456 bytes, new threshold 15 (max threshold 15)
[2022-07-20T10:53:29.375+0000][7][gc,age      ] GC(198) Age table with threshold 15 (max threshold 15)
[2022-07-20T10:53:29.375+0000][7][gc,age      ] GC(198) - age   1:    1352464 bytes,    1352464 total
[2022-07-20T10:53:29.375+0000][7][gc,age      ] GC(198) - age   2:     721704 bytes,    2074168 total
[2022-07-20T10:53:29.375+0000][7][gc,age      ] GC(198) - age   3:     599272 bytes,    2673440 total
[2022-07-20T10:53:29.375+0000][7][gc,age      ] GC(198) - age   4:     133440 bytes,    2806880 total
[2022-07-20T10:53:29.375+0000][7][gc,age      ] GC(198) - age   5:     132632 bytes,    2939512 total
[2022-07-20T10:53:29.375+0000][7][gc,age      ] GC(198) - age   6:     245016 bytes,    3184528 total
[2022-07-20T10:53:29.375+0000][7][gc,age      ] GC(198) - age   7:      18000 bytes,    3202528 total
[2022-07-20T10:53:29.375+0000][7][gc,age      ] GC(198) - age   8:      28288 bytes,    3230816 total
[2022-07-20T10:53:29.375+0000][7][gc,age      ] GC(198) - age   9:     217784 bytes,    3448600 total
[2022-07-20T10:53:29.375+0000][7][gc,age      ] GC(198) - age  10:      76216 bytes,    3524816 total
[2022-07-20T10:53:29.375+0000][7][gc,age      ] GC(198) - age  11:     239808 bytes,    3764624 total
[2022-07-20T10:53:29.375+0000][7][gc,age      ] GC(198) - age  12:       6208 bytes,    3770832 total
[2022-07-20T10:53:29.375+0000][7][gc,age      ] GC(198) - age  13:        848 bytes,    3771680 total
[2022-07-20T10:53:29.375+0000][7][gc,age      ] GC(198) - age  14:      17080 bytes,    3788760 total
[2022-07-20T10:53:29.375+0000][7][gc,age      ] GC(198) - age  15:       2136 bytes,    3790896 total
[2022-07-20T10:53:29.375+0000][7][gc,phases   ] GC(198)   Pre Evacuate Collection Set: 0.0ms
[2022-07-20T10:53:29.375+0000][7][gc,phases   ] GC(198)   Merge Heap Roots: 0.1ms
[2022-07-20T10:53:29.375+0000][7][gc,phases   ] GC(198)   Evacuate Collection Set: 4.3ms
[2022-07-20T10:53:29.375+0000][7][gc,phases   ] GC(198)   Post Evacuate Collection Set: 0.6ms
[2022-07-20T10:53:29.375+0000][7][gc,phases   ] GC(198)   Other: 0.4ms
[2022-07-20T10:53:29.375+0000][7][gc,heap     ] GC(198) Eden regions: 23->0(23)
[2022-07-20T10:53:29.375+0000][7][gc,heap     ] GC(198) Survivor regions: 1->1(3)
[2022-07-20T10:53:29.375+0000][7][gc,heap     ] GC(198) Old regions: 24->24
[2022-07-20T10:53:29.375+0000][7][gc,heap     ] GC(198) Archive regions: 2->2
[2022-07-20T10:53:29.375+0000][7][gc,heap     ] GC(198) Humongous regions: 2->2
[2022-07-20T10:53:29.375+0000][7][gc,metaspace] GC(198) Metaspace: 111176K(116344K)->111176K(116344K) NonClass: 97100K(100780K)->97100K(100780K) Class: 14075K(15564K)->14075K(15564K)
[2022-07-20T10:53:29.375+0000][7][gc          ] GC(198) Pause Young (Normal) (G1 Evacuation Pause) 201M->110M(256M) 5.435ms
[2022-07-20T10:53:29.375+0000][7][gc,cpu      ] GC(198) User=0.02s Sys=0.00s Real=0.01s
[2022-07-20T10:53:29.375+0000][7][safepoint   ] Safepoint "G1CollectForAllocation", Time since last: 4038489790 ns, Reaching safepoint: 118619 ns, At safepoint: 5532344 ns, Total: 5650963 ns
[2022-07-20T10:53:32.375+0000][7][safepoint   ] Safepoint "Cleanup", Time since last: 3000224766 ns, Reaching safepoint: 134000 ns, At safepoint: 6226 ns, Total: 140226 ns
[2022-07-20T10:53:43.377+0000][7][safepoint   ] Safepoint "Cleanup", Time since last: 11001102466 ns, Reaching safepoint: 117994 ns, At safepoint: 6416 ns, Total: 124410 ns
[2022-07-20T10:53:53.378+0000][7][safepoint   ] Safepoint "Cleanup", Time since last: 10001375779 ns, Reaching safepoint: 120276 ns, At safepoint: 6853 ns, Total: 127129 ns
[2022-07-20T10:54:01.379+0000][7][safepoint   ] Safepoint "Cleanup", Time since last: 8001224065 ns, Reaching safepoint: 132818 ns, At safepoint: 9911 ns, Total: 142729 ns
[2022-07-20T10:54:17.414+0000][7][gc,start    ] GC(199) Pause Young (Concurrent Start) (G1 Evacuation Pause)
[2022-07-20T10:54:17.414+0000][7][gc,task     ] GC(199) Using 4 workers of 4 for evacuation
[2022-07-20T10:54:17.414+0000][7][gc,age      ] GC(199) Desired survivor size 6291456 bytes, new threshold 15 (max threshold 15)
[2022-07-20T10:54:17.418+0000][7][gc,age      ] GC(199) Age table with threshold 15 (max threshold 15)
[2022-07-20T10:54:17.418+0000][7][gc,age      ] GC(199) - age   1:    1981280 bytes,    1981280 total
[2022-07-20T10:54:17.418+0000][7][gc,age      ] GC(199) - age   2:     166592 bytes,    2147872 total
[2022-07-20T10:54:17.418+0000][7][gc,age      ] GC(199) - age   3:     448720 bytes,    2596592 total
[2022-07-20T10:54:17.418+0000][7][gc,age      ] GC(199) - age   4:     267792 bytes,    2864384 total
[2022-07-20T10:54:17.418+0000][7][gc,age      ] GC(199) - age   5:     133088 bytes,    2997472 total
[2022-07-20T10:54:17.418+0000][7][gc,age      ] GC(199) - age   6:     132632 bytes,    3130104 total
[2022-07-20T10:54:17.418+0000][7][gc,age      ] GC(199) - age   7:     244952 bytes,    3375056 total
[2022-07-20T10:54:17.418+0000][7][gc,age      ] GC(199) - age   8:      17936 bytes,    3392992 total
[2022-07-20T10:54:17.418+0000][7][gc,age      ] GC(199) - age   9:      28288 bytes,    3421280 total
[2022-07-20T10:54:17.418+0000][7][gc,age      ] GC(199) - age  10:     217488 bytes,    3638768 total
[2022-07-20T10:54:17.418+0000][7][gc,age      ] GC(199) - age  11:      75904 bytes,    3714672 total
[2022-07-20T10:54:17.418+0000][7][gc,age      ] GC(199) - age  12:     239808 bytes,    3954480 total
[2022-07-20T10:54:17.418+0000][7][gc,age      ] GC(199) - age  13:       6208 bytes,    3960688 total
[2022-07-20T10:54:17.419+0000][7][gc,age      ] GC(199) - age  14:        848 bytes,    3961536 total
[2022-07-20T10:54:17.419+0000][7][gc,age      ] GC(199) - age  15:      17080 bytes,    3978616 total
[2022-07-20T10:54:17.419+0000][7][gc,phases   ] GC(199)   Pre Evacuate Collection Set: 0.2ms
[2022-07-20T10:54:17.419+0000][7][gc,phases   ] GC(199)   Merge Heap Roots: 0.1ms
[2022-07-20T10:54:17.419+0000][7][gc,phases   ] GC(199)   Evacuate Collection Set: 3.9ms
[2022-07-20T10:54:17.419+0000][7][gc,phases   ] GC(199)   Post Evacuate Collection Set: 0.5ms
[2022-07-20T10:54:17.419+0000][7][gc,phases   ] GC(199)   Other: 0.4ms
[2022-07-20T10:54:17.419+0000][7][gc,heap     ] GC(199) Eden regions: 23->0(22)
[2022-07-20T10:54:17.419+0000][7][gc,heap     ] GC(199) Survivor regions: 1->2(3)
[2022-07-20T10:54:17.419+0000][7][gc,heap     ] GC(199) Old regions: 24->24
[2022-07-20T10:54:17.419+0000][7][gc,heap     ] GC(199) Archive regions: 2->2
[2022-07-20T10:54:17.419+0000][7][gc,heap     ] GC(199) Humongous regions: 2->2
[2022-07-20T10:54:17.419+0000][7][gc,metaspace] GC(199) Metaspace: 111188K(116344K)->111188K(116344K) NonClass: 97113K(100780K)->97113K(100780K) Class: 14075K(15564K)->14075K(15564K)
[2022-07-20T10:54:17.419+0000][7][gc          ] GC(199) Pause Young (Concurrent Start) (G1 Evacuation Pause) 202M->110M(256M) 5.213ms
[2022-07-20T10:54:17.419+0000][7][gc,cpu      ] GC(199) User=0.01s Sys=0.00s Real=0.01s
[2022-07-20T10:54:17.419+0000][7][gc          ] GC(200) Concurrent Cycle
[2022-07-20T10:54:17.419+0000][7][safepoint   ] Safepoint "G1CollectForAllocation", Time since last: 16033962822 ns, Reaching safepoint: 132231 ns, At safepoint: 5311907 ns, Total: 5444138 ns
[2022-07-20T10:54:17.419+0000][7][gc,marking  ] GC(200) Concurrent Clear Claimed Marks
[2022-07-20T10:54:17.419+0000][7][gc,marking  ] GC(200) Concurrent Clear Claimed Marks 0.106ms
[2022-07-20T10:54:17.419+0000][7][gc,marking  ] GC(200) Concurrent Scan Root Regions
[2022-07-20T10:54:17.424+0000][7][gc,marking  ] GC(200) Concurrent Scan Root Regions 4.825ms
[2022-07-20T10:54:17.424+0000][7][gc,marking  ] GC(200) Concurrent Mark (4205.076s)
[2022-07-20T10:54:17.424+0000][7][gc,marking  ] GC(200) Concurrent Mark From Roots
[2022-07-20T10:54:17.424+0000][7][gc,task     ] GC(200) Using 1 workers of 1 for marking
[2022-07-20T10:54:17.587+0000][7][gc,marking  ] GC(200) Concurrent Mark From Roots 163.321ms
[2022-07-20T10:54:17.587+0000][7][gc,marking  ] GC(200) Concurrent Preclean
[2022-07-20T10:54:17.587+0000][7][gc,marking  ] GC(200) Concurrent Preclean 0.226ms
[2022-07-20T10:54:17.587+0000][7][gc,marking  ] GC(200) Concurrent Mark (4205.076s, 4205.239s) 163.638ms
[2022-07-20T10:54:17.588+0000][7][gc,start    ] GC(200) Pause Remark
[2022-07-20T10:54:17.600+0000][7][gc          ] GC(200) Pause Remark 126M->126M(256M) 12.152ms
[2022-07-20T10:54:17.600+0000][7][gc,cpu      ] GC(200) User=0.04s Sys=0.00s Real=0.01s
[2022-07-20T10:54:17.600+0000][7][safepoint   ] Safepoint "G1Concurrent", Time since last: 168704815 ns, Reaching safepoint: 137166 ns, At safepoint: 12317242 ns, Total: 12454408 ns
[2022-07-20T10:54:17.600+0000][7][gc,marking  ] GC(200) Concurrent Rebuild Remembered Sets
[2022-07-20T10:54:17.689+0000][7][gc,marking  ] GC(200) Concurrent Rebuild Remembered Sets 89.326ms
[2022-07-20T10:54:17.690+0000][7][gc,start    ] GC(200) Pause Cleanup
[2022-07-20T10:54:17.690+0000][7][gc          ] GC(200) Pause Cleanup 126M->126M(256M) 0.111ms
[2022-07-20T10:54:17.690+0000][7][gc,cpu      ] GC(200) User=0.00s Sys=0.00s Real=0.00s
[2022-07-20T10:54:17.690+0000][7][safepoint   ] Safepoint "G1Concurrent", Time since last: 89448524 ns, Reaching safepoint: 138988 ns, At safepoint: 193506 ns, Total: 332494 ns
[2022-07-20T10:54:17.690+0000][7][gc,marking  ] GC(200) Concurrent Cleanup for Next Mark
[2022-07-20T10:54:17.690+0000][7][gc,marking  ] GC(200) Concurrent Cleanup for Next Mark 0.258ms
[2022-07-20T10:54:17.690+0000][7][gc          ] GC(200) Concurrent Cycle 271.310ms
[2022-07-20T10:54:41.694+0000][7][safepoint   ] Safepoint "Cleanup", Time since last: 24004046919 ns, Reaching safepoint: 232963 ns, At safepoint: 9973 ns, Total: 242936 ns
[2022-07-20T10:54:52.898+0000][7][gc,start    ] GC(201) Pause Young (Normal) (G1 Evacuation Pause)
[2022-07-20T10:54:52.898+0000][7][gc,task     ] GC(201) Using 4 workers of 4 for evacuation
[2022-07-20T10:54:52.898+0000][7][gc,age      ] GC(201) Desired survivor size 6291456 bytes, new threshold 15 (max threshold 15)
[2022-07-20T10:54:52.903+0000][7][gc,age      ] GC(201) Age table with threshold 15 (max threshold 15)
[2022-07-20T10:54:52.903+0000][7][gc,age      ] GC(201) - age   1:    1751960 bytes,    1751960 total
[2022-07-20T10:54:52.903+0000][7][gc,age      ] GC(201) - age   2:     241992 bytes,    1993952 total
[2022-07-20T10:54:52.903+0000][7][gc,age      ] GC(201) - age   3:      66568 bytes,    2060520 total
[2022-07-20T10:54:52.903+0000][7][gc,age      ] GC(201) - age   4:     448424 bytes,    2508944 total
[2022-07-20T10:54:52.903+0000][7][gc,age      ] GC(201) - age   5:     267432 bytes,    2776376 total
[2022-07-20T10:54:52.903+0000][7][gc,age      ] GC(201) - age   6:     133088 bytes,    2909464 total
[2022-07-20T10:54:52.903+0000][7][gc,age      ] GC(201) - age   7:     131968 bytes,    3041432 total
[2022-07-20T10:54:52.903+0000][7][gc,age      ] GC(201) - age   8:     244656 bytes,    3286088 total
[2022-07-20T10:54:52.903+0000][7][gc,age      ] GC(201) - age   9:      17640 bytes,    3303728 total
[2022-07-20T10:54:52.903+0000][7][gc,age      ] GC(201) - age  10:      28152 bytes,    3331880 total
[2022-07-20T10:54:52.903+0000][7][gc,age      ] GC(201) - age  11:     217168 bytes,    3549048 total
[2022-07-20T10:54:52.903+0000][7][gc,age      ] GC(201) - age  12:      75904 bytes,    3624952 total
[2022-07-20T10:54:52.903+0000][7][gc,age      ] GC(201) - age  13:     239808 bytes,    3864760 total
[2022-07-20T10:54:52.903+0000][7][gc,age      ] GC(201) - age  14:       6208 bytes,    3870968 total
[2022-07-20T10:54:52.903+0000][7][gc,age      ] GC(201) - age  15:        848 bytes,    3871816 total
[2022-07-20T10:54:52.903+0000][7][gc,phases   ] GC(201)   Pre Evacuate Collection Set: 0.1ms
[2022-07-20T10:54:52.903+0000][7][gc,phases   ] GC(201)   Merge Heap Roots: 0.0ms
[2022-07-20T10:54:52.903+0000][7][gc,phases   ] GC(201)   Evacuate Collection Set: 3.9ms
[2022-07-20T10:54:52.903+0000][7][gc,phases   ] GC(201)   Post Evacuate Collection Set: 1.2ms
[2022-07-20T10:54:52.903+0000][7][gc,phases   ] GC(201)   Other: 0.3ms
[2022-07-20T10:54:52.903+0000][7][gc,heap     ] GC(201) Eden regions: 22->0(23)
[2022-07-20T10:54:52.903+0000][7][gc,heap     ] GC(201) Survivor regions: 2->1(3)
[2022-07-20T10:54:52.903+0000][7][gc,heap     ] GC(201) Old regions: 24->24
[2022-07-20T10:54:52.903+0000][7][gc,heap     ] GC(201) Archive regions: 2->2
[2022-07-20T10:54:52.903+0000][7][gc,heap     ] GC(201) Humongous regions: 2->2
[2022-07-20T10:54:52.903+0000][7][gc,metaspace] GC(201) Metaspace: 111196K(116344K)->111196K(116344K) NonClass: 97120K(100780K)->97120K(100780K) Class: 14075K(15564K)->14075K(15564K)
[2022-07-20T10:54:52.903+0000][7][gc          ] GC(201) Pause Young (Normal) (G1 Evacuation Pause) 198M->110M(256M) 5.635ms
[2022-07-20T10:54:52.903+0000][7][gc,cpu      ] GC(201) User=0.02s Sys=0.00s Real=0.01s
[2022-07-20T10:54:52.903+0000][7][safepoint   ] Safepoint "G1CollectForAllocation", Time since last: 11203489474 ns, Reaching safepoint: 163060 ns, At safepoint: 5712207 ns, Total: 5875267 ns
[2022-07-20T10:54:55.904+0000][7][safepoint   ] Safepoint "Cleanup", Time since last: 3000449358 ns, Reaching safepoint: 137256 ns, At safepoint: 6401 ns, Total: 143657 ns
[2022-07-20T10:55:04.906+0000][7][safepoint   ] Safepoint "Cleanup", Time since last: 9001425492 ns, Reaching safepoint: 180707 ns, At safepoint: 11345 ns, Total: 192052 ns
[2022-07-20T10:55:13.907+0000][7][safepoint   ] Safepoint "Cleanup", Time since last: 9001404934 ns, Reaching safepoint: 131892 ns, At safepoint: 6584 ns, Total: 138476 ns
[2022-07-20T10:55:16.908+0000][7][safepoint   ] Safepoint "Cleanup", Time since last: 3000341154 ns, Reaching safepoint: 89886 ns, At safepoint: 5931 ns, Total: 95817 ns
[2022-07-20T10:55:20.908+0000][7][safepoint   ] Safepoint "Cleanup", Time since last: 4000547720 ns, Reaching safepoint: 169484 ns, At safepoint: 5718 ns, Total: 175202 ns
[2022-07-20T10:55:25.828+0000][7][gc,start    ] GC(202) Pause Young (Concurrent Start) (G1 Evacuation Pause)
[2022-07-20T10:55:25.828+0000][7][gc,task     ] GC(202) Using 4 workers of 4 for evacuation
[2022-07-20T10:55:25.828+0000][7][gc,age      ] GC(202) Desired survivor size 6291456 bytes, new threshold 15 (max threshold 15)
[2022-07-20T10:55:25.833+0000][7][gc,age      ] GC(202) Age table with threshold 15 (max threshold 15)
[2022-07-20T10:55:25.833+0000][7][gc,age      ] GC(202) - age   1:    1148400 bytes,    1148400 total
[2022-07-20T10:55:25.833+0000][7][gc,age      ] GC(202) - age   2:       3176 bytes,    1151576 total
[2022-07-20T10:55:25.833+0000][7][gc,age      ] GC(202) - age   3:     135872 bytes,    1287448 total
[2022-07-20T10:55:25.833+0000][7][gc,age      ] GC(202) - age   4:      66064 bytes,    1353512 total
[2022-07-20T10:55:25.833+0000][7][gc,age      ] GC(202) - age   5:     447760 bytes,    1801272 total
[2022-07-20T10:55:25.833+0000][7][gc,age      ] GC(202) - age   6:     266112 bytes,    2067384 total
[2022-07-20T10:55:25.833+0000][7][gc,age      ] GC(202) - age   7:     132824 bytes,    2200208 total
[2022-07-20T10:55:25.833+0000][7][gc,age      ] GC(202) - age   8:     131928 bytes,    2332136 total
[2022-07-20T10:55:25.833+0000][7][gc,age      ] GC(202) - age   9:     244560 bytes,    2576696 total
[2022-07-20T10:55:25.833+0000][7][gc,age      ] GC(202) - age  10:      17640 bytes,    2594336 total
[2022-07-20T10:55:25.833+0000][7][gc,age      ] GC(202) - age  11:      27856 bytes,    2622192 total
[2022-07-20T10:55:25.833+0000][7][gc,age      ] GC(202) - age  12:     216944 bytes,    2839136 total
[2022-07-20T10:55:25.833+0000][7][gc,age      ] GC(202) - age  13:      75904 bytes,    2915040 total
[2022-07-20T10:55:25.833+0000][7][gc,age      ] GC(202) - age  14:     239416 bytes,    3154456 total
[2022-07-20T10:55:25.833+0000][7][gc,age      ] GC(202) - age  15:       5440 bytes,    3159896 total
[2022-07-20T10:55:25.833+0000][7][gc,phases   ] GC(202)   Pre Evacuate Collection Set: 0.1ms
[2022-07-20T10:55:25.833+0000][7][gc,phases   ] GC(202)   Merge Heap Roots: 0.0ms
[2022-07-20T10:55:25.833+0000][7][gc,phases   ] GC(202)   Evacuate Collection Set: 3.5ms
[2022-07-20T10:55:25.833+0000][7][gc,phases   ] GC(202)   Post Evacuate Collection Set: 0.5ms
[2022-07-20T10:55:25.833+0000][7][gc,phases   ] GC(202)   Other: 0.4ms
[2022-07-20T10:55:25.833+0000][7][gc,heap     ] GC(202) Eden regions: 23->0(23)
[2022-07-20T10:55:25.833+0000][7][gc,heap     ] GC(202) Survivor regions: 1->1(3)
[2022-07-20T10:55:25.833+0000][7][gc,heap     ] GC(202) Old regions: 24->24
[2022-07-20T10:55:25.833+0000][7][gc,heap     ] GC(202) Archive regions: 2->2
[2022-07-20T10:55:25.833+0000][7][gc,heap     ] GC(202) Humongous regions: 2->2
[2022-07-20T10:55:25.833+0000][7][gc,metaspace] GC(202) Metaspace: 111204K(116344K)->111204K(116344K) NonClass: 97129K(100780K)->97129K(100780K) Class: 14075K(15564K)->14075K(15564K)
[2022-07-20T10:55:25.833+0000][7][gc          ] GC(202) Pause Young (Concurrent Start) (G1 Evacuation Pause) 202M->109M(256M) 4.647ms
[2022-07-20T10:55:25.833+0000][7][gc,cpu      ] GC(202) User=0.01s Sys=0.00s Real=0.00s
[2022-07-20T10:55:25.833+0000][7][safepoint   ] Safepoint "G1CollectForAllocation", Time since last: 4919829111 ns, Reaching safepoint: 102879 ns, At safepoint: 4751618 ns, Total: 4854497 ns
[2022-07-20T10:55:25.833+0000][7][gc          ] GC(203) Concurrent Cycle
[2022-07-20T10:55:25.833+0000][7][gc,marking  ] GC(203) Concurrent Clear Claimed Marks
[2022-07-20T10:55:25.833+0000][7][gc,marking  ] GC(203) Concurrent Clear Claimed Marks 0.092ms
[2022-07-20T10:55:25.833+0000][7][gc,marking  ] GC(203) Concurrent Scan Root Regions
[2022-07-20T10:55:25.836+0000][7][gc,marking  ] GC(203) Concurrent Scan Root Regions 3.103ms
[2022-07-20T10:55:25.836+0000][7][gc,marking  ] GC(203) Concurrent Mark (4273.488s)
[2022-07-20T10:55:25.836+0000][7][gc,marking  ] GC(203) Concurrent Mark From Roots
[2022-07-20T10:55:25.836+0000][7][gc,task     ] GC(203) Using 1 workers of 1 for marking
[2022-07-20T10:55:25.985+0000][7][gc,marking  ] GC(203) Concurrent Mark From Roots 148.481ms
[2022-07-20T10:55:25.985+0000][7][gc,marking  ] GC(203) Concurrent Preclean
[2022-07-20T10:55:25.985+0000][7][gc,marking  ] GC(203) Concurrent Preclean 0.197ms
[2022-07-20T10:55:25.985+0000][7][gc,marking  ] GC(203) Concurrent Mark (4273.488s, 4273.637s) 148.783ms
[2022-07-20T10:55:25.985+0000][7][gc,start    ] GC(203) Pause Remark
[2022-07-20T10:55:25.998+0000][7][gc          ] GC(203) Pause Remark 113M->113M(256M) 12.393ms
[2022-07-20T10:55:25.998+0000][7][gc,cpu      ] GC(203) User=0.04s Sys=0.00s Real=0.01s
[2022-07-20T10:55:25.998+0000][7][safepoint   ] Safepoint "G1Concurrent", Time since last: 152166204 ns, Reaching safepoint: 117081 ns, At safepoint: 12499451 ns, Total: 12616532 ns
[2022-07-20T10:55:25.998+0000][7][gc,marking  ] GC(203) Concurrent Rebuild Remembered Sets
[2022-07-20T10:55:26.090+0000][7][gc,marking  ] GC(203) Concurrent Rebuild Remembered Sets 92.362ms
[2022-07-20T10:55:26.090+0000][7][gc,start    ] GC(203) Pause Cleanup
[2022-07-20T10:55:26.090+0000][7][gc          ] GC(203) Pause Cleanup 113M->113M(256M) 0.073ms
[2022-07-20T10:55:26.091+0000][7][gc,cpu      ] GC(203) User=0.00s Sys=0.00s Real=0.00s
[2022-07-20T10:55:26.091+0000][7][safepoint   ] Safepoint "G1Concurrent", Time since last: 92500990 ns, Reaching safepoint: 145365 ns, At safepoint: 130088 ns, Total: 275453 ns
[2022-07-20T10:55:26.091+0000][7][gc,marking  ] GC(203) Concurrent Cleanup for Next Mark
[2022-07-20T10:55:26.091+0000][7][gc,marking  ] GC(203) Concurrent Cleanup for Next Mark 0.238ms
[2022-07-20T10:55:26.091+0000][7][gc          ] GC(203) Concurrent Cycle 257.869ms
[2022-07-20T10:55:29.091+0000][7][safepoint   ] Safepoint "Cleanup", Time since last: 3000590665 ns, Reaching safepoint: 86972 ns, At safepoint: 5315 ns, Total: 92287 ns
[2022-07-20T10:55:32.092+0000][7][safepoint   ] Safepoint "Cleanup", Time since last: 3000412153 ns, Reaching safepoint: 158517 ns, At safepoint: 8117 ns, Total: 166634 ns
[2022-07-20T10:55:53.542+0000][7][gc,start    ] GC(204) Pause Young (Normal) (G1 Evacuation Pause)
[2022-07-20T10:55:53.542+0000][7][gc,task     ] GC(204) Using 4 workers of 4 for evacuation
[2022-07-20T10:55:53.542+0000][7][gc,age      ] GC(204) Desired survivor size 6291456 bytes, new threshold 15 (max threshold 15)
[2022-07-20T10:55:53.546+0000][7][gc,age      ] GC(204) Age table with threshold 15 (max threshold 15)
[2022-07-20T10:55:53.546+0000][7][gc,age      ] GC(204) - age   1:     697448 bytes,     697448 total
[2022-07-20T10:55:53.546+0000][7][gc,age      ] GC(204) - age   2:     265408 bytes,     962856 total
[2022-07-20T10:55:53.546+0000][7][gc,age      ] GC(204) - age   3:       1816 bytes,     964672 total
[2022-07-20T10:55:53.546+0000][7][gc,age      ] GC(204) - age   4:     134520 bytes,    1099192 total
[2022-07-20T10:55:53.546+0000][7][gc,age      ] GC(204) - age   5:      50632 bytes,    1149824 total
[2022-07-20T10:55:53.546+0000][7][gc,age      ] GC(204) - age   6:     210080 bytes,    1359904 total
[2022-07-20T10:55:53.546+0000][7][gc,age      ] GC(204) - age   7:     263888 bytes,    1623792 total
[2022-07-20T10:55:53.546+0000][7][gc,age      ] GC(204) - age   8:     132824 bytes,    1756616 total
[2022-07-20T10:55:53.546+0000][7][gc,age      ] GC(204) - age   9:     131928 bytes,    1888544 total
[2022-07-20T10:55:53.546+0000][7][gc,age      ] GC(204) - age  10:     244560 bytes,    2133104 total
[2022-07-20T10:55:53.546+0000][7][gc,age      ] GC(204) - age  11:      17640 bytes,    2150744 total
[2022-07-20T10:55:53.546+0000][7][gc,age      ] GC(204) - age  12:      27856 bytes,    2178600 total
[2022-07-20T10:55:53.546+0000][7][gc,age      ] GC(204) - age  13:     216672 bytes,    2395272 total
[2022-07-20T10:55:53.546+0000][7][gc,age      ] GC(204) - age  14:      75904 bytes,    2471176 total
[2022-07-20T10:55:53.546+0000][7][gc,age      ] GC(204) - age  15:     239336 bytes,    2710512 total
[2022-07-20T10:55:53.546+0000][7][gc,phases   ] GC(204)   Pre Evacuate Collection Set: 0.0ms
[2022-07-20T10:55:53.546+0000][7][gc,phases   ] GC(204)   Merge Heap Roots: 0.0ms
[2022-07-20T10:55:53.546+0000][7][gc,phases   ] GC(204)   Evacuate Collection Set: 3.1ms
[2022-07-20T10:55:53.546+0000][7][gc,phases   ] GC(204)   Post Evacuate Collection Set: 0.5ms
[2022-07-20T10:55:53.546+0000][7][gc,phases   ] GC(204)   Other: 0.3ms
[2022-07-20T10:55:53.546+0000][7][gc,heap     ] GC(204) Eden regions: 23->0(23)
[2022-07-20T10:55:53.546+0000][7][gc,heap     ] GC(204) Survivor regions: 1->1(3)
[2022-07-20T10:55:53.546+0000][7][gc,heap     ] GC(204) Old regions: 24->24
[2022-07-20T10:55:53.546+0000][7][gc,heap     ] GC(204) Archive regions: 2->2
[2022-07-20T10:55:53.546+0000][7][gc,heap     ] GC(204) Humongous regions: 2->2
[2022-07-20T10:55:53.546+0000][7][gc,metaspace] GC(204) Metaspace: 111222K(116344K)->111222K(116344K) NonClass: 97147K(100780K)->97147K(100780K) Class: 14075K(15564K)->14075K(15564K)
[2022-07-20T10:55:53.546+0000][7][gc          ] GC(204) Pause Young (Normal) (G1 Evacuation Pause) 201M->109M(256M) 4.076ms
[2022-07-20T10:55:53.546+0000][7][gc,cpu      ] GC(204) User=0.02s Sys=0.00s Real=0.01s
[2022-07-20T10:55:53.546+0000][7][safepoint   ] Safepoint "G1CollectForAllocation", Time since last: 21449992725 ns, Reaching safepoint: 85872 ns, At safepoint: 4154984 ns, Total: 4240856 ns
[2022-07-20T10:55:59.547+0000][7][safepoint   ] Safepoint "Cleanup", Time since last: 6001186833 ns, Reaching safepoint: 128098 ns, At safepoint: 10782 ns, Total: 138880 ns
[2022-07-20T10:56:01.548+0000][7][safepoint   ] Safepoint "Cleanup", Time since last: 2000299409 ns, Reaching safepoint: 133757 ns, At safepoint: 9055 ns, Total: 142812 ns
[2022-07-20T10:56:08.549+0000][7][safepoint   ] Safepoint "Cleanup", Time since last: 7000988409 ns, Reaching safepoint: 165709 ns, At safepoint: 9138 ns, Total: 174847 ns
[2022-07-20T10:56:12.550+0000][7][safepoint   ] Safepoint "Cleanup", Time since last: 4000488260 ns, Reaching safepoint: 133144 ns, At safepoint: 9707 ns, Total: 142851 ns
[2022-07-20T10:56:17.551+0000][7][safepoint   ] Safepoint "Cleanup", Time since last: 5001193065 ns, Reaching safepoint: 149110 ns, At safepoint: 9976 ns, Total: 159086 ns
[2022-07-20T10:56:28.553+0000][7][safepoint   ] Safepoint "Cleanup", Time since last: 11002354391 ns, Reaching safepoint: 143584 ns, At safepoint: 5991 ns, Total: 149575 ns
[2022-07-20T10:56:29.554+0000][7][safepoint   ] Safepoint "Cleanup", Time since last: 1000292236 ns, Reaching safepoint: 135202 ns, At safepoint: 6575 ns, Total: 141777 ns
[2022-07-20T10:56:31.243+0000][7][gc,start    ] GC(205) Pause Young (Concurrent Start) (G1 Evacuation Pause)
[2022-07-20T10:56:31.243+0000][7][gc,task     ] GC(205) Using 4 workers of 4 for evacuation
[2022-07-20T10:56:31.244+0000][7][gc,age      ] GC(205) Desired survivor size 6291456 bytes, new threshold 15 (max threshold 15)
[2022-07-20T10:56:31.249+0000][7][gc,age      ] GC(205) Age table with threshold 15 (max threshold 15)
[2022-07-20T10:56:31.249+0000][7][gc,age      ] GC(205) - age   1:    2029608 bytes,    2029608 total
[2022-07-20T10:56:31.249+0000][7][gc,age      ] GC(205) - age   2:     483952 bytes,    2513560 total
[2022-07-20T10:56:31.249+0000][7][gc,age      ] GC(205) - age   3:     147800 bytes,    2661360 total
[2022-07-20T10:56:31.249+0000][7][gc,age      ] GC(205) - age   4:        984 bytes,    2662344 total
[2022-07-20T10:56:31.249+0000][7][gc,age      ] GC(205) - age   5:     132680 bytes,    2795024 total
[2022-07-20T10:56:31.249+0000][7][gc,age      ] GC(205) - age   6:      50248 bytes,    2845272 total
[2022-07-20T10:56:31.249+0000][7][gc,age      ] GC(205) - age   7:     195944 bytes,    3041216 total
[2022-07-20T10:56:31.249+0000][7][gc,age      ] GC(205) - age   8:     263888 bytes,    3305104 total
[2022-07-20T10:56:31.249+0000][7][gc,age      ] GC(205) - age   9:     132608 bytes,    3437712 total
[2022-07-20T10:56:31.249+0000][7][gc,age      ] GC(205) - age  10:     131928 bytes,    3569640 total
[2022-07-20T10:56:31.249+0000][7][gc,age      ] GC(205) - age  11:     244560 bytes,    3814200 total
[2022-07-20T10:56:31.249+0000][7][gc,age      ] GC(205) - age  12:      17640 bytes,    3831840 total
[2022-07-20T10:56:31.249+0000][7][gc,age      ] GC(205) - age  13:      27728 bytes,    3859568 total
[2022-07-20T10:56:31.249+0000][7][gc,age      ] GC(205) - age  14:     216552 bytes,    4076120 total
[2022-07-20T10:56:31.249+0000][7][gc,age      ] GC(205) - age  15:      75904 bytes,    4152024 total
[2022-07-20T10:56:31.249+0000][7][gc,phases   ] GC(205)   Pre Evacuate Collection Set: 0.2ms
[2022-07-20T10:56:31.249+0000][7][gc,phases   ] GC(205)   Merge Heap Roots: 0.1ms
[2022-07-20T10:56:31.249+0000][7][gc,phases   ] GC(205)   Evacuate Collection Set: 4.7ms
[2022-07-20T10:56:31.250+0000][7][gc,phases   ] GC(205)   Post Evacuate Collection Set: 0.7ms
[2022-07-20T10:56:31.250+0000][7][gc,phases   ] GC(205)   Other: 0.4ms
[2022-07-20T10:56:31.250+0000][7][gc,heap     ] GC(205) Eden regions: 23->0(22)
[2022-07-20T10:56:31.250+0000][7][gc,heap     ] GC(205) Survivor regions: 1->2(3)
[2022-07-20T10:56:31.250+0000][7][gc,heap     ] GC(205) Old regions: 24->24
[2022-07-20T10:56:31.250+0000][7][gc,heap     ] GC(205) Archive regions: 2->2
[2022-07-20T10:56:31.250+0000][7][gc,heap     ] GC(205) Humongous regions: 2->2
[2022-07-20T10:56:31.250+0000][7][gc,metaspace] GC(205) Metaspace: 111274K(116344K)->111274K(116344K) NonClass: 97198K(100780K)->97198K(100780K) Class: 14075K(15564K)->14075K(15564K)
[2022-07-20T10:56:31.250+0000][7][gc          ] GC(205) Pause Young (Concurrent Start) (G1 Evacuation Pause) 201M->110M(256M) 6.193ms
[2022-07-20T10:56:31.250+0000][7][gc,cpu      ] GC(205) User=0.02s Sys=0.00s Real=0.00s
[2022-07-20T10:56:31.250+0000][7][gc          ] GC(206) Concurrent Cycle
[2022-07-20T10:56:31.250+0000][7][safepoint   ] Safepoint "G1CollectForAllocation", Time since last: 1689367044 ns, Reaching safepoint: 156641 ns, At safepoint: 6290080 ns, Total: 6446721 ns
[2022-07-20T10:56:31.250+0000][7][gc,marking  ] GC(206) Concurrent Clear Claimed Marks
[2022-07-20T10:56:31.250+0000][7][gc,marking  ] GC(206) Concurrent Clear Claimed Marks 0.159ms
[2022-07-20T10:56:31.250+0000][7][gc,marking  ] GC(206) Concurrent Scan Root Regions
[2022-07-20T10:56:31.255+0000][7][gc,marking  ] GC(206) Concurrent Scan Root Regions 5.429ms
[2022-07-20T10:56:31.255+0000][7][gc,marking  ] GC(206) Concurrent Mark (4338.907s)
[2022-07-20T10:56:31.255+0000][7][gc,marking  ] GC(206) Concurrent Mark From Roots
[2022-07-20T10:56:31.255+0000][7][gc,task     ] GC(206) Using 1 workers of 1 for marking
[2022-07-20T10:56:31.427+0000][7][gc,marking  ] GC(206) Concurrent Mark From Roots 171.722ms
[2022-07-20T10:56:31.427+0000][7][gc,marking  ] GC(206) Concurrent Preclean
[2022-07-20T10:56:31.427+0000][7][gc,marking  ] GC(206) Concurrent Preclean 0.235ms
[2022-07-20T10:56:31.427+0000][7][gc,marking  ] GC(206) Concurrent Mark (4338.907s, 4339.079s) 172.042ms
[2022-07-20T10:56:31.428+0000][7][gc,start    ] GC(206) Pause Remark
[2022-07-20T10:56:31.441+0000][7][gc          ] GC(206) Pause Remark 116M->116M(256M) 12.942ms
[2022-07-20T10:56:31.441+0000][7][gc,cpu      ] GC(206) User=0.04s Sys=0.00s Real=0.01s
[2022-07-20T10:56:31.441+0000][7][safepoint   ] Safepoint "G1Concurrent", Time since last: 177777780 ns, Reaching safepoint: 136920 ns, At safepoint: 13056794 ns, Total: 13193714 ns
[2022-07-20T10:56:31.441+0000][7][gc,marking  ] GC(206) Concurrent Rebuild Remembered Sets
[2022-07-20T10:56:31.547+0000][7][gc,marking  ] GC(206) Concurrent Rebuild Remembered Sets 106.460ms
[2022-07-20T10:56:31.547+0000][7][gc,start    ] GC(206) Pause Cleanup
[2022-07-20T10:56:31.547+0000][7][gc          ] GC(206) Pause Cleanup 116M->116M(256M) 0.076ms
[2022-07-20T10:56:31.547+0000][7][gc,cpu      ] GC(206) User=0.00s Sys=0.00s Real=0.00s
[2022-07-20T10:56:31.547+0000][7][safepoint   ] Safepoint "G1Concurrent", Time since last: 106600842 ns, Reaching safepoint: 96595 ns, At safepoint: 139651 ns, Total: 236246 ns
[2022-07-20T10:56:31.548+0000][7][gc,marking  ] GC(206) Concurrent Cleanup for Next Mark
[2022-07-20T10:56:31.548+0000][7][gc,marking  ] GC(206) Concurrent Cleanup for Next Mark 0.240ms
[2022-07-20T10:56:31.548+0000][7][gc          ] GC(206) Concurrent Cycle 298.104ms
[2022-07-20T10:56:37.548+0000][7][safepoint   ] Safepoint "Cleanup", Time since last: 6000826574 ns, Reaching safepoint: 113981 ns, At safepoint: 7232 ns, Total: 121213 ns
[2022-07-20T10:56:38.549+0000][7][safepoint   ] Safepoint "Cleanup", Time since last: 1000173527 ns, Reaching safepoint: 123619 ns, At safepoint: 5284 ns, Total: 128903 ns
[2022-07-20T10:56:39.549+0000][7][safepoint   ] Safepoint "Cleanup", Time since last: 1000146754 ns, Reaching safepoint: 137462 ns, At safepoint: 6446 ns, Total: 143908 ns
[2022-07-20T10:56:41.550+0000][7][safepoint   ] Safepoint "Cleanup", Time since last: 2000415356 ns, Reaching safepoint: 162471 ns, At safepoint: 10998 ns, Total: 173469 ns
[2022-07-20T10:56:51.551+0000][7][safepoint   ] Safepoint "Cleanup", Time since last: 10001507659 ns, Reaching safepoint: 154118 ns, At safepoint: 5360 ns, Total: 159478 ns
[2022-07-20T10:56:53.552+0000][7][safepoint   ] Safepoint "Cleanup", Time since last: 2000342315 ns, Reaching safepoint: 146001 ns, At safepoint: 11073 ns, Total: 157074 ns
[2022-07-20T10:56:54.552+0000][7][safepoint   ] Safepoint "Cleanup", Time since last: 1000126622 ns, Reaching safepoint: 140538 ns, At safepoint: 5912 ns, Total: 146450 ns
[2022-07-20T10:56:56.552+0000][7][safepoint   ] Safepoint "Cleanup", Time since last: 2000207584 ns, Reaching safepoint: 111370 ns, At safepoint: 7913 ns, Total: 119283 ns
[2022-07-20T10:56:59.553+0000][7][safepoint   ] Safepoint "Cleanup", Time since last: 3000746982 ns, Reaching safepoint: 152212 ns, At safepoint: 6313 ns, Total: 158525 ns
[2022-07-20T10:57:01.554+0000][7][safepoint   ] Safepoint "Cleanup", Time since last: 2000253685 ns, Reaching safepoint: 136464 ns, At safepoint: 5820 ns, Total: 142284 ns
[2022-07-20T10:57:16.819+0000][7][gc,start    ] GC(207) Pause Young (Normal) (G1 Evacuation Pause)
[2022-07-20T10:57:16.819+0000][7][gc,task     ] GC(207) Using 4 workers of 4 for evacuation
[2022-07-20T10:57:16.819+0000][7][gc,age      ] GC(207) Desired survivor size 6291456 bytes, new threshold 15 (max threshold 15)
[2022-07-20T10:57:16.823+0000][7][gc,age      ] GC(207) Age table with threshold 15 (max threshold 15)
[2022-07-20T10:57:16.823+0000][7][gc,age      ] GC(207) - age   1:    1260744 bytes,    1260744 total
[2022-07-20T10:57:16.823+0000][7][gc,age      ] GC(207) - age   2:     292672 bytes,    1553416 total
[2022-07-20T10:57:16.823+0000][7][gc,age      ] GC(207) - age   3:     279760 bytes,    1833176 total
[2022-07-20T10:57:16.823+0000][7][gc,age      ] GC(207) - age   4:      13616 bytes,    1846792 total
[2022-07-20T10:57:16.823+0000][7][gc,age      ] GC(207) - age   5:        664 bytes,    1847456 total
[2022-07-20T10:57:16.823+0000][7][gc,age      ] GC(207) - age   6:       2952 bytes,    1850408 total
[2022-07-20T10:57:16.823+0000][7][gc,age      ] GC(207) - age   7:        832 bytes,    1851240 total
[2022-07-20T10:57:16.823+0000][7][gc,age      ] GC(207) - age   8:       1496 bytes,    1852736 total
[2022-07-20T10:57:16.823+0000][7][gc,age      ] GC(207) - age   9:       2904 bytes,    1855640 total
[2022-07-20T10:57:16.823+0000][7][gc,age      ] GC(207) - age  10:       3632 bytes,    1859272 total
[2022-07-20T10:57:16.823+0000][7][gc,age      ] GC(207) - age  11:       2128 bytes,    1861400 total
[2022-07-20T10:57:16.823+0000][7][gc,age      ] GC(207) - age  12:       2264 bytes,    1863664 total
[2022-07-20T10:57:16.823+0000][7][gc,age      ] GC(207) - age  13:      17640 bytes,    1881304 total
[2022-07-20T10:57:16.823+0000][7][gc,age      ] GC(207) - age  14:      27728 bytes,    1909032 total
[2022-07-20T10:57:16.823+0000][7][gc,age      ] GC(207) - age  15:     216552 bytes,    2125584 total
[2022-07-20T10:57:16.823+0000][7][gc,phases   ] GC(207)   Pre Evacuate Collection Set: 0.1ms
[2022-07-20T10:57:16.823+0000][7][gc,phases   ] GC(207)   Merge Heap Roots: 0.1ms
[2022-07-20T10:57:16.823+0000][7][gc,phases   ] GC(207)   Evacuate Collection Set: 3.0ms
[2022-07-20T10:57:16.823+0000][7][gc,phases   ] GC(207)   Post Evacuate Collection Set: 0.5ms
[2022-07-20T10:57:16.823+0000][7][gc,phases   ] GC(207)   Other: 0.4ms
[2022-07-20T10:57:16.823+0000][7][gc,heap     ] GC(207) Eden regions: 22->0(23)
[2022-07-20T10:57:16.823+0000][7][gc,heap     ] GC(207) Survivor regions: 2->1(3)
[2022-07-20T10:57:16.823+0000][7][gc,heap     ] GC(207) Old regions: 24->24
[2022-07-20T10:57:16.823+0000][7][gc,heap     ] GC(207) Archive regions: 2->2
[2022-07-20T10:57:16.823+0000][7][gc,heap     ] GC(207) Humongous regions: 2->2
[2022-07-20T10:57:16.823+0000][7][gc,metaspace] GC(207) Metaspace: 111279K(116344K)->111279K(116344K) NonClass: 97203K(100780K)->97203K(100780K) Class: 14076K(15564K)->14076K(15564K)
[2022-07-20T10:57:16.823+0000][7][gc          ] GC(207) Pause Young (Normal) (G1 Evacuation Pause) 198M->109M(256M) 4.045ms
[2022-07-20T10:57:16.823+0000][7][gc,cpu      ] GC(207) User=0.01s Sys=0.00s Real=0.01s
[2022-07-20T10:57:16.823+0000][7][safepoint   ] Safepoint "G1CollectForAllocation", Time since last: 15264882505 ns, Reaching safepoint: 140760 ns, At safepoint: 4143172 ns, Total: 4283932 ns
[2022-07-20T10:57:19.823+0000][7][safepoint   ] Safepoint "Cleanup", Time since last: 3000292035 ns, Reaching safepoint: 143455 ns, At safepoint: 8252 ns, Total: 151707 ns
[2022-07-20T10:57:29.825+0000][7][safepoint   ] Safepoint "Cleanup", Time since last: 10001875603 ns, Reaching safepoint: 163621 ns, At safepoint: 8106 ns, Total: 171727 ns
[2022-07-20T10:57:38.827+0000][7][safepoint   ] Safepoint "Cleanup", Time since last: 9001171554 ns, Reaching safepoint: 134727 ns, At safepoint: 6882 ns, Total: 141609 ns
[2022-07-20T10:57:41.937+0000][7][gc,start    ] GC(208) Pause Young (Concurrent Start) (G1 Evacuation Pause)
[2022-07-20T10:57:41.937+0000][7][gc,task     ] GC(208) Using 4 workers of 4 for evacuation
[2022-07-20T10:57:41.938+0000][7][gc,age      ] GC(208) Desired survivor size 6291456 bytes, new threshold 15 (max threshold 15)
[2022-07-20T10:57:41.941+0000][7][gc,age      ] GC(208) Age table with threshold 15 (max threshold 15)
[2022-07-20T10:57:41.941+0000][7][gc,age      ] GC(208) - age   1:     975840 bytes,     975840 total
[2022-07-20T10:57:41.941+0000][7][gc,age      ] GC(208) - age   2:     189648 bytes,    1165488 total
[2022-07-20T10:57:41.941+0000][7][gc,age      ] GC(208) - age   3:      65776 bytes,    1231264 total
[2022-07-20T10:57:41.941+0000][7][gc,age      ] GC(208) - age   4:     277136 bytes,    1508400 total
[2022-07-20T10:57:41.941+0000][7][gc,age      ] GC(208) - age   5:      13064 bytes,    1521464 total
[2022-07-20T10:57:41.941+0000][7][gc,age      ] GC(208) - age   6:        600 bytes,    1522064 total
[2022-07-20T10:57:41.941+0000][7][gc,age      ] GC(208) - age   7:       2856 bytes,    1524920 total
[2022-07-20T10:57:41.941+0000][7][gc,age      ] GC(208) - age   8:        832 bytes,    1525752 total
[2022-07-20T10:57:41.941+0000][7][gc,age      ] GC(208) - age   9:       1464 bytes,    1527216 total
[2022-07-20T10:57:41.941+0000][7][gc,age      ] GC(208) - age  10:       2712 bytes,    1529928 total
[2022-07-20T10:57:41.941+0000][7][gc,age      ] GC(208) - age  11:       3256 bytes,    1533184 total
[2022-07-20T10:57:41.941+0000][7][gc,age      ] GC(208) - age  12:       2088 bytes,    1535272 total
[2022-07-20T10:57:41.941+0000][7][gc,age      ] GC(208) - age  13:       2168 bytes,    1537440 total
[2022-07-20T10:57:41.941+0000][7][gc,age      ] GC(208) - age  14:      17640 bytes,    1555080 total
[2022-07-20T10:57:41.941+0000][7][gc,age      ] GC(208) - age  15:      27432 bytes,    1582512 total
[2022-07-20T10:57:41.941+0000][7][gc,phases   ] GC(208)   Pre Evacuate Collection Set: 0.2ms
[2022-07-20T10:57:41.941+0000][7][gc,phases   ] GC(208)   Merge Heap Roots: 0.1ms
[2022-07-20T10:57:41.941+0000][7][gc,phases   ] GC(208)   Evacuate Collection Set: 2.5ms
[2022-07-20T10:57:41.941+0000][7][gc,phases   ] GC(208)   Post Evacuate Collection Set: 0.6ms
[2022-07-20T10:57:41.941+0000][7][gc,phases   ] GC(208)   Other: 0.4ms
[2022-07-20T10:57:41.941+0000][7][gc,heap     ] GC(208) Eden regions: 23->0(23)
[2022-07-20T10:57:41.941+0000][7][gc,heap     ] GC(208) Survivor regions: 1->1(3)
[2022-07-20T10:57:41.941+0000][7][gc,heap     ] GC(208) Old regions: 24->24
[2022-07-20T10:57:41.941+0000][7][gc,heap     ] GC(208) Archive regions: 2->2
[2022-07-20T10:57:41.941+0000][7][gc,heap     ] GC(208) Humongous regions: 2->2
[2022-07-20T10:57:41.941+0000][7][gc,metaspace] GC(208) Metaspace: 111292K(116344K)->111292K(116344K) NonClass: 97216K(100780K)->97216K(100780K) Class: 14076K(15564K)->14076K(15564K)
[2022-07-20T10:57:41.941+0000][7][gc          ] GC(208) Pause Young (Concurrent Start) (G1 Evacuation Pause) 201M->108M(256M) 3.776ms
[2022-07-20T10:57:41.941+0000][7][gc,cpu      ] GC(208) User=0.02s Sys=0.00s Real=0.00s
[2022-07-20T10:57:41.941+0000][7][safepoint   ] Safepoint "G1CollectForAllocation", Time since last: 3110502588 ns, Reaching safepoint: 208794 ns, At safepoint: 3897420 ns, Total: 4106214 ns
[2022-07-20T10:57:41.941+0000][7][gc          ] GC(209) Concurrent Cycle
[2022-07-20T10:57:41.941+0000][7][gc,marking  ] GC(209) Concurrent Clear Claimed Marks
[2022-07-20T10:57:41.941+0000][7][gc,marking  ] GC(209) Concurrent Clear Claimed Marks 0.087ms
[2022-07-20T10:57:41.941+0000][7][gc,marking  ] GC(209) Concurrent Scan Root Regions
[2022-07-20T10:57:41.944+0000][7][gc,marking  ] GC(209) Concurrent Scan Root Regions 2.902ms
[2022-07-20T10:57:41.944+0000][7][gc,marking  ] GC(209) Concurrent Mark (4409.596s)
[2022-07-20T10:57:41.944+0000][7][gc,marking  ] GC(209) Concurrent Mark From Roots
[2022-07-20T10:57:41.944+0000][7][gc,task     ] GC(209) Using 1 workers of 1 for marking
[2022-07-20T10:57:42.090+0000][7][gc,marking  ] GC(209) Concurrent Mark From Roots 145.955ms
[2022-07-20T10:57:42.090+0000][7][gc,marking  ] GC(209) Concurrent Preclean
[2022-07-20T10:57:42.091+0000][7][gc,marking  ] GC(209) Concurrent Preclean 0.243ms
[2022-07-20T10:57:42.091+0000][7][gc,marking  ] GC(209) Concurrent Mark (4409.596s, 4409.743s) 146.282ms
[2022-07-20T10:57:42.091+0000][7][gc,start    ] GC(209) Pause Remark
[2022-07-20T10:57:42.104+0000][7][gc          ] GC(209) Pause Remark 110M->110M(256M) 12.985ms
[2022-07-20T10:57:42.104+0000][7][gc,cpu      ] GC(209) User=0.04s Sys=0.00s Real=0.02s
[2022-07-20T10:57:42.104+0000][7][safepoint   ] Safepoint "G1Concurrent", Time since last: 149409267 ns, Reaching safepoint: 123342 ns, At safepoint: 13116409 ns, Total: 13239751 ns
[2022-07-20T10:57:42.104+0000][7][gc,marking  ] GC(209) Concurrent Rebuild Remembered Sets
[2022-07-20T10:57:42.194+0000][7][gc,marking  ] GC(209) Concurrent Rebuild Remembered Sets 90.162ms
[2022-07-20T10:57:42.194+0000][7][gc,start    ] GC(209) Pause Cleanup
[2022-07-20T10:57:42.194+0000][7][gc          ] GC(209) Pause Cleanup 110M->110M(256M) 0.099ms
[2022-07-20T10:57:42.195+0000][7][gc,cpu      ] GC(209) User=0.00s Sys=0.00s Real=0.00s
[2022-07-20T10:57:42.195+0000][7][safepoint   ] Safepoint "G1Concurrent", Time since last: 90304796 ns, Reaching safepoint: 135491 ns, At safepoint: 174145 ns, Total: 309636 ns
[2022-07-20T10:57:42.195+0000][7][gc,marking  ] GC(209) Concurrent Cleanup for Next Mark
[2022-07-20T10:57:42.195+0000][7][gc,marking  ] GC(209) Concurrent Cleanup for Next Mark 0.244ms
[2022-07-20T10:57:42.195+0000][7][gc          ] GC(209) Concurrent Cycle 253.570ms
[2022-07-20T10:57:52.196+0000][7][safepoint   ] Safepoint "Cleanup", Time since last: 10001401708 ns, Reaching safepoint: 179247 ns, At safepoint: 4482 ns, Total: 183729 ns
[2022-07-20T10:57:53.197+0000][7][safepoint   ] Safepoint "Cleanup", Time since last: 1000391792 ns, Reaching safepoint: 157061 ns, At safepoint: 6039 ns, Total: 163100 ns
[2022-07-20T10:58:02.199+0000][7][safepoint   ] Safepoint "Cleanup", Time since last: 9002087780 ns, Reaching safepoint: 118451 ns, At safepoint: 5442 ns, Total: 123893 ns
[2022-07-20T10:58:06.200+0000][7][safepoint   ] Safepoint "Cleanup", Time since last: 4000652162 ns, Reaching safepoint: 107546 ns, At safepoint: 5611 ns, Total: 113157 ns
[2022-07-20T10:58:12.201+0000][7][safepoint   ] Safepoint "Cleanup", Time since last: 6000710381 ns, Reaching safepoint: 140509 ns, At safepoint: 11085 ns, Total: 151594 ns
[2022-07-20T10:58:16.907+0000][7][gc,start    ] GC(210) Pause Young (Normal) (G1 Evacuation Pause)
[2022-07-20T10:58:16.907+0000][7][gc,task     ] GC(210) Using 4 workers of 4 for evacuation
[2022-07-20T10:58:16.907+0000][7][gc,age      ] GC(210) Desired survivor size 6291456 bytes, new threshold 15 (max threshold 15)
[2022-07-20T10:58:16.950+0000][7][gc,age      ] GC(210) Age table with threshold 15 (max threshold 15)
[2022-07-20T10:58:16.950+0000][7][gc,age      ] GC(210) - age   1:    2627752 bytes,    2627752 total
[2022-07-20T10:58:16.950+0000][7][gc,age      ] GC(210) - age   2:     817976 bytes,    3445728 total
[2022-07-20T10:58:16.950+0000][7][gc,age      ] GC(210) - age   3:     127424 bytes,    3573152 total
[2022-07-20T10:58:16.950+0000][7][gc,age      ] GC(210) - age   4:      52992 bytes,    3626144 total
[2022-07-20T10:58:16.950+0000][7][gc,age      ] GC(210) - age   5:     276976 bytes,    3903120 total
[2022-07-20T10:58:16.951+0000][7][gc,age      ] GC(210) - age   6:       4608 bytes,    3907728 total
[2022-07-20T10:58:16.951+0000][7][gc,age      ] GC(210) - age   7:        312 bytes,    3908040 total
[2022-07-20T10:58:16.951+0000][7][gc,age      ] GC(210) - age   8:       2376 bytes,    3910416 total
[2022-07-20T10:58:16.951+0000][7][gc,age      ] GC(210) - age   9:        352 bytes,    3910768 total
[2022-07-20T10:58:16.951+0000][7][gc,age      ] GC(210) - age  10:       1048 bytes,    3911816 total
[2022-07-20T10:58:16.951+0000][7][gc,age      ] GC(210) - age  11:       2552 bytes,    3914368 total
[2022-07-20T10:58:16.951+0000][7][gc,age      ] GC(210) - age  12:       2552 bytes,    3916920 total
[2022-07-20T10:58:16.951+0000][7][gc,age      ] GC(210) - age  13:       1672 bytes,    3918592 total
[2022-07-20T10:58:16.951+0000][7][gc,age      ] GC(210) - age  14:       2064 bytes,    3920656 total
[2022-07-20T10:58:16.951+0000][7][gc,age      ] GC(210) - age  15:      17624 bytes,    3938280 total
[2022-07-20T10:58:16.951+0000][7][gc,phases   ] GC(210)   Pre Evacuate Collection Set: 0.1ms
[2022-07-20T10:58:16.951+0000][7][gc,phases   ] GC(210)   Merge Heap Roots: 0.1ms
[2022-07-20T10:58:16.951+0000][7][gc,phases   ] GC(210)   Evacuate Collection Set: 40.3ms
[2022-07-20T10:58:16.951+0000][7][gc,phases   ] GC(210)   Post Evacuate Collection Set: 2.1ms
[2022-07-20T10:58:16.951+0000][7][gc,phases   ] GC(210)   Other: 1.6ms
[2022-07-20T10:58:16.951+0000][7][gc,heap     ] GC(210) Eden regions: 23->0(23)
[2022-07-20T10:58:16.951+0000][7][gc,heap     ] GC(210) Survivor regions: 1->1(3)
[2022-07-20T10:58:16.951+0000][7][gc,heap     ] GC(210) Old regions: 24->24
[2022-07-20T10:58:16.951+0000][7][gc,heap     ] GC(210) Archive regions: 2->2
[2022-07-20T10:58:16.951+0000][7][gc,heap     ] GC(210) Humongous regions: 2->2
[2022-07-20T10:58:16.951+0000][7][gc,metaspace] GC(210) Metaspace: 111313K(116344K)->111313K(116344K) NonClass: 97236K(100780K)->97236K(100780K) Class: 14076K(15564K)->14076K(15564K)
[2022-07-20T10:58:16.952+0000][7][gc          ] GC(210) Pause Young (Normal) (G1 Evacuation Pause) 200M->110M(256M) 44.373ms
[2022-07-20T10:58:16.952+0000][7][gc,cpu      ] GC(210) User=0.02s Sys=0.00s Real=0.04s
[2022-07-20T10:58:16.952+0000][7][safepoint   ] Safepoint "G1CollectForAllocation", Time since last: 4704993559 ns, Reaching safepoint: 1593760 ns, At safepoint: 44487039 ns, Total: 46080799 ns
[2022-07-20T10:58:18.967+0000][7][safepoint   ] Safepoint "Cleanup", Time since last: 2015229034 ns, Reaching safepoint: 137141 ns, At safepoint: 6208 ns, Total: 143349 ns
[2022-07-20T10:58:22.968+0000][7][safepoint   ] Safepoint "Cleanup", Time since last: 4000777015 ns, Reaching safepoint: 123254 ns, At safepoint: 6928 ns, Total: 130182 ns
[2022-07-20T10:58:23.968+0000][7][safepoint   ] Safepoint "Cleanup", Time since last: 1000142886 ns, Reaching safepoint: 145963 ns, At safepoint: 7429 ns, Total: 153392 ns
[2022-07-20T10:58:31.970+0000][7][safepoint   ] Safepoint "Cleanup", Time since last: 8001492568 ns, Reaching safepoint: 219157 ns, At safepoint: 10285 ns, Total: 229442 ns
[2022-07-20T10:58:35.971+0000][7][safepoint   ] Safepoint "Cleanup", Time since last: 4000803991 ns, Reaching safepoint: 111643 ns, At safepoint: 9082 ns, Total: 120725 ns
[2022-07-20T10:58:46.973+0000][7][safepoint   ] Safepoint "Cleanup", Time since last: 11001614952 ns, Reaching safepoint: 95593 ns, At safepoint: 5222 ns, Total: 100815 ns
[2022-07-20T10:58:52.834+0000][7][gc,start    ] GC(211) Pause Young (Concurrent Start) (G1 Evacuation Pause)
[2022-07-20T10:58:52.834+0000][7][gc,task     ] GC(211) Using 4 workers of 4 for evacuation
[2022-07-20T10:58:52.834+0000][7][gc,age      ] GC(211) Desired survivor size 6291456 bytes, new threshold 15 (max threshold 15)
[2022-07-20T10:58:52.840+0000][7][gc,age      ] GC(211) Age table with threshold 15 (max threshold 15)
[2022-07-20T10:58:52.840+0000][7][gc,age      ] GC(211) - age   1:    1896296 bytes,    1896296 total
[2022-07-20T10:58:52.840+0000][7][gc,age      ] GC(211) - age   2:     589008 bytes,    2485304 total
[2022-07-20T10:58:52.840+0000][7][gc,age      ] GC(211) - age   3:     230112 bytes,    2715416 total
[2022-07-20T10:58:52.840+0000][7][gc,age      ] GC(211) - age   4:     126904 bytes,    2842320 total
[2022-07-20T10:58:52.840+0000][7][gc,age      ] GC(211) - age   5:      35624 bytes,    2877944 total
[2022-07-20T10:58:52.840+0000][7][gc,age      ] GC(211) - age   6:      65272 bytes,    2943216 total
[2022-07-20T10:58:52.840+0000][7][gc,age      ] GC(211) - age   7:       4224 bytes,    2947440 total
[2022-07-20T10:58:52.840+0000][7][gc,age      ] GC(211) - age   8:        312 bytes,    2947752 total
[2022-07-20T10:58:52.840+0000][7][gc,age      ] GC(211) - age   9:       2376 bytes,    2950128 total
[2022-07-20T10:58:52.840+0000][7][gc,age      ] GC(211) - age  10:        352 bytes,    2950480 total
[2022-07-20T10:58:52.840+0000][7][gc,age      ] GC(211) - age  11:       1048 bytes,    2951528 total
[2022-07-20T10:58:52.840+0000][7][gc,age      ] GC(211) - age  12:       2552 bytes,    2954080 total
[2022-07-20T10:58:52.840+0000][7][gc,age      ] GC(211) - age  13:       2552 bytes,    2956632 total
[2022-07-20T10:58:52.840+0000][7][gc,age      ] GC(211) - age  14:       1672 bytes,    2958304 total
[2022-07-20T10:58:52.840+0000][7][gc,age      ] GC(211) - age  15:       2064 bytes,    2960368 total
[2022-07-20T10:58:52.840+0000][7][gc,phases   ] GC(211)   Pre Evacuate Collection Set: 0.2ms
[2022-07-20T10:58:52.840+0000][7][gc,phases   ] GC(211)   Merge Heap Roots: 0.1ms
[2022-07-20T10:58:52.840+0000][7][gc,phases   ] GC(211)   Evacuate Collection Set: 4.9ms
[2022-07-20T10:58:52.840+0000][7][gc,phases   ] GC(211)   Post Evacuate Collection Set: 0.7ms
[2022-07-20T10:58:52.841+0000][7][gc,phases   ] GC(211)   Other: 0.4ms
[2022-07-20T10:58:52.841+0000][7][gc,heap     ] GC(211) Eden regions: 23->0(23)
[2022-07-20T10:58:52.841+0000][7][gc,heap     ] GC(211) Survivor regions: 1->1(3)
[2022-07-20T10:58:52.841+0000][7][gc,heap     ] GC(211) Old regions: 24->24
[2022-07-20T10:58:52.841+0000][7][gc,heap     ] GC(211) Archive regions: 2->2
[2022-07-20T10:58:52.841+0000][7][gc,heap     ] GC(211) Humongous regions: 2->2
[2022-07-20T10:58:52.841+0000][7][gc,metaspace] GC(211) Metaspace: 111324K(116344K)->111324K(116344K) NonClass: 97247K(100780K)->97247K(100780K) Class: 14076K(15564K)->14076K(15564K)
[2022-07-20T10:58:52.841+0000][7][gc          ] GC(211) Pause Young (Concurrent Start) (G1 Evacuation Pause) 202M->110M(256M) 6.302ms
[2022-07-20T10:58:52.841+0000][7][gc,cpu      ] GC(211) User=0.02s Sys=0.00s Real=0.01s
[2022-07-20T10:58:52.841+0000][7][gc          ] GC(212) Concurrent Cycle
[2022-07-20T10:58:52.841+0000][7][gc,marking  ] GC(212) Concurrent Clear Claimed Marks
[2022-07-20T10:58:52.841+0000][7][gc,marking  ] GC(212) Concurrent Clear Claimed Marks 0.090ms
[2022-07-20T10:58:52.841+0000][7][gc,marking  ] GC(212) Concurrent Scan Root Regions
[2022-07-20T10:58:52.841+0000][7][safepoint   ] Safepoint "G1CollectForAllocation", Time since last: 5861525402 ns, Reaching safepoint: 195059 ns, At safepoint: 6436283 ns, Total: 6631342 ns
[2022-07-20T10:58:52.844+0000][7][gc,marking  ] GC(212) Concurrent Scan Root Regions 2.937ms
[2022-07-20T10:58:52.844+0000][7][gc,marking  ] GC(212) Concurrent Mark (4480.496s)
[2022-07-20T10:58:52.844+0000][7][gc,marking  ] GC(212) Concurrent Mark From Roots
[2022-07-20T10:58:52.844+0000][7][gc,task     ] GC(212) Using 1 workers of 1 for marking
[2022-07-20T10:58:53.015+0000][7][gc,marking  ] GC(212) Concurrent Mark From Roots 170.891ms
[2022-07-20T10:58:53.015+0000][7][gc,marking  ] GC(212) Concurrent Preclean
[2022-07-20T10:58:53.015+0000][7][gc,marking  ] GC(212) Concurrent Preclean 0.215ms
[2022-07-20T10:58:53.015+0000][7][gc,marking  ] GC(212) Concurrent Mark (4480.496s, 4480.667s) 171.191ms
[2022-07-20T10:58:53.015+0000][7][gc,start    ] GC(212) Pause Remark
[2022-07-20T10:58:53.028+0000][7][gc          ] GC(212) Pause Remark 120M->120M(256M) 12.305ms
[2022-07-20T10:58:53.028+0000][7][gc,cpu      ] GC(212) User=0.05s Sys=0.00s Real=0.01s
[2022-07-20T10:58:53.028+0000][7][safepoint   ] Safepoint "G1Concurrent", Time since last: 174327515 ns, Reaching safepoint: 172610 ns, At safepoint: 12422040 ns, Total: 12594650 ns
[2022-07-20T10:58:53.028+0000][7][gc,marking  ] GC(212) Concurrent Rebuild Remembered Sets
[2022-07-20T10:58:53.116+0000][7][gc,marking  ] GC(212) Concurrent Rebuild Remembered Sets 88.688ms
[2022-07-20T10:58:53.117+0000][7][gc,start    ] GC(212) Pause Cleanup
[2022-07-20T10:58:53.117+0000][7][gc          ] GC(212) Pause Cleanup 121M->121M(256M) 0.105ms
[2022-07-20T10:58:53.117+0000][7][gc,cpu      ] GC(212) User=0.00s Sys=0.00s Real=0.00s
[2022-07-20T10:58:53.117+0000][7][safepoint   ] Safepoint "G1Concurrent", Time since last: 88828695 ns, Reaching safepoint: 137224 ns, At safepoint: 172050 ns, Total: 309274 ns
[2022-07-20T10:58:53.117+0000][7][gc,marking  ] GC(212) Concurrent Cleanup for Next Mark
[2022-07-20T10:58:53.117+0000][7][gc,marking  ] GC(212) Concurrent Cleanup for Next Mark 0.264ms
[2022-07-20T10:58:53.117+0000][7][gc          ] GC(212) Concurrent Cycle 276.419ms
[2022-07-20T10:59:02.118+0000][7][safepoint   ] Safepoint "Cleanup", Time since last: 9001523999 ns, Reaching safepoint: 118442 ns, At safepoint: 6811 ns, Total: 125253 ns
[2022-07-20T10:59:17.120+0000][7][safepoint   ] Safepoint "Cleanup", Time since last: 15001324737 ns, Reaching safepoint: 129191 ns, At safepoint: 9955 ns, Total: 139146 ns
[2022-07-20T10:59:19.120+0000][7][safepoint   ] Safepoint "Cleanup", Time since last: 2000363303 ns, Reaching safepoint: 135465 ns, At safepoint: 4948 ns, Total: 140413 ns
[2022-07-20T10:59:20.121+0000][7][safepoint   ] Safepoint "Cleanup", Time since last: 1000256365 ns, Reaching safepoint: 182330 ns, At safepoint: 8317 ns, Total: 190647 ns
[2022-07-20T10:59:24.357+0000][7][gc,start    ] GC(213) Pause Young (Normal) (G1 Evacuation Pause)
[2022-07-20T10:59:24.357+0000][7][gc,task     ] GC(213) Using 4 workers of 4 for evacuation
[2022-07-20T10:59:24.357+0000][7][gc,age      ] GC(213) Desired survivor size 6291456 bytes, new threshold 15 (max threshold 15)
[2022-07-20T10:59:24.361+0000][7][gc,age      ] GC(213) Age table with threshold 15 (max threshold 15)
[2022-07-20T10:59:24.361+0000][7][gc,age      ] GC(213) - age   1:    1218976 bytes,    1218976 total
[2022-07-20T10:59:24.361+0000][7][gc,age      ] GC(213) - age   2:     592368 bytes,    1811344 total
[2022-07-20T10:59:24.361+0000][7][gc,age      ] GC(213) - age   3:     334760 bytes,    2146104 total
[2022-07-20T10:59:24.361+0000][7][gc,age      ] GC(213) - age   4:      16208 bytes,    2162312 total
[2022-07-20T10:59:24.361+0000][7][gc,age      ] GC(213) - age   5:     126264 bytes,    2288576 total
[2022-07-20T10:59:24.361+0000][7][gc,age      ] GC(213) - age   6:      17040 bytes,    2305616 total
[2022-07-20T10:59:24.361+0000][7][gc,age      ] GC(213) - age   7:      65272 bytes,    2370888 total
[2022-07-20T10:59:24.361+0000][7][gc,age      ] GC(213) - age   8:       4104 bytes,    2374992 total
[2022-07-20T10:59:24.361+0000][7][gc,age      ] GC(213) - age   9:        312 bytes,    2375304 total
[2022-07-20T10:59:24.361+0000][7][gc,age      ] GC(213) - age  10:       2376 bytes,    2377680 total
[2022-07-20T10:59:24.361+0000][7][gc,age      ] GC(213) - age  11:        352 bytes,    2378032 total
[2022-07-20T10:59:24.361+0000][7][gc,age      ] GC(213) - age  12:        920 bytes,    2378952 total
[2022-07-20T10:59:24.361+0000][7][gc,age      ] GC(213) - age  13:       1272 bytes,    2380224 total
[2022-07-20T10:59:24.361+0000][7][gc,age      ] GC(213) - age  14:       2552 bytes,    2382776 total
[2022-07-20T10:59:24.361+0000][7][gc,age      ] GC(213) - age  15:       1672 bytes,    2384448 total
[2022-07-20T10:59:24.361+0000][7][gc,phases   ] GC(213)   Pre Evacuate Collection Set: 0.0ms
[2022-07-20T10:59:24.361+0000][7][gc,phases   ] GC(213)   Merge Heap Roots: 0.0ms
[2022-07-20T10:59:24.361+0000][7][gc,phases   ] GC(213)   Evacuate Collection Set: 3.7ms
[2022-07-20T10:59:24.361+0000][7][gc,phases   ] GC(213)   Post Evacuate Collection Set: 0.6ms
[2022-07-20T10:59:24.361+0000][7][gc,phases   ] GC(213)   Other: 0.3ms
[2022-07-20T10:59:24.361+0000][7][gc,heap     ] GC(213) Eden regions: 23->0(23)
[2022-07-20T10:59:24.361+0000][7][gc,heap     ] GC(213) Survivor regions: 1->1(3)
[2022-07-20T10:59:24.361+0000][7][gc,heap     ] GC(213) Old regions: 24->24
[2022-07-20T10:59:24.361+0000][7][gc,heap     ] GC(213) Archive regions: 2->2
[2022-07-20T10:59:24.361+0000][7][gc,heap     ] GC(213) Humongous regions: 2->2
[2022-07-20T10:59:24.361+0000][7][gc,metaspace] GC(213) Metaspace: 111354K(116344K)->111354K(116344K) NonClass: 97278K(100780K)->97278K(100780K) Class: 14076K(15564K)->14076K(15564K)
[2022-07-20T10:59:24.361+0000][7][gc          ] GC(213) Pause Young (Normal) (G1 Evacuation Pause) 202M->109M(256M) 4.820ms
[2022-07-20T10:59:24.361+0000][7][gc,cpu      ] GC(213) User=0.01s Sys=0.00s Real=0.00s
[2022-07-20T10:59:24.361+0000][7][safepoint   ] Safepoint "G1CollectForAllocation", Time since last: 4235621306 ns, Reaching safepoint: 105898 ns, At safepoint: 4904044 ns, Total: 5009942 ns
[2022-07-20T10:59:29.363+0000][7][safepoint   ] Safepoint "Cleanup", Time since last: 5000997869 ns, Reaching safepoint: 129832 ns, At safepoint: 10203 ns, Total: 140035 ns
[2022-07-20T10:59:41.364+0000][7][safepoint   ] Safepoint "Cleanup", Time since last: 12001088304 ns, Reaching safepoint: 116573 ns, At safepoint: 6171 ns, Total: 122744 ns
[2022-07-20T10:59:42.364+0000][7][safepoint   ] Safepoint "Cleanup", Time since last: 1000117120 ns, Reaching safepoint: 107961 ns, At safepoint: 6866 ns, Total: 114827 ns
[2022-07-20T10:59:52.859+0000][7][gc,start    ] GC(214) Pause Young (Concurrent Start) (G1 Evacuation Pause)
[2022-07-20T10:59:52.859+0000][7][gc,task     ] GC(214) Using 4 workers of 4 for evacuation
[2022-07-20T10:59:52.859+0000][7][gc,age      ] GC(214) Desired survivor size 6291456 bytes, new threshold 15 (max threshold 15)
[2022-07-20T10:59:52.863+0000][7][gc,age      ] GC(214) Age table with threshold 15 (max threshold 15)
[2022-07-20T10:59:52.864+0000][7][gc,age      ] GC(214) - age   1:    1037816 bytes,    1037816 total
[2022-07-20T10:59:52.864+0000][7][gc,age      ] GC(214) - age   2:     443864 bytes,    1481680 total
[2022-07-20T10:59:52.864+0000][7][gc,age      ] GC(214) - age   3:     259792 bytes,    1741472 total
[2022-07-20T10:59:52.864+0000][7][gc,age      ] GC(214) - age   4:     322640 bytes,    2064112 total
[2022-07-20T10:59:52.864+0000][7][gc,age      ] GC(214) - age   5:      15824 bytes,    2079936 total
[2022-07-20T10:59:52.864+0000][7][gc,age      ] GC(214) - age   6:     124280 bytes,    2204216 total
[2022-07-20T10:59:52.864+0000][7][gc,age      ] GC(214) - age   7:      16744 bytes,    2220960 total
[2022-07-20T10:59:52.864+0000][7][gc,age      ] GC(214) - age   8:      65208 bytes,    2286168 total
[2022-07-20T10:59:52.864+0000][7][gc,age      ] GC(214) - age   9:       3752 bytes,    2289920 total
[2022-07-20T10:59:52.864+0000][7][gc,age      ] GC(214) - age  10:        312 bytes,    2290232 total
[2022-07-20T10:59:52.864+0000][7][gc,age      ] GC(214) - age  11:       2376 bytes,    2292608 total
[2022-07-20T10:59:52.864+0000][7][gc,age      ] GC(214) - age  12:        224 bytes,    2292832 total
[2022-07-20T10:59:52.864+0000][7][gc,age      ] GC(214) - age  13:        824 bytes,    2293656 total
[2022-07-20T10:59:52.864+0000][7][gc,age      ] GC(214) - age  14:        792 bytes,    2294448 total
[2022-07-20T10:59:52.864+0000][7][gc,age      ] GC(214) - age  15:       2552 bytes,    2297000 total
[2022-07-20T10:59:52.864+0000][7][gc,phases   ] GC(214)   Pre Evacuate Collection Set: 0.2ms
[2022-07-20T10:59:52.864+0000][7][gc,phases   ] GC(214)   Merge Heap Roots: 0.1ms
[2022-07-20T10:59:52.864+0000][7][gc,phases   ] GC(214)   Evacuate Collection Set: 3.2ms
[2022-07-20T10:59:52.864+0000][7][gc,phases   ] GC(214)   Post Evacuate Collection Set: 0.7ms
[2022-07-20T10:59:52.864+0000][7][gc,phases   ] GC(214)   Other: 0.4ms
[2022-07-20T10:59:52.864+0000][7][gc,heap     ] GC(214) Eden regions: 23->0(23)
[2022-07-20T10:59:52.864+0000][7][gc,heap     ] GC(214) Survivor regions: 1->1(3)
[2022-07-20T10:59:52.864+0000][7][gc,heap     ] GC(214) Old regions: 24->24
[2022-07-20T10:59:52.864+0000][7][gc,heap     ] GC(214) Archive regions: 2->2
[2022-07-20T10:59:52.864+0000][7][gc,heap     ] GC(214) Humongous regions: 2->2
[2022-07-20T10:59:52.864+0000][7][gc,metaspace] GC(214) Metaspace: 111364K(116344K)->111364K(116344K) NonClass: 97287K(100780K)->97287K(100780K) Class: 14076K(15564K)->14076K(15564K)
[2022-07-20T10:59:52.864+0000][7][gc          ] GC(214) Pause Young (Concurrent Start) (G1 Evacuation Pause) 201M->109M(256M) 4.505ms
[2022-07-20T10:59:52.864+0000][7][gc,cpu      ] GC(214) User=0.01s Sys=0.00s Real=0.01s
[2022-07-20T10:59:52.864+0000][7][safepoint   ] Safepoint "G1CollectForAllocation", Time since last: 10495056926 ns, Reaching safepoint: 148324 ns, At safepoint: 4587168 ns, Total: 4735492 ns
[2022-07-20T10:59:52.864+0000][7][gc          ] GC(215) Concurrent Cycle
[2022-07-20T10:59:52.864+0000][7][gc,marking  ] GC(215) Concurrent Clear Claimed Marks
[2022-07-20T10:59:52.864+0000][7][gc,marking  ] GC(215) Concurrent Clear Claimed Marks 0.094ms
[2022-07-20T10:59:52.864+0000][7][gc,marking  ] GC(215) Concurrent Scan Root Regions
[2022-07-20T10:59:52.867+0000][7][gc,marking  ] GC(215) Concurrent Scan Root Regions 2.835ms
[2022-07-20T10:59:52.867+0000][7][gc,marking  ] GC(215) Concurrent Mark (4540.519s)
[2022-07-20T10:59:52.867+0000][7][gc,marking  ] GC(215) Concurrent Mark From Roots
[2022-07-20T10:59:52.867+0000][7][gc,task     ] GC(215) Using 1 workers of 1 for marking
[2022-07-20T10:59:53.014+0000][7][gc,marking  ] GC(215) Concurrent Mark From Roots 146.687ms
[2022-07-20T10:59:53.014+0000][7][gc,marking  ] GC(215) Concurrent Preclean
[2022-07-20T10:59:53.014+0000][7][gc,marking  ] GC(215) Concurrent Preclean 0.220ms
[2022-07-20T10:59:53.014+0000][7][gc,marking  ] GC(215) Concurrent Mark (4540.519s, 4540.666s) 147.020ms
[2022-07-20T10:59:53.014+0000][7][gc,start    ] GC(215) Pause Remark
[2022-07-20T10:59:53.026+0000][7][gc          ] GC(215) Pause Remark 111M->111M(256M) 11.959ms
[2022-07-20T10:59:53.026+0000][7][gc,cpu      ] GC(215) User=0.04s Sys=0.00s Real=0.02s
[2022-07-20T10:59:53.026+0000][7][safepoint   ] Safepoint "G1Concurrent", Time since last: 150109761 ns, Reaching safepoint: 136194 ns, At safepoint: 12062060 ns, Total: 12198254 ns
[2022-07-20T10:59:53.026+0000][7][gc,marking  ] GC(215) Concurrent Rebuild Remembered Sets
[2022-07-20T10:59:53.114+0000][7][gc,marking  ] GC(215) Concurrent Rebuild Remembered Sets 87.910ms
[2022-07-20T10:59:53.114+0000][7][gc,start    ] GC(215) Pause Cleanup
[2022-07-20T10:59:53.114+0000][7][gc          ] GC(215) Pause Cleanup 111M->111M(256M) 0.071ms
[2022-07-20T10:59:53.114+0000][7][gc,cpu      ] GC(215) User=0.00s Sys=0.00s Real=0.00s
[2022-07-20T10:59:53.114+0000][7][safepoint   ] Safepoint "G1Concurrent", Time since last: 88005573 ns, Reaching safepoint: 102339 ns, At safepoint: 126177 ns, Total: 228516 ns
[2022-07-20T10:59:53.114+0000][7][gc,marking  ] GC(215) Concurrent Cleanup for Next Mark
[2022-07-20T10:59:53.115+0000][7][gc,marking  ] GC(215) Concurrent Cleanup for Next Mark 0.250ms
[2022-07-20T10:59:53.115+0000][7][gc          ] GC(215) Concurrent Cycle 250.860ms
[2022-07-20T10:59:59.116+0000][7][safepoint   ] Safepoint "Cleanup", Time since last: 6001177085 ns, Reaching safepoint: 109306 ns, At safepoint: 8024 ns, Total: 117330 ns
[2022-07-20T11:00:01.116+0000][7][safepoint   ] Safepoint "Cleanup", Time since last: 2000496627 ns, Reaching safepoint: 144041 ns, At safepoint: 6618 ns, Total: 150659 ns
[2022-07-20T11:00:05.117+0000][7][safepoint   ] Safepoint "Cleanup", Time since last: 4000601501 ns, Reaching safepoint: 92618 ns, At safepoint: 8217 ns, Total: 100835 ns
[2022-07-20T11:00:06.117+0000][7][safepoint   ] Safepoint "Cleanup", Time since last: 1000290966 ns, Reaching safepoint: 148133 ns, At safepoint: 7861 ns, Total: 155994 ns
[2022-07-20T11:00:11.118+0000][7][safepoint   ] Safepoint "Cleanup", Time since last: 5000476642 ns, Reaching safepoint: 104042 ns, At safepoint: 5927 ns, Total: 109969 ns
[2022-07-20T11:00:17.119+0000][7][safepoint   ] Safepoint "Cleanup", Time since last: 6000549717 ns, Reaching safepoint: 93901 ns, At safepoint: 6138 ns, Total: 100039 ns
[2022-07-20T11:00:29.121+0000][7][safepoint   ] Safepoint "Cleanup", Time since last: 12001743286 ns, Reaching safepoint: 173197 ns, At safepoint: 7079 ns, Total: 180276 ns
[2022-07-20T11:00:29.873+0000][7][gc,start    ] GC(216) Pause Young (Normal) (G1 Evacuation Pause)
[2022-07-20T11:00:29.873+0000][7][gc,task     ] GC(216) Using 4 workers of 4 for evacuation
[2022-07-20T11:00:29.873+0000][7][gc,age      ] GC(216) Desired survivor size 6291456 bytes, new threshold 15 (max threshold 15)
[2022-07-20T11:00:29.878+0000][7][gc,age      ] GC(216) Age table with threshold 15 (max threshold 15)
[2022-07-20T11:00:29.878+0000][7][gc,age      ] GC(216) - age   1:    2198248 bytes,    2198248 total
[2022-07-20T11:00:29.878+0000][7][gc,age      ] GC(216) - age   2:     706320 bytes,    2904568 total
[2022-07-20T11:00:29.878+0000][7][gc,age      ] GC(216) - age   3:     216784 bytes,    3121352 total
[2022-07-20T11:00:29.878+0000][7][gc,age      ] GC(216) - age   4:     257600 bytes,    3378952 total
[2022-07-20T11:00:29.878+0000][7][gc,age      ] GC(216) - age   5:     322448 bytes,    3701400 total
[2022-07-20T11:00:29.878+0000][7][gc,age      ] GC(216) - age   6:      15504 bytes,    3716904 total
[2022-07-20T11:00:29.878+0000][7][gc,age      ] GC(216) - age   7:     123968 bytes,    3840872 total
[2022-07-20T11:00:29.878+0000][7][gc,age      ] GC(216) - age   8:      16432 bytes,    3857304 total
[2022-07-20T11:00:29.878+0000][7][gc,age      ] GC(216) - age   9:      65104 bytes,    3922408 total
[2022-07-20T11:00:29.878+0000][7][gc,age      ] GC(216) - age  10:       3656 bytes,    3926064 total
[2022-07-20T11:00:29.878+0000][7][gc,age      ] GC(216) - age  11:        312 bytes,    3926376 total
[2022-07-20T11:00:29.878+0000][7][gc,age      ] GC(216) - age  12:       2376 bytes,    3928752 total
[2022-07-20T11:00:29.878+0000][7][gc,age      ] GC(216) - age  13:        224 bytes,    3928976 total
[2022-07-20T11:00:29.878+0000][7][gc,age      ] GC(216) - age  14:        824 bytes,    3929800 total
[2022-07-20T11:00:29.878+0000][7][gc,age      ] GC(216) - age  15:        792 bytes,    3930592 total
[2022-07-20T11:00:29.878+0000][7][gc,phases   ] GC(216)   Pre Evacuate Collection Set: 0.1ms
[2022-07-20T11:00:29.878+0000][7][gc,phases   ] GC(216)   Merge Heap Roots: 0.1ms
[2022-07-20T11:00:29.878+0000][7][gc,phases   ] GC(216)   Evacuate Collection Set: 3.9ms
[2022-07-20T11:00:29.878+0000][7][gc,phases   ] GC(216)   Post Evacuate Collection Set: 0.5ms
[2022-07-20T11:00:29.878+0000][7][gc,phases   ] GC(216)   Other: 0.4ms
[2022-07-20T11:00:29.878+0000][7][gc,heap     ] GC(216) Eden regions: 23->0(23)
[2022-07-20T11:00:29.878+0000][7][gc,heap     ] GC(216) Survivor regions: 1->1(3)
[2022-07-20T11:00:29.878+0000][7][gc,heap     ] GC(216) Old regions: 24->24
[2022-07-20T11:00:29.878+0000][7][gc,heap     ] GC(216) Archive regions: 2->2
[2022-07-20T11:00:29.878+0000][7][gc,heap     ] GC(216) Humongous regions: 2->2
[2022-07-20T11:00:29.878+0000][7][gc,metaspace] GC(216) Metaspace: 111391K(116344K)->111391K(116344K) NonClass: 97314K(100780K)->97314K(100780K) Class: 14076K(15564K)->14076K(15564K)
[2022-07-20T11:00:29.878+0000][7][gc          ] GC(216) Pause Young (Normal) (G1 Evacuation Pause) 201M->110M(256M) 5.133ms
[2022-07-20T11:00:29.878+0000][7][gc,cpu      ] GC(216) User=0.01s Sys=0.00s Real=0.01s
[2022-07-20T11:00:29.878+0000][7][safepoint   ] Safepoint "G1CollectForAllocation", Time since last: 752368274 ns, Reaching safepoint: 139227 ns, At safepoint: 5246755 ns, Total: 5385982 ns
[2022-07-20T11:00:36.879+0000][7][safepoint   ] Safepoint "Cleanup", Time since last: 7000773527 ns, Reaching safepoint: 127067 ns, At safepoint: 5300 ns, Total: 132367 ns
[2022-07-20T11:00:43.881+0000][7][safepoint   ] Safepoint "Cleanup", Time since last: 7001189693 ns, Reaching safepoint: 106600 ns, At safepoint: 5439 ns, Total: 112039 ns
[2022-07-20T11:00:55.883+0000][7][safepoint   ] Safepoint "Cleanup", Time since last: 12002229937 ns, Reaching safepoint: 130440 ns, At safepoint: 8547 ns, Total: 138987 ns
[2022-07-20T11:01:00.665+0000][7][gc,start    ] GC(217) Pause Young (Concurrent Start) (G1 Evacuation Pause)
[2022-07-20T11:01:00.665+0000][7][gc,task     ] GC(217) Using 4 workers of 4 for evacuation
[2022-07-20T11:01:00.665+0000][7][gc,age      ] GC(217) Desired survivor size 6291456 bytes, new threshold 15 (max threshold 15)
[2022-07-20T11:01:00.673+0000][7][gc,age      ] GC(217) Age table with threshold 15 (max threshold 15)
[2022-07-20T11:01:00.673+0000][7][gc,age      ] GC(217) - age   1:    1804592 bytes,    1804592 total
[2022-07-20T11:01:00.673+0000][7][gc,age      ] GC(217) - age   2:       7872 bytes,    1812464 total
[2022-07-20T11:01:00.673+0000][7][gc,age      ] GC(217) - age   3:      22080 bytes,    1834544 total
[2022-07-20T11:01:00.673+0000][7][gc,age      ] GC(217) - age   4:     198744 bytes,    2033288 total
[2022-07-20T11:01:00.673+0000][7][gc,age      ] GC(217) - age   5:       1744 bytes,    2035032 total
[2022-07-20T11:01:00.673+0000][7][gc,age      ] GC(217) - age   6:      38528 bytes,    2073560 total
[2022-07-20T11:01:00.673+0000][7][gc,age      ] GC(217) - age   7:      15376 bytes,    2088936 total
[2022-07-20T11:01:00.673+0000][7][gc,age      ] GC(217) - age   8:       3768 bytes,    2092704 total
[2022-07-20T11:01:00.673+0000][7][gc,age      ] GC(217) - age   9:      16432 bytes,    2109136 total
[2022-07-20T11:01:00.673+0000][7][gc,age      ] GC(217) - age  10:      65008 bytes,    2174144 total
[2022-07-20T11:01:00.673+0000][7][gc,age      ] GC(217) - age  11:       3656 bytes,    2177800 total
[2022-07-20T11:01:00.673+0000][7][gc,age      ] GC(217) - age  13:       2376 bytes,    2180176 total
[2022-07-20T11:01:00.673+0000][7][gc,age      ] GC(217) - age  14:        224 bytes,    2180400 total
[2022-07-20T11:01:00.673+0000][7][gc,age      ] GC(217) - age  15:        824 bytes,    2181224 total
[2022-07-20T11:01:00.673+0000][7][gc,phases   ] GC(217)   Pre Evacuate Collection Set: 0.2ms
[2022-07-20T11:01:00.673+0000][7][gc,phases   ] GC(217)   Merge Heap Roots: 0.1ms
[2022-07-20T11:01:00.673+0000][7][gc,phases   ] GC(217)   Evacuate Collection Set: 4.9ms
[2022-07-20T11:01:00.673+0000][7][gc,phases   ] GC(217)   Post Evacuate Collection Set: 2.7ms
[2022-07-20T11:01:00.673+0000][7][gc,phases   ] GC(217)   Other: 0.6ms
[2022-07-20T11:01:00.673+0000][7][gc,heap     ] GC(217) Eden regions: 23->0(23)
[2022-07-20T11:01:00.673+0000][7][gc,heap     ] GC(217) Survivor regions: 1->1(3)
[2022-07-20T11:01:00.673+0000][7][gc,heap     ] GC(217) Old regions: 24->24
[2022-07-20T11:01:00.673+0000][7][gc,heap     ] GC(217) Archive regions: 2->2
[2022-07-20T11:01:00.673+0000][7][gc,heap     ] GC(217) Humongous regions: 2->2
[2022-07-20T11:01:00.673+0000][7][gc,metaspace] GC(217) Metaspace: 111407K(116344K)->111407K(116344K) NonClass: 97330K(100780K)->97330K(100780K) Class: 14076K(15564K)->14076K(15564K)
[2022-07-20T11:01:00.673+0000][7][gc          ] GC(217) Pause Young (Concurrent Start) (G1 Evacuation Pause) 202M->109M(256M) 8.681ms
[2022-07-20T11:01:00.674+0000][7][gc,cpu      ] GC(217) User=0.01s Sys=0.00s Real=0.00s
[2022-07-20T11:01:00.674+0000][7][safepoint   ] Safepoint "G1CollectForAllocation", Time since last: 4781569821 ns, Reaching safepoint: 221689 ns, At safepoint: 8909471 ns, Total: 9131160 ns
[2022-07-20T11:01:00.674+0000][7][gc          ] GC(218) Concurrent Cycle
[2022-07-20T11:01:00.674+0000][7][gc,marking  ] GC(218) Concurrent Clear Claimed Marks
[2022-07-20T11:01:00.674+0000][7][gc,marking  ] GC(218) Concurrent Clear Claimed Marks 0.246ms
[2022-07-20T11:01:00.674+0000][7][gc,marking  ] GC(218) Concurrent Scan Root Regions
[2022-07-20T11:01:00.678+0000][7][gc,marking  ] GC(218) Concurrent Scan Root Regions 3.801ms
[2022-07-20T11:01:00.678+0000][7][gc,marking  ] GC(218) Concurrent Mark (4608.330s)
[2022-07-20T11:01:00.678+0000][7][gc,marking  ] GC(218) Concurrent Mark From Roots
[2022-07-20T11:01:00.678+0000][7][gc,task     ] GC(218) Using 1 workers of 1 for marking
[2022-07-20T11:01:00.833+0000][7][gc,marking  ] GC(218) Concurrent Mark From Roots 155.206ms
[2022-07-20T11:01:00.833+0000][7][gc,marking  ] GC(218) Concurrent Preclean
[2022-07-20T11:01:00.833+0000][7][gc,marking  ] GC(218) Concurrent Preclean 0.183ms
[2022-07-20T11:01:00.833+0000][7][gc,marking  ] GC(218) Concurrent Mark (4608.330s, 4608.485s) 155.486ms
[2022-07-20T11:01:00.834+0000][7][gc,start    ] GC(218) Pause Remark
[2022-07-20T11:01:00.846+0000][7][gc          ] GC(218) Pause Remark 112M->112M(256M) 12.175ms
[2022-07-20T11:01:00.846+0000][7][gc,cpu      ] GC(218) User=0.05s Sys=0.00s Real=0.02s
[2022-07-20T11:01:00.846+0000][7][safepoint   ] Safepoint "G1Concurrent", Time since last: 159810691 ns, Reaching safepoint: 128953 ns, At safepoint: 12304326 ns, Total: 12433279 ns
[2022-07-20T11:01:00.846+0000][7][gc,marking  ] GC(218) Concurrent Rebuild Remembered Sets
[2022-07-20T11:01:00.942+0000][7][gc,marking  ] GC(218) Concurrent Rebuild Remembered Sets 95.676ms
[2022-07-20T11:01:00.942+0000][7][gc,start    ] GC(218) Pause Cleanup
[2022-07-20T11:01:00.942+0000][7][gc          ] GC(218) Pause Cleanup 112M->112M(256M) 0.103ms
[2022-07-20T11:01:00.942+0000][7][gc,cpu      ] GC(218) User=0.00s Sys=0.00s Real=0.00s
[2022-07-20T11:01:00.942+0000][7][safepoint   ] Safepoint "G1Concurrent", Time since last: 95804929 ns, Reaching safepoint: 144341 ns, At safepoint: 168660 ns, Total: 313001 ns
[2022-07-20T11:01:00.942+0000][7][gc,marking  ] GC(218) Concurrent Cleanup for Next Mark
[2022-07-20T11:01:00.942+0000][7][gc,marking  ] GC(218) Concurrent Cleanup for Next Mark 0.288ms
[2022-07-20T11:01:00.942+0000][7][gc          ] GC(218) Concurrent Cycle 268.677ms
[2022-07-20T11:01:01.942+0000][7][safepoint   ] Safepoint "Cleanup", Time since last: 1000114097 ns, Reaching safepoint: 138534 ns, At safepoint: 6724 ns, Total: 145258 ns
[2022-07-20T11:01:13.944+0000][7][safepoint   ] Safepoint "Cleanup", Time since last: 12001974367 ns, Reaching safepoint: 100753 ns, At safepoint: 6234 ns, Total: 106987 ns
[2022-07-20T11:01:16.945+0000][7][safepoint   ] Safepoint "Cleanup", Time since last: 3000666090 ns, Reaching safepoint: 87526 ns, At safepoint: 6189 ns, Total: 93715 ns
[2022-07-20T11:01:17.945+0000][7][safepoint   ] Safepoint "Cleanup", Time since last: 1000185899 ns, Reaching safepoint: 140584 ns, At safepoint: 10782 ns, Total: 151366 ns
[2022-07-20T11:01:26.947+0000][7][safepoint   ] Safepoint "Cleanup", Time since last: 9001042705 ns, Reaching safepoint: 107372 ns, At safepoint: 5544 ns, Total: 112916 ns
[2022-07-20T11:01:28.947+0000][7][safepoint   ] Safepoint "Cleanup", Time since last: 2000625077 ns, Reaching safepoint: 177189 ns, At safepoint: 8967 ns, Total: 186156 ns
[2022-07-20T11:01:30.948+0000][7][safepoint   ] Safepoint "Cleanup", Time since last: 2000566546 ns, Reaching safepoint: 137926 ns, At safepoint: 9301 ns, Total: 147227 ns
[2022-07-20T11:01:40.862+0000][7][gc,start    ] GC(219) Pause Young (Normal) (G1 Evacuation Pause)
[2022-07-20T11:01:40.862+0000][7][gc,task     ] GC(219) Using 4 workers of 4 for evacuation
[2022-07-20T11:01:40.862+0000][7][gc,age      ] GC(219) Desired survivor size 6291456 bytes, new threshold 15 (max threshold 15)
[2022-07-20T11:01:40.866+0000][7][gc,age      ] GC(219) Age table with threshold 15 (max threshold 15)
[2022-07-20T11:01:40.866+0000][7][gc,age      ] GC(219) - age   1:    1672872 bytes,    1672872 total
[2022-07-20T11:01:40.866+0000][7][gc,age      ] GC(219) - age   2:     640120 bytes,    2312992 total
[2022-07-20T11:01:40.866+0000][7][gc,age      ] GC(219) - age   3:       6656 bytes,    2319648 total
[2022-07-20T11:01:40.866+0000][7][gc,age      ] GC(219) - age   4:       5032 bytes,    2324680 total
[2022-07-20T11:01:40.866+0000][7][gc,age      ] GC(219) - age   5:       2520 bytes,    2327200 total
[2022-07-20T11:01:40.866+0000][7][gc,age      ] GC(219) - age   6:       1616 bytes,    2328816 total
[2022-07-20T11:01:40.866+0000][7][gc,age      ] GC(219) - age   7:      38400 bytes,    2367216 total
[2022-07-20T11:01:40.866+0000][7][gc,age      ] GC(219) - age   8:      15376 bytes,    2382592 total
[2022-07-20T11:01:40.866+0000][7][gc,age      ] GC(219) - age   9:       3704 bytes,    2386296 total
[2022-07-20T11:01:40.866+0000][7][gc,age      ] GC(219) - age  10:      16432 bytes,    2402728 total
[2022-07-20T11:01:40.866+0000][7][gc,age      ] GC(219) - age  11:      65008 bytes,    2467736 total
[2022-07-20T11:01:40.866+0000][7][gc,age      ] GC(219) - age  12:       3592 bytes,    2471328 total
[2022-07-20T11:01:40.866+0000][7][gc,age      ] GC(219) - age  14:       2376 bytes,    2473704 total
[2022-07-20T11:01:40.866+0000][7][gc,age      ] GC(219) - age  15:        224 bytes,    2473928 total
[2022-07-20T11:01:40.866+0000][7][gc,phases   ] GC(219)   Pre Evacuate Collection Set: 0.1ms
[2022-07-20T11:01:40.866+0000][7][gc,phases   ] GC(219)   Merge Heap Roots: 0.0ms
[2022-07-20T11:01:40.866+0000][7][gc,phases   ] GC(219)   Evacuate Collection Set: 2.9ms
[2022-07-20T11:01:40.866+0000][7][gc,phases   ] GC(219)   Post Evacuate Collection Set: 0.6ms
[2022-07-20T11:01:40.866+0000][7][gc,phases   ] GC(219)   Other: 0.3ms
[2022-07-20T11:01:40.866+0000][7][gc,heap     ] GC(219) Eden regions: 23->0(23)
[2022-07-20T11:01:40.866+0000][7][gc,heap     ] GC(219) Survivor regions: 1->1(3)
[2022-07-20T11:01:40.866+0000][7][gc,heap     ] GC(219) Old regions: 24->24
[2022-07-20T11:01:40.866+0000][7][gc,heap     ] GC(219) Archive regions: 2->2
[2022-07-20T11:01:40.866+0000][7][gc,heap     ] GC(219) Humongous regions: 2->2
[2022-07-20T11:01:40.866+0000][7][gc,metaspace] GC(219) Metaspace: 111418K(116344K)->111418K(116344K) NonClass: 97341K(100780K)->97341K(100780K) Class: 14076K(15564K)->14076K(15564K)
[2022-07-20T11:01:40.866+0000][7][gc          ] GC(219) Pause Young (Normal) (G1 Evacuation Pause) 201M->109M(256M) 3.930ms
[2022-07-20T11:01:40.866+0000][7][gc,cpu      ] GC(219) User=0.01s Sys=0.00s Real=0.01s
[2022-07-20T11:01:40.866+0000][7][safepoint   ] Safepoint "G1CollectForAllocation", Time since last: 9914001734 ns, Reaching safepoint: 126100 ns, At safepoint: 4034839 ns, Total: 4160939 ns
[2022-07-20T11:02:01.871+0000][7][safepoint   ] Safepoint "Cleanup", Time since last: 21004426461 ns, Reaching safepoint: 160944 ns, At safepoint: 9863 ns, Total: 170807 ns
[2022-07-20T11:02:04.871+0000][7][gc,start    ] GC(220) Pause Young (Concurrent Start) (G1 Evacuation Pause)
[2022-07-20T11:02:04.871+0000][7][gc,task     ] GC(220) Using 4 workers of 4 for evacuation
[2022-07-20T11:02:04.871+0000][7][gc,age      ] GC(220) Desired survivor size 6291456 bytes, new threshold 15 (max threshold 15)
[2022-07-20T11:02:04.876+0000][7][gc,age      ] GC(220) Age table with threshold 15 (max threshold 15)
[2022-07-20T11:02:04.876+0000][7][gc,age      ] GC(220) - age   1:     933456 bytes,     933456 total
[2022-07-20T11:02:04.876+0000][7][gc,age      ] GC(220) - age   2:     319000 bytes,    1252456 total
[2022-07-20T11:02:04.876+0000][7][gc,age      ] GC(220) - age   3:     411024 bytes,    1663480 total
[2022-07-20T11:02:04.876+0000][7][gc,age      ] GC(220) - age   4:       5792 bytes,    1669272 total
[2022-07-20T11:02:04.876+0000][7][gc,age      ] GC(220) - age   5:       4360 bytes,    1673632 total
[2022-07-20T11:02:04.876+0000][7][gc,age      ] GC(220) - age   6:       2392 bytes,    1676024 total
[2022-07-20T11:02:04.876+0000][7][gc,age      ] GC(220) - age   7:       1328 bytes,    1677352 total
[2022-07-20T11:02:04.876+0000][7][gc,age      ] GC(220) - age   8:      37584 bytes,    1714936 total
[2022-07-20T11:02:04.876+0000][7][gc,age      ] GC(220) - age   9:      15376 bytes,    1730312 total
[2022-07-20T11:02:04.876+0000][7][gc,age      ] GC(220) - age  10:       3608 bytes,    1733920 total
[2022-07-20T11:02:04.876+0000][7][gc,age      ] GC(220) - age  11:      16136 bytes,    1750056 total
[2022-07-20T11:02:04.877+0000][7][gc,age      ] GC(220) - age  12:      65008 bytes,    1815064 total
[2022-07-20T11:02:04.877+0000][7][gc,age      ] GC(220) - age  13:       3592 bytes,    1818656 total
[2022-07-20T11:02:04.877+0000][7][gc,age      ] GC(220) - age  15:       2376 bytes,    1821032 total
[2022-07-20T11:02:04.877+0000][7][gc,phases   ] GC(220)   Pre Evacuate Collection Set: 0.1ms
[2022-07-20T11:02:04.877+0000][7][gc,phases   ] GC(220)   Merge Heap Roots: 0.0ms
[2022-07-20T11:02:04.877+0000][7][gc,phases   ] GC(220)   Evacuate Collection Set: 3.2ms
[2022-07-20T11:02:04.877+0000][7][gc,phases   ] GC(220)   Post Evacuate Collection Set: 1.4ms
[2022-07-20T11:02:04.877+0000][7][gc,phases   ] GC(220)   Other: 0.5ms
[2022-07-20T11:02:04.877+0000][7][gc,heap     ] GC(220) Eden regions: 23->0(23)
[2022-07-20T11:02:04.877+0000][7][gc,heap     ] GC(220) Survivor regions: 1->1(3)
[2022-07-20T11:02:04.877+0000][7][gc,heap     ] GC(220) Old regions: 24->24
[2022-07-20T11:02:04.877+0000][7][gc,heap     ] GC(220) Archive regions: 2->2
[2022-07-20T11:02:04.877+0000][7][gc,heap     ] GC(220) Humongous regions: 2->2
[2022-07-20T11:02:04.877+0000][7][gc,metaspace] GC(220) Metaspace: 111419K(116344K)->111419K(116344K) NonClass: 97342K(100780K)->97342K(100780K) Class: 14076K(15564K)->14076K(15564K)
[2022-07-20T11:02:04.877+0000][7][gc          ] GC(220) Pause Young (Concurrent Start) (G1 Evacuation Pause) 201M->108M(256M) 5.454ms
[2022-07-20T11:02:04.877+0000][7][gc,cpu      ] GC(220) User=0.02s Sys=0.00s Real=0.01s
[2022-07-20T11:02:04.877+0000][7][safepoint   ] Safepoint "G1CollectForAllocation", Time since last: 3000282761 ns, Reaching safepoint: 108486 ns, At safepoint: 5553767 ns, Total: 5662253 ns
[2022-07-20T11:02:04.877+0000][7][gc          ] GC(221) Concurrent Cycle
[2022-07-20T11:02:04.877+0000][7][gc,marking  ] GC(221) Concurrent Clear Claimed Marks
[2022-07-20T11:02:04.877+0000][7][gc,marking  ] GC(221) Concurrent Clear Claimed Marks 0.130ms
[2022-07-20T11:02:04.877+0000][7][gc,marking  ] GC(221) Concurrent Scan Root Regions
[2022-07-20T11:02:04.880+0000][7][gc,marking  ] GC(221) Concurrent Scan Root Regions 3.303ms
[2022-07-20T11:02:04.880+0000][7][gc,marking  ] GC(221) Concurrent Mark (4672.532s)
[2022-07-20T11:02:04.880+0000][7][gc,marking  ] GC(221) Concurrent Mark From Roots
[2022-07-20T11:02:04.880+0000][7][gc,task     ] GC(221) Using 1 workers of 1 for marking
[2022-07-20T11:02:05.060+0000][7][gc,marking  ] GC(221) Concurrent Mark From Roots 179.185ms
[2022-07-20T11:02:05.060+0000][7][gc,marking  ] GC(221) Concurrent Preclean
[2022-07-20T11:02:05.060+0000][7][gc,marking  ] GC(221) Concurrent Preclean 0.221ms
[2022-07-20T11:02:05.060+0000][7][gc,marking  ] GC(221) Concurrent Mark (4672.532s, 4672.712s) 179.511ms
[2022-07-20T11:02:05.060+0000][7][gc,start    ] GC(221) Pause Remark
[2022-07-20T11:02:05.072+0000][7][gc          ] GC(221) Pause Remark 118M->118M(256M) 12.234ms
[2022-07-20T11:02:05.072+0000][7][gc,cpu      ] GC(221) User=0.05s Sys=0.00s Real=0.01s
[2022-07-20T11:02:05.072+0000][7][safepoint   ] Safepoint "G1Concurrent", Time since last: 183152328 ns, Reaching safepoint: 116937 ns, At safepoint: 12355837 ns, Total: 12472774 ns
[2022-07-20T11:02:05.073+0000][7][gc,marking  ] GC(221) Concurrent Rebuild Remembered Sets
[2022-07-20T11:02:05.161+0000][7][gc,marking  ] GC(221) Concurrent Rebuild Remembered Sets 88.282ms
[2022-07-20T11:02:05.161+0000][7][gc,start    ] GC(221) Pause Cleanup
[2022-07-20T11:02:05.161+0000][7][gc          ] GC(221) Pause Cleanup 118M->118M(256M) 0.109ms
[2022-07-20T11:02:05.161+0000][7][gc,cpu      ] GC(221) User=0.00s Sys=0.00s Real=0.00s
[2022-07-20T11:02:05.161+0000][7][safepoint   ] Safepoint "G1Concurrent", Time since last: 88449925 ns, Reaching safepoint: 130992 ns, At safepoint: 188733 ns, Total: 319725 ns
[2022-07-20T11:02:05.161+0000][7][gc,marking  ] GC(221) Concurrent Cleanup for Next Mark
[2022-07-20T11:02:05.162+0000][7][gc,marking  ] GC(221) Concurrent Cleanup for Next Mark 0.260ms
[2022-07-20T11:02:05.162+0000][7][gc          ] GC(221) Concurrent Cycle 284.718ms
[2022-07-20T11:02:21.165+0000][7][safepoint   ] Safepoint "Cleanup", Time since last: 16003359785 ns, Reaching safepoint: 120172 ns, At safepoint: 8083 ns, Total: 128255 ns
[2022-07-20T11:02:23.165+0000][7][safepoint   ] Safepoint "Cleanup", Time since last: 2000582381 ns, Reaching safepoint: 130683 ns, At safepoint: 7277 ns, Total: 137960 ns
[2022-07-20T11:02:26.166+0000][7][safepoint   ] Safepoint "Cleanup", Time since last: 3000542438 ns, Reaching safepoint: 146869 ns, At safepoint: 12439 ns, Total: 159308 ns
[2022-07-20T11:02:29.167+0000][7][safepoint   ] Safepoint "Cleanup", Time since last: 3000869988 ns, Reaching safepoint: 139492 ns, At safepoint: 7844 ns, Total: 147336 ns
[2022-07-20T11:02:31.168+0000][7][safepoint   ] Safepoint "Cleanup", Time since last: 2000289099 ns, Reaching safepoint: 169584 ns, At safepoint: 8524 ns, Total: 178108 ns
[2022-07-20T11:02:41.169+0000][7][safepoint   ] Safepoint "Cleanup", Time since last: 10001642743 ns, Reaching safepoint: 149372 ns, At safepoint: 8204 ns, Total: 157576 ns
[2022-07-20T11:02:46.852+0000][7][gc,start    ] GC(222) Pause Young (Normal) (G1 Evacuation Pause)
[2022-07-20T11:02:46.852+0000][7][gc,task     ] GC(222) Using 4 workers of 4 for evacuation
[2022-07-20T11:02:46.852+0000][7][gc,age      ] GC(222) Desired survivor size 6291456 bytes, new threshold 15 (max threshold 15)
[2022-07-20T11:02:46.855+0000][7][gc,age      ] GC(222) Age table with threshold 15 (max threshold 15)
[2022-07-20T11:02:46.855+0000][7][gc,age      ] GC(222) - age   1:    1149928 bytes,    1149928 total
[2022-07-20T11:02:46.855+0000][7][gc,age      ] GC(222) - age   2:     179976 bytes,    1329904 total
[2022-07-20T11:02:46.855+0000][7][gc,age      ] GC(222) - age   3:     172944 bytes,    1502848 total
[2022-07-20T11:02:46.855+0000][7][gc,age      ] GC(222) - age   4:     410768 bytes,    1913616 total
[2022-07-20T11:02:46.855+0000][7][gc,age      ] GC(222) - age   5:       5384 bytes,    1919000 total
[2022-07-20T11:02:46.855+0000][7][gc,age      ] GC(222) - age   6:       1352 bytes,    1920352 total
[2022-07-20T11:02:46.855+0000][7][gc,age      ] GC(222) - age   7:       2104 bytes,    1922456 total
[2022-07-20T11:02:46.855+0000][7][gc,age      ] GC(222) - age   8:        880 bytes,    1923336 total
[2022-07-20T11:02:46.855+0000][7][gc,age      ] GC(222) - age   9:      37584 bytes,    1960920 total
[2022-07-20T11:02:46.855+0000][7][gc,age      ] GC(222) - age  10:      15376 bytes,    1976296 total
[2022-07-20T11:02:46.855+0000][7][gc,age      ] GC(222) - age  11:       3544 bytes,    1979840 total
[2022-07-20T11:02:46.855+0000][7][gc,age      ] GC(222) - age  12:      16136 bytes,    1995976 total
[2022-07-20T11:02:46.855+0000][7][gc,age      ] GC(222) - age  13:      65008 bytes,    2060984 total
[2022-07-20T11:02:46.855+0000][7][gc,age      ] GC(222) - age  14:       3528 bytes,    2064512 total
[2022-07-20T11:02:46.855+0000][7][gc,phases   ] GC(222)   Pre Evacuate Collection Set: 0.1ms
[2022-07-20T11:02:46.855+0000][7][gc,phases   ] GC(222)   Merge Heap Roots: 0.0ms
[2022-07-20T11:02:46.855+0000][7][gc,phases   ] GC(222)   Evacuate Collection Set: 2.4ms
[2022-07-20T11:02:46.855+0000][7][gc,phases   ] GC(222)   Post Evacuate Collection Set: 0.5ms
[2022-07-20T11:02:46.855+0000][7][gc,phases   ] GC(222)   Other: 0.4ms
[2022-07-20T11:02:46.855+0000][7][gc,heap     ] GC(222) Eden regions: 23->0(23)
[2022-07-20T11:02:46.855+0000][7][gc,heap     ] GC(222) Survivor regions: 1->1(3)
[2022-07-20T11:02:46.855+0000][7][gc,heap     ] GC(222) Old regions: 24->24
[2022-07-20T11:02:46.855+0000][7][gc,heap     ] GC(222) Archive regions: 2->2
[2022-07-20T11:02:46.855+0000][7][gc,heap     ] GC(222) Humongous regions: 2->2
[2022-07-20T11:02:46.855+0000][7][gc,metaspace] GC(222) Metaspace: 111425K(116344K)->111425K(116344K) NonClass: 97348K(100780K)->97348K(100780K) Class: 14076K(15564K)->14076K(15564K)
[2022-07-20T11:02:46.855+0000][7][gc          ] GC(222) Pause Young (Normal) (G1 Evacuation Pause) 200M->109M(256M) 3.541ms
[2022-07-20T11:02:46.855+0000][7][gc,cpu      ] GC(222) User=0.01s Sys=0.00s Real=0.01s
[2022-07-20T11:02:46.855+0000][7][safepoint   ] Safepoint "G1CollectForAllocation", Time since last: 5682087007 ns, Reaching safepoint: 116571 ns, At safepoint: 3638747 ns, Total: 3755318 ns
[2022-07-20T11:02:54.857+0000][7][safepoint   ] Safepoint "Cleanup", Time since last: 8001532954 ns, Reaching safepoint: 132653 ns, At safepoint: 6727 ns, Total: 139380 ns
[2022-07-20T11:03:00.859+0000][7][safepoint   ] Safepoint "Cleanup", Time since last: 6001769633 ns, Reaching safepoint: 142192 ns, At safepoint: 14955 ns, Total: 157147 ns
[2022-07-20T11:03:01.859+0000][7][safepoint   ] Safepoint "Cleanup", Time since last: 1000195038 ns, Reaching safepoint: 141682 ns, At safepoint: 7831 ns, Total: 149513 ns
[2022-07-20T11:03:17.101+0000][7][gc,start    ] GC(223) Pause Young (Concurrent Start) (G1 Evacuation Pause)
[2022-07-20T11:03:17.101+0000][7][gc,task     ] GC(223) Using 4 workers of 4 for evacuation
[2022-07-20T11:03:17.101+0000][7][gc,age      ] GC(223) Desired survivor size 6291456 bytes, new threshold 15 (max threshold 15)
[2022-07-20T11:03:17.106+0000][7][gc,age      ] GC(223) Age table with threshold 15 (max threshold 15)
[2022-07-20T11:03:17.106+0000][7][gc,age      ] GC(223) - age   1:    1297608 bytes,    1297608 total
[2022-07-20T11:03:17.106+0000][7][gc,age      ] GC(223) - age   2:     559008 bytes,    1856616 total
[2022-07-20T11:03:17.106+0000][7][gc,age      ] GC(223) - age   3:     163344 bytes,    2019960 total
[2022-07-20T11:03:17.106+0000][7][gc,age      ] GC(223) - age   4:     172688 bytes,    2192648 total
[2022-07-20T11:03:17.106+0000][7][gc,age      ] GC(223) - age   5:     410192 bytes,    2602840 total
[2022-07-20T11:03:17.106+0000][7][gc,age      ] GC(223) - age   6:       4728 bytes,    2607568 total
[2022-07-20T11:03:17.106+0000][7][gc,age      ] GC(223) - age   7:       1352 bytes,    2608920 total
[2022-07-20T11:03:17.106+0000][7][gc,age      ] GC(223) - age   8:       2104 bytes,    2611024 total
[2022-07-20T11:03:17.106+0000][7][gc,age      ] GC(223) - age   9:        880 bytes,    2611904 total
[2022-07-20T11:03:17.106+0000][7][gc,age      ] GC(223) - age  10:      37008 bytes,    2648912 total
[2022-07-20T11:03:17.106+0000][7][gc,age      ] GC(223) - age  11:      15376 bytes,    2664288 total
[2022-07-20T11:03:17.106+0000][7][gc,age      ] GC(223) - age  12:       3544 bytes,    2667832 total
[2022-07-20T11:03:17.106+0000][7][gc,age      ] GC(223) - age  13:      16136 bytes,    2683968 total
[2022-07-20T11:03:17.106+0000][7][gc,age      ] GC(223) - age  14:      64888 bytes,    2748856 total
[2022-07-20T11:03:17.106+0000][7][gc,age      ] GC(223) - age  15:       3528 bytes,    2752384 total
[2022-07-20T11:03:17.106+0000][7][gc,phases   ] GC(223)   Pre Evacuate Collection Set: 0.1ms
[2022-07-20T11:03:17.106+0000][7][gc,phases   ] GC(223)   Merge Heap Roots: 0.0ms
[2022-07-20T11:03:17.106+0000][7][gc,phases   ] GC(223)   Evacuate Collection Set: 3.2ms
[2022-07-20T11:03:17.106+0000][7][gc,phases   ] GC(223)   Post Evacuate Collection Set: 0.7ms
[2022-07-20T11:03:17.106+0000][7][gc,phases   ] GC(223)   Other: 0.4ms
[2022-07-20T11:03:17.106+0000][7][gc,heap     ] GC(223) Eden regions: 23->0(23)
[2022-07-20T11:03:17.106+0000][7][gc,heap     ] GC(223) Survivor regions: 1->1(3)
[2022-07-20T11:03:17.106+0000][7][gc,heap     ] GC(223) Old regions: 24->24
[2022-07-20T11:03:17.106+0000][7][gc,heap     ] GC(223) Archive regions: 2->2
[2022-07-20T11:03:17.106+0000][7][gc,heap     ] GC(223) Humongous regions: 2->2
[2022-07-20T11:03:17.106+0000][7][gc,metaspace] GC(223) Metaspace: 111427K(116344K)->111427K(116344K) NonClass: 97350K(100780K)->97350K(100780K) Class: 14076K(15564K)->14076K(15564K)
[2022-07-20T11:03:17.106+0000][7][gc          ] GC(223) Pause Young (Concurrent Start) (G1 Evacuation Pause) 201M->109M(256M) 4.595ms
[2022-07-20T11:03:17.106+0000][7][gc,cpu      ] GC(223) User=0.01s Sys=0.00s Real=0.01s
[2022-07-20T11:03:17.106+0000][7][gc          ] GC(224) Concurrent Cycle
[2022-07-20T11:03:17.106+0000][7][safepoint   ] Safepoint "G1CollectForAllocation", Time since last: 15241964726 ns, Reaching safepoint: 134000 ns, At safepoint: 4695461 ns, Total: 4829461 ns
[2022-07-20T11:03:17.106+0000][7][gc,marking  ] GC(224) Concurrent Clear Claimed Marks
[2022-07-20T11:03:17.106+0000][7][gc,marking  ] GC(224) Concurrent Clear Claimed Marks 0.123ms
[2022-07-20T11:03:17.106+0000][7][gc,marking  ] GC(224) Concurrent Scan Root Regions
[2022-07-20T11:03:17.109+0000][7][gc,marking  ] GC(224) Concurrent Scan Root Regions 2.635ms
[2022-07-20T11:03:17.109+0000][7][gc,marking  ] GC(224) Concurrent Mark (4744.761s)
[2022-07-20T11:03:17.109+0000][7][gc,marking  ] GC(224) Concurrent Mark From Roots
[2022-07-20T11:03:17.109+0000][7][gc,task     ] GC(224) Using 1 workers of 1 for marking
[2022-07-20T11:03:17.256+0000][7][gc,marking  ] GC(224) Concurrent Mark From Roots 146.796ms
[2022-07-20T11:03:17.256+0000][7][gc,marking  ] GC(224) Concurrent Preclean
[2022-07-20T11:03:17.256+0000][7][gc,marking  ] GC(224) Concurrent Preclean 0.221ms
[2022-07-20T11:03:17.256+0000][7][gc,marking  ] GC(224) Concurrent Mark (4744.761s, 4744.908s) 147.107ms
[2022-07-20T11:03:17.256+0000][7][gc,start    ] GC(224) Pause Remark
[2022-07-20T11:03:17.270+0000][7][gc          ] GC(224) Pause Remark 112M->112M(256M) 13.370ms
[2022-07-20T11:03:17.270+0000][7][gc,cpu      ] GC(224) User=0.05s Sys=0.00s Real=0.01s
[2022-07-20T11:03:17.270+0000][7][safepoint   ] Safepoint "G1Concurrent", Time since last: 149998736 ns, Reaching safepoint: 137223 ns, At safepoint: 13507342 ns, Total: 13644565 ns
[2022-07-20T11:03:17.270+0000][7][gc,marking  ] GC(224) Concurrent Rebuild Remembered Sets
[2022-07-20T11:03:17.357+0000][7][gc,marking  ] GC(224) Concurrent Rebuild Remembered Sets 87.361ms
[2022-07-20T11:03:17.357+0000][7][gc,start    ] GC(224) Pause Cleanup
[2022-07-20T11:03:17.357+0000][7][gc          ] GC(224) Pause Cleanup 112M->112M(256M) 0.108ms
[2022-07-20T11:03:17.357+0000][7][gc,cpu      ] GC(224) User=0.00s Sys=0.00s Real=0.00s
[2022-07-20T11:03:17.357+0000][7][safepoint   ] Safepoint "G1Concurrent", Time since last: 87466500 ns, Reaching safepoint: 138301 ns, At safepoint: 178573 ns, Total: 316874 ns
[2022-07-20T11:03:17.357+0000][7][gc,marking  ] GC(224) Concurrent Cleanup for Next Mark
[2022-07-20T11:03:17.358+0000][7][gc,marking  ] GC(224) Concurrent Cleanup for Next Mark 0.242ms
[2022-07-20T11:03:17.358+0000][7][gc          ] GC(224) Concurrent Cycle 251.748ms
[2022-07-20T11:03:50.365+0000][7][safepoint   ] Safepoint "Cleanup", Time since last: 33007400392 ns, Reaching safepoint: 156665 ns, At safepoint: 8351 ns, Total: 165016 ns
[2022-07-20T11:03:53.366+0000][7][safepoint   ] Safepoint "Cleanup", Time since last: 3000718139 ns, Reaching safepoint: 114523 ns, At safepoint: 7611 ns, Total: 122134 ns
[2022-07-20T11:03:54.158+0000][7][gc,start    ] GC(225) Pause Young (Normal) (G1 Evacuation Pause)
[2022-07-20T11:03:54.158+0000][7][gc,task     ] GC(225) Using 4 workers of 4 for evacuation
[2022-07-20T11:03:54.158+0000][7][gc,age      ] GC(225) Desired survivor size 6291456 bytes, new threshold 15 (max threshold 15)
[2022-07-20T11:03:54.162+0000][7][gc,age      ] GC(225) Age table with threshold 15 (max threshold 15)
[2022-07-20T11:03:54.162+0000][7][gc,age      ] GC(225) - age   1:     794968 bytes,     794968 total
[2022-07-20T11:03:54.162+0000][7][gc,age      ] GC(225) - age   2:      52512 bytes,     847480 total
[2022-07-20T11:03:54.162+0000][7][gc,age      ] GC(225) - age   3:      40240 bytes,     887720 total
[2022-07-20T11:03:54.162+0000][7][gc,age      ] GC(225) - age   4:      20440 bytes,     908160 total
[2022-07-20T11:03:54.162+0000][7][gc,age      ] GC(225) - age   5:     172688 bytes,    1080848 total
[2022-07-20T11:03:54.162+0000][7][gc,age      ] GC(225) - age   6:     392152 bytes,    1473000 total
[2022-07-20T11:03:54.162+0000][7][gc,age      ] GC(225) - age   7:       4416 bytes,    1477416 total
[2022-07-20T11:03:54.162+0000][7][gc,age      ] GC(225) - age   8:       1352 bytes,    1478768 total
[2022-07-20T11:03:54.162+0000][7][gc,age      ] GC(225) - age   9:       2104 bytes,    1480872 total
[2022-07-20T11:03:54.162+0000][7][gc,age      ] GC(225) - age  10:        880 bytes,    1481752 total
[2022-07-20T11:03:54.162+0000][7][gc,age      ] GC(225) - age  11:      35656 bytes,    1517408 total
[2022-07-20T11:03:54.162+0000][7][gc,age      ] GC(225) - age  12:      15376 bytes,    1532784 total
[2022-07-20T11:03:54.162+0000][7][gc,age      ] GC(225) - age  13:       3544 bytes,    1536328 total
[2022-07-20T11:03:54.162+0000][7][gc,age      ] GC(225) - age  14:       4880 bytes,    1541208 total
[2022-07-20T11:03:54.162+0000][7][gc,age      ] GC(225) - age  15:        920 bytes,    1542128 total
[2022-07-20T11:03:54.163+0000][7][gc,phases   ] GC(225)   Pre Evacuate Collection Set: 0.0ms
[2022-07-20T11:03:54.163+0000][7][gc,phases   ] GC(225)   Merge Heap Roots: 0.0ms
[2022-07-20T11:03:54.163+0000][7][gc,phases   ] GC(225)   Evacuate Collection Set: 2.9ms
[2022-07-20T11:03:54.163+0000][7][gc,phases   ] GC(225)   Post Evacuate Collection Set: 1.4ms
[2022-07-20T11:03:54.163+0000][7][gc,phases   ] GC(225)   Other: 0.3ms
[2022-07-20T11:03:54.163+0000][7][gc,heap     ] GC(225) Eden regions: 23->0(24)
[2022-07-20T11:03:54.163+0000][7][gc,heap     ] GC(225) Survivor regions: 1->1(3)
[2022-07-20T11:03:54.163+0000][7][gc,heap     ] GC(225) Old regions: 24->24
[2022-07-20T11:03:54.163+0000][7][gc,heap     ] GC(225) Archive regions: 2->2
[2022-07-20T11:03:54.163+0000][7][gc,heap     ] GC(225) Humongous regions: 2->2
[2022-07-20T11:03:54.163+0000][7][gc,metaspace] GC(225) Metaspace: 111427K(116344K)->111427K(116344K) NonClass: 97350K(100780K)->97350K(100780K) Class: 14076K(15564K)->14076K(15564K)
[2022-07-20T11:03:54.163+0000][7][gc          ] GC(225) Pause Young (Normal) (G1 Evacuation Pause) 201M->108M(256M) 4.780ms
[2022-07-20T11:03:54.163+0000][7][gc,cpu      ] GC(225) User=0.01s Sys=0.00s Real=0.01s
[2022-07-20T11:03:54.163+0000][7][safepoint   ] Safepoint "G1CollectForAllocation", Time since last: 791890440 ns, Reaching safepoint: 187456 ns, At safepoint: 4870759 ns, Total: 5058215 ns
[2022-07-20T11:03:56.163+0000][7][safepoint   ] Safepoint "Cleanup", Time since last: 2000198404 ns, Reaching safepoint: 171078 ns, At safepoint: 7378 ns, Total: 178456 ns
[2022-07-20T11:04:01.165+0000][7][safepoint   ] Safepoint "Cleanup", Time since last: 5001684920 ns, Reaching safepoint: 150628 ns, At safepoint: 7603 ns, Total: 158231 ns
[2022-07-20T11:04:06.166+0000][7][safepoint   ] Safepoint "Cleanup", Time since last: 5001065866 ns, Reaching safepoint: 93569 ns, At safepoint: 6074 ns, Total: 99643 ns
[2022-07-20T11:04:17.168+0000][7][safepoint   ] Safepoint "Cleanup", Time since last: 11001195680 ns, Reaching safepoint: 148941 ns, At safepoint: 6760 ns, Total: 155701 ns
[2022-07-20T11:04:29.171+0000][7][safepoint   ] Safepoint "Cleanup", Time since last: 12003267236 ns, Reaching safepoint: 131763 ns, At safepoint: 9303 ns, Total: 141066 ns
[2022-07-20T11:04:31.171+0000][7][safepoint   ] Safepoint "Cleanup", Time since last: 2000401840 ns, Reaching safepoint: 103243 ns, At safepoint: 5915 ns, Total: 109158 ns
[2022-07-20T11:04:52.893+0000][7][gc,start    ] GC(226) Pause Young (Concurrent Start) (G1 Evacuation Pause)
[2022-07-20T11:04:52.893+0000][7][gc,task     ] GC(226) Using 4 workers of 4 for evacuation
[2022-07-20T11:04:52.893+0000][7][gc,age      ] GC(226) Desired survivor size 8388608 bytes, new threshold 15 (max threshold 15)
[2022-07-20T11:04:52.897+0000][7][gc,age      ] GC(226) Age table with threshold 15 (max threshold 15)
[2022-07-20T11:04:52.897+0000][7][gc,age      ] GC(226) - age   1:    1904712 bytes,    1904712 total
[2022-07-20T11:04:52.897+0000][7][gc,age      ] GC(226) - age   2:     334536 bytes,    2239248 total
[2022-07-20T11:04:52.897+0000][7][gc,age      ] GC(226) - age   3:      49928 bytes,    2289176 total
[2022-07-20T11:04:52.897+0000][7][gc,age      ] GC(226) - age   4:       3664 bytes,    2292840 total
[2022-07-20T11:04:52.897+0000][7][gc,age      ] GC(226) - age   5:      20280 bytes,    2313120 total
[2022-07-20T11:04:52.897+0000][7][gc,age      ] GC(226) - age   6:     172040 bytes,    2485160 total
[2022-07-20T11:04:52.897+0000][7][gc,age      ] GC(226) - age   7:     392152 bytes,    2877312 total
[2022-07-20T11:04:52.897+0000][7][gc,age      ] GC(226) - age   8:       4320 bytes,    2881632 total
[2022-07-20T11:04:52.897+0000][7][gc,age      ] GC(226) - age   9:       1080 bytes,    2882712 total
[2022-07-20T11:04:52.897+0000][7][gc,age      ] GC(226) - age  10:       1912 bytes,    2884624 total
[2022-07-20T11:04:52.897+0000][7][gc,age      ] GC(226) - age  11:        880 bytes,    2885504 total
[2022-07-20T11:04:52.897+0000][7][gc,age      ] GC(226) - age  12:      35656 bytes,    2921160 total
[2022-07-20T11:04:52.897+0000][7][gc,age      ] GC(226) - age  13:      15376 bytes,    2936536 total
[2022-07-20T11:04:52.897+0000][7][gc,age      ] GC(226) - age  14:       3360 bytes,    2939896 total
[2022-07-20T11:04:52.897+0000][7][gc,age      ] GC(226) - age  15:       4880 bytes,    2944776 total
[2022-07-20T11:04:52.897+0000][7][gc,phases   ] GC(226)   Pre Evacuate Collection Set: 0.1ms
[2022-07-20T11:04:52.897+0000][7][gc,phases   ] GC(226)   Merge Heap Roots: 0.0ms
[2022-07-20T11:04:52.897+0000][7][gc,phases   ] GC(226)   Evacuate Collection Set: 3.6ms
[2022-07-20T11:04:52.897+0000][7][gc,phases   ] GC(226)   Post Evacuate Collection Set: 0.5ms
[2022-07-20T11:04:52.897+0000][7][gc,phases   ] GC(226)   Other: 0.4ms
[2022-07-20T11:04:52.897+0000][7][gc,heap     ] GC(226) Eden regions: 24->0(23)
[2022-07-20T11:04:52.897+0000][7][gc,heap     ] GC(226) Survivor regions: 1->1(4)
[2022-07-20T11:04:52.897+0000][7][gc,heap     ] GC(226) Old regions: 24->24
[2022-07-20T11:04:52.897+0000][7][gc,heap     ] GC(226) Archive regions: 2->2
[2022-07-20T11:04:52.897+0000][7][gc,heap     ] GC(226) Humongous regions: 2->2
[2022-07-20T11:04:52.897+0000][7][gc,metaspace] GC(226) Metaspace: 111449K(116600K)->111449K(116600K) NonClass: 97370K(101036K)->97370K(101036K) Class: 14079K(15564K)->14079K(15564K)
[2022-07-20T11:04:52.897+0000][7][gc          ] GC(226) Pause Young (Concurrent Start) (G1 Evacuation Pause) 204M->110M(256M) 4.797ms
[2022-07-20T11:04:52.897+0000][7][gc,cpu      ] GC(226) User=0.02s Sys=0.00s Real=0.01s
[2022-07-20T11:04:52.898+0000][7][gc          ] GC(227) Concurrent Cycle
[2022-07-20T11:04:52.898+0000][7][safepoint   ] Safepoint "G1CollectForAllocation", Time since last: 21721063525 ns, Reaching safepoint: 113177 ns, At safepoint: 4911120 ns, Total: 5024297 ns
[2022-07-20T11:04:52.898+0000][7][gc,marking  ] GC(227) Concurrent Clear Claimed Marks
[2022-07-20T11:04:52.898+0000][7][gc,marking  ] GC(227) Concurrent Clear Claimed Marks 0.126ms
[2022-07-20T11:04:52.898+0000][7][gc,marking  ] GC(227) Concurrent Scan Root Regions
[2022-07-20T11:04:52.901+0000][7][gc,marking  ] GC(227) Concurrent Scan Root Regions 3.023ms
[2022-07-20T11:04:52.901+0000][7][gc,marking  ] GC(227) Concurrent Mark (4840.553s)
[2022-07-20T11:04:52.901+0000][7][gc,marking  ] GC(227) Concurrent Mark From Roots
[2022-07-20T11:04:52.901+0000][7][gc,task     ] GC(227) Using 1 workers of 1 for marking
[2022-07-20T11:04:53.052+0000][7][gc,marking  ] GC(227) Concurrent Mark From Roots 150.958ms
[2022-07-20T11:04:53.052+0000][7][gc,marking  ] GC(227) Concurrent Preclean
[2022-07-20T11:04:53.052+0000][7][gc,marking  ] GC(227) Concurrent Preclean 0.211ms
[2022-07-20T11:04:53.052+0000][7][gc,marking  ] GC(227) Concurrent Mark (4840.553s, 4840.704s) 151.257ms
[2022-07-20T11:04:53.052+0000][7][gc,start    ] GC(227) Pause Remark
[2022-07-20T11:04:53.068+0000][7][gc          ] GC(227) Pause Remark 130M->130M(256M) 15.723ms
[2022-07-20T11:04:53.068+0000][7][gc,cpu      ] GC(227) User=0.05s Sys=0.00s Real=0.02s
[2022-07-20T11:04:53.068+0000][7][safepoint   ] Safepoint "G1Concurrent", Time since last: 154512008 ns, Reaching safepoint: 147603 ns, At safepoint: 15841413 ns, Total: 15989016 ns
[2022-07-20T11:04:53.068+0000][7][gc,marking  ] GC(227) Concurrent Rebuild Remembered Sets
[2022-07-20T11:04:53.160+0000][7][gc,marking  ] GC(227) Concurrent Rebuild Remembered Sets 91.541ms
[2022-07-20T11:04:53.160+0000][7][gc,start    ] GC(227) Pause Cleanup
[2022-07-20T11:04:53.160+0000][7][gc          ] GC(227) Pause Cleanup 131M->131M(256M) 0.073ms
[2022-07-20T11:04:53.160+0000][7][gc,cpu      ] GC(227) User=0.00s Sys=0.00s Real=0.00s
[2022-07-20T11:04:53.160+0000][7][safepoint   ] Safepoint "G1Concurrent", Time since last: 91709090 ns, Reaching safepoint: 138520 ns, At safepoint: 128680 ns, Total: 267200 ns
[2022-07-20T11:04:53.160+0000][7][gc,marking  ] GC(227) Concurrent Cleanup for Next Mark
[2022-07-20T11:04:53.160+0000][7][gc,marking  ] GC(227) Concurrent Cleanup for Next Mark 0.294ms
[2022-07-20T11:04:53.160+0000][7][gc          ] GC(227) Concurrent Cycle 262.893ms
[2022-07-20T11:04:56.161+0000][7][safepoint   ] Safepoint "Cleanup", Time since last: 3000899344 ns, Reaching safepoint: 128953 ns, At safepoint: 8999 ns, Total: 137952 ns
[2022-07-20T11:05:01.163+0000][7][safepoint   ] Safepoint "Cleanup", Time since last: 5001426840 ns, Reaching safepoint: 136139 ns, At safepoint: 5993 ns, Total: 142132 ns
[2022-07-20T11:05:02.163+0000][7][safepoint   ] Safepoint "Cleanup", Time since last: 1000290548 ns, Reaching safepoint: 134908 ns, At safepoint: 8130 ns, Total: 143038 ns
[2022-07-20T11:05:05.164+0000][7][safepoint   ] Safepoint "Cleanup", Time since last: 3000582604 ns, Reaching safepoint: 105704 ns, At safepoint: 5659 ns, Total: 111363 ns
[2022-07-20T11:05:17.167+0000][7][safepoint   ] Safepoint "Cleanup", Time since last: 12003049391 ns, Reaching safepoint: 189302 ns, At safepoint: 9721 ns, Total: 199023 ns
[2022-07-20T11:05:27.169+0000][7][safepoint   ] Safepoint "Cleanup", Time since last: 10001762190 ns, Reaching safepoint: 152669 ns, At safepoint: 6292 ns, Total: 158961 ns
[2022-07-20T11:05:28.902+0000][7][gc,start    ] GC(228) Pause Young (Normal) (G1 Evacuation Pause)
[2022-07-20T11:05:28.902+0000][7][gc,task     ] GC(228) Using 4 workers of 4 for evacuation
[2022-07-20T11:05:28.902+0000][7][gc,age      ] GC(228) Desired survivor size 6291456 bytes, new threshold 15 (max threshold 15)
[2022-07-20T11:05:28.908+0000][7][gc,age      ] GC(228) Age table with threshold 15 (max threshold 15)
[2022-07-20T11:05:28.908+0000][7][gc,age      ] GC(228) - age   1:    1623312 bytes,    1623312 total
[2022-07-20T11:05:28.908+0000][7][gc,age      ] GC(228) - age   2:     120704 bytes,    1744016 total
[2022-07-20T11:05:28.908+0000][7][gc,age      ] GC(228) - age   3:     148592 bytes,    1892608 total
[2022-07-20T11:05:28.908+0000][7][gc,age      ] GC(228) - age   4:       4560 bytes,    1897168 total
[2022-07-20T11:05:28.908+0000][7][gc,age      ] GC(228) - age   5:       3344 bytes,    1900512 total
[2022-07-20T11:05:28.908+0000][7][gc,age      ] GC(228) - age   6:      19840 bytes,    1920352 total
[2022-07-20T11:05:28.908+0000][7][gc,age      ] GC(228) - age   7:     172040 bytes,    2092392 total
[2022-07-20T11:05:28.908+0000][7][gc,age      ] GC(228) - age   8:     391888 bytes,    2484280 total
[2022-07-20T11:05:28.908+0000][7][gc,age      ] GC(228) - age   9:       3736 bytes,    2488016 total
[2022-07-20T11:05:28.908+0000][7][gc,age      ] GC(228) - age  10:       1080 bytes,    2489096 total
[2022-07-20T11:05:28.908+0000][7][gc,age      ] GC(228) - age  11:       1912 bytes,    2491008 total
[2022-07-20T11:05:28.908+0000][7][gc,age      ] GC(228) - age  12:        880 bytes,    2491888 total
[2022-07-20T11:05:28.908+0000][7][gc,age      ] GC(228) - age  13:      35528 bytes,    2527416 total
[2022-07-20T11:05:28.908+0000][7][gc,age      ] GC(228) - age  14:      15376 bytes,    2542792 total
[2022-07-20T11:05:28.908+0000][7][gc,age      ] GC(228) - age  15:       3360 bytes,    2546152 total
[2022-07-20T11:05:28.908+0000][7][gc,phases   ] GC(228)   Pre Evacuate Collection Set: 0.1ms
[2022-07-20T11:05:28.908+0000][7][gc,phases   ] GC(228)   Merge Heap Roots: 0.5ms
[2022-07-20T11:05:28.908+0000][7][gc,phases   ] GC(228)   Evacuate Collection Set: 4.0ms
[2022-07-20T11:05:28.908+0000][7][gc,phases   ] GC(228)   Post Evacuate Collection Set: 1.1ms
[2022-07-20T11:05:28.908+0000][7][gc,phases   ] GC(228)   Other: 0.4ms
[2022-07-20T11:05:28.908+0000][7][gc,heap     ] GC(228) Eden regions: 23->0(23)
[2022-07-20T11:05:28.908+0000][7][gc,heap     ] GC(228) Survivor regions: 1->1(3)
[2022-07-20T11:05:28.908+0000][7][gc,heap     ] GC(228) Old regions: 24->24
[2022-07-20T11:05:28.908+0000][7][gc,heap     ] GC(228) Archive regions: 2->2
[2022-07-20T11:05:28.908+0000][7][gc,heap     ] GC(228) Humongous regions: 2->2
[2022-07-20T11:05:28.908+0000][7][gc,metaspace] GC(228) Metaspace: 111449K(116600K)->111449K(116600K) NonClass: 97370K(101036K)->97370K(101036K) Class: 14079K(15564K)->14079K(15564K)
[2022-07-20T11:05:28.908+0000][7][gc          ] GC(228) Pause Young (Normal) (G1 Evacuation Pause) 202M->109M(256M) 6.112ms
[2022-07-20T11:05:28.908+0000][7][gc,cpu      ] GC(228) User=0.01s Sys=0.00s Real=0.01s
[2022-07-20T11:05:28.908+0000][7][safepoint   ] Safepoint "G1CollectForAllocation", Time since last: 1732908670 ns, Reaching safepoint: 106616 ns, At safepoint: 6227490 ns, Total: 6334106 ns
[2022-07-20T11:05:29.908+0000][7][safepoint   ] Safepoint "Cleanup", Time since last: 1000159421 ns, Reaching safepoint: 135957 ns, At safepoint: 4946 ns, Total: 140903 ns
[2022-07-20T11:05:30.909+0000][7][safepoint   ] Safepoint "Cleanup", Time since last: 1000404941 ns, Reaching safepoint: 129466 ns, At safepoint: 7694 ns, Total: 137160 ns
[2022-07-20T11:05:41.911+0000][7][safepoint   ] Safepoint "Cleanup", Time since last: 11002094412 ns, Reaching safepoint: 120845 ns, At safepoint: 5663 ns, Total: 126508 ns
[2022-07-20T11:05:43.912+0000][7][safepoint   ] Safepoint "Cleanup", Time since last: 2000405533 ns, Reaching safepoint: 146240 ns, At safepoint: 6643 ns, Total: 152883 ns
[2022-07-20T11:05:59.915+0000][7][safepoint   ] Safepoint "Cleanup", Time since last: 16003485681 ns, Reaching safepoint: 146422 ns, At safepoint: 7455 ns, Total: 153877 ns
[2022-07-20T11:06:00.916+0000][7][safepoint   ] Safepoint "Cleanup", Time since last: 1000263877 ns, Reaching safepoint: 166971 ns, At safepoint: 15177 ns, Total: 182148 ns
[2022-07-20T11:06:01.342+0000][7][gc,start    ] GC(229) Pause Young (Concurrent Start) (G1 Evacuation Pause)
[2022-07-20T11:06:01.342+0000][7][gc,task     ] GC(229) Using 4 workers of 4 for evacuation
[2022-07-20T11:06:01.342+0000][7][gc,age      ] GC(229) Desired survivor size 6291456 bytes, new threshold 15 (max threshold 15)
[2022-07-20T11:06:01.345+0000][7][gc,age      ] GC(229) Age table with threshold 15 (max threshold 15)
[2022-07-20T11:06:01.345+0000][7][gc,age      ] GC(229) - age   1:    1077160 bytes,    1077160 total
[2022-07-20T11:06:01.345+0000][7][gc,age      ] GC(229) - age   2:     319504 bytes,    1396664 total
[2022-07-20T11:06:01.345+0000][7][gc,age      ] GC(229) - age   3:       9144 bytes,    1405808 total
[2022-07-20T11:06:01.345+0000][7][gc,age      ] GC(229) - age   4:       4752 bytes,    1410560 total
[2022-07-20T11:06:01.345+0000][7][gc,age      ] GC(229) - age   5:       4208 bytes,    1414768 total
[2022-07-20T11:06:01.345+0000][7][gc,age      ] GC(229) - age   6:       3184 bytes,    1417952 total
[2022-07-20T11:06:01.345+0000][7][gc,age      ] GC(229) - age   7:      19776 bytes,    1437728 total
[2022-07-20T11:06:01.345+0000][7][gc,age      ] GC(229) - age   8:     171584 bytes,    1609312 total
[2022-07-20T11:06:01.345+0000][7][gc,age      ] GC(229) - age   9:     383456 bytes,    1992768 total
[2022-07-20T11:06:01.345+0000][7][gc,age      ] GC(229) - age  10:       3640 bytes,    1996408 total
[2022-07-20T11:06:01.345+0000][7][gc,age      ] GC(229) - age  11:        920 bytes,    1997328 total
[2022-07-20T11:06:01.345+0000][7][gc,age      ] GC(229) - age  12:       1752 bytes,    1999080 total
[2022-07-20T11:06:01.346+0000][7][gc,age      ] GC(229) - age  13:        880 bytes,    1999960 total
[2022-07-20T11:06:01.346+0000][7][gc,age      ] GC(229) - age  14:      35528 bytes,    2035488 total
[2022-07-20T11:06:01.346+0000][7][gc,age      ] GC(229) - age  15:      15376 bytes,    2050864 total
[2022-07-20T11:06:01.346+0000][7][gc,phases   ] GC(229)   Pre Evacuate Collection Set: 0.2ms
[2022-07-20T11:06:01.346+0000][7][gc,phases   ] GC(229)   Merge Heap Roots: 0.1ms
[2022-07-20T11:06:01.346+0000][7][gc,phases   ] GC(229)   Evacuate Collection Set: 2.5ms
[2022-07-20T11:06:01.346+0000][7][gc,phases   ] GC(229)   Post Evacuate Collection Set: 0.6ms
[2022-07-20T11:06:01.346+0000][7][gc,phases   ] GC(229)   Other: 0.4ms
[2022-07-20T11:06:01.346+0000][7][gc,heap     ] GC(229) Eden regions: 23->0(23)
[2022-07-20T11:06:01.346+0000][7][gc,heap     ] GC(229) Survivor regions: 1->1(3)
[2022-07-20T11:06:01.346+0000][7][gc,heap     ] GC(229) Old regions: 24->24
[2022-07-20T11:06:01.346+0000][7][gc,heap     ] GC(229) Archive regions: 2->2
[2022-07-20T11:06:01.346+0000][7][gc,heap     ] GC(229) Humongous regions: 2->2
[2022-07-20T11:06:01.346+0000][7][gc,metaspace] GC(229) Metaspace: 111453K(116600K)->111453K(116600K) NonClass: 97374K(101036K)->97374K(101036K) Class: 14079K(15564K)->14079K(15564K)
[2022-07-20T11:06:01.346+0000][7][gc          ] GC(229) Pause Young (Concurrent Start) (G1 Evacuation Pause) 201M->109M(256M) 3.728ms
[2022-07-20T11:06:01.346+0000][7][gc,cpu      ] GC(229) User=0.01s Sys=0.00s Real=0.01s
[2022-07-20T11:06:01.346+0000][7][gc          ] GC(230) Concurrent Cycle
[2022-07-20T11:06:01.346+0000][7][safepoint   ] Safepoint "G1CollectForAllocation", Time since last: 425956659 ns, Reaching safepoint: 91237 ns, At safepoint: 3812510 ns, Total: 3903747 ns
[2022-07-20T11:06:01.346+0000][7][gc,marking  ] GC(230) Concurrent Clear Claimed Marks
[2022-07-20T11:06:01.346+0000][7][gc,marking  ] GC(230) Concurrent Clear Claimed Marks 0.096ms
[2022-07-20T11:06:01.346+0000][7][gc,marking  ] GC(230) Concurrent Scan Root Regions
[2022-07-20T11:06:01.349+0000][7][gc,marking  ] GC(230) Concurrent Scan Root Regions 2.909ms
[2022-07-20T11:06:01.349+0000][7][gc,marking  ] GC(230) Concurrent Mark (4909.001s)
[2022-07-20T11:06:01.349+0000][7][gc,marking  ] GC(230) Concurrent Mark From Roots
[2022-07-20T11:06:01.349+0000][7][gc,task     ] GC(230) Using 1 workers of 1 for marking
[2022-07-20T11:06:01.508+0000][7][gc,marking  ] GC(230) Concurrent Mark From Roots 159.533ms
[2022-07-20T11:06:01.508+0000][7][gc,marking  ] GC(230) Concurrent Preclean
[2022-07-20T11:06:01.509+0000][7][gc,marking  ] GC(230) Concurrent Preclean 0.186ms
[2022-07-20T11:06:01.509+0000][7][gc,marking  ] GC(230) Concurrent Mark (4909.001s, 4909.161s) 159.807ms
[2022-07-20T11:06:01.509+0000][7][gc,start    ] GC(230) Pause Remark
[2022-07-20T11:06:01.522+0000][7][gc          ] GC(230) Pause Remark 110M->110M(256M) 13.266ms
[2022-07-20T11:06:01.522+0000][7][gc,cpu      ] GC(230) User=0.05s Sys=0.00s Real=0.01s
[2022-07-20T11:06:01.522+0000][7][safepoint   ] Safepoint "G1Concurrent", Time since last: 162956987 ns, Reaching safepoint: 164548 ns, At safepoint: 13404790 ns, Total: 13569338 ns
[2022-07-20T11:06:01.522+0000][7][gc,marking  ] GC(230) Concurrent Rebuild Remembered Sets
[2022-07-20T11:06:01.615+0000][7][gc,marking  ] GC(230) Concurrent Rebuild Remembered Sets 92.301ms
[2022-07-20T11:06:01.615+0000][7][gc,start    ] GC(230) Pause Cleanup
[2022-07-20T11:06:01.615+0000][7][gc          ] GC(230) Pause Cleanup 110M->110M(256M) 0.078ms
[2022-07-20T11:06:01.615+0000][7][gc,cpu      ] GC(230) User=0.00s Sys=0.00s Real=0.00s
[2022-07-20T11:06:01.615+0000][7][safepoint   ] Safepoint "G1Concurrent", Time since last: 92426109 ns, Reaching safepoint: 99279 ns, At safepoint: 130956 ns, Total: 230235 ns
[2022-07-20T11:06:01.615+0000][7][gc,marking  ] GC(230) Concurrent Cleanup for Next Mark
[2022-07-20T11:06:01.615+0000][7][gc,marking  ] GC(230) Concurrent Cleanup for Next Mark 0.252ms
[2022-07-20T11:06:01.615+0000][7][gc          ] GC(230) Concurrent Cycle 269.504ms
[2022-07-20T11:06:29.621+0000][7][safepoint   ] Safepoint "Cleanup", Time since last: 28006273133 ns, Reaching safepoint: 159061 ns, At safepoint: 6774 ns, Total: 165835 ns
[2022-07-20T11:06:41.342+0000][7][gc,start    ] GC(231) Pause Young (Normal) (G1 Evacuation Pause)
[2022-07-20T11:06:41.342+0000][7][gc,task     ] GC(231) Using 4 workers of 4 for evacuation
[2022-07-20T11:06:41.342+0000][7][gc,age      ] GC(231) Desired survivor size 6291456 bytes, new threshold 15 (max threshold 15)
[2022-07-20T11:06:41.346+0000][7][gc,age      ] GC(231) Age table with threshold 15 (max threshold 15)
[2022-07-20T11:06:41.346+0000][7][gc,age      ] GC(231) - age   1:    1173752 bytes,    1173752 total
[2022-07-20T11:06:41.346+0000][7][gc,age      ] GC(231) - age   2:     286392 bytes,    1460144 total
[2022-07-20T11:06:41.346+0000][7][gc,age      ] GC(231) - age   3:      30480 bytes,    1490624 total
[2022-07-20T11:06:41.346+0000][7][gc,age      ] GC(231) - age   4:       8792 bytes,    1499416 total
[2022-07-20T11:06:41.346+0000][7][gc,age      ] GC(231) - age   5:       4512 bytes,    1503928 total
[2022-07-20T11:06:41.346+0000][7][gc,age      ] GC(231) - age   6:       3672 bytes,    1507600 total
[2022-07-20T11:06:41.346+0000][7][gc,age      ] GC(231) - age   7:       3120 bytes,    1510720 total
[2022-07-20T11:06:41.346+0000][7][gc,age      ] GC(231) - age   8:       1264 bytes,    1511984 total
[2022-07-20T11:06:41.346+0000][7][gc,age      ] GC(231) - age   9:     123664 bytes,    1635648 total
[2022-07-20T11:06:41.346+0000][7][gc,age      ] GC(231) - age  10:     383392 bytes,    2019040 total
[2022-07-20T11:06:41.346+0000][7][gc,age      ] GC(231) - age  11:       3640 bytes,    2022680 total
[2022-07-20T11:06:41.346+0000][7][gc,age      ] GC(231) - age  12:        920 bytes,    2023600 total
[2022-07-20T11:06:41.346+0000][7][gc,age      ] GC(231) - age  13:       1752 bytes,    2025352 total
[2022-07-20T11:06:41.346+0000][7][gc,age      ] GC(231) - age  14:        880 bytes,    2026232 total
[2022-07-20T11:06:41.346+0000][7][gc,age      ] GC(231) - age  15:      35528 bytes,    2061760 total
[2022-07-20T11:06:41.346+0000][7][gc,phases   ] GC(231)   Pre Evacuate Collection Set: 0.0ms
[2022-07-20T11:06:41.346+0000][7][gc,phases   ] GC(231)   Merge Heap Roots: 0.0ms
[2022-07-20T11:06:41.346+0000][7][gc,phases   ] GC(231)   Evacuate Collection Set: 2.5ms
[2022-07-20T11:06:41.346+0000][7][gc,phases   ] GC(231)   Post Evacuate Collection Set: 0.7ms
[2022-07-20T11:06:41.346+0000][7][gc,phases   ] GC(231)   Other: 0.3ms
[2022-07-20T11:06:41.346+0000][7][gc,heap     ] GC(231) Eden regions: 23->0(23)
[2022-07-20T11:06:41.346+0000][7][gc,heap     ] GC(231) Survivor regions: 1->1(3)
[2022-07-20T11:06:41.346+0000][7][gc,heap     ] GC(231) Old regions: 24->24
[2022-07-20T11:06:41.346+0000][7][gc,heap     ] GC(231) Archive regions: 2->2
[2022-07-20T11:06:41.346+0000][7][gc,heap     ] GC(231) Humongous regions: 2->2
[2022-07-20T11:06:41.346+0000][7][gc,metaspace] GC(231) Metaspace: 111454K(116600K)->111454K(116600K) NonClass: 97375K(101036K)->97375K(101036K) Class: 14079K(15564K)->14079K(15564K)
[2022-07-20T11:06:41.346+0000][7][gc          ] GC(231) Pause Young (Normal) (G1 Evacuation Pause) 201M->109M(256M) 3.683ms
[2022-07-20T11:06:41.346+0000][7][gc,cpu      ] GC(231) User=0.01s Sys=0.00s Real=0.01s
[2022-07-20T11:06:41.346+0000][7][safepoint   ] Safepoint "G1CollectForAllocation", Time since last: 11720743723 ns, Reaching safepoint: 99293 ns, At safepoint: 3768297 ns, Total: 3867590 ns
[2022-07-20T11:06:53.348+0000][7][safepoint   ] Safepoint "Cleanup", Time since last: 12002351552 ns, Reaching safepoint: 140582 ns, At safepoint: 6967 ns, Total: 147549 ns
[2022-07-20T11:07:01.351+0000][7][safepoint   ] Safepoint "Cleanup", Time since last: 8002197588 ns, Reaching safepoint: 114316 ns, At safepoint: 6019 ns, Total: 120335 ns
[2022-07-20T11:07:06.352+0000][7][safepoint   ] Safepoint "Cleanup", Time since last: 5000624230 ns, Reaching safepoint: 121771 ns, At safepoint: 7782 ns, Total: 129553 ns
[2022-07-20T11:07:12.353+0000][7][safepoint   ] Safepoint "Cleanup", Time since last: 6001267917 ns, Reaching safepoint: 130683 ns, At safepoint: 7998 ns, Total: 138681 ns
[2022-07-20T11:07:16.922+0000][7][gc,start    ] GC(232) Pause Young (Concurrent Start) (G1 Evacuation Pause)
[2022-07-20T11:07:16.922+0000][7][gc,task     ] GC(232) Using 4 workers of 4 for evacuation
[2022-07-20T11:07:16.922+0000][7][gc,age      ] GC(232) Desired survivor size 6291456 bytes, new threshold 15 (max threshold 15)
[2022-07-20T11:07:16.927+0000][7][gc,age      ] GC(232) Age table with threshold 15 (max threshold 15)
[2022-07-20T11:07:16.927+0000][7][gc,age      ] GC(232) - age   1:     601304 bytes,     601304 total
[2022-07-20T11:07:16.927+0000][7][gc,age      ] GC(232) - age   2:      69160 bytes,     670464 total
[2022-07-20T11:07:16.927+0000][7][gc,age      ] GC(232) - age   3:     285216 bytes,     955680 total
[2022-07-20T11:07:16.927+0000][7][gc,age      ] GC(232) - age   4:      29248 bytes,     984928 total
[2022-07-20T11:07:16.927+0000][7][gc,age      ] GC(232) - age   5:       4208 bytes,     989136 total
[2022-07-20T11:07:16.927+0000][7][gc,age      ] GC(232) - age   6:       3992 bytes,     993128 total
[2022-07-20T11:07:16.927+0000][7][gc,age      ] GC(232) - age   7:       3064 bytes,     996192 total
[2022-07-20T11:07:16.927+0000][7][gc,age      ] GC(232) - age   8:       3120 bytes,     999312 total
[2022-07-20T11:07:16.927+0000][7][gc,age      ] GC(232) - age   9:       1200 bytes,    1000512 total
[2022-07-20T11:07:16.927+0000][7][gc,age      ] GC(232) - age  10:     123536 bytes,    1124048 total
[2022-07-20T11:07:16.927+0000][7][gc,age      ] GC(232) - age  11:     383392 bytes,    1507440 total
[2022-07-20T11:07:16.927+0000][7][gc,age      ] GC(232) - age  12:       3640 bytes,    1511080 total
[2022-07-20T11:07:16.927+0000][7][gc,age      ] GC(232) - age  13:        920 bytes,    1512000 total
[2022-07-20T11:07:16.927+0000][7][gc,age      ] GC(232) - age  14:       1752 bytes,    1513752 total
[2022-07-20T11:07:16.927+0000][7][gc,age      ] GC(232) - age  15:        880 bytes,    1514632 total
[2022-07-20T11:07:16.928+0000][7][gc,phases   ] GC(232)   Pre Evacuate Collection Set: 0.1ms
[2022-07-20T11:07:16.928+0000][7][gc,phases   ] GC(232)   Merge Heap Roots: 0.0ms
[2022-07-20T11:07:16.928+0000][7][gc,phases   ] GC(232)   Evacuate Collection Set: 4.2ms
[2022-07-20T11:07:16.928+0000][7][gc,phases   ] GC(232)   Post Evacuate Collection Set: 0.6ms
[2022-07-20T11:07:16.928+0000][7][gc,phases   ] GC(232)   Other: 0.3ms
[2022-07-20T11:07:16.928+0000][7][gc,heap     ] GC(232) Eden regions: 23->0(24)
[2022-07-20T11:07:16.928+0000][7][gc,heap     ] GC(232) Survivor regions: 1->1(3)
[2022-07-20T11:07:16.928+0000][7][gc,heap     ] GC(232) Old regions: 24->24
[2022-07-20T11:07:16.928+0000][7][gc,heap     ] GC(232) Archive regions: 2->2
[2022-07-20T11:07:16.928+0000][7][gc,heap     ] GC(232) Humongous regions: 2->2
[2022-07-20T11:07:16.928+0000][7][gc,metaspace] GC(232) Metaspace: 111457K(116600K)->111457K(116600K) NonClass: 97378K(101036K)->97378K(101036K) Class: 14079K(15564K)->14079K(15564K)
[2022-07-20T11:07:16.928+0000][7][gc          ] GC(232) Pause Young (Concurrent Start) (G1 Evacuation Pause) 201M->108M(256M) 5.401ms
[2022-07-20T11:07:16.928+0000][7][gc,cpu      ] GC(232) User=0.00s Sys=0.00s Real=0.01s
[2022-07-20T11:07:16.928+0000][7][gc          ] GC(233) Concurrent Cycle
[2022-07-20T11:07:16.928+0000][7][safepoint   ] Safepoint "G1CollectForAllocation", Time since last: 4569172304 ns, Reaching safepoint: 115962 ns, At safepoint: 5490480 ns, Total: 5606442 ns
[2022-07-20T11:07:16.928+0000][7][gc,marking  ] GC(233) Concurrent Clear Claimed Marks
[2022-07-20T11:07:16.928+0000][7][gc,marking  ] GC(233) Concurrent Clear Claimed Marks 0.115ms
[2022-07-20T11:07:16.928+0000][7][gc,marking  ] GC(233) Concurrent Scan Root Regions
[2022-07-20T11:07:16.930+0000][7][gc,marking  ] GC(233) Concurrent Scan Root Regions 2.626ms
[2022-07-20T11:07:16.931+0000][7][gc,marking  ] GC(233) Concurrent Mark (4984.582s)
[2022-07-20T11:07:16.931+0000][7][gc,marking  ] GC(233) Concurrent Mark From Roots
[2022-07-20T11:07:16.931+0000][7][gc,task     ] GC(233) Using 1 workers of 1 for marking
[2022-07-20T11:07:17.106+0000][7][gc,marking  ] GC(233) Concurrent Mark From Roots 175.529ms
[2022-07-20T11:07:17.106+0000][7][gc,marking  ] GC(233) Concurrent Preclean
[2022-07-20T11:07:17.106+0000][7][gc,marking  ] GC(233) Concurrent Preclean 0.214ms
[2022-07-20T11:07:17.106+0000][7][gc,marking  ] GC(233) Concurrent Mark (4984.582s, 4984.758s) 175.853ms
[2022-07-20T11:07:17.107+0000][7][gc,start    ] GC(233) Pause Remark
[2022-07-20T11:07:17.123+0000][7][gc          ] GC(233) Pause Remark 110M->110M(256M) 16.852ms
[2022-07-20T11:07:17.123+0000][7][gc,cpu      ] GC(233) User=0.06s Sys=0.00s Real=0.02s
[2022-07-20T11:07:17.124+0000][7][safepoint   ] Safepoint "G1Concurrent", Time since last: 178712383 ns, Reaching safepoint: 104950 ns, At safepoint: 16985998 ns, Total: 17090948 ns
[2022-07-20T11:07:17.124+0000][7][gc,marking  ] GC(233) Concurrent Rebuild Remembered Sets
[2022-07-20T11:07:17.216+0000][7][gc,marking  ] GC(233) Concurrent Rebuild Remembered Sets 92.559ms
[2022-07-20T11:07:17.216+0000][7][gc,start    ] GC(233) Pause Cleanup
[2022-07-20T11:07:17.216+0000][7][gc          ] GC(233) Pause Cleanup 111M->111M(256M) 0.080ms
[2022-07-20T11:07:17.216+0000][7][gc,cpu      ] GC(233) User=0.00s Sys=0.00s Real=0.00s
[2022-07-20T11:07:17.217+0000][7][safepoint   ] Safepoint "G1Concurrent", Time since last: 92716138 ns, Reaching safepoint: 139764 ns, At safepoint: 166215 ns, Total: 305979 ns
[2022-07-20T11:07:17.217+0000][7][gc,marking  ] GC(233) Concurrent Cleanup for Next Mark
[2022-07-20T11:07:17.217+0000][7][gc,marking  ] GC(233) Concurrent Cleanup for Next Mark 0.256ms
[2022-07-20T11:07:17.217+0000][7][gc          ] GC(233) Concurrent Cycle 289.153ms
[2022-07-20T11:07:22.218+0000][7][safepoint   ] Safepoint "Cleanup", Time since last: 5001420722 ns, Reaching safepoint: 156388 ns, At safepoint: 8274 ns, Total: 164662 ns
[2022-07-20T11:07:29.064+0000][7][safepoint   ] Safepoint "Cleanup", Time since last: 6845485085 ns, Reaching safepoint: 212066 ns, At safepoint: 7899 ns, Total: 219965 ns
[2022-07-20T11:07:41.067+0000][7][safepoint   ] Safepoint "Cleanup", Time since last: 12003027043 ns, Reaching safepoint: 170356 ns, At safepoint: 8006 ns, Total: 178362 ns
[2022-07-20T11:08:01.923+0000][7][gc,start    ] GC(234) Pause Young (Normal) (G1 Evacuation Pause)
[2022-07-20T11:08:01.923+0000][7][gc,task     ] GC(234) Using 4 workers of 4 for evacuation
[2022-07-20T11:08:01.923+0000][7][gc,age      ] GC(234) Desired survivor size 8388608 bytes, new threshold 15 (max threshold 15)
[2022-07-20T11:08:01.927+0000][7][gc,age      ] GC(234) Age table with threshold 15 (max threshold 15)
[2022-07-20T11:08:01.927+0000][7][gc,age      ] GC(234) - age   1:    2318432 bytes,    2318432 total
[2022-07-20T11:08:01.927+0000][7][gc,age      ] GC(234) - age   2:     371760 bytes,    2690192 total
[2022-07-20T11:08:01.927+0000][7][gc,age      ] GC(234) - age   3:      68448 bytes,    2758640 total
[2022-07-20T11:08:01.927+0000][7][gc,age      ] GC(234) - age   4:     284776 bytes,    3043416 total
[2022-07-20T11:08:01.927+0000][7][gc,age      ] GC(234) - age   5:      29056 bytes,    3072472 total
[2022-07-20T11:08:01.927+0000][7][gc,age      ] GC(234) - age   6:       3288 bytes,    3075760 total
[2022-07-20T11:08:01.927+0000][7][gc,age      ] GC(234) - age   7:       3600 bytes,    3079360 total
[2022-07-20T11:08:01.927+0000][7][gc,age      ] GC(234) - age   8:       3064 bytes,    3082424 total
[2022-07-20T11:08:01.927+0000][7][gc,age      ] GC(234) - age   9:       3120 bytes,    3085544 total
[2022-07-20T11:08:01.927+0000][7][gc,age      ] GC(234) - age  10:       1040 bytes,    3086584 total
[2022-07-20T11:08:01.927+0000][7][gc,age      ] GC(234) - age  11:     122888 bytes,    3209472 total
[2022-07-20T11:08:01.927+0000][7][gc,age      ] GC(234) - age  12:     383392 bytes,    3592864 total
[2022-07-20T11:08:01.927+0000][7][gc,age      ] GC(234) - age  13:       3640 bytes,    3596504 total
[2022-07-20T11:08:01.927+0000][7][gc,age      ] GC(234) - age  14:        920 bytes,    3597424 total
[2022-07-20T11:08:01.927+0000][7][gc,age      ] GC(234) - age  15:       1752 bytes,    3599176 total
[2022-07-20T11:08:01.927+0000][7][gc,phases   ] GC(234)   Pre Evacuate Collection Set: 0.1ms
[2022-07-20T11:08:01.927+0000][7][gc,phases   ] GC(234)   Merge Heap Roots: 0.0ms
[2022-07-20T11:08:01.927+0000][7][gc,phases   ] GC(234)   Evacuate Collection Set: 3.5ms
[2022-07-20T11:08:01.928+0000][7][gc,phases   ] GC(234)   Post Evacuate Collection Set: 0.5ms
[2022-07-20T11:08:01.928+0000][7][gc,phases   ] GC(234)   Other: 0.4ms
[2022-07-20T11:08:01.928+0000][7][gc,heap     ] GC(234) Eden regions: 24->0(23)
[2022-07-20T11:08:01.928+0000][7][gc,heap     ] GC(234) Survivor regions: 1->1(4)
[2022-07-20T11:08:01.928+0000][7][gc,heap     ] GC(234) Old regions: 24->24
[2022-07-20T11:08:01.928+0000][7][gc,heap     ] GC(234) Archive regions: 2->2
[2022-07-20T11:08:01.928+0000][7][gc,heap     ] GC(234) Humongous regions: 2->2
[2022-07-20T11:08:01.928+0000][7][gc,metaspace] GC(234) Metaspace: 111502K(116600K)->111502K(116600K) NonClass: 97423K(101036K)->97423K(101036K) Class: 14079K(15564K)->14079K(15564K)
[2022-07-20T11:08:01.928+0000][7][gc          ] GC(234) Pause Young (Normal) (G1 Evacuation Pause) 204M->110M(256M) 4.643ms
[2022-07-20T11:08:01.928+0000][7][gc,cpu      ] GC(234) User=0.01s Sys=0.00s Real=0.00s
[2022-07-20T11:08:01.928+0000][7][safepoint   ] Safepoint "G1CollectForAllocation", Time since last: 20855779918 ns, Reaching safepoint: 129172 ns, At safepoint: 4741788 ns, Total: 4870960 ns
[2022-07-20T11:08:02.928+0000][7][safepoint   ] Safepoint "Cleanup", Time since last: 1000094069 ns, Reaching safepoint: 136741 ns, At safepoint: 10124 ns, Total: 146865 ns
[2022-07-20T11:08:18.777+0000][7][safepoint   ] Safepoint "Cleanup", Time since last: 15849111491 ns, Reaching safepoint: 138711 ns, At safepoint: 10965 ns, Total: 149676 ns
[2022-07-20T11:08:29.780+0000][7][safepoint   ] Safepoint "Cleanup", Time since last: 11002314413 ns, Reaching safepoint: 178580 ns, At safepoint: 7340 ns, Total: 185920 ns
[2022-07-20T11:08:32.780+0000][7][safepoint   ] Safepoint "Cleanup", Time since last: 3000371716 ns, Reaching safepoint: 145972 ns, At safepoint: 5038 ns, Total: 151010 ns
[2022-07-20T11:08:41.475+0000][7][gc,start    ] GC(235) Pause Young (Concurrent Start) (G1 Evacuation Pause)
[2022-07-20T11:08:41.475+0000][7][gc,task     ] GC(235) Using 4 workers of 4 for evacuation
[2022-07-20T11:08:41.475+0000][7][gc,age      ] GC(235) Desired survivor size 6291456 bytes, new threshold 15 (max threshold 15)
[2022-07-20T11:08:41.479+0000][7][gc,age      ] GC(235) Age table with threshold 15 (max threshold 15)
[2022-07-20T11:08:41.479+0000][7][gc,age      ] GC(235) - age   1:    1920104 bytes,    1920104 total
[2022-07-20T11:08:41.479+0000][7][gc,age      ] GC(235) - age   2:       7160 bytes,    1927264 total
[2022-07-20T11:08:41.479+0000][7][gc,age      ] GC(235) - age   3:      21696 bytes,    1948960 total
[2022-07-20T11:08:41.479+0000][7][gc,age      ] GC(235) - age   4:      68032 bytes,    2016992 total
[2022-07-20T11:08:41.479+0000][7][gc,age      ] GC(235) - age   5:     284584 bytes,    2301576 total
[2022-07-20T11:08:41.479+0000][7][gc,age      ] GC(235) - age   6:       4280 bytes,    2305856 total
[2022-07-20T11:08:41.479+0000][7][gc,age      ] GC(235) - age   7:       2784 bytes,    2308640 total
[2022-07-20T11:08:41.479+0000][7][gc,age      ] GC(235) - age   8:       3600 bytes,    2312240 total
[2022-07-20T11:08:41.479+0000][7][gc,age      ] GC(235) - age   9:       3064 bytes,    2315304 total
[2022-07-20T11:08:41.479+0000][7][gc,age      ] GC(235) - age  10:       3120 bytes,    2318424 total
[2022-07-20T11:08:41.479+0000][7][gc,age      ] GC(235) - age  11:       1008 bytes,    2319432 total
[2022-07-20T11:08:41.479+0000][7][gc,age      ] GC(235) - age  12:     122888 bytes,    2442320 total
[2022-07-20T11:08:41.479+0000][7][gc,age      ] GC(235) - age  13:     383392 bytes,    2825712 total
[2022-07-20T11:08:41.479+0000][7][gc,age      ] GC(235) - age  14:       3640 bytes,    2829352 total
[2022-07-20T11:08:41.479+0000][7][gc,age      ] GC(235) - age  15:        920 bytes,    2830272 total
[2022-07-20T11:08:41.479+0000][7][gc,phases   ] GC(235)   Pre Evacuate Collection Set: 0.1ms
[2022-07-20T11:08:41.479+0000][7][gc,phases   ] GC(235)   Merge Heap Roots: 0.0ms
[2022-07-20T11:08:41.479+0000][7][gc,phases   ] GC(235)   Evacuate Collection Set: 3.4ms
[2022-07-20T11:08:41.479+0000][7][gc,phases   ] GC(235)   Post Evacuate Collection Set: 0.8ms
[2022-07-20T11:08:41.480+0000][7][gc,phases   ] GC(235)   Other: 0.4ms
[2022-07-20T11:08:41.480+0000][7][gc,heap     ] GC(235) Eden regions: 23->0(23)
[2022-07-20T11:08:41.480+0000][7][gc,heap     ] GC(235) Survivor regions: 1->1(3)
[2022-07-20T11:08:41.480+0000][7][gc,heap     ] GC(235) Old regions: 24->24
[2022-07-20T11:08:41.480+0000][7][gc,heap     ] GC(235) Archive regions: 2->2
[2022-07-20T11:08:41.480+0000][7][gc,heap     ] GC(235) Humongous regions: 2->2
[2022-07-20T11:08:41.480+0000][7][gc,metaspace] GC(235) Metaspace: 111504K(116600K)->111504K(116600K) NonClass: 97425K(101036K)->97425K(101036K) Class: 14079K(15564K)->14079K(15564K)
[2022-07-20T11:08:41.480+0000][7][gc          ] GC(235) Pause Young (Concurrent Start) (G1 Evacuation Pause) 202M->110M(256M) 4.953ms
[2022-07-20T11:08:41.480+0000][7][gc,cpu      ] GC(235) User=0.02s Sys=0.00s Real=0.00s
[2022-07-20T11:08:41.480+0000][7][gc          ] GC(236) Concurrent Cycle
[2022-07-20T11:08:41.480+0000][7][safepoint   ] Safepoint "G1CollectForAllocation", Time since last: 8694265801 ns, Reaching safepoint: 170564 ns, At safepoint: 5060204 ns, Total: 5230768 ns
[2022-07-20T11:08:41.480+0000][7][gc,marking  ] GC(236) Concurrent Clear Claimed Marks
[2022-07-20T11:08:41.480+0000][7][gc,marking  ] GC(236) Concurrent Clear Claimed Marks 0.116ms
[2022-07-20T11:08:41.480+0000][7][gc,marking  ] GC(236) Concurrent Scan Root Regions
[2022-07-20T11:08:41.483+0000][7][gc,marking  ] GC(236) Concurrent Scan Root Regions 3.301ms
[2022-07-20T11:08:41.483+0000][7][gc,marking  ] GC(236) Concurrent Mark (5069.135s)
[2022-07-20T11:08:41.483+0000][7][gc,marking  ] GC(236) Concurrent Mark From Roots
[2022-07-20T11:08:41.483+0000][7][gc,task     ] GC(236) Using 1 workers of 1 for marking
[2022-07-20T11:08:41.642+0000][7][gc,marking  ] GC(236) Concurrent Mark From Roots 158.729ms
[2022-07-20T11:08:41.642+0000][7][gc,marking  ] GC(236) Concurrent Preclean
[2022-07-20T11:08:41.642+0000][7][gc,marking  ] GC(236) Concurrent Preclean 0.215ms
[2022-07-20T11:08:41.642+0000][7][gc,marking  ] GC(236) Concurrent Mark (5069.135s, 5069.294s) 159.035ms
[2022-07-20T11:08:41.642+0000][7][gc,start    ] GC(236) Pause Remark
[2022-07-20T11:08:41.655+0000][7][gc          ] GC(236) Pause Remark 124M->124M(256M) 12.602ms
[2022-07-20T11:08:41.655+0000][7][gc,cpu      ] GC(236) User=0.04s Sys=0.00s Real=0.02s
[2022-07-20T11:08:41.655+0000][7][safepoint   ] Safepoint "G1Concurrent", Time since last: 162591378 ns, Reaching safepoint: 134347 ns, At safepoint: 12704047 ns, Total: 12838394 ns
[2022-07-20T11:08:41.655+0000][7][gc,marking  ] GC(236) Concurrent Rebuild Remembered Sets
[2022-07-20T11:08:41.751+0000][7][gc,marking  ] GC(236) Concurrent Rebuild Remembered Sets 96.101ms
[2022-07-20T11:08:41.752+0000][7][gc,start    ] GC(236) Pause Cleanup
[2022-07-20T11:08:41.752+0000][7][gc          ] GC(236) Pause Cleanup 124M->124M(256M) 0.094ms
[2022-07-20T11:08:41.752+0000][7][gc,cpu      ] GC(236) User=0.00s Sys=0.00s Real=0.00s
[2022-07-20T11:08:41.752+0000][7][safepoint   ] Safepoint "G1Concurrent", Time since last: 96225350 ns, Reaching safepoint: 144805 ns, At safepoint: 155585 ns, Total: 300390 ns
[2022-07-20T11:08:41.752+0000][7][gc,marking  ] GC(236) Concurrent Cleanup for Next Mark
[2022-07-20T11:08:41.752+0000][7][gc,marking  ] GC(236) Concurrent Cleanup for Next Mark 0.316ms
[2022-07-20T11:08:41.752+0000][7][gc          ] GC(236) Concurrent Cycle 272.341ms
[2022-07-20T11:08:53.753+0000][7][safepoint   ] Safepoint "Cleanup", Time since last: 12001699605 ns, Reaching safepoint: 129960 ns, At safepoint: 8659 ns, Total: 138619 ns
[2022-07-20T11:09:00.756+0000][7][safepoint   ] Safepoint "Cleanup", Time since last: 7002075951 ns, Reaching safepoint: 131008 ns, At safepoint: 8218 ns, Total: 139226 ns
[2022-07-20T11:09:01.756+0000][7][safepoint   ] Safepoint "Cleanup", Time since last: 1000222523 ns, Reaching safepoint: 153832 ns, At safepoint: 8936 ns, Total: 162768 ns
[2022-07-20T11:09:05.757+0000][7][safepoint   ] Safepoint "Cleanup", Time since last: 4000973500 ns, Reaching safepoint: 145811 ns, At safepoint: 7111 ns, Total: 152922 ns
[2022-07-20T11:09:20.760+0000][7][safepoint   ] Safepoint "Cleanup", Time since last: 15002813642 ns, Reaching safepoint: 134678 ns, At safepoint: 9993 ns, Total: 144671 ns
[2022-07-20T11:09:21.761+0000][7][safepoint   ] Safepoint "Cleanup", Time since last: 1000297251 ns, Reaching safepoint: 138664 ns, At safepoint: 8360 ns, Total: 147024 ns
[2022-07-20T11:09:25.762+0000][7][safepoint   ] Safepoint "Cleanup", Time since last: 4001115182 ns, Reaching safepoint: 145887 ns, At safepoint: 7844 ns, Total: 153731 ns
[2022-07-20T11:09:28.922+0000][7][gc,start    ] GC(237) Pause Young (Normal) (G1 Evacuation Pause)
[2022-07-20T11:09:28.922+0000][7][gc,task     ] GC(237) Using 4 workers of 4 for evacuation
[2022-07-20T11:09:28.922+0000][7][gc,age      ] GC(237) Desired survivor size 6291456 bytes, new threshold 15 (max threshold 15)
[2022-07-20T11:09:28.926+0000][7][gc,age      ] GC(237) Age table with threshold 15 (max threshold 15)
[2022-07-20T11:09:28.926+0000][7][gc,age      ] GC(237) - age   1:    1410992 bytes,    1410992 total
[2022-07-20T11:09:28.926+0000][7][gc,age      ] GC(237) - age   2:     236784 bytes,    1647776 total
[2022-07-20T11:09:28.926+0000][7][gc,age      ] GC(237) - age   3:       4880 bytes,    1652656 total
[2022-07-20T11:09:28.926+0000][7][gc,age      ] GC(237) - age   4:      20392 bytes,    1673048 total
[2022-07-20T11:09:28.926+0000][7][gc,age      ] GC(237) - age   5:      66888 bytes,    1739936 total
[2022-07-20T11:09:28.926+0000][7][gc,age      ] GC(237) - age   6:      12928 bytes,    1752864 total
[2022-07-20T11:09:28.926+0000][7][gc,age      ] GC(237) - age   7:       4152 bytes,    1757016 total
[2022-07-20T11:09:28.926+0000][7][gc,age      ] GC(237) - age   8:       2784 bytes,    1759800 total
[2022-07-20T11:09:28.926+0000][7][gc,age      ] GC(237) - age   9:       3600 bytes,    1763400 total
[2022-07-20T11:09:28.926+0000][7][gc,age      ] GC(237) - age  10:       2904 bytes,    1766304 total
[2022-07-20T11:09:28.926+0000][7][gc,age      ] GC(237) - age  11:       3120 bytes,    1769424 total
[2022-07-20T11:09:28.926+0000][7][gc,age      ] GC(237) - age  12:       1008 bytes,    1770432 total
[2022-07-20T11:09:28.926+0000][7][gc,age      ] GC(237) - age  13:     122888 bytes,    1893320 total
[2022-07-20T11:09:28.926+0000][7][gc,age      ] GC(237) - age  14:     383192 bytes,    2276512 total
[2022-07-20T11:09:28.926+0000][7][gc,age      ] GC(237) - age  15:       3640 bytes,    2280152 total
[2022-07-20T11:09:28.926+0000][7][gc,phases   ] GC(237)   Pre Evacuate Collection Set: 0.0ms
[2022-07-20T11:09:28.926+0000][7][gc,phases   ] GC(237)   Merge Heap Roots: 0.0ms
[2022-07-20T11:09:28.926+0000][7][gc,phases   ] GC(237)   Evacuate Collection Set: 3.5ms
[2022-07-20T11:09:28.926+0000][7][gc,phases   ] GC(237)   Post Evacuate Collection Set: 0.6ms
[2022-07-20T11:09:28.926+0000][7][gc,phases   ] GC(237)   Other: 0.3ms
[2022-07-20T11:09:28.926+0000][7][gc,heap     ] GC(237) Eden regions: 23->0(23)
[2022-07-20T11:09:28.926+0000][7][gc,heap     ] GC(237) Survivor regions: 1->1(3)
[2022-07-20T11:09:28.926+0000][7][gc,heap     ] GC(237) Old regions: 24->24
[2022-07-20T11:09:28.926+0000][7][gc,heap     ] GC(237) Archive regions: 2->2
[2022-07-20T11:09:28.926+0000][7][gc,heap     ] GC(237) Humongous regions: 2->2
[2022-07-20T11:09:28.926+0000][7][gc,metaspace] GC(237) Metaspace: 111530K(116600K)->111530K(116600K) NonClass: 97451K(101036K)->97451K(101036K) Class: 14079K(15564K)->14079K(15564K)
[2022-07-20T11:09:28.926+0000][7][gc          ] GC(237) Pause Young (Normal) (G1 Evacuation Pause) 202M->109M(256M) 4.619ms
[2022-07-20T11:09:28.926+0000][7][gc,cpu      ] GC(237) User=0.01s Sys=0.00s Real=0.01s
[2022-07-20T11:09:28.926+0000][7][safepoint   ] Safepoint "G1CollectForAllocation", Time since last: 3159562853 ns, Reaching safepoint: 100106 ns, At safepoint: 4709196 ns, Total: 4809302 ns
[2022-07-20T11:09:29.927+0000][7][safepoint   ] Safepoint "Cleanup", Time since last: 1000307663 ns, Reaching safepoint: 139574 ns, At safepoint: 7607 ns, Total: 147181 ns
[2022-07-20T11:09:30.927+0000][7][safepoint   ] Safepoint "Cleanup", Time since last: 1000163373 ns, Reaching safepoint: 150783 ns, At safepoint: 10269 ns, Total: 161052 ns
[2022-07-20T11:09:41.929+0000][7][safepoint   ] Safepoint "Cleanup", Time since last: 11001944417 ns, Reaching safepoint: 143931 ns, At safepoint: 7981 ns, Total: 151912 ns
[2022-07-20T11:10:00.933+0000][7][safepoint   ] Safepoint "Cleanup", Time since last: 19003809340 ns, Reaching safepoint: 147851 ns, At safepoint: 8216 ns, Total: 156067 ns
[2022-07-20T11:10:01.933+0000][7][safepoint   ] Safepoint "Cleanup", Time since last: 1000172485 ns, Reaching safepoint: 208146 ns, At safepoint: 10279 ns, Total: 218425 ns
[2022-07-20T11:10:04.942+0000][7][gc,start    ] GC(238) Pause Young (Concurrent Start) (G1 Evacuation Pause)
[2022-07-20T11:10:04.942+0000][7][gc,task     ] GC(238) Using 4 workers of 4 for evacuation
[2022-07-20T11:10:04.942+0000][7][gc,age      ] GC(238) Desired survivor size 6291456 bytes, new threshold 15 (max threshold 15)
[2022-07-20T11:10:04.946+0000][7][gc,age      ] GC(238) Age table with threshold 15 (max threshold 15)
[2022-07-20T11:10:04.946+0000][7][gc,age      ] GC(238) - age   1:    1155120 bytes,    1155120 total
[2022-07-20T11:10:04.946+0000][7][gc,age      ] GC(238) - age   2:     221024 bytes,    1376144 total
[2022-07-20T11:10:04.946+0000][7][gc,age      ] GC(238) - age   3:       2152 bytes,    1378296 total
[2022-07-20T11:10:04.946+0000][7][gc,age      ] GC(238) - age   4:       1928 bytes,    1380224 total
[2022-07-20T11:10:04.946+0000][7][gc,age      ] GC(238) - age   5:      20232 bytes,    1400456 total
[2022-07-20T11:10:04.946+0000][7][gc,age      ] GC(238) - age   6:      66856 bytes,    1467312 total
[2022-07-20T11:10:04.946+0000][7][gc,age      ] GC(238) - age   7:      12544 bytes,    1479856 total
[2022-07-20T11:10:04.946+0000][7][gc,age      ] GC(238) - age   8:       3736 bytes,    1483592 total
[2022-07-20T11:10:04.946+0000][7][gc,age      ] GC(238) - age   9:       2720 bytes,    1486312 total
[2022-07-20T11:10:04.946+0000][7][gc,age      ] GC(238) - age  10:       3504 bytes,    1489816 total
[2022-07-20T11:10:04.946+0000][7][gc,age      ] GC(238) - age  11:       2904 bytes,    1492720 total
[2022-07-20T11:10:04.946+0000][7][gc,age      ] GC(238) - age  12:       3120 bytes,    1495840 total
[2022-07-20T11:10:04.946+0000][7][gc,age      ] GC(238) - age  13:       1008 bytes,    1496848 total
[2022-07-20T11:10:04.946+0000][7][gc,age      ] GC(238) - age  14:     122888 bytes,    1619736 total
[2022-07-20T11:10:04.946+0000][7][gc,age      ] GC(238) - age  15:     383192 bytes,    2002928 total
[2022-07-20T11:10:04.946+0000][7][gc,phases   ] GC(238)   Pre Evacuate Collection Set: 0.2ms
[2022-07-20T11:10:04.946+0000][7][gc,phases   ] GC(238)   Merge Heap Roots: 0.0ms
[2022-07-20T11:10:04.946+0000][7][gc,phases   ] GC(238)   Evacuate Collection Set: 2.7ms
[2022-07-20T11:10:04.946+0000][7][gc,phases   ] GC(238)   Post Evacuate Collection Set: 0.6ms
[2022-07-20T11:10:04.946+0000][7][gc,phases   ] GC(238)   Other: 0.3ms
[2022-07-20T11:10:04.946+0000][7][gc,heap     ] GC(238) Eden regions: 23->0(23)
[2022-07-20T11:10:04.946+0000][7][gc,heap     ] GC(238) Survivor regions: 1->1(3)
[2022-07-20T11:10:04.946+0000][7][gc,heap     ] GC(238) Old regions: 24->24
[2022-07-20T11:10:04.946+0000][7][gc,heap     ] GC(238) Archive regions: 2->2
[2022-07-20T11:10:04.946+0000][7][gc,heap     ] GC(238) Humongous regions: 2->2
[2022-07-20T11:10:04.946+0000][7][gc,metaspace] GC(238) Metaspace: 111540K(116600K)->111540K(116600K) NonClass: 97461K(101036K)->97461K(101036K) Class: 14079K(15564K)->14079K(15564K)
[2022-07-20T11:10:04.946+0000][7][gc          ] GC(238) Pause Young (Concurrent Start) (G1 Evacuation Pause) 201M->109M(256M) 3.970ms
[2022-07-20T11:10:04.946+0000][7][gc,cpu      ] GC(238) User=0.01s Sys=0.00s Real=0.01s
[2022-07-20T11:10:04.946+0000][7][gc          ] GC(239) Concurrent Cycle
[2022-07-20T11:10:04.946+0000][7][gc,marking  ] GC(239) Concurrent Clear Claimed Marks
[2022-07-20T11:10:04.946+0000][7][safepoint   ] Safepoint "G1CollectForAllocation", Time since last: 3008356702 ns, Reaching safepoint: 110992 ns, At safepoint: 4077843 ns, Total: 4188835 ns
[2022-07-20T11:10:04.946+0000][7][gc,marking  ] GC(239) Concurrent Clear Claimed Marks 0.093ms
[2022-07-20T11:10:04.946+0000][7][gc,marking  ] GC(239) Concurrent Scan Root Regions
[2022-07-20T11:10:04.949+0000][7][gc,marking  ] GC(239) Concurrent Scan Root Regions 2.677ms
[2022-07-20T11:10:04.949+0000][7][gc,marking  ] GC(239) Concurrent Mark (5152.601s)
[2022-07-20T11:10:04.949+0000][7][gc,marking  ] GC(239) Concurrent Mark From Roots
[2022-07-20T11:10:04.949+0000][7][gc,task     ] GC(239) Using 1 workers of 1 for marking
[2022-07-20T11:10:05.093+0000][7][gc,marking  ] GC(239) Concurrent Mark From Roots 144.441ms
[2022-07-20T11:10:05.093+0000][7][gc,marking  ] GC(239) Concurrent Preclean
[2022-07-20T11:10:05.094+0000][7][gc,marking  ] GC(239) Concurrent Preclean 0.213ms
[2022-07-20T11:10:05.094+0000][7][gc,marking  ] GC(239) Concurrent Mark (5152.601s, 5152.746s) 144.735ms
[2022-07-20T11:10:05.094+0000][7][gc,start    ] GC(239) Pause Remark
[2022-07-20T11:10:05.106+0000][7][gc          ] GC(239) Pause Remark 111M->111M(256M) 11.627ms
[2022-07-20T11:10:05.106+0000][7][gc,cpu      ] GC(239) User=0.04s Sys=0.00s Real=0.02s
[2022-07-20T11:10:05.106+0000][7][safepoint   ] Safepoint "G1Concurrent", Time since last: 147630848 ns, Reaching safepoint: 202351 ns, At safepoint: 11731514 ns, Total: 11933865 ns
[2022-07-20T11:10:05.106+0000][7][gc,marking  ] GC(239) Concurrent Rebuild Remembered Sets
[2022-07-20T11:10:05.197+0000][7][gc,marking  ] GC(239) Concurrent Rebuild Remembered Sets 91.230ms
[2022-07-20T11:10:05.197+0000][7][gc,start    ] GC(239) Pause Cleanup
[2022-07-20T11:10:05.197+0000][7][gc          ] GC(239) Pause Cleanup 111M->111M(256M) 0.097ms
[2022-07-20T11:10:05.197+0000][7][gc,cpu      ] GC(239) User=0.00s Sys=0.00s Real=0.00s
[2022-07-20T11:10:05.197+0000][7][safepoint   ] Safepoint "G1Concurrent", Time since last: 91350375 ns, Reaching safepoint: 190790 ns, At safepoint: 185183 ns, Total: 375973 ns
[2022-07-20T11:10:05.197+0000][7][gc,marking  ] GC(239) Concurrent Cleanup for Next Mark
[2022-07-20T11:10:05.198+0000][7][gc,marking  ] GC(239) Concurrent Cleanup for Next Mark 0.297ms
[2022-07-20T11:10:05.198+0000][7][gc          ] GC(239) Concurrent Cycle 251.660ms
[2022-07-20T11:10:32.203+0000][7][safepoint   ] Safepoint "Cleanup", Time since last: 27005765176 ns, Reaching safepoint: 133136 ns, At safepoint: 5956 ns, Total: 139092 ns
[2022-07-20T11:10:32.612+0000][7][gc,start    ] GC(240) Pause Young (Normal) (G1 Evacuation Pause)
[2022-07-20T11:10:32.612+0000][7][gc,task     ] GC(240) Using 4 workers of 4 for evacuation
[2022-07-20T11:10:32.612+0000][7][gc,age      ] GC(240) Desired survivor size 6291456 bytes, new threshold 15 (max threshold 15)
[2022-07-20T11:10:32.616+0000][7][gc,age      ] GC(240) Age table with threshold 15 (max threshold 15)
[2022-07-20T11:10:32.616+0000][7][gc,age      ] GC(240) - age   1:    1621456 bytes,    1621456 total
[2022-07-20T11:10:32.616+0000][7][gc,age      ] GC(240) - age   2:       7144 bytes,    1628600 total
[2022-07-20T11:10:32.616+0000][7][gc,age      ] GC(240) - age   3:     204248 bytes,    1832848 total
[2022-07-20T11:10:32.616+0000][7][gc,age      ] GC(240) - age   4:       1832 bytes,    1834680 total
[2022-07-20T11:10:32.616+0000][7][gc,age      ] GC(240) - age   5:       1512 bytes,    1836192 total
[2022-07-20T11:10:32.616+0000][7][gc,age      ] GC(240) - age   6:      20136 bytes,    1856328 total
[2022-07-20T11:10:32.616+0000][7][gc,age      ] GC(240) - age   7:      66856 bytes,    1923184 total
[2022-07-20T11:10:32.616+0000][7][gc,age      ] GC(240) - age   8:      12544 bytes,    1935728 total
[2022-07-20T11:10:32.616+0000][7][gc,age      ] GC(240) - age   9:       3736 bytes,    1939464 total
[2022-07-20T11:10:32.616+0000][7][gc,age      ] GC(240) - age  10:       2720 bytes,    1942184 total
[2022-07-20T11:10:32.616+0000][7][gc,age      ] GC(240) - age  11:       3504 bytes,    1945688 total
[2022-07-20T11:10:32.616+0000][7][gc,age      ] GC(240) - age  12:       2904 bytes,    1948592 total
[2022-07-20T11:10:32.616+0000][7][gc,age      ] GC(240) - age  13:       3120 bytes,    1951712 total
[2022-07-20T11:10:32.616+0000][7][gc,age      ] GC(240) - age  14:       1008 bytes,    1952720 total
[2022-07-20T11:10:32.616+0000][7][gc,age      ] GC(240) - age  15:     122888 bytes,    2075608 total
[2022-07-20T11:10:32.616+0000][7][gc,phases   ] GC(240)   Pre Evacuate Collection Set: 0.1ms
[2022-07-20T11:10:32.616+0000][7][gc,phases   ] GC(240)   Merge Heap Roots: 0.1ms
[2022-07-20T11:10:32.616+0000][7][gc,phases   ] GC(240)   Evacuate Collection Set: 3.4ms
[2022-07-20T11:10:32.616+0000][7][gc,phases   ] GC(240)   Post Evacuate Collection Set: 0.5ms
[2022-07-20T11:10:32.616+0000][7][gc,phases   ] GC(240)   Other: 0.3ms
[2022-07-20T11:10:32.616+0000][7][gc,heap     ] GC(240) Eden regions: 23->0(23)
[2022-07-20T11:10:32.616+0000][7][gc,heap     ] GC(240) Survivor regions: 1->1(3)
[2022-07-20T11:10:32.616+0000][7][gc,heap     ] GC(240) Old regions: 24->24
[2022-07-20T11:10:32.616+0000][7][gc,heap     ] GC(240) Archive regions: 2->2
[2022-07-20T11:10:32.616+0000][7][gc,heap     ] GC(240) Humongous regions: 2->2
[2022-07-20T11:10:32.616+0000][7][gc,metaspace] GC(240) Metaspace: 111550K(116600K)->111550K(116600K) NonClass: 97471K(101036K)->97471K(101036K) Class: 14079K(15564K)->14079K(15564K)
[2022-07-20T11:10:32.616+0000][7][gc          ] GC(240) Pause Young (Normal) (G1 Evacuation Pause) 201M->109M(256M) 4.398ms
[2022-07-20T11:10:32.617+0000][7][gc,cpu      ] GC(240) User=0.01s Sys=0.00s Real=0.01s
[2022-07-20T11:10:32.617+0000][7][safepoint   ] Safepoint "G1CollectForAllocation", Time since last: 408690364 ns, Reaching safepoint: 118333 ns, At safepoint: 4485438 ns, Total: 4603771 ns
[2022-07-20T11:10:39.618+0000][7][safepoint   ] Safepoint "Cleanup", Time since last: 7001760583 ns, Reaching safepoint: 136298 ns, At safepoint: 7937 ns, Total: 144235 ns
[2022-07-20T11:11:01.623+0000][7][safepoint   ] Safepoint "Cleanup", Time since last: 22004244304 ns, Reaching safepoint: 123662 ns, At safepoint: 5132 ns, Total: 128794 ns
[2022-07-20T11:11:05.623+0000][7][safepoint   ] Safepoint "Cleanup", Time since last: 4000498725 ns, Reaching safepoint: 104453 ns, At safepoint: 7139 ns, Total: 111592 ns
[2022-07-20T11:11:10.951+0000][7][gc,start    ] GC(241) Pause Young (Concurrent Start) (G1 Evacuation Pause)
[2022-07-20T11:11:10.951+0000][7][gc,task     ] GC(241) Using 4 workers of 4 for evacuation
[2022-07-20T11:11:10.951+0000][7][gc,age      ] GC(241) Desired survivor size 6291456 bytes, new threshold 15 (max threshold 15)
[2022-07-20T11:11:10.956+0000][7][gc,age      ] GC(241) Age table with threshold 15 (max threshold 15)
[2022-07-20T11:11:10.956+0000][7][gc,age      ] GC(241) - age   1:     757680 bytes,     757680 total
[2022-07-20T11:11:10.956+0000][7][gc,age      ] GC(241) - age   2:     237880 bytes,     995560 total
[2022-07-20T11:11:10.956+0000][7][gc,age      ] GC(241) - age   3:       4128 bytes,     999688 total
[2022-07-20T11:11:10.956+0000][7][gc,age      ] GC(241) - age   4:       2064 bytes,    1001752 total
[2022-07-20T11:11:10.956+0000][7][gc,age      ] GC(241) - age   5:       1408 bytes,    1003160 total
[2022-07-20T11:11:10.956+0000][7][gc,age      ] GC(241) - age   6:       1192 bytes,    1004352 total
[2022-07-20T11:11:10.956+0000][7][gc,age      ] GC(241) - age   7:      19896 bytes,    1024248 total
[2022-07-20T11:11:10.956+0000][7][gc,age      ] GC(241) - age   8:      66856 bytes,    1091104 total
[2022-07-20T11:11:10.956+0000][7][gc,age      ] GC(241) - age   9:      12544 bytes,    1103648 total
[2022-07-20T11:11:10.956+0000][7][gc,age      ] GC(241) - age  10:       3704 bytes,    1107352 total
[2022-07-20T11:11:10.956+0000][7][gc,age      ] GC(241) - age  11:       2720 bytes,    1110072 total
[2022-07-20T11:11:10.956+0000][7][gc,age      ] GC(241) - age  12:       3504 bytes,    1113576 total
[2022-07-20T11:11:10.956+0000][7][gc,age      ] GC(241) - age  13:       2904 bytes,    1116480 total
[2022-07-20T11:11:10.956+0000][7][gc,age      ] GC(241) - age  14:       3120 bytes,    1119600 total
[2022-07-20T11:11:10.956+0000][7][gc,age      ] GC(241) - age  15:       1008 bytes,    1120608 total
[2022-07-20T11:11:10.956+0000][7][gc,phases   ] GC(241)   Pre Evacuate Collection Set: 0.2ms
[2022-07-20T11:11:10.956+0000][7][gc,phases   ] GC(241)   Merge Heap Roots: 0.1ms
[2022-07-20T11:11:10.956+0000][7][gc,phases   ] GC(241)   Evacuate Collection Set: 4.0ms
[2022-07-20T11:11:10.956+0000][7][gc,phases   ] GC(241)   Post Evacuate Collection Set: 0.6ms
[2022-07-20T11:11:10.956+0000][7][gc,phases   ] GC(241)   Other: 0.5ms
[2022-07-20T11:11:10.956+0000][7][gc,heap     ] GC(241) Eden regions: 23->0(24)
[2022-07-20T11:11:10.956+0000][7][gc,heap     ] GC(241) Survivor regions: 1->1(3)
[2022-07-20T11:11:10.956+0000][7][gc,heap     ] GC(241) Old regions: 24->24
[2022-07-20T11:11:10.956+0000][7][gc,heap     ] GC(241) Archive regions: 2->2
[2022-07-20T11:11:10.956+0000][7][gc,heap     ] GC(241) Humongous regions: 2->2
[2022-07-20T11:11:10.956+0000][7][gc,metaspace] GC(241) Metaspace: 111553K(116600K)->111553K(116600K) NonClass: 97473K(101036K)->97473K(101036K) Class: 14079K(15564K)->14079K(15564K)
[2022-07-20T11:11:10.956+0000][7][gc          ] GC(241) Pause Young (Concurrent Start) (G1 Evacuation Pause) 201M->108M(256M) 5.377ms
[2022-07-20T11:11:10.956+0000][7][gc,cpu      ] GC(241) User=0.01s Sys=0.00s Real=0.01s
[2022-07-20T11:11:10.956+0000][7][gc          ] GC(242) Concurrent Cycle
[2022-07-20T11:11:10.956+0000][7][gc,marking  ] GC(242) Concurrent Clear Claimed Marks
[2022-07-20T11:11:10.956+0000][7][safepoint   ] Safepoint "G1CollectForAllocation", Time since last: 5327348690 ns, Reaching safepoint: 191105 ns, At safepoint: 5499271 ns, Total: 5690376 ns
[2022-07-20T11:11:10.957+0000][7][gc,marking  ] GC(242) Concurrent Clear Claimed Marks 0.115ms
[2022-07-20T11:11:10.957+0000][7][gc,marking  ] GC(242) Concurrent Scan Root Regions
[2022-07-20T11:11:10.958+0000][7][gc,marking  ] GC(242) Concurrent Scan Root Regions 1.708ms
[2022-07-20T11:11:10.958+0000][7][gc,marking  ] GC(242) Concurrent Mark (5218.610s)
[2022-07-20T11:11:10.958+0000][7][gc,marking  ] GC(242) Concurrent Mark From Roots
[2022-07-20T11:11:10.958+0000][7][gc,task     ] GC(242) Using 1 workers of 1 for marking
[2022-07-20T11:11:11.130+0000][7][gc,marking  ] GC(242) Concurrent Mark From Roots 171.127ms
[2022-07-20T11:11:11.130+0000][7][gc,marking  ] GC(242) Concurrent Preclean
[2022-07-20T11:11:11.130+0000][7][gc,marking  ] GC(242) Concurrent Preclean 0.193ms
[2022-07-20T11:11:11.130+0000][7][gc,marking  ] GC(242) Concurrent Mark (5218.610s, 5218.782s) 171.421ms
[2022-07-20T11:11:11.130+0000][7][gc,start    ] GC(242) Pause Remark
[2022-07-20T11:11:11.142+0000][7][gc          ] GC(242) Pause Remark 114M->114M(256M) 12.175ms
[2022-07-20T11:11:11.142+0000][7][gc,cpu      ] GC(242) User=0.04s Sys=0.00s Real=0.01s
[2022-07-20T11:11:11.142+0000][7][safepoint   ] Safepoint "G1Concurrent", Time since last: 173384289 ns, Reaching safepoint: 97954 ns, At safepoint: 12292613 ns, Total: 12390567 ns
[2022-07-20T11:11:11.142+0000][7][gc,marking  ] GC(242) Concurrent Rebuild Remembered Sets
[2022-07-20T11:11:11.245+0000][7][gc,marking  ] GC(242) Concurrent Rebuild Remembered Sets 103.122ms
[2022-07-20T11:11:11.246+0000][7][gc,start    ] GC(242) Pause Cleanup
[2022-07-20T11:11:11.246+0000][7][gc          ] GC(242) Pause Cleanup 114M->114M(256M) 0.075ms
[2022-07-20T11:11:11.246+0000][7][gc,cpu      ] GC(242) User=0.00s Sys=0.00s Real=0.00s
[2022-07-20T11:11:11.246+0000][7][safepoint   ] Safepoint "G1Concurrent", Time since last: 103230994 ns, Reaching safepoint: 133621 ns, At safepoint: 131451 ns, Total: 265072 ns
[2022-07-20T11:11:11.246+0000][7][gc,marking  ] GC(242) Concurrent Cleanup for Next Mark
[2022-07-20T11:11:11.246+0000][7][gc,marking  ] GC(242) Concurrent Cleanup for Next Mark 0.244ms
[2022-07-20T11:11:11.246+0000][7][gc          ] GC(242) Concurrent Cycle 289.587ms
[2022-07-20T11:11:41.251+0000][7][safepoint   ] Safepoint "Cleanup", Time since last: 30005216199 ns, Reaching safepoint: 136579 ns, At safepoint: 10768 ns, Total: 147347 ns
[2022-07-20T11:11:52.951+0000][7][gc,start    ] GC(243) Pause Young (Normal) (G1 Evacuation Pause)
[2022-07-20T11:11:52.951+0000][7][gc,task     ] GC(243) Using 4 workers of 4 for evacuation
[2022-07-20T11:11:52.951+0000][7][gc,age      ] GC(243) Desired survivor size 8388608 bytes, new threshold 15 (max threshold 15)
[2022-07-20T11:11:52.954+0000][7][gc,age      ] GC(243) Age table with threshold 15 (max threshold 15)
[2022-07-20T11:11:52.954+0000][7][gc,age      ] GC(243) - age   1:     629760 bytes,     629760 total
[2022-07-20T11:11:52.954+0000][7][gc,age      ] GC(243) - age   2:     162472 bytes,     792232 total
[2022-07-20T11:11:52.954+0000][7][gc,age      ] GC(243) - age   3:       1104 bytes,     793336 total
[2022-07-20T11:11:52.954+0000][7][gc,age      ] GC(243) - age   4:       3160 bytes,     796496 total
[2022-07-20T11:11:52.954+0000][7][gc,age      ] GC(243) - age   5:       1496 bytes,     797992 total
[2022-07-20T11:11:52.954+0000][7][gc,age      ] GC(243) - age   6:       1248 bytes,     799240 total
[2022-07-20T11:11:52.954+0000][7][gc,age      ] GC(243) - age   7:       1128 bytes,     800368 total
[2022-07-20T11:11:52.954+0000][7][gc,age      ] GC(243) - age   8:      19896 bytes,     820264 total
[2022-07-20T11:11:52.954+0000][7][gc,age      ] GC(243) - age   9:      66856 bytes,     887120 total
[2022-07-20T11:11:52.954+0000][7][gc,age      ] GC(243) - age  10:      12544 bytes,     899664 total
[2022-07-20T11:11:52.954+0000][7][gc,age      ] GC(243) - age  11:       3704 bytes,     903368 total
[2022-07-20T11:11:52.954+0000][7][gc,age      ] GC(243) - age  12:       2720 bytes,     906088 total
[2022-07-20T11:11:52.954+0000][7][gc,age      ] GC(243) - age  13:       3504 bytes,     909592 total
[2022-07-20T11:11:52.954+0000][7][gc,age      ] GC(243) - age  14:       2904 bytes,     912496 total
[2022-07-20T11:11:52.954+0000][7][gc,age      ] GC(243) - age  15:       3120 bytes,     915616 total
[2022-07-20T11:11:52.954+0000][7][gc,phases   ] GC(243)   Pre Evacuate Collection Set: 0.1ms
[2022-07-20T11:11:52.954+0000][7][gc,phases   ] GC(243)   Merge Heap Roots: 0.0ms
[2022-07-20T11:11:52.954+0000][7][gc,phases   ] GC(243)   Evacuate Collection Set: 2.0ms
[2022-07-20T11:11:52.954+0000][7][gc,phases   ] GC(243)   Post Evacuate Collection Set: 0.5ms
[2022-07-20T11:11:52.954+0000][7][gc,phases   ] GC(243)   Other: 0.4ms
[2022-07-20T11:11:52.954+0000][7][gc,heap     ] GC(243) Eden regions: 24->0(24)
[2022-07-20T11:11:52.954+0000][7][gc,heap     ] GC(243) Survivor regions: 1->1(4)
[2022-07-20T11:11:52.954+0000][7][gc,heap     ] GC(243) Old regions: 24->24
[2022-07-20T11:11:52.954+0000][7][gc,heap     ] GC(243) Archive regions: 2->2
[2022-07-20T11:11:52.954+0000][7][gc,heap     ] GC(243) Humongous regions: 2->2
[2022-07-20T11:11:52.954+0000][7][gc,metaspace] GC(243) Metaspace: 111578K(116600K)->111578K(116600K) NonClass: 97499K(101036K)->97499K(101036K) Class: 14079K(15564K)->14079K(15564K)
[2022-07-20T11:11:52.954+0000][7][gc          ] GC(243) Pause Young (Normal) (G1 Evacuation Pause) 204M->108M(256M) 3.091ms
[2022-07-20T11:11:52.954+0000][7][gc,cpu      ] GC(243) User=0.01s Sys=0.00s Real=0.00s
[2022-07-20T11:11:52.954+0000][7][safepoint   ] Safepoint "G1CollectForAllocation", Time since last: 11699644188 ns, Reaching safepoint: 111026 ns, At safepoint: 3181320 ns, Total: 3292346 ns
[2022-07-20T11:12:28.975+0000][7][gc,start    ] GC(244) Pause Young (Concurrent Start) (G1 Evacuation Pause)
[2022-07-20T11:12:28.975+0000][7][gc,task     ] GC(244) Using 4 workers of 4 for evacuation
[2022-07-20T11:12:28.975+0000][7][gc,age      ] GC(244) Desired survivor size 8388608 bytes, new threshold 15 (max threshold 15)
[2022-07-20T11:12:28.980+0000][7][gc,age      ] GC(244) Age table with threshold 15 (max threshold 15)
[2022-07-20T11:12:28.980+0000][7][gc,age      ] GC(244) - age   1:    2152392 bytes,    2152392 total
[2022-07-20T11:12:28.980+0000][7][gc,age      ] GC(244) - age   2:     224944 bytes,    2377336 total
[2022-07-20T11:12:28.980+0000][7][gc,age      ] GC(244) - age   3:     161320 bytes,    2538656 total
[2022-07-20T11:12:28.980+0000][7][gc,age      ] GC(244) - age   4:        840 bytes,    2539496 total
[2022-07-20T11:12:28.980+0000][7][gc,age      ] GC(244) - age   5:       3032 bytes,    2542528 total
[2022-07-20T11:12:28.980+0000][7][gc,age      ] GC(244) - age   6:       1368 bytes,    2543896 total
[2022-07-20T11:12:28.980+0000][7][gc,age      ] GC(244) - age   7:        832 bytes,    2544728 total
[2022-07-20T11:12:28.980+0000][7][gc,age      ] GC(244) - age   8:       1000 bytes,    2545728 total
[2022-07-20T11:12:28.980+0000][7][gc,age      ] GC(244) - age   9:      19584 bytes,    2565312 total
[2022-07-20T11:12:28.980+0000][7][gc,age      ] GC(244) - age  10:      66664 bytes,    2631976 total
[2022-07-20T11:12:28.980+0000][7][gc,age      ] GC(244) - age  11:      12544 bytes,    2644520 total
[2022-07-20T11:12:28.980+0000][7][gc,age      ] GC(244) - age  12:       3664 bytes,    2648184 total
[2022-07-20T11:12:28.980+0000][7][gc,age      ] GC(244) - age  13:       2720 bytes,    2650904 total
[2022-07-20T11:12:28.980+0000][7][gc,age      ] GC(244) - age  14:       3504 bytes,    2654408 total
[2022-07-20T11:12:28.980+0000][7][gc,age      ] GC(244) - age  15:       2904 bytes,    2657312 total
[2022-07-20T11:12:28.980+0000][7][gc,phases   ] GC(244)   Pre Evacuate Collection Set: 0.1ms
[2022-07-20T11:12:28.980+0000][7][gc,phases   ] GC(244)   Merge Heap Roots: 0.0ms
[2022-07-20T11:12:28.980+0000][7][gc,phases   ] GC(244)   Evacuate Collection Set: 4.1ms
[2022-07-20T11:12:28.980+0000][7][gc,phases   ] GC(244)   Post Evacuate Collection Set: 0.5ms
[2022-07-20T11:12:28.980+0000][7][gc,phases   ] GC(244)   Other: 0.3ms
[2022-07-20T11:12:28.980+0000][7][gc,heap     ] GC(244) Eden regions: 24->0(23)
[2022-07-20T11:12:28.980+0000][7][gc,heap     ] GC(244) Survivor regions: 1->1(4)
[2022-07-20T11:12:28.980+0000][7][gc,heap     ] GC(244) Old regions: 24->24
[2022-07-20T11:12:28.980+0000][7][gc,heap     ] GC(244) Archive regions: 2->2
[2022-07-20T11:12:28.980+0000][7][gc,heap     ] GC(244) Humongous regions: 2->2
[2022-07-20T11:12:28.980+0000][7][gc,metaspace] GC(244) Metaspace: 111580K(116600K)->111580K(116600K) NonClass: 97501K(101036K)->97501K(101036K) Class: 14079K(15564K)->14079K(15564K)
[2022-07-20T11:12:28.980+0000][7][gc          ] GC(244) Pause Young (Concurrent Start) (G1 Evacuation Pause) 204M->110M(256M) 5.160ms
[2022-07-20T11:12:28.980+0000][7][gc,cpu      ] GC(244) User=0.01s Sys=0.00s Real=0.00s
[2022-07-20T11:12:28.980+0000][7][gc          ] GC(245) Concurrent Cycle
[2022-07-20T11:12:28.980+0000][7][safepoint   ] Safepoint "G1CollectForAllocation", Time since last: 36020621593 ns, Reaching safepoint: 99222 ns, At safepoint: 5250035 ns, Total: 5349257 ns
[2022-07-20T11:12:28.980+0000][7][gc,marking  ] GC(245) Concurrent Clear Claimed Marks
[2022-07-20T11:12:28.980+0000][7][gc,marking  ] GC(245) Concurrent Clear Claimed Marks 0.116ms
[2022-07-20T11:12:28.980+0000][7][gc,marking  ] GC(245) Concurrent Scan Root Regions
[2022-07-20T11:12:28.982+0000][7][gc,marking  ] GC(245) Concurrent Scan Root Regions 2.088ms
[2022-07-20T11:12:28.982+0000][7][gc,marking  ] GC(245) Concurrent Mark (5296.634s)
[2022-07-20T11:12:28.982+0000][7][gc,marking  ] GC(245) Concurrent Mark From Roots
[2022-07-20T11:12:28.982+0000][7][gc,task     ] GC(245) Using 1 workers of 1 for marking
[2022-07-20T11:12:29.135+0000][7][gc,marking  ] GC(245) Concurrent Mark From Roots 152.411ms
[2022-07-20T11:12:29.135+0000][7][gc,marking  ] GC(245) Concurrent Preclean
[2022-07-20T11:12:29.135+0000][7][gc,marking  ] GC(245) Concurrent Preclean 0.217ms
[2022-07-20T11:12:29.135+0000][7][gc,marking  ] GC(245) Concurrent Mark (5296.634s, 5296.787s) 152.704ms
[2022-07-20T11:12:29.135+0000][7][gc,start    ] GC(245) Pause Remark
[2022-07-20T11:12:29.147+0000][7][gc          ] GC(245) Pause Remark 113M->113M(256M) 11.893ms
[2022-07-20T11:12:29.147+0000][7][gc,cpu      ] GC(245) User=0.04s Sys=0.00s Real=0.01s
[2022-07-20T11:12:29.147+0000][7][safepoint   ] Safepoint "G1Concurrent", Time since last: 155028166 ns, Reaching safepoint: 94296 ns, At safepoint: 11997850 ns, Total: 12092146 ns
[2022-07-20T11:12:29.147+0000][7][gc,marking  ] GC(245) Concurrent Rebuild Remembered Sets
[2022-07-20T11:12:29.235+0000][7][gc,marking  ] GC(245) Concurrent Rebuild Remembered Sets 88.012ms
[2022-07-20T11:12:29.235+0000][7][gc,start    ] GC(245) Pause Cleanup
[2022-07-20T11:12:29.236+0000][7][gc          ] GC(245) Pause Cleanup 113M->113M(256M) 0.100ms
[2022-07-20T11:12:29.236+0000][7][gc,cpu      ] GC(245) User=0.00s Sys=0.00s Real=0.00s
[2022-07-20T11:12:29.236+0000][7][safepoint   ] Safepoint "G1Concurrent", Time since last: 88135216 ns, Reaching safepoint: 149207 ns, At safepoint: 164207 ns, Total: 313414 ns
[2022-07-20T11:12:29.236+0000][7][gc,marking  ] GC(245) Concurrent Cleanup for Next Mark
[2022-07-20T11:12:29.236+0000][7][gc,marking  ] GC(245) Concurrent Cleanup for Next Mark 0.308ms
[2022-07-20T11:12:29.236+0000][7][gc          ] GC(245) Concurrent Cycle 255.985ms
[2022-07-20T11:12:30.236+0000][7][safepoint   ] Safepoint "Cleanup", Time since last: 1000186323 ns, Reaching safepoint: 97376 ns, At safepoint: 6046 ns, Total: 103422 ns
[2022-07-20T11:13:17.023+0000][7][gc,start    ] GC(246) Pause Young (Normal) (G1 Evacuation Pause)
[2022-07-20T11:13:17.023+0000][7][gc,task     ] GC(246) Using 4 workers of 4 for evacuation
[2022-07-20T11:13:17.023+0000][7][gc,age      ] GC(246) Desired survivor size 6291456 bytes, new threshold 15 (max threshold 15)
[2022-07-20T11:13:17.029+0000][7][gc,age      ] GC(246) Age table with threshold 15 (max threshold 15)
[2022-07-20T11:13:17.029+0000][7][gc,age      ] GC(246) - age   1:    2607568 bytes,    2607568 total
[2022-07-20T11:13:17.029+0000][7][gc,age      ] GC(246) - age   2:      22088 bytes,    2629656 total
[2022-07-20T11:13:17.029+0000][7][gc,age      ] GC(246) - age   3:     222568 bytes,    2852224 total
[2022-07-20T11:13:17.029+0000][7][gc,age      ] GC(246) - age   4:       1480 bytes,    2853704 total
[2022-07-20T11:13:17.029+0000][7][gc,age      ] GC(246) - age   5:        680 bytes,    2854384 total
[2022-07-20T11:13:17.029+0000][7][gc,age      ] GC(246) - age   6:       2208 bytes,    2856592 total
[2022-07-20T11:13:17.030+0000][7][gc,age      ] GC(246) - age   7:       1240 bytes,    2857832 total
[2022-07-20T11:13:17.030+0000][7][gc,age      ] GC(246) - age   8:        768 bytes,    2858600 total
[2022-07-20T11:13:17.030+0000][7][gc,age      ] GC(246) - age   9:        968 bytes,    2859568 total
[2022-07-20T11:13:17.030+0000][7][gc,age      ] GC(246) - age  10:      19584 bytes,    2879152 total
[2022-07-20T11:13:17.030+0000][7][gc,age      ] GC(246) - age  11:      66664 bytes,    2945816 total
[2022-07-20T11:13:17.030+0000][7][gc,age      ] GC(246) - age  12:      12544 bytes,    2958360 total
[2022-07-20T11:13:17.030+0000][7][gc,age      ] GC(246) - age  13:       3664 bytes,    2962024 total
[2022-07-20T11:13:17.030+0000][7][gc,age      ] GC(246) - age  14:       2720 bytes,    2964744 total
[2022-07-20T11:13:17.030+0000][7][gc,age      ] GC(246) - age  15:       3504 bytes,    2968248 total
[2022-07-20T11:13:17.030+0000][7][gc,phases   ] GC(246)   Pre Evacuate Collection Set: 0.1ms
[2022-07-20T11:13:17.030+0000][7][gc,phases   ] GC(246)   Merge Heap Roots: 0.1ms
[2022-07-20T11:13:17.030+0000][7][gc,phases   ] GC(246)   Evacuate Collection Set: 5.7ms
[2022-07-20T11:13:17.030+0000][7][gc,phases   ] GC(246)   Post Evacuate Collection Set: 0.6ms
[2022-07-20T11:13:17.030+0000][7][gc,phases   ] GC(246)   Other: 0.5ms
[2022-07-20T11:13:17.030+0000][7][gc,heap     ] GC(246) Eden regions: 23->0(23)
[2022-07-20T11:13:17.030+0000][7][gc,heap     ] GC(246) Survivor regions: 1->1(3)
[2022-07-20T11:13:17.030+0000][7][gc,heap     ] GC(246) Old regions: 24->24
[2022-07-20T11:13:17.030+0000][7][gc,heap     ] GC(246) Archive regions: 2->2
[2022-07-20T11:13:17.030+0000][7][gc,heap     ] GC(246) Humongous regions: 2->2
[2022-07-20T11:13:17.030+0000][7][gc,metaspace] GC(246) Metaspace: 111582K(116600K)->111582K(116600K) NonClass: 97503K(101036K)->97503K(101036K) Class: 14079K(15564K)->14079K(15564K)
[2022-07-20T11:13:17.030+0000][7][gc          ] GC(246) Pause Young (Normal) (G1 Evacuation Pause) 202M->110M(256M) 6.903ms
[2022-07-20T11:13:17.030+0000][7][gc,cpu      ] GC(246) User=0.02s Sys=0.00s Real=0.00s
[2022-07-20T11:13:17.030+0000][7][safepoint   ] Safepoint "G1CollectForAllocation", Time since last: 46786833034 ns, Reaching safepoint: 97225 ns, At safepoint: 7010968 ns, Total: 7108193 ns
[2022-07-20T11:13:18.030+0000][7][safepoint   ] Safepoint "Cleanup", Time since last: 1000292425 ns, Reaching safepoint: 154899 ns, At safepoint: 8929 ns, Total: 163828 ns
[2022-07-20T11:13:31.033+0000][7][safepoint   ] Safepoint "Cleanup", Time since last: 13002535861 ns, Reaching safepoint: 141683 ns, At safepoint: 7076 ns, Total: 148759 ns
[2022-07-20T11:13:41.035+0000][7][safepoint   ] Safepoint "Cleanup", Time since last: 10001914504 ns, Reaching safepoint: 144107 ns, At safepoint: 6098 ns, Total: 150205 ns
[2022-07-20T11:14:01.039+0000][7][safepoint   ] Safepoint "Cleanup", Time since last: 20004276850 ns, Reaching safepoint: 95425 ns, At safepoint: 6341 ns, Total: 101766 ns
[2022-07-20T11:14:04.949+0000][7][gc,start    ] GC(247) Pause Young (Concurrent Start) (G1 Evacuation Pause)
[2022-07-20T11:14:04.949+0000][7][gc,task     ] GC(247) Using 4 workers of 4 for evacuation
[2022-07-20T11:14:04.949+0000][7][gc,age      ] GC(247) Desired survivor size 6291456 bytes, new threshold 15 (max threshold 15)
[2022-07-20T11:14:04.952+0000][7][gc,age      ] GC(247) Age table with threshold 15 (max threshold 15)
[2022-07-20T11:14:04.952+0000][7][gc,age      ] GC(247) - age   1:    1342040 bytes,    1342040 total
[2022-07-20T11:14:04.952+0000][7][gc,age      ] GC(247) - age   2:     222352 bytes,    1564392 total
[2022-07-20T11:14:04.952+0000][7][gc,age      ] GC(247) - age   3:       4224 bytes,    1568616 total
[2022-07-20T11:14:04.952+0000][7][gc,age      ] GC(247) - age   4:        960 bytes,    1569576 total
[2022-07-20T11:14:04.952+0000][7][gc,age      ] GC(247) - age   5:       1224 bytes,    1570800 total
[2022-07-20T11:14:04.952+0000][7][gc,age      ] GC(247) - age   6:        360 bytes,    1571160 total
[2022-07-20T11:14:04.952+0000][7][gc,age      ] GC(247) - age   7:       2112 bytes,    1573272 total
[2022-07-20T11:14:04.952+0000][7][gc,age      ] GC(247) - age   8:       1208 bytes,    1574480 total
[2022-07-20T11:14:04.952+0000][7][gc,age      ] GC(247) - age   9:        768 bytes,    1575248 total
[2022-07-20T11:14:04.952+0000][7][gc,age      ] GC(247) - age  10:        672 bytes,    1575920 total
[2022-07-20T11:14:04.952+0000][7][gc,age      ] GC(247) - age  11:      19584 bytes,    1595504 total
[2022-07-20T11:14:04.952+0000][7][gc,age      ] GC(247) - age  12:      66600 bytes,    1662104 total
[2022-07-20T11:14:04.952+0000][7][gc,age      ] GC(247) - age  13:      12544 bytes,    1674648 total
[2022-07-20T11:14:04.952+0000][7][gc,age      ] GC(247) - age  14:       3664 bytes,    1678312 total
[2022-07-20T11:14:04.952+0000][7][gc,age      ] GC(247) - age  15:       2720 bytes,    1681032 total
[2022-07-20T11:14:04.952+0000][7][gc,phases   ] GC(247)   Pre Evacuate Collection Set: 0.2ms
[2022-07-20T11:14:04.952+0000][7][gc,phases   ] GC(247)   Merge Heap Roots: 0.1ms
[2022-07-20T11:14:04.952+0000][7][gc,phases   ] GC(247)   Evacuate Collection Set: 2.3ms
[2022-07-20T11:14:04.952+0000][7][gc,phases   ] GC(247)   Post Evacuate Collection Set: 0.5ms
[2022-07-20T11:14:04.952+0000][7][gc,phases   ] GC(247)   Other: 0.4ms
[2022-07-20T11:14:04.952+0000][7][gc,heap     ] GC(247) Eden regions: 23->0(23)
[2022-07-20T11:14:04.952+0000][7][gc,heap     ] GC(247) Survivor regions: 1->1(3)
[2022-07-20T11:14:04.952+0000][7][gc,heap     ] GC(247) Old regions: 24->24
[2022-07-20T11:14:04.952+0000][7][gc,heap     ] GC(247) Archive regions: 2->2
[2022-07-20T11:14:04.952+0000][7][gc,heap     ] GC(247) Humongous regions: 2->2
[2022-07-20T11:14:04.952+0000][7][gc,metaspace] GC(247) Metaspace: 111588K(116600K)->111588K(116600K) NonClass: 97509K(101036K)->97509K(101036K) Class: 14079K(15564K)->14079K(15564K)
[2022-07-20T11:14:04.952+0000][7][gc          ] GC(247) Pause Young (Concurrent Start) (G1 Evacuation Pause) 202M->109M(256M) 3.482ms
[2022-07-20T11:14:04.952+0000][7][gc,cpu      ] GC(247) User=0.01s Sys=0.00s Real=0.00s
[2022-07-20T11:14:04.952+0000][7][gc          ] GC(248) Concurrent Cycle
[2022-07-20T11:14:04.952+0000][7][safepoint   ] Safepoint "G1CollectForAllocation", Time since last: 3909102163 ns, Reaching safepoint: 138563 ns, At safepoint: 3573297 ns, Total: 3711860 ns
[2022-07-20T11:14:04.952+0000][7][gc,marking  ] GC(248) Concurrent Clear Claimed Marks
[2022-07-20T11:14:04.952+0000][7][gc,marking  ] GC(248) Concurrent Clear Claimed Marks 0.093ms
[2022-07-20T11:14:04.952+0000][7][gc,marking  ] GC(248) Concurrent Scan Root Regions
[2022-07-20T11:14:04.955+0000][7][gc,marking  ] GC(248) Concurrent Scan Root Regions 2.348ms
[2022-07-20T11:14:04.955+0000][7][gc,marking  ] GC(248) Concurrent Mark (5392.607s)
[2022-07-20T11:14:04.955+0000][7][gc,marking  ] GC(248) Concurrent Mark From Roots
[2022-07-20T11:14:04.955+0000][7][gc,task     ] GC(248) Using 1 workers of 1 for marking
[2022-07-20T11:14:05.107+0000][7][gc,marking  ] GC(248) Concurrent Mark From Roots 152.321ms
[2022-07-20T11:14:05.107+0000][7][gc,marking  ] GC(248) Concurrent Preclean
[2022-07-20T11:14:05.107+0000][7][gc,marking  ] GC(248) Concurrent Preclean 0.189ms
[2022-07-20T11:14:05.107+0000][7][gc,marking  ] GC(248) Concurrent Mark (5392.607s, 5392.759s) 152.585ms
[2022-07-20T11:14:05.108+0000][7][gc,start    ] GC(248) Pause Remark
[2022-07-20T11:14:05.120+0000][7][gc          ] GC(248) Pause Remark 120M->120M(256M) 12.314ms
[2022-07-20T11:14:05.120+0000][7][gc,cpu      ] GC(248) User=0.05s Sys=0.00s Real=0.01s
[2022-07-20T11:14:05.120+0000][7][safepoint   ] Safepoint "G1Concurrent", Time since last: 155190975 ns, Reaching safepoint: 102817 ns, At safepoint: 12444580 ns, Total: 12547397 ns
[2022-07-20T11:14:05.120+0000][7][gc,marking  ] GC(248) Concurrent Rebuild Remembered Sets
[2022-07-20T11:14:05.210+0000][7][gc,marking  ] GC(248) Concurrent Rebuild Remembered Sets 90.019ms
[2022-07-20T11:14:05.210+0000][7][gc,start    ] GC(248) Pause Cleanup
[2022-07-20T11:14:05.210+0000][7][gc          ] GC(248) Pause Cleanup 120M->120M(256M) 0.091ms
[2022-07-20T11:14:05.210+0000][7][gc,cpu      ] GC(248) User=0.00s Sys=0.00s Real=0.00s
[2022-07-20T11:14:05.210+0000][7][safepoint   ] Safepoint "G1Concurrent", Time since last: 90138830 ns, Reaching safepoint: 100776 ns, At safepoint: 157886 ns, Total: 258662 ns
[2022-07-20T11:14:05.210+0000][7][gc,marking  ] GC(248) Concurrent Cleanup for Next Mark
[2022-07-20T11:14:05.211+0000][7][gc,marking  ] GC(248) Concurrent Cleanup for Next Mark 0.297ms
[2022-07-20T11:14:05.211+0000][7][gc          ] GC(248) Concurrent Cycle 258.546ms
[2022-07-20T11:14:17.213+0000][7][safepoint   ] Safepoint "Cleanup", Time since last: 12002097723 ns, Reaching safepoint: 130563 ns, At safepoint: 9056 ns, Total: 139619 ns
[2022-07-20T11:14:40.952+0000][7][gc,start    ] GC(249) Pause Young (Normal) (G1 Evacuation Pause)
[2022-07-20T11:14:40.952+0000][7][gc,task     ] GC(249) Using 4 workers of 4 for evacuation
[2022-07-20T11:14:40.953+0000][7][gc,age      ] GC(249) Desired survivor size 6291456 bytes, new threshold 15 (max threshold 15)
[2022-07-20T11:14:40.956+0000][7][gc,age      ] GC(249) Age table with threshold 15 (max threshold 15)
[2022-07-20T11:14:40.956+0000][7][gc,age      ] GC(249) - age   1:    1066504 bytes,    1066504 total
[2022-07-20T11:14:40.956+0000][7][gc,age      ] GC(249) - age   2:     228912 bytes,    1295416 total
[2022-07-20T11:14:40.956+0000][7][gc,age      ] GC(249) - age   3:       2656 bytes,    1298072 total
[2022-07-20T11:14:40.956+0000][7][gc,age      ] GC(249) - age   4:       2040 bytes,    1300112 total
[2022-07-20T11:14:40.956+0000][7][gc,age      ] GC(249) - age   5:        736 bytes,    1300848 total
[2022-07-20T11:14:40.956+0000][7][gc,age      ] GC(249) - age   6:       1096 bytes,    1301944 total
[2022-07-20T11:14:40.956+0000][7][gc,age      ] GC(249) - age   7:        360 bytes,    1302304 total
[2022-07-20T11:14:40.956+0000][7][gc,age      ] GC(249) - age   8:       2112 bytes,    1304416 total
[2022-07-20T11:14:40.956+0000][7][gc,age      ] GC(249) - age   9:       1208 bytes,    1305624 total
[2022-07-20T11:14:40.957+0000][7][gc,age      ] GC(249) - age  10:        704 bytes,    1306328 total
[2022-07-20T11:14:40.957+0000][7][gc,age      ] GC(249) - age  11:        672 bytes,    1307000 total
[2022-07-20T11:14:40.957+0000][7][gc,age      ] GC(249) - age  12:      19584 bytes,    1326584 total
[2022-07-20T11:14:40.957+0000][7][gc,age      ] GC(249) - age  13:      66600 bytes,    1393184 total
[2022-07-20T11:14:40.957+0000][7][gc,age      ] GC(249) - age  14:      12544 bytes,    1405728 total
[2022-07-20T11:14:40.957+0000][7][gc,age      ] GC(249) - age  15:       3664 bytes,    1409392 total
[2022-07-20T11:14:40.957+0000][7][gc,phases   ] GC(249)   Pre Evacuate Collection Set: 0.1ms
[2022-07-20T11:14:40.957+0000][7][gc,phases   ] GC(249)   Merge Heap Roots: 0.1ms
[2022-07-20T11:14:40.957+0000][7][gc,phases   ] GC(249)   Evacuate Collection Set: 3.0ms
[2022-07-20T11:14:40.957+0000][7][gc,phases   ] GC(249)   Post Evacuate Collection Set: 0.7ms
[2022-07-20T11:14:40.957+0000][7][gc,phases   ] GC(249)   Other: 0.4ms
[2022-07-20T11:14:40.957+0000][7][gc,heap     ] GC(249) Eden regions: 23->0(23)
[2022-07-20T11:14:40.957+0000][7][gc,heap     ] GC(249) Survivor regions: 1->1(3)
[2022-07-20T11:14:40.957+0000][7][gc,heap     ] GC(249) Old regions: 24->24
[2022-07-20T11:14:40.957+0000][7][gc,heap     ] GC(249) Archive regions: 2->2
[2022-07-20T11:14:40.957+0000][7][gc,heap     ] GC(249) Humongous regions: 2->2
[2022-07-20T11:14:40.957+0000][7][gc,metaspace] GC(249) Metaspace: 111597K(116600K)->111597K(116600K) NonClass: 97517K(101036K)->97517K(101036K) Class: 14079K(15564K)->14079K(15564K)
[2022-07-20T11:14:40.957+0000][7][gc          ] GC(249) Pause Young (Normal) (G1 Evacuation Pause) 201M->109M(256M) 4.368ms
[2022-07-20T11:14:40.957+0000][7][gc,cpu      ] GC(249) User=0.02s Sys=0.00s Real=0.01s
[2022-07-20T11:14:40.957+0000][7][safepoint   ] Safepoint "G1CollectForAllocation", Time since last: 23739690747 ns, Reaching safepoint: 114508 ns, At safepoint: 4468179 ns, Total: 4582687 ns
[2022-07-20T11:14:55.959+0000][7][safepoint   ] Safepoint "Cleanup", Time since last: 15002367968 ns, Reaching safepoint: 182591 ns, At safepoint: 8810 ns, Total: 191401 ns
[2022-07-20T11:15:00.961+0000][7][safepoint   ] Safepoint "Cleanup", Time since last: 5001692396 ns, Reaching safepoint: 151394 ns, At safepoint: 6387 ns, Total: 157781 ns
[2022-07-20T11:15:04.962+0000][7][safepoint   ] Safepoint "Cleanup", Time since last: 4000586507 ns, Reaching safepoint: 94947 ns, At safepoint: 5954 ns, Total: 100901 ns
[2022-07-20T11:15:16.979+0000][7][gc,start    ] GC(250) Pause Young (Concurrent Start) (G1 Evacuation Pause)
[2022-07-20T11:15:16.979+0000][7][gc,task     ] GC(250) Using 4 workers of 4 for evacuation
[2022-07-20T11:15:16.979+0000][7][gc,age      ] GC(250) Desired survivor size 6291456 bytes, new threshold 15 (max threshold 15)
[2022-07-20T11:15:16.983+0000][7][gc,age      ] GC(250) Age table with threshold 15 (max threshold 15)
[2022-07-20T11:15:16.983+0000][7][gc,age      ] GC(250) - age   1:    1102672 bytes,    1102672 total
[2022-07-20T11:15:16.983+0000][7][gc,age      ] GC(250) - age   2:     166224 bytes,    1268896 total
[2022-07-20T11:15:16.983+0000][7][gc,age      ] GC(250) - age   3:       3296 bytes,    1272192 total
[2022-07-20T11:15:16.983+0000][7][gc,age      ] GC(250) - age   4:       2152 bytes,    1274344 total
[2022-07-20T11:15:16.983+0000][7][gc,age      ] GC(250) - age   5:       1848 bytes,    1276192 total
[2022-07-20T11:15:16.983+0000][7][gc,age      ] GC(250) - age   6:        320 bytes,    1276512 total
[2022-07-20T11:15:16.983+0000][7][gc,age      ] GC(250) - age   7:        448 bytes,    1276960 total
[2022-07-20T11:15:16.983+0000][7][gc,age      ] GC(250) - age   8:        360 bytes,    1277320 total
[2022-07-20T11:15:16.983+0000][7][gc,age      ] GC(250) - age   9:       2056 bytes,    1279376 total
[2022-07-20T11:15:16.983+0000][7][gc,age      ] GC(250) - age  10:       1208 bytes,    1280584 total
[2022-07-20T11:15:16.983+0000][7][gc,age      ] GC(250) - age  11:        704 bytes,    1281288 total
[2022-07-20T11:15:16.983+0000][7][gc,age      ] GC(250) - age  12:        632 bytes,    1281920 total
[2022-07-20T11:15:16.983+0000][7][gc,age      ] GC(250) - age  13:      19584 bytes,    1301504 total
[2022-07-20T11:15:16.983+0000][7][gc,age      ] GC(250) - age  14:      66600 bytes,    1368104 total
[2022-07-20T11:15:16.983+0000][7][gc,age      ] GC(250) - age  15:      12544 bytes,    1380648 total
[2022-07-20T11:15:16.983+0000][7][gc,phases   ] GC(250)   Pre Evacuate Collection Set: 0.1ms
[2022-07-20T11:15:16.983+0000][7][gc,phases   ] GC(250)   Merge Heap Roots: 0.0ms
[2022-07-20T11:15:16.983+0000][7][gc,phases   ] GC(250)   Evacuate Collection Set: 2.6ms
[2022-07-20T11:15:16.983+0000][7][gc,phases   ] GC(250)   Post Evacuate Collection Set: 0.7ms
[2022-07-20T11:15:16.983+0000][7][gc,phases   ] GC(250)   Other: 0.4ms
[2022-07-20T11:15:16.983+0000][7][gc,heap     ] GC(250) Eden regions: 23->0(23)
[2022-07-20T11:15:16.983+0000][7][gc,heap     ] GC(250) Survivor regions: 1->1(3)
[2022-07-20T11:15:16.983+0000][7][gc,heap     ] GC(250) Old regions: 24->24
[2022-07-20T11:15:16.983+0000][7][gc,heap     ] GC(250) Archive regions: 2->2
[2022-07-20T11:15:16.983+0000][7][gc,heap     ] GC(250) Humongous regions: 2->2
[2022-07-20T11:15:16.983+0000][7][gc,metaspace] GC(250) Metaspace: 111597K(116600K)->111597K(116600K) NonClass: 97517K(101036K)->97517K(101036K) Class: 14079K(15564K)->14079K(15564K)
[2022-07-20T11:15:16.983+0000][7][gc          ] GC(250) Pause Young (Concurrent Start) (G1 Evacuation Pause) 201M->109M(256M) 3.935ms
[2022-07-20T11:15:16.983+0000][7][gc,cpu      ] GC(250) User=0.00s Sys=0.00s Real=0.01s
[2022-07-20T11:15:16.983+0000][7][gc          ] GC(251) Concurrent Cycle
[2022-07-20T11:15:16.983+0000][7][safepoint   ] Safepoint "G1CollectForAllocation", Time since last: 12016781844 ns, Reaching safepoint: 118993 ns, At safepoint: 4028443 ns, Total: 4147436 ns
[2022-07-20T11:15:16.983+0000][7][gc,marking  ] GC(251) Concurrent Clear Claimed Marks
[2022-07-20T11:15:16.983+0000][7][gc,marking  ] GC(251) Concurrent Clear Claimed Marks 0.124ms
[2022-07-20T11:15:16.983+0000][7][gc,marking  ] GC(251) Concurrent Scan Root Regions
[2022-07-20T11:15:16.985+0000][7][gc,marking  ] GC(251) Concurrent Scan Root Regions 1.767ms
[2022-07-20T11:15:16.985+0000][7][gc,marking  ] GC(251) Concurrent Mark (5464.637s)
[2022-07-20T11:15:16.985+0000][7][gc,marking  ] GC(251) Concurrent Mark From Roots
[2022-07-20T11:15:16.985+0000][7][gc,task     ] GC(251) Using 1 workers of 1 for marking
[2022-07-20T11:15:17.196+0000][7][gc,marking  ] GC(251) Concurrent Mark From Roots 210.929ms
[2022-07-20T11:15:17.196+0000][7][gc,marking  ] GC(251) Concurrent Preclean
[2022-07-20T11:15:17.196+0000][7][gc,marking  ] GC(251) Concurrent Preclean 0.209ms
[2022-07-20T11:15:17.196+0000][7][gc,marking  ] GC(251) Concurrent Mark (5464.637s, 5464.848s) 211.232ms
[2022-07-20T11:15:17.196+0000][7][gc,start    ] GC(251) Pause Remark
[2022-07-20T11:15:17.214+0000][7][gc          ] GC(251) Pause Remark 114M->114M(256M) 17.736ms
[2022-07-20T11:15:17.214+0000][7][gc,cpu      ] GC(251) User=0.06s Sys=0.00s Real=0.01s
[2022-07-20T11:15:17.214+0000][7][safepoint   ] Safepoint "G1Concurrent", Time since last: 213217784 ns, Reaching safepoint: 93282 ns, At safepoint: 17841738 ns, Total: 17935020 ns
[2022-07-20T11:15:17.214+0000][7][gc,marking  ] GC(251) Concurrent Rebuild Remembered Sets
[2022-07-20T11:15:17.327+0000][7][gc,marking  ] GC(251) Concurrent Rebuild Remembered Sets 112.562ms
[2022-07-20T11:15:17.327+0000][7][gc,start    ] GC(251) Pause Cleanup
[2022-07-20T11:15:17.327+0000][7][gc          ] GC(251) Pause Cleanup 114M->114M(256M) 0.095ms
[2022-07-20T11:15:17.327+0000][7][gc,cpu      ] GC(251) User=0.00s Sys=0.00s Real=0.00s
[2022-07-20T11:15:17.327+0000][7][safepoint   ] Safepoint "G1Concurrent", Time since last: 112662795 ns, Reaching safepoint: 91903 ns, At safepoint: 177433 ns, Total: 269336 ns
[2022-07-20T11:15:17.327+0000][7][gc,marking  ] GC(251) Concurrent Cleanup for Next Mark
[2022-07-20T11:15:17.327+0000][7][gc,marking  ] GC(251) Concurrent Cleanup for Next Mark 0.308ms
[2022-07-20T11:15:17.327+0000][7][gc          ] GC(251) Concurrent Cycle 344.501ms
[2022-07-20T11:15:26.328+0000][7][safepoint   ] Safepoint "Cleanup", Time since last: 9000808358 ns, Reaching safepoint: 110059 ns, At safepoint: 9402 ns, Total: 119461 ns
[2022-07-20T11:15:27.328+0000][7][safepoint   ] Safepoint "Cleanup", Time since last: 1000236404 ns, Reaching safepoint: 93416 ns, At safepoint: 3350 ns, Total: 96766 ns
[2022-07-20T11:15:29.329+0000][7][safepoint   ] Safepoint "Cleanup", Time since last: 2000857219 ns, Reaching safepoint: 148369 ns, At safepoint: 7141 ns, Total: 155510 ns
[2022-07-20T11:15:31.989+0000][7][gc,start    ] GC(252) Pause Young (Normal) (G1 Evacuation Pause)
[2022-07-20T11:15:31.989+0000][7][gc,task     ] GC(252) Using 4 workers of 4 for evacuation
[2022-07-20T11:15:31.990+0000][7][gc,age      ] GC(252) Desired survivor size 6291456 bytes, new threshold 15 (max threshold 15)
[2022-07-20T11:15:31.994+0000][7][gc,age      ] GC(252) Age table with threshold 15 (max threshold 15)
[2022-07-20T11:15:31.994+0000][7][gc,age      ] GC(252) - age   1:    2576352 bytes,    2576352 total
[2022-07-20T11:15:31.994+0000][7][gc,age      ] GC(252) - age   2:     623584 bytes,    3199936 total
[2022-07-20T11:15:31.994+0000][7][gc,age      ] GC(252) - age   3:     150608 bytes,    3350544 total
[2022-07-20T11:15:31.994+0000][7][gc,age      ] GC(252) - age   4:       2872 bytes,    3353416 total
[2022-07-20T11:15:31.994+0000][7][gc,age      ] GC(252) - age   5:       1456 bytes,    3354872 total
[2022-07-20T11:15:31.994+0000][7][gc,age      ] GC(252) - age   6:       1784 bytes,    3356656 total
[2022-07-20T11:15:31.994+0000][7][gc,age      ] GC(252) - age   7:        256 bytes,    3356912 total
[2022-07-20T11:15:31.994+0000][7][gc,age      ] GC(252) - age   8:        384 bytes,    3357296 total
[2022-07-20T11:15:31.994+0000][7][gc,age      ] GC(252) - age   9:        360 bytes,    3357656 total
[2022-07-20T11:15:31.994+0000][7][gc,age      ] GC(252) - age  10:       2056 bytes,    3359712 total
[2022-07-20T11:15:31.994+0000][7][gc,age      ] GC(252) - age  11:        680 bytes,    3360392 total
[2022-07-20T11:15:31.994+0000][7][gc,age      ] GC(252) - age  12:        704 bytes,    3361096 total
[2022-07-20T11:15:31.994+0000][7][gc,age      ] GC(252) - age  13:        632 bytes,    3361728 total
[2022-07-20T11:15:31.994+0000][7][gc,age      ] GC(252) - age  14:        656 bytes,    3362384 total
[2022-07-20T11:15:31.994+0000][7][gc,age      ] GC(252) - age  15:      18072 bytes,    3380456 total
[2022-07-20T11:15:31.994+0000][7][gc,phases   ] GC(252)   Pre Evacuate Collection Set: 0.1ms
[2022-07-20T11:15:31.994+0000][7][gc,phases   ] GC(252)   Merge Heap Roots: 0.0ms
[2022-07-20T11:15:31.994+0000][7][gc,phases   ] GC(252)   Evacuate Collection Set: 3.4ms
[2022-07-20T11:15:31.994+0000][7][gc,phases   ] GC(252)   Post Evacuate Collection Set: 1.1ms
[2022-07-20T11:15:31.994+0000][7][gc,phases   ] GC(252)   Other: 0.4ms
[2022-07-20T11:15:31.995+0000][7][gc,heap     ] GC(252) Eden regions: 23->0(23)
[2022-07-20T11:15:31.995+0000][7][gc,heap     ] GC(252) Survivor regions: 1->1(3)
[2022-07-20T11:15:31.995+0000][7][gc,heap     ] GC(252) Old regions: 24->24
[2022-07-20T11:15:31.995+0000][7][gc,heap     ] GC(252) Archive regions: 2->2
[2022-07-20T11:15:31.995+0000][7][gc,heap     ] GC(252) Humongous regions: 2->2
[2022-07-20T11:15:31.995+0000][7][gc,metaspace] GC(252) Metaspace: 111601K(116600K)->111601K(116600K) NonClass: 97521K(101036K)->97521K(101036K) Class: 14079K(15564K)->14079K(15564K)
[2022-07-20T11:15:31.995+0000][7][gc          ] GC(252) Pause Young (Normal) (G1 Evacuation Pause) 200M->111M(256M) 5.175ms
[2022-07-20T11:15:31.995+0000][7][gc,cpu      ] GC(252) User=0.01s Sys=0.00s Real=0.01s
[2022-07-20T11:15:31.995+0000][7][safepoint   ] Safepoint "G1CollectForAllocation", Time since last: 2659977233 ns, Reaching safepoint: 173587 ns, At safepoint: 5278833 ns, Total: 5452420 ns
[2022-07-20T11:15:32.995+0000][7][safepoint   ] Safepoint "Cleanup", Time since last: 1000112989 ns, Reaching safepoint: 114370 ns, At safepoint: 9627 ns, Total: 123997 ns
[2022-07-20T11:15:40.996+0000][7][safepoint   ] Safepoint "Cleanup", Time since last: 8001117013 ns, Reaching safepoint: 115278 ns, At safepoint: 7529 ns, Total: 122807 ns
[2022-07-20T11:15:43.997+0000][7][safepoint   ] Safepoint "Cleanup", Time since last: 3000264389 ns, Reaching safepoint: 99762 ns, At safepoint: 5767 ns, Total: 105529 ns
[2022-07-20T11:16:07.000+0000][7][safepoint   ] Safepoint "Cleanup", Time since last: 23003339137 ns, Reaching safepoint: 112923 ns, At safepoint: 8057 ns, Total: 120980 ns
[2022-07-20T11:16:13.956+0000][7][gc,start    ] GC(253) Pause Young (Concurrent Start) (G1 Evacuation Pause)
[2022-07-20T11:16:13.956+0000][7][gc,task     ] GC(253) Using 4 workers of 4 for evacuation
[2022-07-20T11:16:13.956+0000][7][gc,age      ] GC(253) Desired survivor size 6291456 bytes, new threshold 15 (max threshold 15)
[2022-07-20T11:16:13.960+0000][7][gc,age      ] GC(253) Age table with threshold 15 (max threshold 15)
[2022-07-20T11:16:13.960+0000][7][gc,age      ] GC(253) - age   1:    1757008 bytes,    1757008 total
[2022-07-20T11:16:13.960+0000][7][gc,age      ] GC(253) - age   2:     258320 bytes,    2015328 total
[2022-07-20T11:16:13.960+0000][7][gc,age      ] GC(253) - age   3:     334696 bytes,    2350024 total
[2022-07-20T11:16:13.960+0000][7][gc,age      ] GC(253) - age   4:       5080 bytes,    2355104 total
[2022-07-20T11:16:13.960+0000][7][gc,age      ] GC(253) - age   5:       2528 bytes,    2357632 total
[2022-07-20T11:16:13.960+0000][7][gc,age      ] GC(253) - age   6:        432 bytes,    2358064 total
[2022-07-20T11:16:13.960+0000][7][gc,age      ] GC(253) - age   7:       1784 bytes,    2359848 total
[2022-07-20T11:16:13.960+0000][7][gc,age      ] GC(253) - age   8:        256 bytes,    2360104 total
[2022-07-20T11:16:13.960+0000][7][gc,age      ] GC(253) - age   9:        384 bytes,    2360488 total
[2022-07-20T11:16:13.960+0000][7][gc,age      ] GC(253) - age  10:        296 bytes,    2360784 total
[2022-07-20T11:16:13.960+0000][7][gc,age      ] GC(253) - age  11:       2056 bytes,    2362840 total
[2022-07-20T11:16:13.960+0000][7][gc,age      ] GC(253) - age  12:        680 bytes,    2363520 total
[2022-07-20T11:16:13.960+0000][7][gc,age      ] GC(253) - age  13:        608 bytes,    2364128 total
[2022-07-20T11:16:13.960+0000][7][gc,age      ] GC(253) - age  14:        440 bytes,    2364568 total
[2022-07-20T11:16:13.960+0000][7][gc,age      ] GC(253) - age  15:        592 bytes,    2365160 total
[2022-07-20T11:16:13.960+0000][7][gc,phases   ] GC(253)   Pre Evacuate Collection Set: 0.2ms
[2022-07-20T11:16:13.960+0000][7][gc,phases   ] GC(253)   Merge Heap Roots: 0.1ms
[2022-07-20T11:16:13.960+0000][7][gc,phases   ] GC(253)   Evacuate Collection Set: 2.8ms
[2022-07-20T11:16:13.960+0000][7][gc,phases   ] GC(253)   Post Evacuate Collection Set: 0.5ms
[2022-07-20T11:16:13.960+0000][7][gc,phases   ] GC(253)   Other: 0.4ms
[2022-07-20T11:16:13.960+0000][7][gc,heap     ] GC(253) Eden regions: 23->0(23)
[2022-07-20T11:16:13.960+0000][7][gc,heap     ] GC(253) Survivor regions: 1->1(3)
[2022-07-20T11:16:13.960+0000][7][gc,heap     ] GC(253) Old regions: 24->24
[2022-07-20T11:16:13.960+0000][7][gc,heap     ] GC(253) Archive regions: 2->2
[2022-07-20T11:16:13.960+0000][7][gc,heap     ] GC(253) Humongous regions: 2->2
[2022-07-20T11:16:13.960+0000][7][gc,metaspace] GC(253) Metaspace: 111603K(116600K)->111603K(116600K) NonClass: 97523K(101036K)->97523K(101036K) Class: 14079K(15564K)->14079K(15564K)
[2022-07-20T11:16:13.960+0000][7][gc          ] GC(253) Pause Young (Concurrent Start) (G1 Evacuation Pause) 203M->110M(256M) 4.005ms
[2022-07-20T11:16:13.960+0000][7][gc,cpu      ] GC(253) User=0.01s Sys=0.00s Real=0.00s
[2022-07-20T11:16:13.960+0000][7][gc          ] GC(254) Concurrent Cycle
[2022-07-20T11:16:13.960+0000][7][safepoint   ] Safepoint "G1CollectForAllocation", Time since last: 6955990387 ns, Reaching safepoint: 122196 ns, At safepoint: 4117321 ns, Total: 4239517 ns
[2022-07-20T11:16:13.960+0000][7][gc,marking  ] GC(254) Concurrent Clear Claimed Marks
[2022-07-20T11:16:13.960+0000][7][gc,marking  ] GC(254) Concurrent Clear Claimed Marks 0.119ms
[2022-07-20T11:16:13.960+0000][7][gc,marking  ] GC(254) Concurrent Scan Root Regions
[2022-07-20T11:16:13.963+0000][7][gc,marking  ] GC(254) Concurrent Scan Root Regions 2.312ms
[2022-07-20T11:16:13.963+0000][7][gc,marking  ] GC(254) Concurrent Mark (5521.615s)
[2022-07-20T11:16:13.963+0000][7][gc,marking  ] GC(254) Concurrent Mark From Roots
[2022-07-20T11:16:13.963+0000][7][gc,task     ] GC(254) Using 1 workers of 1 for marking
[2022-07-20T11:16:14.108+0000][7][gc,marking  ] GC(254) Concurrent Mark From Roots 144.917ms
[2022-07-20T11:16:14.108+0000][7][gc,marking  ] GC(254) Concurrent Preclean
[2022-07-20T11:16:14.108+0000][7][gc,marking  ] GC(254) Concurrent Preclean 0.236ms
[2022-07-20T11:16:14.108+0000][7][gc,marking  ] GC(254) Concurrent Mark (5521.615s, 5521.760s) 145.226ms
[2022-07-20T11:16:14.108+0000][7][gc,start    ] GC(254) Pause Remark
[2022-07-20T11:16:14.134+0000][7][gc          ] GC(254) Pause Remark 112M->112M(256M) 25.602ms
[2022-07-20T11:16:14.134+0000][7][gc,cpu      ] GC(254) User=0.04s Sys=0.00s Real=0.02s
[2022-07-20T11:16:14.134+0000][7][safepoint   ] Safepoint "G1Concurrent", Time since last: 147796714 ns, Reaching safepoint: 177872 ns, At safepoint: 25733163 ns, Total: 25911035 ns
[2022-07-20T11:16:14.134+0000][7][gc,marking  ] GC(254) Concurrent Rebuild Remembered Sets
[2022-07-20T11:16:14.221+0000][7][gc,marking  ] GC(254) Concurrent Rebuild Remembered Sets 87.132ms
[2022-07-20T11:16:14.221+0000][7][gc,start    ] GC(254) Pause Cleanup
[2022-07-20T11:16:14.221+0000][7][gc          ] GC(254) Pause Cleanup 112M->112M(256M) 0.104ms
[2022-07-20T11:16:14.221+0000][7][gc,cpu      ] GC(254) User=0.00s Sys=0.00s Real=0.00s
[2022-07-20T11:16:14.221+0000][7][safepoint   ] Safepoint "G1Concurrent", Time since last: 87241349 ns, Reaching safepoint: 141061 ns, At safepoint: 189213 ns, Total: 330274 ns
[2022-07-20T11:16:14.222+0000][7][gc,marking  ] GC(254) Concurrent Cleanup for Next Mark
[2022-07-20T11:16:14.222+0000][7][gc,marking  ] GC(254) Concurrent Cleanup for Next Mark 0.248ms
[2022-07-20T11:16:14.222+0000][7][gc          ] GC(254) Concurrent Cycle 261.615ms
[2022-07-20T11:16:18.222+0000][7][safepoint   ] Safepoint "Cleanup", Time since last: 4000712281 ns, Reaching safepoint: 130479 ns, At safepoint: 5261 ns, Total: 135740 ns
[2022-07-20T11:16:29.224+0000][7][safepoint   ] Safepoint "Cleanup", Time since last: 11001922506 ns, Reaching safepoint: 144688 ns, At safepoint: 8812 ns, Total: 153500 ns
[2022-07-20T11:16:42.050+0000][7][gc,start    ] GC(255) Pause Young (Normal) (G1 Evacuation Pause)
[2022-07-20T11:16:42.050+0000][7][gc,task     ] GC(255) Using 4 workers of 4 for evacuation
[2022-07-20T11:16:42.050+0000][7][gc,age      ] GC(255) Desired survivor size 6291456 bytes, new threshold 15 (max threshold 15)
[2022-07-20T11:16:42.054+0000][7][gc,age      ] GC(255) Age table with threshold 15 (max threshold 15)
[2022-07-20T11:16:42.054+0000][7][gc,age      ] GC(255) - age   1:    1791096 bytes,    1791096 total
[2022-07-20T11:16:42.054+0000][7][gc,age      ] GC(255) - age   2:     532832 bytes,    2323928 total
[2022-07-20T11:16:42.054+0000][7][gc,age      ] GC(255) - age   3:     238856 bytes,    2562784 total
[2022-07-20T11:16:42.054+0000][7][gc,age      ] GC(255) - age   4:      27960 bytes,    2590744 total
[2022-07-20T11:16:42.054+0000][7][gc,age      ] GC(255) - age   5:       4672 bytes,    2595416 total
[2022-07-20T11:16:42.054+0000][7][gc,age      ] GC(255) - age   6:       1984 bytes,    2597400 total
[2022-07-20T11:16:42.054+0000][7][gc,age      ] GC(255) - age   7:        432 bytes,    2597832 total
[2022-07-20T11:16:42.054+0000][7][gc,age      ] GC(255) - age   8:       1488 bytes,    2599320 total
[2022-07-20T11:16:42.054+0000][7][gc,age      ] GC(255) - age   9:        128 bytes,    2599448 total
[2022-07-20T11:16:42.054+0000][7][gc,age      ] GC(255) - age  10:        320 bytes,    2599768 total
[2022-07-20T11:16:42.054+0000][7][gc,age      ] GC(255) - age  11:        296 bytes,    2600064 total
[2022-07-20T11:16:42.054+0000][7][gc,age      ] GC(255) - age  12:       1992 bytes,    2602056 total
[2022-07-20T11:16:42.054+0000][7][gc,age      ] GC(255) - age  13:        680 bytes,    2602736 total
[2022-07-20T11:16:42.055+0000][7][gc,age      ] GC(255) - age  14:        608 bytes,    2603344 total
[2022-07-20T11:16:42.055+0000][7][gc,age      ] GC(255) - age  15:        440 bytes,    2603784 total
[2022-07-20T11:16:42.055+0000][7][gc,phases   ] GC(255)   Pre Evacuate Collection Set: 0.1ms
[2022-07-20T11:16:42.055+0000][7][gc,phases   ] GC(255)   Merge Heap Roots: 0.1ms
[2022-07-20T11:16:42.055+0000][7][gc,phases   ] GC(255)   Evacuate Collection Set: 3.3ms
[2022-07-20T11:16:42.055+0000][7][gc,phases   ] GC(255)   Post Evacuate Collection Set: 0.6ms
[2022-07-20T11:16:42.055+0000][7][gc,phases   ] GC(255)   Other: 0.5ms
[2022-07-20T11:16:42.055+0000][7][gc,heap     ] GC(255) Eden regions: 23->0(23)
[2022-07-20T11:16:42.055+0000][7][gc,heap     ] GC(255) Survivor regions: 1->1(3)
[2022-07-20T11:16:42.055+0000][7][gc,heap     ] GC(255) Old regions: 24->24
[2022-07-20T11:16:42.055+0000][7][gc,heap     ] GC(255) Archive regions: 2->2
[2022-07-20T11:16:42.055+0000][7][gc,heap     ] GC(255) Humongous regions: 2->2
[2022-07-20T11:16:42.055+0000][7][gc,metaspace] GC(255) Metaspace: 111604K(116600K)->111604K(116600K) NonClass: 97525K(101036K)->97525K(101036K) Class: 14079K(15564K)->14079K(15564K)
[2022-07-20T11:16:42.055+0000][7][gc          ] GC(255) Pause Young (Normal) (G1 Evacuation Pause) 202M->110M(256M) 4.589ms
[2022-07-20T11:16:42.055+0000][7][gc,cpu      ] GC(255) User=0.01s Sys=0.00s Real=0.01s
[2022-07-20T11:16:42.055+0000][7][safepoint   ] Safepoint "G1CollectForAllocation", Time since last: 12825518395 ns, Reaching safepoint: 143364 ns, At safepoint: 4687088 ns, Total: 4830452 ns
[2022-07-20T11:16:53.070+0000][7][safepoint   ] Safepoint "Cleanup", Time since last: 11001924531 ns, Reaching safepoint: 12840057 ns, At safepoint: 14263 ns, Total: 12854320 ns
[2022-07-20T11:16:54.070+0000][7][safepoint   ] Safepoint "Cleanup", Time since last: 1000285486 ns, Reaching safepoint: 143440 ns, At safepoint: 8324 ns, Total: 151764 ns
[2022-07-20T11:17:05.072+0000][7][safepoint   ] Safepoint "Cleanup", Time since last: 11002202879 ns, Reaching safepoint: 134812 ns, At safepoint: 6959 ns, Total: 141771 ns
[2022-07-20T11:17:18.125+0000][7][gc,start    ] GC(256) Pause Young (Concurrent Start) (G1 Evacuation Pause)
[2022-07-20T11:17:18.125+0000][7][gc,task     ] GC(256) Using 4 workers of 4 for evacuation
[2022-07-20T11:17:18.125+0000][7][gc,age      ] GC(256) Desired survivor size 6291456 bytes, new threshold 15 (max threshold 15)
[2022-07-20T11:17:18.129+0000][7][gc,age      ] GC(256) Age table with threshold 15 (max threshold 15)
[2022-07-20T11:17:18.129+0000][7][gc,age      ] GC(256) - age   1:    1344480 bytes,    1344480 total
[2022-07-20T11:17:18.129+0000][7][gc,age      ] GC(256) - age   2:     248312 bytes,    1592792 total
[2022-07-20T11:17:18.129+0000][7][gc,age      ] GC(256) - age   3:     325008 bytes,    1917800 total
[2022-07-20T11:17:18.129+0000][7][gc,age      ] GC(256) - age   4:     237304 bytes,    2155104 total
[2022-07-20T11:17:18.129+0000][7][gc,age      ] GC(256) - age   5:      27456 bytes,    2182560 total
[2022-07-20T11:17:18.129+0000][7][gc,age      ] GC(256) - age   6:       1600 bytes,    2184160 total
[2022-07-20T11:17:18.129+0000][7][gc,age      ] GC(256) - age   7:       1856 bytes,    2186016 total
[2022-07-20T11:17:18.129+0000][7][gc,age      ] GC(256) - age   8:        432 bytes,    2186448 total
[2022-07-20T11:17:18.129+0000][7][gc,age      ] GC(256) - age   9:       1360 bytes,    2187808 total
[2022-07-20T11:17:18.129+0000][7][gc,age      ] GC(256) - age  10:        128 bytes,    2187936 total
[2022-07-20T11:17:18.129+0000][7][gc,age      ] GC(256) - age  11:        320 bytes,    2188256 total
[2022-07-20T11:17:18.129+0000][7][gc,age      ] GC(256) - age  12:        168 bytes,    2188424 total
[2022-07-20T11:17:18.129+0000][7][gc,age      ] GC(256) - age  13:       1992 bytes,    2190416 total
[2022-07-20T11:17:18.129+0000][7][gc,age      ] GC(256) - age  14:        680 bytes,    2191096 total
[2022-07-20T11:17:18.129+0000][7][gc,age      ] GC(256) - age  15:        448 bytes,    2191544 total
[2022-07-20T11:17:18.129+0000][7][gc,phases   ] GC(256)   Pre Evacuate Collection Set: 0.2ms
[2022-07-20T11:17:18.129+0000][7][gc,phases   ] GC(256)   Merge Heap Roots: 0.1ms
[2022-07-20T11:17:18.129+0000][7][gc,phases   ] GC(256)   Evacuate Collection Set: 2.6ms
[2022-07-20T11:17:18.129+0000][7][gc,phases   ] GC(256)   Post Evacuate Collection Set: 0.6ms
[2022-07-20T11:17:18.129+0000][7][gc,phases   ] GC(256)   Other: 0.4ms
[2022-07-20T11:17:18.129+0000][7][gc,heap     ] GC(256) Eden regions: 23->0(23)
[2022-07-20T11:17:18.129+0000][7][gc,heap     ] GC(256) Survivor regions: 1->1(3)
[2022-07-20T11:17:18.129+0000][7][gc,heap     ] GC(256) Old regions: 24->24
[2022-07-20T11:17:18.129+0000][7][gc,heap     ] GC(256) Archive regions: 2->2
[2022-07-20T11:17:18.129+0000][7][gc,heap     ] GC(256) Humongous regions: 2->2
[2022-07-20T11:17:18.129+0000][7][gc,metaspace] GC(256) Metaspace: 111606K(116600K)->111606K(116600K) NonClass: 97526K(101036K)->97526K(101036K) Class: 14079K(15564K)->14079K(15564K)
[2022-07-20T11:17:18.129+0000][7][gc          ] GC(256) Pause Young (Concurrent Start) (G1 Evacuation Pause) 202M->109M(256M) 3.911ms
[2022-07-20T11:17:18.129+0000][7][gc,cpu      ] GC(256) User=0.01s Sys=0.00s Real=0.00s
[2022-07-20T11:17:18.129+0000][7][safepoint   ] Safepoint "G1CollectForAllocation", Time since last: 13052709923 ns, Reaching safepoint: 107977 ns, At safepoint: 4022059 ns, Total: 4130036 ns
[2022-07-20T11:17:18.129+0000][7][gc          ] GC(257) Concurrent Cycle
[2022-07-20T11:17:18.129+0000][7][gc,marking  ] GC(257) Concurrent Clear Claimed Marks
[2022-07-20T11:17:18.129+0000][7][gc,marking  ] GC(257) Concurrent Clear Claimed Marks 0.102ms
[2022-07-20T11:17:18.129+0000][7][gc,marking  ] GC(257) Concurrent Scan Root Regions
[2022-07-20T11:17:18.131+0000][7][gc,marking  ] GC(257) Concurrent Scan Root Regions 2.032ms
[2022-07-20T11:17:18.131+0000][7][gc,marking  ] GC(257) Concurrent Mark (5585.783s)
[2022-07-20T11:17:18.131+0000][7][gc,marking  ] GC(257) Concurrent Mark From Roots
[2022-07-20T11:17:18.131+0000][7][gc,task     ] GC(257) Using 1 workers of 1 for marking
[2022-07-20T11:17:18.274+0000][7][gc,marking  ] GC(257) Concurrent Mark From Roots 142.336ms
[2022-07-20T11:17:18.274+0000][7][gc,marking  ] GC(257) Concurrent Preclean
[2022-07-20T11:17:18.274+0000][7][gc,marking  ] GC(257) Concurrent Preclean 0.229ms
[2022-07-20T11:17:18.274+0000][7][gc,marking  ] GC(257) Concurrent Mark (5585.783s, 5585.926s) 142.630ms
[2022-07-20T11:17:18.274+0000][7][gc,start    ] GC(257) Pause Remark
[2022-07-20T11:17:18.286+0000][7][gc          ] GC(257) Pause Remark 110M->110M(256M) 11.936ms
[2022-07-20T11:17:18.286+0000][7][gc,cpu      ] GC(257) User=0.05s Sys=0.00s Real=0.02s
[2022-07-20T11:17:18.286+0000][7][safepoint   ] Safepoint "G1Concurrent", Time since last: 144916675 ns, Reaching safepoint: 143832 ns, At safepoint: 12067716 ns, Total: 12211548 ns
[2022-07-20T11:17:18.286+0000][7][gc,marking  ] GC(257) Concurrent Rebuild Remembered Sets
[2022-07-20T11:17:18.375+0000][7][gc,marking  ] GC(257) Concurrent Rebuild Remembered Sets 88.803ms
[2022-07-20T11:17:18.375+0000][7][gc,start    ] GC(257) Pause Cleanup
[2022-07-20T11:17:18.375+0000][7][gc          ] GC(257) Pause Cleanup 110M->110M(256M) 0.103ms
[2022-07-20T11:17:18.375+0000][7][gc,cpu      ] GC(257) User=0.00s Sys=0.00s Real=0.00s
[2022-07-20T11:17:18.375+0000][7][safepoint   ] Safepoint "G1Concurrent", Time since last: 88918525 ns, Reaching safepoint: 103844 ns, At safepoint: 187545 ns, Total: 291389 ns
[2022-07-20T11:17:18.376+0000][7][gc,marking  ] GC(257) Concurrent Cleanup for Next Mark
[2022-07-20T11:17:18.376+0000][7][gc,marking  ] GC(257) Concurrent Cleanup for Next Mark 0.253ms
[2022-07-20T11:17:18.376+0000][7][gc          ] GC(257) Concurrent Cycle 246.643ms
[2022-07-20T11:17:41.381+0000][7][safepoint   ] Safepoint "Cleanup", Time since last: 23005564282 ns, Reaching safepoint: 158412 ns, At safepoint: 8831 ns, Total: 167243 ns
[2022-07-20T11:18:01.386+0000][7][safepoint   ] Safepoint "Cleanup", Time since last: 20005072674 ns, Reaching safepoint: 128733 ns, At safepoint: 7565 ns, Total: 136298 ns
[2022-07-20T11:18:05.005+0000][7][gc,start    ] GC(258) Pause Young (Normal) (G1 Evacuation Pause)
[2022-07-20T11:18:05.005+0000][7][gc,task     ] GC(258) Using 4 workers of 4 for evacuation
[2022-07-20T11:18:05.005+0000][7][gc,age      ] GC(258) Desired survivor size 6291456 bytes, new threshold 15 (max threshold 15)
[2022-07-20T11:18:05.009+0000][7][gc,age      ] GC(258) Age table with threshold 15 (max threshold 15)
[2022-07-20T11:18:05.009+0000][7][gc,age      ] GC(258) - age   1:    1341888 bytes,    1341888 total
[2022-07-20T11:18:05.009+0000][7][gc,age      ] GC(258) - age   2:     161912 bytes,    1503800 total
[2022-07-20T11:18:05.009+0000][7][gc,age      ] GC(258) - age   3:       6112 bytes,    1509912 total
[2022-07-20T11:18:05.009+0000][7][gc,age      ] GC(258) - age   4:     324648 bytes,    1834560 total
[2022-07-20T11:18:05.009+0000][7][gc,age      ] GC(258) - age   5:     236672 bytes,    2071232 total
[2022-07-20T11:18:05.009+0000][7][gc,age      ] GC(258) - age   6:       2816 bytes,    2074048 total
[2022-07-20T11:18:05.009+0000][7][gc,age      ] GC(258) - age   7:       1536 bytes,    2075584 total
[2022-07-20T11:18:05.009+0000][7][gc,age      ] GC(258) - age   8:       1856 bytes,    2077440 total
[2022-07-20T11:18:05.009+0000][7][gc,age      ] GC(258) - age   9:        432 bytes,    2077872 total
[2022-07-20T11:18:05.009+0000][7][gc,age      ] GC(258) - age  10:       1360 bytes,    2079232 total
[2022-07-20T11:18:05.009+0000][7][gc,age      ] GC(258) - age  11:        128 bytes,    2079360 total
[2022-07-20T11:18:05.009+0000][7][gc,age      ] GC(258) - age  12:        320 bytes,    2079680 total
[2022-07-20T11:18:05.009+0000][7][gc,age      ] GC(258) - age  13:        136 bytes,    2079816 total
[2022-07-20T11:18:05.009+0000][7][gc,age      ] GC(258) - age  14:       1992 bytes,    2081808 total
[2022-07-20T11:18:05.009+0000][7][gc,age      ] GC(258) - age  15:        680 bytes,    2082488 total
[2022-07-20T11:18:05.009+0000][7][gc,phases   ] GC(258)   Pre Evacuate Collection Set: 0.1ms
[2022-07-20T11:18:05.009+0000][7][gc,phases   ] GC(258)   Merge Heap Roots: 0.1ms
[2022-07-20T11:18:05.009+0000][7][gc,phases   ] GC(258)   Evacuate Collection Set: 2.8ms
[2022-07-20T11:18:05.009+0000][7][gc,phases   ] GC(258)   Post Evacuate Collection Set: 0.6ms
[2022-07-20T11:18:05.009+0000][7][gc,phases   ] GC(258)   Other: 0.4ms
[2022-07-20T11:18:05.009+0000][7][gc,heap     ] GC(258) Eden regions: 23->0(23)
[2022-07-20T11:18:05.009+0000][7][gc,heap     ] GC(258) Survivor regions: 1->1(3)
[2022-07-20T11:18:05.009+0000][7][gc,heap     ] GC(258) Old regions: 24->24
[2022-07-20T11:18:05.009+0000][7][gc,heap     ] GC(258) Archive regions: 2->2
[2022-07-20T11:18:05.009+0000][7][gc,heap     ] GC(258) Humongous regions: 2->2
[2022-07-20T11:18:05.009+0000][7][gc,metaspace] GC(258) Metaspace: 111607K(116600K)->111607K(116600K) NonClass: 97527K(101036K)->97527K(101036K) Class: 14079K(15564K)->14079K(15564K)
[2022-07-20T11:18:05.009+0000][7][gc          ] GC(258) Pause Young (Normal) (G1 Evacuation Pause) 201M->109M(256M) 4.031ms
[2022-07-20T11:18:05.009+0000][7][gc,cpu      ] GC(258) User=0.01s Sys=0.00s Real=0.00s
[2022-07-20T11:18:05.009+0000][7][safepoint   ] Safepoint "G1CollectForAllocation", Time since last: 3618562023 ns, Reaching safepoint: 114815 ns, At safepoint: 4134601 ns, Total: 4249416 ns
[2022-07-20T11:18:06.010+0000][7][safepoint   ] Safepoint "Cleanup", Time since last: 1000196872 ns, Reaching safepoint: 129325 ns, At safepoint: 9779 ns, Total: 139104 ns
[2022-07-20T11:18:12.011+0000][7][safepoint   ] Safepoint "Cleanup", Time since last: 6001275276 ns, Reaching safepoint: 130179 ns, At safepoint: 9254 ns, Total: 139433 ns
[2022-07-20T11:18:17.012+0000][7][safepoint   ] Safepoint "Cleanup", Time since last: 5001039269 ns, Reaching safepoint: 84743 ns, At safepoint: 7345 ns, Total: 92088 ns
[2022-07-20T11:18:32.016+0000][7][safepoint   ] Safepoint "Cleanup", Time since last: 15003624832 ns, Reaching safepoint: 95605 ns, At safepoint: 5962 ns, Total: 101567 ns
[2022-07-20T11:18:41.007+0000][7][gc,start    ] GC(259) Pause Young (Concurrent Start) (G1 Evacuation Pause)
[2022-07-20T11:18:41.007+0000][7][gc,task     ] GC(259) Using 4 workers of 4 for evacuation
[2022-07-20T11:18:41.007+0000][7][gc,age      ] GC(259) Desired survivor size 6291456 bytes, new threshold 15 (max threshold 15)
[2022-07-20T11:18:41.010+0000][7][gc,age      ] GC(259) Age table with threshold 15 (max threshold 15)
[2022-07-20T11:18:41.010+0000][7][gc,age      ] GC(259) - age   1:    1184760 bytes,    1184760 total
[2022-07-20T11:18:41.010+0000][7][gc,age      ] GC(259) - age   2:     158728 bytes,    1343488 total
[2022-07-20T11:18:41.010+0000][7][gc,age      ] GC(259) - age   3:      15752 bytes,    1359240 total
[2022-07-20T11:18:41.010+0000][7][gc,age      ] GC(259) - age   4:       5888 bytes,    1365128 total
[2022-07-20T11:18:41.010+0000][7][gc,age      ] GC(259) - age   5:     324584 bytes,    1689712 total
[2022-07-20T11:18:41.010+0000][7][gc,age      ] GC(259) - age   6:     236672 bytes,    1926384 total
[2022-07-20T11:18:41.010+0000][7][gc,age      ] GC(259) - age   7:       2816 bytes,    1929200 total
[2022-07-20T11:18:41.010+0000][7][gc,age      ] GC(259) - age   8:       1536 bytes,    1930736 total
[2022-07-20T11:18:41.010+0000][7][gc,age      ] GC(259) - age   9:       1856 bytes,    1932592 total
[2022-07-20T11:18:41.010+0000][7][gc,age      ] GC(259) - age  10:        432 bytes,    1933024 total
[2022-07-20T11:18:41.010+0000][7][gc,age      ] GC(259) - age  11:       1360 bytes,    1934384 total
[2022-07-20T11:18:41.010+0000][7][gc,age      ] GC(259) - age  12:        128 bytes,    1934512 total
[2022-07-20T11:18:41.010+0000][7][gc,age      ] GC(259) - age  13:        320 bytes,    1934832 total
[2022-07-20T11:18:41.010+0000][7][gc,age      ] GC(259) - age  14:        136 bytes,    1934968 total
[2022-07-20T11:18:41.010+0000][7][gc,age      ] GC(259) - age  15:       1992 bytes,    1936960 total
[2022-07-20T11:18:41.010+0000][7][gc,phases   ] GC(259)   Pre Evacuate Collection Set: 0.1ms
[2022-07-20T11:18:41.010+0000][7][gc,phases   ] GC(259)   Merge Heap Roots: 0.0ms
[2022-07-20T11:18:41.010+0000][7][gc,phases   ] GC(259)   Evacuate Collection Set: 2.2ms
[2022-07-20T11:18:41.010+0000][7][gc,phases   ] GC(259)   Post Evacuate Collection Set: 0.5ms
[2022-07-20T11:18:41.010+0000][7][gc,phases   ] GC(259)   Other: 0.3ms
[2022-07-20T11:18:41.010+0000][7][gc,heap     ] GC(259) Eden regions: 23->0(23)
[2022-07-20T11:18:41.010+0000][7][gc,heap     ] GC(259) Survivor regions: 1->1(3)
[2022-07-20T11:18:41.010+0000][7][gc,heap     ] GC(259) Old regions: 24->24
[2022-07-20T11:18:41.010+0000][7][gc,heap     ] GC(259) Archive regions: 2->2
[2022-07-20T11:18:41.010+0000][7][gc,heap     ] GC(259) Humongous regions: 2->2
[2022-07-20T11:18:41.010+0000][7][gc,metaspace] GC(259) Metaspace: 111631K(116600K)->111631K(116600K) NonClass: 97552K(101036K)->97552K(101036K) Class: 14079K(15564K)->14079K(15564K)
[2022-07-20T11:18:41.010+0000][7][gc          ] GC(259) Pause Young (Concurrent Start) (G1 Evacuation Pause) 201M->109M(256M) 3.251ms
[2022-07-20T11:18:41.010+0000][7][gc,cpu      ] GC(259) User=0.01s Sys=0.00s Real=0.00s
[2022-07-20T11:18:41.010+0000][7][gc          ] GC(260) Concurrent Cycle
[2022-07-20T11:18:41.010+0000][7][safepoint   ] Safepoint "G1CollectForAllocation", Time since last: 8991033912 ns, Reaching safepoint: 102468 ns, At safepoint: 3339916 ns, Total: 3442384 ns
[2022-07-20T11:18:41.010+0000][7][gc,marking  ] GC(260) Concurrent Clear Claimed Marks
[2022-07-20T11:18:41.010+0000][7][gc,marking  ] GC(260) Concurrent Clear Claimed Marks 0.110ms
[2022-07-20T11:18:41.010+0000][7][gc,marking  ] GC(260) Concurrent Scan Root Regions
[2022-07-20T11:18:41.013+0000][7][gc,marking  ] GC(260) Concurrent Scan Root Regions 2.778ms
[2022-07-20T11:18:41.013+0000][7][gc,marking  ] GC(260) Concurrent Mark (5668.665s)
[2022-07-20T11:18:41.013+0000][7][gc,marking  ] GC(260) Concurrent Mark From Roots
[2022-07-20T11:18:41.013+0000][7][gc,task     ] GC(260) Using 1 workers of 1 for marking
[2022-07-20T11:18:41.163+0000][7][gc,marking  ] GC(260) Concurrent Mark From Roots 149.791ms
[2022-07-20T11:18:41.163+0000][7][gc,marking  ] GC(260) Concurrent Preclean
[2022-07-20T11:18:41.163+0000][7][gc,marking  ] GC(260) Concurrent Preclean 0.273ms
[2022-07-20T11:18:41.163+0000][7][gc,marking  ] GC(260) Concurrent Mark (5668.665s, 5668.815s) 150.159ms
[2022-07-20T11:18:41.164+0000][7][gc,start    ] GC(260) Pause Remark
[2022-07-20T11:18:41.180+0000][7][gc          ] GC(260) Pause Remark 115M->115M(256M) 16.747ms
[2022-07-20T11:18:41.181+0000][7][gc,cpu      ] GC(260) User=0.05s Sys=0.00s Real=0.01s
[2022-07-20T11:18:41.181+0000][7][safepoint   ] Safepoint "G1Concurrent", Time since last: 153152896 ns, Reaching safepoint: 168947 ns, At safepoint: 16892359 ns, Total: 17061306 ns
[2022-07-20T11:18:41.181+0000][7][gc,marking  ] GC(260) Concurrent Rebuild Remembered Sets
[2022-07-20T11:18:41.276+0000][7][gc,marking  ] GC(260) Concurrent Rebuild Remembered Sets 95.785ms
[2022-07-20T11:18:41.277+0000][7][gc,start    ] GC(260) Pause Cleanup
[2022-07-20T11:18:41.277+0000][7][gc          ] GC(260) Pause Cleanup 120M->120M(256M) 0.101ms
[2022-07-20T11:18:41.277+0000][7][gc,cpu      ] GC(260) User=0.00s Sys=0.00s Real=0.00s
[2022-07-20T11:18:41.277+0000][7][safepoint   ] Safepoint "G1Concurrent", Time since last: 95933345 ns, Reaching safepoint: 142898 ns, At safepoint: 169359 ns, Total: 312257 ns
[2022-07-20T11:18:41.277+0000][7][gc,marking  ] GC(260) Concurrent Cleanup for Next Mark
[2022-07-20T11:18:41.277+0000][7][gc,marking  ] GC(260) Concurrent Cleanup for Next Mark 0.294ms
[2022-07-20T11:18:41.277+0000][7][gc          ] GC(260) Concurrent Cycle 266.857ms
[2022-07-20T11:18:42.277+0000][7][safepoint   ] Safepoint "Cleanup", Time since last: 1000325873 ns, Reaching safepoint: 132498 ns, At safepoint: 9773 ns, Total: 142271 ns
[2022-07-20T11:19:02.282+0000][7][safepoint   ] Safepoint "Cleanup", Time since last: 20004349304 ns, Reaching safepoint: 125962 ns, At safepoint: 8996 ns, Total: 134958 ns
[2022-07-20T11:19:05.283+0000][7][safepoint   ] Safepoint "Cleanup", Time since last: 3000676665 ns, Reaching safepoint: 104779 ns, At safepoint: 7411 ns, Total: 112190 ns
[2022-07-20T11:19:12.284+0000][7][safepoint   ] Safepoint "Cleanup", Time since last: 7001018515 ns, Reaching safepoint: 204198 ns, At safepoint: 13284 ns, Total: 217482 ns
[2022-07-20T11:19:22.090+0000][7][gc,start    ] GC(261) Pause Young (Normal) (G1 Evacuation Pause)
[2022-07-20T11:19:22.090+0000][7][gc,task     ] GC(261) Using 4 workers of 4 for evacuation
[2022-07-20T11:19:22.090+0000][7][gc,age      ] GC(261) Desired survivor size 6291456 bytes, new threshold 15 (max threshold 15)
[2022-07-20T11:19:22.093+0000][7][gc,age      ] GC(261) Age table with threshold 15 (max threshold 15)
[2022-07-20T11:19:22.094+0000][7][gc,age      ] GC(261) - age   1:     618944 bytes,     618944 total
[2022-07-20T11:19:22.094+0000][7][gc,age      ] GC(261) - age   2:     104176 bytes,     723120 total
[2022-07-20T11:19:22.094+0000][7][gc,age      ] GC(261) - age   3:     157288 bytes,     880408 total
[2022-07-20T11:19:22.094+0000][7][gc,age      ] GC(261) - age   4:      15216 bytes,     895624 total
[2022-07-20T11:19:22.094+0000][7][gc,age      ] GC(261) - age   5:       5120 bytes,     900744 total
[2022-07-20T11:19:22.094+0000][7][gc,age      ] GC(261) - age   6:     324552 bytes,    1225296 total
[2022-07-20T11:19:22.094+0000][7][gc,age      ] GC(261) - age   7:     236632 bytes,    1461928 total
[2022-07-20T11:19:22.094+0000][7][gc,age      ] GC(261) - age   8:       2816 bytes,    1464744 total
[2022-07-20T11:19:22.094+0000][7][gc,age      ] GC(261) - age   9:       1536 bytes,    1466280 total
[2022-07-20T11:19:22.094+0000][7][gc,age      ] GC(261) - age  10:       1856 bytes,    1468136 total
[2022-07-20T11:19:22.094+0000][7][gc,age      ] GC(261) - age  11:        192 bytes,    1468328 total
[2022-07-20T11:19:22.094+0000][7][gc,age      ] GC(261) - age  12:       1360 bytes,    1469688 total
[2022-07-20T11:19:22.094+0000][7][gc,age      ] GC(261) - age  13:        128 bytes,    1469816 total
[2022-07-20T11:19:22.094+0000][7][gc,age      ] GC(261) - age  14:        320 bytes,    1470136 total
[2022-07-20T11:19:22.094+0000][7][gc,age      ] GC(261) - age  15:        136 bytes,    1470272 total
[2022-07-20T11:19:22.094+0000][7][gc,phases   ] GC(261)   Pre Evacuate Collection Set: 0.1ms
[2022-07-20T11:19:22.094+0000][7][gc,phases   ] GC(261)   Merge Heap Roots: 0.1ms
[2022-07-20T11:19:22.094+0000][7][gc,phases   ] GC(261)   Evacuate Collection Set: 2.3ms
[2022-07-20T11:19:22.094+0000][7][gc,phases   ] GC(261)   Post Evacuate Collection Set: 0.6ms
[2022-07-20T11:19:22.094+0000][7][gc,phases   ] GC(261)   Other: 0.4ms
[2022-07-20T11:19:22.094+0000][7][gc,heap     ] GC(261) Eden regions: 23->0(24)
[2022-07-20T11:19:22.094+0000][7][gc,heap     ] GC(261) Survivor regions: 1->1(3)
[2022-07-20T11:19:22.094+0000][7][gc,heap     ] GC(261) Old regions: 24->24
[2022-07-20T11:19:22.094+0000][7][gc,heap     ] GC(261) Archive regions: 2->2
[2022-07-20T11:19:22.094+0000][7][gc,heap     ] GC(261) Humongous regions: 2->2
[2022-07-20T11:19:22.094+0000][7][gc,metaspace] GC(261) Metaspace: 111667K(116600K)->111667K(116600K) NonClass: 97587K(101036K)->97587K(101036K) Class: 14080K(15564K)->14080K(15564K)
[2022-07-20T11:19:22.094+0000][7][gc          ] GC(261) Pause Young (Normal) (G1 Evacuation Pause) 201M->109M(256M) 3.429ms
[2022-07-20T11:19:22.094+0000][7][gc,cpu      ] GC(261) User=0.01s Sys=0.01s Real=0.00s
[2022-07-20T11:19:22.094+0000][7][safepoint   ] Safepoint "G1CollectForAllocation", Time since last: 9806382293 ns, Reaching safepoint: 136149 ns, At safepoint: 3534116 ns, Total: 3670265 ns
[2022-07-20T11:19:26.095+0000][7][safepoint   ] Safepoint "Cleanup", Time since last: 4000968009 ns, Reaching safepoint: 134532 ns, At safepoint: 11488 ns, Total: 146020 ns
[2022-07-20T11:19:29.096+0000][7][safepoint   ] Safepoint "Cleanup", Time since last: 3000969385 ns, Reaching safepoint: 113554 ns, At safepoint: 9227 ns, Total: 122781 ns
[2022-07-20T11:19:31.097+0000][7][safepoint   ] Safepoint "Cleanup", Time since last: 2000625909 ns, Reaching safepoint: 195642 ns, At safepoint: 8767 ns, Total: 204409 ns
[2022-07-20T11:19:40.098+0000][7][safepoint   ] Safepoint "Cleanup", Time since last: 9001398822 ns, Reaching safepoint: 122435 ns, At safepoint: 7422 ns, Total: 129857 ns
[2022-07-20T11:19:42.099+0000][7][safepoint   ] Safepoint "Cleanup", Time since last: 2000481567 ns, Reaching safepoint: 197200 ns, At safepoint: 7438 ns, Total: 204638 ns
[2022-07-20T11:19:53.291+0000][7][gc,start    ] GC(262) Pause Young (Concurrent Start) (G1 Evacuation Pause)
[2022-07-20T11:19:53.291+0000][7][gc,task     ] GC(262) Using 4 workers of 4 for evacuation
[2022-07-20T11:19:53.291+0000][7][gc,age      ] GC(262) Desired survivor size 8388608 bytes, new threshold 15 (max threshold 15)
[2022-07-20T11:19:53.296+0000][7][gc,age      ] GC(262) Age table with threshold 15 (max threshold 15)
[2022-07-20T11:19:53.296+0000][7][gc,age      ] GC(262) - age   1:    1891576 bytes,    1891576 total
[2022-07-20T11:19:53.296+0000][7][gc,age      ] GC(262) - age   2:     488376 bytes,    2379952 total
[2022-07-20T11:19:53.296+0000][7][gc,age      ] GC(262) - age   3:     103160 bytes,    2483112 total
[2022-07-20T11:19:53.296+0000][7][gc,age      ] GC(262) - age   4:     156528 bytes,    2639640 total
[2022-07-20T11:19:53.296+0000][7][gc,age      ] GC(262) - age   5:       2016 bytes,    2641656 total
[2022-07-20T11:19:53.296+0000][7][gc,age      ] GC(262) - age   6:       4176 bytes,    2645832 total
[2022-07-20T11:19:53.296+0000][7][gc,age      ] GC(262) - age   7:     302944 bytes,    2948776 total
[2022-07-20T11:19:53.296+0000][7][gc,age      ] GC(262) - age   8:     235168 bytes,    3183944 total
[2022-07-20T11:19:53.296+0000][7][gc,age      ] GC(262) - age   9:       2816 bytes,    3186760 total
[2022-07-20T11:19:53.296+0000][7][gc,age      ] GC(262) - age  10:       1440 bytes,    3188200 total
[2022-07-20T11:19:53.296+0000][7][gc,age      ] GC(262) - age  11:       1792 bytes,    3189992 total
[2022-07-20T11:19:53.296+0000][7][gc,age      ] GC(262) - age  12:        192 bytes,    3190184 total
[2022-07-20T11:19:53.296+0000][7][gc,age      ] GC(262) - age  13:       1328 bytes,    3191512 total
[2022-07-20T11:19:53.296+0000][7][gc,age      ] GC(262) - age  14:        128 bytes,    3191640 total
[2022-07-20T11:19:53.296+0000][7][gc,age      ] GC(262) - age  15:        320 bytes,    3191960 total
[2022-07-20T11:19:53.296+0000][7][gc,phases   ] GC(262)   Pre Evacuate Collection Set: 0.1ms
[2022-07-20T11:19:53.296+0000][7][gc,phases   ] GC(262)   Merge Heap Roots: 0.0ms
[2022-07-20T11:19:53.296+0000][7][gc,phases   ] GC(262)   Evacuate Collection Set: 3.4ms
[2022-07-20T11:19:53.296+0000][7][gc,phases   ] GC(262)   Post Evacuate Collection Set: 1.2ms
[2022-07-20T11:19:53.296+0000][7][gc,phases   ] GC(262)   Other: 0.3ms
[2022-07-20T11:19:53.296+0000][7][gc,heap     ] GC(262) Eden regions: 24->0(23)
[2022-07-20T11:19:53.296+0000][7][gc,heap     ] GC(262) Survivor regions: 1->1(4)
[2022-07-20T11:19:53.296+0000][7][gc,heap     ] GC(262) Old regions: 24->24
[2022-07-20T11:19:53.296+0000][7][gc,heap     ] GC(262) Archive regions: 2->2
[2022-07-20T11:19:53.296+0000][7][gc,heap     ] GC(262) Humongous regions: 2->2
[2022-07-20T11:19:53.296+0000][7][gc,metaspace] GC(262) Metaspace: 111667K(116600K)->111667K(116600K) NonClass: 97587K(101036K)->97587K(101036K) Class: 14080K(15564K)->14080K(15564K)
[2022-07-20T11:19:53.296+0000][7][gc          ] GC(262) Pause Young (Concurrent Start) (G1 Evacuation Pause) 205M->110M(256M) 5.181ms
[2022-07-20T11:19:53.296+0000][7][gc,cpu      ] GC(262) User=0.02s Sys=0.00s Real=0.01s
[2022-07-20T11:19:53.296+0000][7][gc          ] GC(263) Concurrent Cycle
[2022-07-20T11:19:53.296+0000][7][safepoint   ] Safepoint "G1CollectForAllocation", Time since last: 11191880103 ns, Reaching safepoint: 120410 ns, At safepoint: 5281653 ns, Total: 5402063 ns
[2022-07-20T11:19:53.296+0000][7][gc,marking  ] GC(263) Concurrent Clear Claimed Marks
[2022-07-20T11:19:53.296+0000][7][gc,marking  ] GC(263) Concurrent Clear Claimed Marks 0.115ms
[2022-07-20T11:19:53.296+0000][7][gc,marking  ] GC(263) Concurrent Scan Root Regions
[2022-07-20T11:19:53.299+0000][7][gc,marking  ] GC(263) Concurrent Scan Root Regions 2.414ms
[2022-07-20T11:19:53.299+0000][7][gc,marking  ] GC(263) Concurrent Mark (5740.951s)
[2022-07-20T11:19:53.299+0000][7][gc,marking  ] GC(263) Concurrent Mark From Roots
[2022-07-20T11:19:53.299+0000][7][gc,task     ] GC(263) Using 1 workers of 1 for marking
[2022-07-20T11:19:53.443+0000][7][gc,marking  ] GC(263) Concurrent Mark From Roots 144.319ms
[2022-07-20T11:19:53.443+0000][7][gc,marking  ] GC(263) Concurrent Preclean
[2022-07-20T11:19:53.444+0000][7][gc,marking  ] GC(263) Concurrent Preclean 0.224ms
[2022-07-20T11:19:53.444+0000][7][gc,marking  ] GC(263) Concurrent Mark (5740.951s, 5741.095s) 144.607ms
[2022-07-20T11:19:53.444+0000][7][gc,start    ] GC(263) Pause Remark
[2022-07-20T11:19:53.457+0000][7][gc          ] GC(263) Pause Remark 114M->114M(256M) 12.901ms
[2022-07-20T11:19:53.457+0000][7][gc,cpu      ] GC(263) User=0.04s Sys=0.00s Real=0.01s
[2022-07-20T11:19:53.457+0000][7][safepoint   ] Safepoint "G1Concurrent", Time since last: 147240754 ns, Reaching safepoint: 136084 ns, At safepoint: 13019076 ns, Total: 13155160 ns
[2022-07-20T11:19:53.457+0000][7][gc,marking  ] GC(263) Concurrent Rebuild Remembered Sets
[2022-07-20T11:19:53.545+0000][7][gc,marking  ] GC(263) Concurrent Rebuild Remembered Sets 88.267ms
[2022-07-20T11:19:53.545+0000][7][gc,start    ] GC(263) Pause Cleanup
[2022-07-20T11:19:53.545+0000][7][gc          ] GC(263) Pause Cleanup 114M->114M(256M) 0.105ms
[2022-07-20T11:19:53.545+0000][7][gc,cpu      ] GC(263) User=0.00s Sys=0.00s Real=0.00s
[2022-07-20T11:19:53.546+0000][7][safepoint   ] Safepoint "G1Concurrent", Time since last: 88458290 ns, Reaching safepoint: 133404 ns, At safepoint: 186868 ns, Total: 320272 ns
[2022-07-20T11:19:53.546+0000][7][gc,marking  ] GC(263) Concurrent Cleanup for Next Mark
[2022-07-20T11:19:53.546+0000][7][gc,marking  ] GC(263) Concurrent Cleanup for Next Mark 0.307ms
[2022-07-20T11:19:53.546+0000][7][gc          ] GC(263) Concurrent Cycle 249.567ms
[2022-07-20T11:20:01.548+0000][7][safepoint   ] Safepoint "Cleanup", Time since last: 8002082453 ns, Reaching safepoint: 207347 ns, At safepoint: 8649 ns, Total: 215996 ns
[2022-07-20T11:20:22.553+0000][7][safepoint   ] Safepoint "Cleanup", Time since last: 21004804182 ns, Reaching safepoint: 144045 ns, At safepoint: 8210 ns, Total: 152255 ns
[2022-07-20T11:20:35.033+0000][7][gc,start    ] GC(264) Pause Young (Normal) (G1 Evacuation Pause)
[2022-07-20T11:20:35.033+0000][7][gc,task     ] GC(264) Using 4 workers of 4 for evacuation
[2022-07-20T11:20:35.033+0000][7][gc,age      ] GC(264) Desired survivor size 6291456 bytes, new threshold 15 (max threshold 15)
[2022-07-20T11:20:35.038+0000][7][gc,age      ] GC(264) Age table with threshold 15 (max threshold 15)
[2022-07-20T11:20:35.038+0000][7][gc,age      ] GC(264) - age   1:    1658272 bytes,    1658272 total
[2022-07-20T11:20:35.038+0000][7][gc,age      ] GC(264) - age   2:     407800 bytes,    2066072 total
[2022-07-20T11:20:35.038+0000][7][gc,age      ] GC(264) - age   3:       8344 bytes,    2074416 total
[2022-07-20T11:20:35.038+0000][7][gc,age      ] GC(264) - age   4:      89736 bytes,    2164152 total
[2022-07-20T11:20:35.038+0000][7][gc,age      ] GC(264) - age   5:     155360 bytes,    2319512 total
[2022-07-20T11:20:35.038+0000][7][gc,age      ] GC(264) - age   6:       1760 bytes,    2321272 total
[2022-07-20T11:20:35.038+0000][7][gc,age      ] GC(264) - age   7:       3528 bytes,    2324800 total
[2022-07-20T11:20:35.038+0000][7][gc,age      ] GC(264) - age   8:     302880 bytes,    2627680 total
[2022-07-20T11:20:35.038+0000][7][gc,age      ] GC(264) - age   9:     235104 bytes,    2862784 total
[2022-07-20T11:20:35.038+0000][7][gc,age      ] GC(264) - age  10:       2720 bytes,    2865504 total
[2022-07-20T11:20:35.038+0000][7][gc,age      ] GC(264) - age  11:       1440 bytes,    2866944 total
[2022-07-20T11:20:35.038+0000][7][gc,age      ] GC(264) - age  12:       1760 bytes,    2868704 total
[2022-07-20T11:20:35.038+0000][7][gc,age      ] GC(264) - age  13:        192 bytes,    2868896 total
[2022-07-20T11:20:35.038+0000][7][gc,age      ] GC(264) - age  14:       1032 bytes,    2869928 total
[2022-07-20T11:20:35.038+0000][7][gc,phases   ] GC(264)   Pre Evacuate Collection Set: 0.1ms
[2022-07-20T11:20:35.038+0000][7][gc,phases   ] GC(264)   Merge Heap Roots: 0.1ms
[2022-07-20T11:20:35.038+0000][7][gc,phases   ] GC(264)   Evacuate Collection Set: 3.6ms
[2022-07-20T11:20:35.038+0000][7][gc,phases   ] GC(264)   Post Evacuate Collection Set: 1.2ms
[2022-07-20T11:20:35.038+0000][7][gc,phases   ] GC(264)   Other: 0.3ms
[2022-07-20T11:20:35.038+0000][7][gc,heap     ] GC(264) Eden regions: 23->0(23)
[2022-07-20T11:20:35.038+0000][7][gc,heap     ] GC(264) Survivor regions: 1->1(3)
[2022-07-20T11:20:35.038+0000][7][gc,heap     ] GC(264) Old regions: 24->24
[2022-07-20T11:20:35.038+0000][7][gc,heap     ] GC(264) Archive regions: 2->2
[2022-07-20T11:20:35.038+0000][7][gc,heap     ] GC(264) Humongous regions: 2->2
[2022-07-20T11:20:35.038+0000][7][gc,metaspace] GC(264) Metaspace: 111677K(116600K)->111677K(116600K) NonClass: 97597K(101036K)->97597K(101036K) Class: 14080K(15564K)->14080K(15564K)
[2022-07-20T11:20:35.038+0000][7][gc          ] GC(264) Pause Young (Normal) (G1 Evacuation Pause) 202M->110M(256M) 5.321ms
[2022-07-20T11:20:35.038+0000][7][gc,cpu      ] GC(264) User=0.02s Sys=0.00s Real=0.01s
[2022-07-20T11:20:35.038+0000][7][safepoint   ] Safepoint "G1CollectForAllocation", Time since last: 12479954552 ns, Reaching safepoint: 105626 ns, At safepoint: 5422157 ns, Total: 5527783 ns
[2022-07-20T11:20:38.039+0000][7][safepoint   ] Safepoint "Cleanup", Time since last: 3000711840 ns, Reaching safepoint: 135296 ns, At safepoint: 7525 ns, Total: 142821 ns
[2022-07-20T11:20:42.040+0000][7][safepoint   ] Safepoint "Cleanup", Time since last: 4000773625 ns, Reaching safepoint: 144503 ns, At safepoint: 9025 ns, Total: 153528 ns
[2022-07-20T11:20:48.041+0000][7][safepoint   ] Safepoint "Cleanup", Time since last: 6000908964 ns, Reaching safepoint: 138917 ns, At safepoint: 9367 ns, Total: 148284 ns
[2022-07-20T11:20:53.043+0000][7][safepoint   ] Safepoint "Cleanup", Time since last: 5001484765 ns, Reaching safepoint: 184479 ns, At safepoint: 8482 ns, Total: 192961 ns
[2022-07-20T11:20:54.043+0000][7][safepoint   ] Safepoint "Cleanup", Time since last: 1000209801 ns, Reaching safepoint: 148432 ns, At safepoint: 7905 ns, Total: 156337 ns
[2022-07-20T11:20:57.044+0000][7][safepoint   ] Safepoint "Cleanup", Time since last: 3000709020 ns, Reaching safepoint: 147796 ns, At safepoint: 6339 ns, Total: 154135 ns
[2022-07-20T11:21:01.046+0000][7][safepoint   ] Safepoint "Cleanup", Time since last: 4001646312 ns, Reaching safepoint: 149203 ns, At safepoint: 6013 ns, Total: 155216 ns
[2022-07-20T11:21:02.046+0000][7][safepoint   ] Safepoint "Cleanup", Time since last: 1000365128 ns, Reaching safepoint: 152405 ns, At safepoint: 10223 ns, Total: 162628 ns
[2022-07-20T11:21:05.026+0000][7][gc,start    ] GC(265) Pause Young (Concurrent Start) (G1 Evacuation Pause)
[2022-07-20T11:21:05.026+0000][7][gc,task     ] GC(265) Using 4 workers of 4 for evacuation
[2022-07-20T11:21:05.026+0000][7][gc,age      ] GC(265) Desired survivor size 6291456 bytes, new threshold 15 (max threshold 15)
[2022-07-20T11:21:05.030+0000][7][gc,age      ] GC(265) Age table with threshold 15 (max threshold 15)
[2022-07-20T11:21:05.030+0000][7][gc,age      ] GC(265) - age   1:    2126352 bytes,    2126352 total
[2022-07-20T11:21:05.030+0000][7][gc,age      ] GC(265) - age   2:     103872 bytes,    2230224 total
[2022-07-20T11:21:05.030+0000][7][gc,age      ] GC(265) - age   3:     280600 bytes,    2510824 total
[2022-07-20T11:21:05.030+0000][7][gc,age      ] GC(265) - age   4:       7688 bytes,    2518512 total
[2022-07-20T11:21:05.030+0000][7][gc,age      ] GC(265) - age   5:      87520 bytes,    2606032 total
[2022-07-20T11:21:05.030+0000][7][gc,age      ] GC(265) - age   6:     154856 bytes,    2760888 total
[2022-07-20T11:21:05.030+0000][7][gc,age      ] GC(265) - age   7:       1760 bytes,    2762648 total
[2022-07-20T11:21:05.030+0000][7][gc,age      ] GC(265) - age   8:       3528 bytes,    2766176 total
[2022-07-20T11:21:05.030+0000][7][gc,age      ] GC(265) - age   9:     302880 bytes,    3069056 total
[2022-07-20T11:21:05.030+0000][7][gc,age      ] GC(265) - age  10:     235104 bytes,    3304160 total
[2022-07-20T11:21:05.030+0000][7][gc,age      ] GC(265) - age  11:       2720 bytes,    3306880 total
[2022-07-20T11:21:05.030+0000][7][gc,age      ] GC(265) - age  12:       1440 bytes,    3308320 total
[2022-07-20T11:21:05.030+0000][7][gc,age      ] GC(265) - age  13:       1760 bytes,    3310080 total
[2022-07-20T11:21:05.030+0000][7][gc,age      ] GC(265) - age  14:        192 bytes,    3310272 total
[2022-07-20T11:21:05.030+0000][7][gc,age      ] GC(265) - age  15:       1032 bytes,    3311304 total
[2022-07-20T11:21:05.030+0000][7][gc,phases   ] GC(265)   Pre Evacuate Collection Set: 0.2ms
[2022-07-20T11:21:05.030+0000][7][gc,phases   ] GC(265)   Merge Heap Roots: 0.1ms
[2022-07-20T11:21:05.030+0000][7][gc,phases   ] GC(265)   Evacuate Collection Set: 3.2ms
[2022-07-20T11:21:05.030+0000][7][gc,phases   ] GC(265)   Post Evacuate Collection Set: 0.5ms
[2022-07-20T11:21:05.030+0000][7][gc,phases   ] GC(265)   Other: 0.3ms
[2022-07-20T11:21:05.030+0000][7][gc,heap     ] GC(265) Eden regions: 23->0(23)
[2022-07-20T11:21:05.030+0000][7][gc,heap     ] GC(265) Survivor regions: 1->1(3)
[2022-07-20T11:21:05.030+0000][7][gc,heap     ] GC(265) Old regions: 24->24
[2022-07-20T11:21:05.030+0000][7][gc,heap     ] GC(265) Archive regions: 2->2
[2022-07-20T11:21:05.030+0000][7][gc,heap     ] GC(265) Humongous regions: 2->2
[2022-07-20T11:21:05.030+0000][7][gc,metaspace] GC(265) Metaspace: 111679K(116600K)->111679K(116600K) NonClass: 97598K(101036K)->97598K(101036K) Class: 14080K(15564K)->14080K(15564K)
[2022-07-20T11:21:05.030+0000][7][gc          ] GC(265) Pause Young (Concurrent Start) (G1 Evacuation Pause) 202M->111M(256M) 4.262ms
[2022-07-20T11:21:05.030+0000][7][gc,cpu      ] GC(265) User=0.02s Sys=0.00s Real=0.00s
[2022-07-20T11:21:05.030+0000][7][gc          ] GC(266) Concurrent Cycle
[2022-07-20T11:21:05.030+0000][7][safepoint   ] Safepoint "G1CollectForAllocation", Time since last: 2979175331 ns, Reaching safepoint: 135851 ns, At safepoint: 4367439 ns, Total: 4503290 ns
[2022-07-20T11:21:05.030+0000][7][gc,marking  ] GC(266) Concurrent Clear Claimed Marks
[2022-07-20T11:21:05.030+0000][7][gc,marking  ] GC(266) Concurrent Clear Claimed Marks 0.106ms
[2022-07-20T11:21:05.030+0000][7][gc,marking  ] GC(266) Concurrent Scan Root Regions
[2022-07-20T11:21:05.033+0000][7][gc,marking  ] GC(266) Concurrent Scan Root Regions 2.434ms
[2022-07-20T11:21:05.033+0000][7][gc,marking  ] GC(266) Concurrent Mark (5812.685s)
[2022-07-20T11:21:05.033+0000][7][gc,marking  ] GC(266) Concurrent Mark From Roots
[2022-07-20T11:21:05.033+0000][7][gc,task     ] GC(266) Using 1 workers of 1 for marking
[2022-07-20T11:21:05.180+0000][7][gc,marking  ] GC(266) Concurrent Mark From Roots 146.901ms
[2022-07-20T11:21:05.180+0000][7][gc,marking  ] GC(266) Concurrent Preclean
[2022-07-20T11:21:05.180+0000][7][gc,marking  ] GC(266) Concurrent Preclean 0.275ms
[2022-07-20T11:21:05.180+0000][7][gc,marking  ] GC(266) Concurrent Mark (5812.685s, 5812.832s) 147.254ms
[2022-07-20T11:21:05.180+0000][7][gc,start    ] GC(266) Pause Remark
[2022-07-20T11:21:05.192+0000][7][gc          ] GC(266) Pause Remark 119M->119M(256M) 12.154ms
[2022-07-20T11:21:05.192+0000][7][gc,cpu      ] GC(266) User=0.04s Sys=0.00s Real=0.01s
[2022-07-20T11:21:05.192+0000][7][safepoint   ] Safepoint "G1Concurrent", Time since last: 149911712 ns, Reaching safepoint: 126202 ns, At safepoint: 12279888 ns, Total: 12406090 ns
[2022-07-20T11:21:05.192+0000][7][gc,marking  ] GC(266) Concurrent Rebuild Remembered Sets
[2022-07-20T11:21:05.283+0000][7][gc,marking  ] GC(266) Concurrent Rebuild Remembered Sets 90.486ms
[2022-07-20T11:21:05.283+0000][7][gc,start    ] GC(266) Pause Cleanup
[2022-07-20T11:21:05.283+0000][7][gc          ] GC(266) Pause Cleanup 119M->119M(256M) 0.102ms
[2022-07-20T11:21:05.283+0000][7][gc,cpu      ] GC(266) User=0.00s Sys=0.00s Real=0.00s
[2022-07-20T11:21:05.283+0000][7][safepoint   ] Safepoint "G1Concurrent", Time since last: 90639583 ns, Reaching safepoint: 141144 ns, At safepoint: 187439 ns, Total: 328583 ns
[2022-07-20T11:21:05.283+0000][7][gc,marking  ] GC(266) Concurrent Cleanup for Next Mark
[2022-07-20T11:21:05.284+0000][7][gc,marking  ] GC(266) Concurrent Cleanup for Next Mark 0.298ms
[2022-07-20T11:21:05.284+0000][7][gc          ] GC(266) Concurrent Cycle 253.660ms
[2022-07-20T11:21:17.286+0000][7][safepoint   ] Safepoint "Cleanup", Time since last: 12002311906 ns, Reaching safepoint: 128524 ns, At safepoint: 6743 ns, Total: 135267 ns
[2022-07-20T11:21:41.290+0000][7][safepoint   ] Safepoint "Cleanup", Time since last: 24004386527 ns, Reaching safepoint: 158245 ns, At safepoint: 8898 ns, Total: 167143 ns
[2022-07-20T11:21:41.952+0000][7][gc,start    ] GC(267) Pause Young (Normal) (G1 Evacuation Pause)
[2022-07-20T11:21:41.952+0000][7][gc,task     ] GC(267) Using 4 workers of 4 for evacuation
[2022-07-20T11:21:41.952+0000][7][gc,age      ] GC(267) Desired survivor size 6291456 bytes, new threshold 15 (max threshold 15)
[2022-07-20T11:21:41.956+0000][7][gc,age      ] GC(267) Age table with threshold 15 (max threshold 15)
[2022-07-20T11:21:41.956+0000][7][gc,age      ] GC(267) - age   1:    1087536 bytes,    1087536 total
[2022-07-20T11:21:41.956+0000][7][gc,age      ] GC(267) - age   2:     414584 bytes,    1502120 total
[2022-07-20T11:21:41.956+0000][7][gc,age      ] GC(267) - age   3:       5432 bytes,    1507552 total
[2022-07-20T11:21:41.956+0000][7][gc,age      ] GC(267) - age   4:     279144 bytes,    1786696 total
[2022-07-20T11:21:41.956+0000][7][gc,age      ] GC(267) - age   5:       2552 bytes,    1789248 total
[2022-07-20T11:21:41.956+0000][7][gc,age      ] GC(267) - age   6:       1440 bytes,    1790688 total
[2022-07-20T11:21:41.956+0000][7][gc,age      ] GC(267) - age   7:       4312 bytes,    1795000 total
[2022-07-20T11:21:41.956+0000][7][gc,age      ] GC(267) - age   8:       1760 bytes,    1796760 total
[2022-07-20T11:21:41.956+0000][7][gc,age      ] GC(267) - age   9:       3464 bytes,    1800224 total
[2022-07-20T11:21:41.956+0000][7][gc,age      ] GC(267) - age  10:     302880 bytes,    2103104 total
[2022-07-20T11:21:41.956+0000][7][gc,age      ] GC(267) - age  11:     234976 bytes,    2338080 total
[2022-07-20T11:21:41.956+0000][7][gc,age      ] GC(267) - age  12:       2720 bytes,    2340800 total
[2022-07-20T11:21:41.956+0000][7][gc,age      ] GC(267) - age  13:       1440 bytes,    2342240 total
[2022-07-20T11:21:41.956+0000][7][gc,age      ] GC(267) - age  14:       1448 bytes,    2343688 total
[2022-07-20T11:21:41.956+0000][7][gc,age      ] GC(267) - age  15:        192 bytes,    2343880 total
[2022-07-20T11:21:41.956+0000][7][gc,phases   ] GC(267)   Pre Evacuate Collection Set: 0.1ms
[2022-07-20T11:21:41.956+0000][7][gc,phases   ] GC(267)   Merge Heap Roots: 0.0ms
[2022-07-20T11:21:41.956+0000][7][gc,phases   ] GC(267)   Evacuate Collection Set: 2.9ms
[2022-07-20T11:21:41.956+0000][7][gc,phases   ] GC(267)   Post Evacuate Collection Set: 0.6ms
[2022-07-20T11:21:41.956+0000][7][gc,phases   ] GC(267)   Other: 0.3ms
[2022-07-20T11:21:41.956+0000][7][gc,heap     ] GC(267) Eden regions: 23->0(23)
[2022-07-20T11:21:41.956+0000][7][gc,heap     ] GC(267) Survivor regions: 1->1(3)
[2022-07-20T11:21:41.956+0000][7][gc,heap     ] GC(267) Old regions: 24->24
[2022-07-20T11:21:41.956+0000][7][gc,heap     ] GC(267) Archive regions: 2->2
[2022-07-20T11:21:41.956+0000][7][gc,heap     ] GC(267) Humongous regions: 2->2
[2022-07-20T11:21:41.956+0000][7][gc,metaspace] GC(267) Metaspace: 111681K(116856K)->111681K(116856K) NonClass: 97601K(101292K)->97601K(101292K) Class: 14080K(15564K)->14080K(15564K)
[2022-07-20T11:21:41.956+0000][7][gc          ] GC(267) Pause Young (Normal) (G1 Evacuation Pause) 203M->110M(256M) 3.979ms
[2022-07-20T11:21:41.956+0000][7][gc,cpu      ] GC(267) User=0.02s Sys=0.00s Real=0.01s
[2022-07-20T11:21:41.956+0000][7][safepoint   ] Safepoint "G1CollectForAllocation", Time since last: 661438555 ns, Reaching safepoint: 118175 ns, At safepoint: 4070909 ns, Total: 4189084 ns
[2022-07-20T11:21:54.959+0000][7][safepoint   ] Safepoint "Cleanup", Time since last: 13003058355 ns, Reaching safepoint: 124182 ns, At safepoint: 9084 ns, Total: 133266 ns
[2022-07-20T11:22:05.962+0000][7][safepoint   ] Safepoint "Cleanup", Time since last: 11002613572 ns, Reaching safepoint: 107308 ns, At safepoint: 9407 ns, Total: 116715 ns
[2022-07-20T11:22:29.019+0000][7][gc,start    ] GC(268) Pause Young (Concurrent Start) (G1 Evacuation Pause)
[2022-07-20T11:22:29.019+0000][7][gc,task     ] GC(268) Using 4 workers of 4 for evacuation
[2022-07-20T11:22:29.019+0000][7][gc,age      ] GC(268) Desired survivor size 6291456 bytes, new threshold 15 (max threshold 15)
[2022-07-20T11:22:29.023+0000][7][gc,age      ] GC(268) Age table with threshold 15 (max threshold 15)
[2022-07-20T11:22:29.023+0000][7][gc,age      ] GC(268) - age   1:    1400144 bytes,    1400144 total
[2022-07-20T11:22:29.023+0000][7][gc,age      ] GC(268) - age   2:       4856 bytes,    1405000 total
[2022-07-20T11:22:29.023+0000][7][gc,age      ] GC(268) - age   3:     350256 bytes,    1755256 total
[2022-07-20T11:22:29.023+0000][7][gc,age      ] GC(268) - age   4:       4256 bytes,    1759512 total
[2022-07-20T11:22:29.023+0000][7][gc,age      ] GC(268) - age   5:     278688 bytes,    2038200 total
[2022-07-20T11:22:29.023+0000][7][gc,age      ] GC(268) - age   6:       1752 bytes,    2039952 total
[2022-07-20T11:22:29.023+0000][7][gc,age      ] GC(268) - age   7:       1440 bytes,    2041392 total
[2022-07-20T11:22:29.023+0000][7][gc,age      ] GC(268) - age   8:       4248 bytes,    2045640 total
[2022-07-20T11:22:29.023+0000][7][gc,age      ] GC(268) - age   9:       1760 bytes,    2047400 total
[2022-07-20T11:22:29.023+0000][7][gc,age      ] GC(268) - age  10:       3400 bytes,    2050800 total
[2022-07-20T11:22:29.023+0000][7][gc,age      ] GC(268) - age  11:     302880 bytes,    2353680 total
[2022-07-20T11:22:29.023+0000][7][gc,age      ] GC(268) - age  12:     234952 bytes,    2588632 total
[2022-07-20T11:22:29.023+0000][7][gc,age      ] GC(268) - age  13:       2720 bytes,    2591352 total
[2022-07-20T11:22:29.023+0000][7][gc,age      ] GC(268) - age  14:       1440 bytes,    2592792 total
[2022-07-20T11:22:29.023+0000][7][gc,age      ] GC(268) - age  15:       1448 bytes,    2594240 total
[2022-07-20T11:22:29.023+0000][7][gc,phases   ] GC(268)   Pre Evacuate Collection Set: 0.1ms
[2022-07-20T11:22:29.023+0000][7][gc,phases   ] GC(268)   Merge Heap Roots: 0.0ms
[2022-07-20T11:22:29.023+0000][7][gc,phases   ] GC(268)   Evacuate Collection Set: 2.5ms
[2022-07-20T11:22:29.023+0000][7][gc,phases   ] GC(268)   Post Evacuate Collection Set: 0.5ms
[2022-07-20T11:22:29.023+0000][7][gc,phases   ] GC(268)   Other: 0.4ms
[2022-07-20T11:22:29.023+0000][7][gc,heap     ] GC(268) Eden regions: 23->0(23)
[2022-07-20T11:22:29.023+0000][7][gc,heap     ] GC(268) Survivor regions: 1->1(3)
[2022-07-20T11:22:29.023+0000][7][gc,heap     ] GC(268) Old regions: 24->24
[2022-07-20T11:22:29.023+0000][7][gc,heap     ] GC(268) Archive regions: 2->2
[2022-07-20T11:22:29.023+0000][7][gc,heap     ] GC(268) Humongous regions: 2->2
[2022-07-20T11:22:29.023+0000][7][gc,metaspace] GC(268) Metaspace: 111686K(116856K)->111686K(116856K) NonClass: 97606K(101292K)->97606K(101292K) Class: 14080K(15564K)->14080K(15564K)
[2022-07-20T11:22:29.023+0000][7][gc          ] GC(268) Pause Young (Concurrent Start) (G1 Evacuation Pause) 202M->110M(256M) 3.679ms
[2022-07-20T11:22:29.023+0000][7][gc,cpu      ] GC(268) User=0.01s Sys=0.00s Real=0.01s
[2022-07-20T11:22:29.023+0000][7][gc          ] GC(269) Concurrent Cycle
[2022-07-20T11:22:29.023+0000][7][safepoint   ] Safepoint "G1CollectForAllocation", Time since last: 23057337790 ns, Reaching safepoint: 122806 ns, At safepoint: 3768869 ns, Total: 3891675 ns
[2022-07-20T11:22:29.023+0000][7][gc,marking  ] GC(269) Concurrent Clear Claimed Marks
[2022-07-20T11:22:29.023+0000][7][gc,marking  ] GC(269) Concurrent Clear Claimed Marks 0.101ms
[2022-07-20T11:22:29.023+0000][7][gc,marking  ] GC(269) Concurrent Scan Root Regions
[2022-07-20T11:22:29.026+0000][7][gc,marking  ] GC(269) Concurrent Scan Root Regions 2.505ms
[2022-07-20T11:22:29.026+0000][7][gc,marking  ] GC(269) Concurrent Mark (5896.678s)
[2022-07-20T11:22:29.026+0000][7][gc,marking  ] GC(269) Concurrent Mark From Roots
[2022-07-20T11:22:29.026+0000][7][gc,task     ] GC(269) Using 1 workers of 1 for marking
[2022-07-20T11:22:29.176+0000][7][gc,marking  ] GC(269) Concurrent Mark From Roots 150.453ms
[2022-07-20T11:22:29.176+0000][7][gc,marking  ] GC(269) Concurrent Preclean
[2022-07-20T11:22:29.176+0000][7][gc,marking  ] GC(269) Concurrent Preclean 0.221ms
[2022-07-20T11:22:29.177+0000][7][gc,marking  ] GC(269) Concurrent Mark (5896.678s, 5896.828s) 150.744ms
[2022-07-20T11:22:29.177+0000][7][gc,start    ] GC(269) Pause Remark
[2022-07-20T11:22:29.189+0000][7][gc          ] GC(269) Pause Remark 119M->119M(256M) 12.207ms
[2022-07-20T11:22:29.189+0000][7][gc,cpu      ] GC(269) User=0.05s Sys=0.00s Real=0.01s
[2022-07-20T11:22:29.189+0000][7][safepoint   ] Safepoint "G1Concurrent", Time since last: 153482587 ns, Reaching safepoint: 147935 ns, At safepoint: 12329789 ns, Total: 12477724 ns
[2022-07-20T11:22:29.189+0000][7][gc,marking  ] GC(269) Concurrent Rebuild Remembered Sets
[2022-07-20T11:22:29.282+0000][7][gc,marking  ] GC(269) Concurrent Rebuild Remembered Sets 92.729ms
[2022-07-20T11:22:29.282+0000][7][gc,start    ] GC(269) Pause Cleanup
[2022-07-20T11:22:29.282+0000][7][gc          ] GC(269) Pause Cleanup 119M->119M(256M) 0.100ms
[2022-07-20T11:22:29.282+0000][7][gc,cpu      ] GC(269) User=0.00s Sys=0.00s Real=0.00s
[2022-07-20T11:22:29.282+0000][7][safepoint   ] Safepoint "G1Concurrent", Time since last: 92898837 ns, Reaching safepoint: 129507 ns, At safepoint: 165516 ns, Total: 295023 ns
[2022-07-20T11:22:29.282+0000][7][gc,marking  ] GC(269) Concurrent Cleanup for Next Mark
[2022-07-20T11:22:29.283+0000][7][gc,marking  ] GC(269) Concurrent Cleanup for Next Mark 0.281ms
[2022-07-20T11:22:29.283+0000][7][gc          ] GC(269) Concurrent Cycle 259.530ms
[2022-07-20T11:22:31.283+0000][7][safepoint   ] Safepoint "Cleanup", Time since last: 2000496001 ns, Reaching safepoint: 136030 ns, At safepoint: 8520 ns, Total: 144550 ns
[2022-07-20T11:23:00.289+0000][7][safepoint   ] Safepoint "Cleanup", Time since last: 29005859244 ns, Reaching safepoint: 148368 ns, At safepoint: 7054 ns, Total: 155422 ns
[2022-07-20T11:23:00.443+0000][7][gc,start    ] GC(270) Pause Young (Normal) (G1 Evacuation Pause)
[2022-07-20T11:23:00.443+0000][7][gc,task     ] GC(270) Using 4 workers of 4 for evacuation
[2022-07-20T11:23:00.443+0000][7][gc,age      ] GC(270) Desired survivor size 6291456 bytes, new threshold 15 (max threshold 15)
[2022-07-20T11:23:00.447+0000][7][gc,age      ] GC(270) Age table with threshold 15 (max threshold 15)
[2022-07-20T11:23:00.447+0000][7][gc,age      ] GC(270) - age   1:     450888 bytes,     450888 total
[2022-07-20T11:23:00.447+0000][7][gc,age      ] GC(270) - age   2:     458112 bytes,     909000 total
[2022-07-20T11:23:00.447+0000][7][gc,age      ] GC(270) - age   3:       3064 bytes,     912064 total
[2022-07-20T11:23:00.447+0000][7][gc,age      ] GC(270) - age   4:     122136 bytes,    1034200 total
[2022-07-20T11:23:00.447+0000][7][gc,age      ] GC(270) - age   5:       4032 bytes,    1038232 total
[2022-07-20T11:23:00.447+0000][7][gc,age      ] GC(270) - age   6:     278432 bytes,    1316664 total
[2022-07-20T11:23:00.447+0000][7][gc,age      ] GC(270) - age   7:       1752 bytes,    1318416 total
[2022-07-20T11:23:00.447+0000][7][gc,age      ] GC(270) - age   8:       1376 bytes,    1319792 total
[2022-07-20T11:23:00.447+0000][7][gc,age      ] GC(270) - age   9:       4216 bytes,    1324008 total
[2022-07-20T11:23:00.447+0000][7][gc,age      ] GC(270) - age  10:       1760 bytes,    1325768 total
[2022-07-20T11:23:00.447+0000][7][gc,age      ] GC(270) - age  11:       3400 bytes,    1329168 total
[2022-07-20T11:23:00.447+0000][7][gc,age      ] GC(270) - age  12:     302880 bytes,    1632048 total
[2022-07-20T11:23:00.447+0000][7][gc,age      ] GC(270) - age  13:     234952 bytes,    1867000 total
[2022-07-20T11:23:00.447+0000][7][gc,age      ] GC(270) - age  14:       2424 bytes,    1869424 total
[2022-07-20T11:23:00.447+0000][7][gc,age      ] GC(270) - age  15:       1440 bytes,    1870864 total
[2022-07-20T11:23:00.447+0000][7][gc,phases   ] GC(270)   Pre Evacuate Collection Set: 0.1ms
[2022-07-20T11:23:00.447+0000][7][gc,phases   ] GC(270)   Merge Heap Roots: 0.0ms
[2022-07-20T11:23:00.447+0000][7][gc,phases   ] GC(270)   Evacuate Collection Set: 2.9ms
[2022-07-20T11:23:00.447+0000][7][gc,phases   ] GC(270)   Post Evacuate Collection Set: 1.2ms
[2022-07-20T11:23:00.447+0000][7][gc,phases   ] GC(270)   Other: 0.3ms
[2022-07-20T11:23:00.447+0000][7][gc,heap     ] GC(270) Eden regions: 23->0(24)
[2022-07-20T11:23:00.447+0000][7][gc,heap     ] GC(270) Survivor regions: 1->1(3)
[2022-07-20T11:23:00.447+0000][7][gc,heap     ] GC(270) Old regions: 24->24
[2022-07-20T11:23:00.447+0000][7][gc,heap     ] GC(270) Archive regions: 2->2
[2022-07-20T11:23:00.447+0000][7][gc,heap     ] GC(270) Humongous regions: 2->2
[2022-07-20T11:23:00.447+0000][7][gc,metaspace] GC(270) Metaspace: 111693K(116856K)->111693K(116856K) NonClass: 97613K(101292K)->97613K(101292K) Class: 14080K(15564K)->14080K(15564K)
[2022-07-20T11:23:00.447+0000][7][gc          ] GC(270) Pause Young (Normal) (G1 Evacuation Pause) 202M->109M(256M) 4.559ms
[2022-07-20T11:23:00.447+0000][7][gc,cpu      ] GC(270) User=0.00s Sys=0.00s Real=0.00s
[2022-07-20T11:23:00.447+0000][7][safepoint   ] Safepoint "G1CollectForAllocation", Time since last: 153642194 ns, Reaching safepoint: 140531 ns, At safepoint: 4649871 ns, Total: 4790402 ns
[2022-07-20T11:23:41.964+0000][7][gc,start    ] GC(271) Pause Young (Concurrent Start) (G1 Evacuation Pause)
[2022-07-20T11:23:41.964+0000][7][gc,task     ] GC(271) Using 4 workers of 4 for evacuation
[2022-07-20T11:23:41.964+0000][7][gc,age      ] GC(271) Desired survivor size 8388608 bytes, new threshold 15 (max threshold 15)
[2022-07-20T11:23:41.968+0000][7][gc,age      ] GC(271) Age table with threshold 15 (max threshold 15)
[2022-07-20T11:23:41.968+0000][7][gc,age      ] GC(271) - age   1:    1363680 bytes,    1363680 total
[2022-07-20T11:23:41.968+0000][7][gc,age      ] GC(271) - age   2:     325912 bytes,    1689592 total
[2022-07-20T11:23:41.968+0000][7][gc,age      ] GC(271) - age   3:     457816 bytes,    2147408 total
[2022-07-20T11:23:41.968+0000][7][gc,age      ] GC(271) - age   4:       2864 bytes,    2150272 total
[2022-07-20T11:23:41.968+0000][7][gc,age      ] GC(271) - age   5:     121944 bytes,    2272216 total
[2022-07-20T11:23:41.969+0000][7][gc,age      ] GC(271) - age   6:       3720 bytes,    2275936 total
[2022-07-20T11:23:41.969+0000][7][gc,age      ] GC(271) - age   7:     278432 bytes,    2554368 total
[2022-07-20T11:23:41.969+0000][7][gc,age      ] GC(271) - age   8:       1752 bytes,    2556120 total
[2022-07-20T11:23:41.969+0000][7][gc,age      ] GC(271) - age   9:       1376 bytes,    2557496 total
[2022-07-20T11:23:41.969+0000][7][gc,age      ] GC(271) - age  10:       3864 bytes,    2561360 total
[2022-07-20T11:23:41.969+0000][7][gc,age      ] GC(271) - age  11:       1472 bytes,    2562832 total
[2022-07-20T11:23:41.969+0000][7][gc,age      ] GC(271) - age  12:       3400 bytes,    2566232 total
[2022-07-20T11:23:41.969+0000][7][gc,age      ] GC(271) - age  13:     302720 bytes,    2868952 total
[2022-07-20T11:23:41.969+0000][7][gc,age      ] GC(271) - age  14:     234952 bytes,    3103904 total
[2022-07-20T11:23:41.969+0000][7][gc,age      ] GC(271) - age  15:       2384 bytes,    3106288 total
[2022-07-20T11:23:41.969+0000][7][gc,phases   ] GC(271)   Pre Evacuate Collection Set: 0.2ms
[2022-07-20T11:23:41.969+0000][7][gc,phases   ] GC(271)   Merge Heap Roots: 0.1ms
[2022-07-20T11:23:41.969+0000][7][gc,phases   ] GC(271)   Evacuate Collection Set: 3.5ms
[2022-07-20T11:23:41.969+0000][7][gc,phases   ] GC(271)   Post Evacuate Collection Set: 0.6ms
[2022-07-20T11:23:41.969+0000][7][gc,phases   ] GC(271)   Other: 0.4ms
[2022-07-20T11:23:41.969+0000][7][gc,heap     ] GC(271) Eden regions: 24->0(23)
[2022-07-20T11:23:41.969+0000][7][gc,heap     ] GC(271) Survivor regions: 1->1(4)
[2022-07-20T11:23:41.969+0000][7][gc,heap     ] GC(271) Old regions: 24->24
[2022-07-20T11:23:41.969+0000][7][gc,heap     ] GC(271) Archive regions: 2->2
[2022-07-20T11:23:41.969+0000][7][gc,heap     ] GC(271) Humongous regions: 2->2
[2022-07-20T11:23:41.969+0000][7][gc,metaspace] GC(271) Metaspace: 111694K(116856K)->111694K(116856K) NonClass: 97614K(101292K)->97614K(101292K) Class: 14080K(15564K)->14080K(15564K)
[2022-07-20T11:23:41.969+0000][7][gc          ] GC(271) Pause Young (Concurrent Start) (G1 Evacuation Pause) 205M->110M(256M) 4.790ms
[2022-07-20T11:23:41.969+0000][7][gc,cpu      ] GC(271) User=0.01s Sys=0.00s Real=0.00s
[2022-07-20T11:23:41.969+0000][7][gc          ] GC(272) Concurrent Cycle
[2022-07-20T11:23:41.969+0000][7][safepoint   ] Safepoint "G1CollectForAllocation", Time since last: 41516369292 ns, Reaching safepoint: 197537 ns, At safepoint: 4894084 ns, Total: 5091621 ns
[2022-07-20T11:23:41.969+0000][7][gc,marking  ] GC(272) Concurrent Clear Claimed Marks
[2022-07-20T11:23:41.969+0000][7][gc,marking  ] GC(272) Concurrent Clear Claimed Marks 0.121ms
[2022-07-20T11:23:41.969+0000][7][gc,marking  ] GC(272) Concurrent Scan Root Regions
[2022-07-20T11:23:41.972+0000][7][gc,marking  ] GC(272) Concurrent Scan Root Regions 2.702ms
[2022-07-20T11:23:41.972+0000][7][gc,marking  ] GC(272) Concurrent Mark (5969.624s)
[2022-07-20T11:23:41.972+0000][7][gc,marking  ] GC(272) Concurrent Mark From Roots
[2022-07-20T11:23:41.972+0000][7][gc,task     ] GC(272) Using 1 workers of 1 for marking
[2022-07-20T11:23:42.115+0000][7][gc,marking  ] GC(272) Concurrent Mark From Roots 143.530ms
[2022-07-20T11:23:42.115+0000][7][gc,marking  ] GC(272) Concurrent Preclean
[2022-07-20T11:23:42.115+0000][7][gc,marking  ] GC(272) Concurrent Preclean 0.200ms
[2022-07-20T11:23:42.115+0000][7][gc,marking  ] GC(272) Concurrent Mark (5969.624s, 5969.767s) 143.811ms
[2022-07-20T11:23:42.116+0000][7][gc,start    ] GC(272) Pause Remark
[2022-07-20T11:23:42.128+0000][7][gc          ] GC(272) Pause Remark 111M->111M(256M) 12.356ms
[2022-07-20T11:23:42.128+0000][7][gc,cpu      ] GC(272) User=0.04s Sys=0.00s Real=0.01s
[2022-07-20T11:23:42.128+0000][7][safepoint   ] Safepoint "G1Concurrent", Time since last: 146731578 ns, Reaching safepoint: 121858 ns, At safepoint: 12479513 ns, Total: 12601371 ns
[2022-07-20T11:23:42.128+0000][7][gc,marking  ] GC(272) Concurrent Rebuild Remembered Sets
[2022-07-20T11:23:42.218+0000][7][gc,marking  ] GC(272) Concurrent Rebuild Remembered Sets 89.848ms
[2022-07-20T11:23:42.218+0000][7][gc,start    ] GC(272) Pause Cleanup
[2022-07-20T11:23:42.218+0000][7][gc          ] GC(272) Pause Cleanup 112M->112M(256M) 0.107ms
[2022-07-20T11:23:42.218+0000][7][gc,cpu      ] GC(272) User=0.00s Sys=0.00s Real=0.00s
[2022-07-20T11:23:42.218+0000][7][safepoint   ] Safepoint "G1Concurrent", Time since last: 90001921 ns, Reaching safepoint: 118319 ns, At safepoint: 180011 ns, Total: 298330 ns
[2022-07-20T11:23:42.218+0000][7][gc,marking  ] GC(272) Concurrent Cleanup for Next Mark
[2022-07-20T11:23:42.219+0000][7][gc,marking  ] GC(272) Concurrent Cleanup for Next Mark 0.242ms
[2022-07-20T11:23:42.219+0000][7][gc          ] GC(272) Concurrent Cycle 249.934ms
[2022-07-20T11:24:00.222+0000][7][safepoint   ] Safepoint "Cleanup", Time since last: 18003654675 ns, Reaching safepoint: 144208 ns, At safepoint: 7735 ns, Total: 151943 ns
[2022-07-20T11:24:29.057+0000][7][gc,start    ] GC(273) Pause Young (Normal) (G1 Evacuation Pause)
[2022-07-20T11:24:29.057+0000][7][gc,task     ] GC(273) Using 4 workers of 4 for evacuation
[2022-07-20T11:24:29.057+0000][7][gc,age      ] GC(273) Desired survivor size 6291456 bytes, new threshold 15 (max threshold 15)
[2022-07-20T11:24:29.063+0000][7][gc,age      ] GC(273) Age table with threshold 15 (max threshold 15)
[2022-07-20T11:24:29.063+0000][7][gc,age      ] GC(273) - age   1:    2008664 bytes,    2008664 total
[2022-07-20T11:24:29.063+0000][7][gc,age      ] GC(273) - age   2:      56048 bytes,    2064712 total
[2022-07-20T11:24:29.063+0000][7][gc,age      ] GC(273) - age   3:      42576 bytes,    2107288 total
[2022-07-20T11:24:29.063+0000][7][gc,age      ] GC(273) - age   4:     457464 bytes,    2564752 total
[2022-07-20T11:24:29.063+0000][7][gc,age      ] GC(273) - age   5:       2200 bytes,    2566952 total
[2022-07-20T11:24:29.063+0000][7][gc,age      ] GC(273) - age   6:     121312 bytes,    2688264 total
[2022-07-20T11:24:29.063+0000][7][gc,age      ] GC(273) - age   7:       3656 bytes,    2691920 total
[2022-07-20T11:24:29.063+0000][7][gc,age      ] GC(273) - age   8:     278144 bytes,    2970064 total
[2022-07-20T11:24:29.063+0000][7][gc,age      ] GC(273) - age   9:       1656 bytes,    2971720 total
[2022-07-20T11:24:29.063+0000][7][gc,age      ] GC(273) - age  10:       1376 bytes,    2973096 total
[2022-07-20T11:24:29.063+0000][7][gc,age      ] GC(273) - age  11:       3864 bytes,    2976960 total
[2022-07-20T11:24:29.063+0000][7][gc,age      ] GC(273) - age  12:       1472 bytes,    2978432 total
[2022-07-20T11:24:29.063+0000][7][gc,age      ] GC(273) - age  13:       3400 bytes,    2981832 total
[2022-07-20T11:24:29.063+0000][7][gc,age      ] GC(273) - age  14:     302720 bytes,    3284552 total
[2022-07-20T11:24:29.063+0000][7][gc,age      ] GC(273) - age  15:     234888 bytes,    3519440 total
[2022-07-20T11:24:29.063+0000][7][gc,phases   ] GC(273)   Pre Evacuate Collection Set: 0.1ms
[2022-07-20T11:24:29.063+0000][7][gc,phases   ] GC(273)   Merge Heap Roots: 0.0ms
[2022-07-20T11:24:29.063+0000][7][gc,phases   ] GC(273)   Evacuate Collection Set: 4.2ms
[2022-07-20T11:24:29.063+0000][7][gc,phases   ] GC(273)   Post Evacuate Collection Set: 1.2ms
[2022-07-20T11:24:29.063+0000][7][gc,phases   ] GC(273)   Other: 0.4ms
[2022-07-20T11:24:29.063+0000][7][gc,heap     ] GC(273) Eden regions: 23->0(23)
[2022-07-20T11:24:29.063+0000][7][gc,heap     ] GC(273) Survivor regions: 1->1(3)
[2022-07-20T11:24:29.063+0000][7][gc,heap     ] GC(273) Old regions: 24->24
[2022-07-20T11:24:29.063+0000][7][gc,heap     ] GC(273) Archive regions: 2->2
[2022-07-20T11:24:29.063+0000][7][gc,heap     ] GC(273) Humongous regions: 2->2
[2022-07-20T11:24:29.063+0000][7][gc,metaspace] GC(273) Metaspace: 111698K(116856K)->111698K(116856K) NonClass: 97618K(101292K)->97618K(101292K) Class: 14080K(15564K)->14080K(15564K)
[2022-07-20T11:24:29.063+0000][7][gc          ] GC(273) Pause Young (Normal) (G1 Evacuation Pause) 202M->111M(256M) 6.026ms
[2022-07-20T11:24:29.063+0000][7][gc,cpu      ] GC(273) User=0.02s Sys=0.00s Real=0.01s
[2022-07-20T11:24:29.063+0000][7][safepoint   ] Safepoint "G1CollectForAllocation", Time since last: 28834712503 ns, Reaching safepoint: 119449 ns, At safepoint: 6123971 ns, Total: 6243420 ns
[2022-07-20T11:24:31.064+0000][7][safepoint   ] Safepoint "Cleanup", Time since last: 2000382101 ns, Reaching safepoint: 144498 ns, At safepoint: 6790 ns, Total: 151288 ns
[2022-07-20T11:24:55.645+0000][7][safepoint   ] Safepoint "Cleanup", Time since last: 24580937923 ns, Reaching safepoint: 399321 ns, At safepoint: 30329 ns, Total: 429650 ns
[2022-07-20T11:25:00.332+0000][7][gc,start    ] GC(274) Pause Young (Concurrent Start) (G1 Evacuation Pause)
[2022-07-20T11:25:00.332+0000][7][gc,task     ] GC(274) Using 4 workers of 4 for evacuation
[2022-07-20T11:25:00.332+0000][7][gc,age      ] GC(274) Desired survivor size 6291456 bytes, new threshold 15 (max threshold 15)
[2022-07-20T11:25:00.396+0000][7][gc,age      ] GC(274) Age table with threshold 15 (max threshold 15)
[2022-07-20T11:25:00.396+0000][7][gc,age      ] GC(274) - age   1:    1618912 bytes,    1618912 total
[2022-07-20T11:25:00.396+0000][7][gc,age      ] GC(274) - age   2:     255304 bytes,    1874216 total
[2022-07-20T11:25:00.396+0000][7][gc,age      ] GC(274) - age   3:      53576 bytes,    1927792 total
[2022-07-20T11:25:00.396+0000][7][gc,age      ] GC(274) - age   4:      24440 bytes,    1952232 total
[2022-07-20T11:25:00.396+0000][7][gc,age      ] GC(274) - age   5:     304888 bytes,    2257120 total
[2022-07-20T11:25:00.396+0000][7][gc,age      ] GC(274) - age   6:       2008 bytes,    2259128 total
[2022-07-20T11:25:00.396+0000][7][gc,age      ] GC(274) - age   7:     121312 bytes,    2380440 total
[2022-07-20T11:25:00.396+0000][7][gc,age      ] GC(274) - age   8:       3600 bytes,    2384040 total
[2022-07-20T11:25:00.397+0000][7][gc,age      ] GC(274) - age   9:     277848 bytes,    2661888 total
[2022-07-20T11:25:00.397+0000][7][gc,age      ] GC(274) - age  10:       1656 bytes,    2663544 total
[2022-07-20T11:25:00.397+0000][7][gc,age      ] GC(274) - age  11:       1376 bytes,    2664920 total
[2022-07-20T11:25:00.397+0000][7][gc,age      ] GC(274) - age  12:       3864 bytes,    2668784 total
[2022-07-20T11:25:00.397+0000][7][gc,age      ] GC(274) - age  13:       1472 bytes,    2670256 total
[2022-07-20T11:25:00.397+0000][7][gc,age      ] GC(274) - age  14:       3400 bytes,    2673656 total
[2022-07-20T11:25:00.397+0000][7][gc,age      ] GC(274) - age  15:     302720 bytes,    2976376 total
[2022-07-20T11:25:00.397+0000][7][gc,phases   ] GC(274)   Pre Evacuate Collection Set: 0.4ms
[2022-07-20T11:25:00.397+0000][7][gc,phases   ] GC(274)   Merge Heap Roots: 0.2ms
[2022-07-20T11:25:00.397+0000][7][gc,phases   ] GC(274)   Evacuate Collection Set: 40.4ms
[2022-07-20T11:25:00.397+0000][7][gc,phases   ] GC(274)   Post Evacuate Collection Set: 22.9ms
[2022-07-20T11:25:00.397+0000][7][gc,phases   ] GC(274)   Other: 1.5ms
[2022-07-20T11:25:00.397+0000][7][gc,heap     ] GC(274) Eden regions: 23->0(22)
[2022-07-20T11:25:00.397+0000][7][gc,heap     ] GC(274) Survivor regions: 1->1(3)
[2022-07-20T11:25:00.397+0000][7][gc,heap     ] GC(274) Old regions: 24->25
[2022-07-20T11:25:00.397+0000][7][gc,heap     ] GC(274) Archive regions: 2->2
[2022-07-20T11:25:00.397+0000][7][gc,heap     ] GC(274) Humongous regions: 2->2
[2022-07-20T11:25:00.397+0000][7][gc,metaspace] GC(274) Metaspace: 111698K(116856K)->111698K(116856K) NonClass: 97618K(101292K)->97618K(101292K) Class: 14080K(15564K)->14080K(15564K)
[2022-07-20T11:25:00.398+0000][7][gc          ] GC(274) Pause Young (Concurrent Start) (G1 Evacuation Pause) 203M->111M(256M) 65.906ms
[2022-07-20T11:25:00.398+0000][7][gc,cpu      ] GC(274) User=0.07s Sys=0.00s Real=0.07s
[2022-07-20T11:25:00.398+0000][7][gc          ] GC(275) Concurrent Cycle
[2022-07-20T11:25:00.398+0000][7][gc,marking  ] GC(275) Concurrent Clear Claimed Marks
[2022-07-20T11:25:00.398+0000][7][gc,marking  ] GC(275) Concurrent Clear Claimed Marks 0.355ms
[2022-07-20T11:25:00.398+0000][7][gc,marking  ] GC(275) Concurrent Scan Root Regions
[2022-07-20T11:25:00.398+0000][7][safepoint   ] Safepoint "G1CollectForAllocation", Time since last: 4685829787 ns, Reaching safepoint: 615364 ns, At safepoint: 66381925 ns, Total: 66997289 ns
[2022-07-20T11:25:00.429+0000][7][gc,marking  ] GC(275) Concurrent Scan Root Regions 30.273ms
[2022-07-20T11:25:00.429+0000][7][gc,marking  ] GC(275) Concurrent Mark (6048.081s)
[2022-07-20T11:25:00.429+0000][7][gc,marking  ] GC(275) Concurrent Mark From Roots
[2022-07-20T11:25:00.429+0000][7][gc,task     ] GC(275) Using 1 workers of 1 for marking
[2022-07-20T11:25:01.053+0000][7][gc,marking  ] GC(275) Concurrent Mark From Roots 623.600ms
[2022-07-20T11:25:01.053+0000][7][gc,marking  ] GC(275) Concurrent Preclean
[2022-07-20T11:25:01.053+0000][7][gc,marking  ] GC(275) Concurrent Preclean 0.611ms
[2022-07-20T11:25:01.054+0000][7][gc,marking  ] GC(275) Concurrent Mark (6048.081s, 6048.705s) 624.579ms
[2022-07-20T11:25:01.054+0000][7][gc,start    ] GC(275) Pause Remark
[2022-07-20T11:25:01.111+0000][7][gc          ] GC(275) Pause Remark 116M->116M(256M) 57.405ms
[2022-07-20T11:25:01.112+0000][7][gc,cpu      ] GC(275) User=0.14s Sys=0.00s Real=0.06s
[2022-07-20T11:25:01.112+0000][7][safepoint   ] Safepoint "G1Concurrent", Time since last: 655749368 ns, Reaching safepoint: 332311 ns, At safepoint: 57791937 ns, Total: 58124248 ns
[2022-07-20T11:25:01.112+0000][7][gc,marking  ] GC(275) Concurrent Rebuild Remembered Sets
[2022-07-20T11:25:01.556+0000][7][gc,marking  ] GC(275) Concurrent Rebuild Remembered Sets 443.470ms
[2022-07-20T11:25:01.556+0000][7][gc,start    ] GC(275) Pause Cleanup
[2022-07-20T11:25:01.557+0000][7][gc          ] GC(275) Pause Cleanup 121M->121M(256M) 0.274ms
[2022-07-20T11:25:01.557+0000][7][gc,cpu      ] GC(275) User=0.00s Sys=0.00s Real=0.00s
[2022-07-20T11:25:01.557+0000][7][safepoint   ] Safepoint "G1Concurrent", Time since last: 444012701 ns, Reaching safepoint: 463204 ns, At safepoint: 464452 ns, Total: 927656 ns
[2022-07-20T11:25:01.557+0000][7][gc,marking  ] GC(275) Concurrent Cleanup for Next Mark
[2022-07-20T11:25:01.565+0000][7][gc,marking  ] GC(275) Concurrent Cleanup for Next Mark 7.762ms
[2022-07-20T11:25:01.565+0000][7][gc          ] GC(275) Concurrent Cycle 1166.868ms
[2022-07-20T11:25:05.558+0000][7][safepoint   ] Safepoint "Cleanup", Time since last: 4000800483 ns, Reaching safepoint: 271376 ns, At safepoint: 21390 ns, Total: 292766 ns
[2022-07-20T11:25:30.564+0000][7][safepoint   ] Safepoint "Cleanup", Time since last: 25006245025 ns, Reaching safepoint: 270573 ns, At safepoint: 18279 ns, Total: 288852 ns
[2022-07-20T11:25:35.067+0000][7][gc,start    ] GC(276) Pause Young (Normal) (G1 Evacuation Pause)
[2022-07-20T11:25:35.067+0000][7][gc,task     ] GC(276) Using 4 workers of 4 for evacuation
[2022-07-20T11:25:35.067+0000][7][gc,age      ] GC(276) Desired survivor size 6291456 bytes, new threshold 15 (max threshold 15)
[2022-07-20T11:25:35.079+0000][7][gc,age      ] GC(276) Age table with threshold 15 (max threshold 15)
[2022-07-20T11:25:35.079+0000][7][gc,age      ] GC(276) - age   1:    1227568 bytes,    1227568 total
[2022-07-20T11:25:35.079+0000][7][gc,age      ] GC(276) - age   2:     361880 bytes,    1589448 total
[2022-07-20T11:25:35.079+0000][7][gc,age      ] GC(276) - age   3:       3552 bytes,    1593000 total
[2022-07-20T11:25:35.079+0000][7][gc,age      ] GC(276) - age   4:       7728 bytes,    1600728 total
[2022-07-20T11:25:35.079+0000][7][gc,age      ] GC(276) - age   5:       3584 bytes,    1604312 total
[2022-07-20T11:25:35.079+0000][7][gc,age      ] GC(276) - age   6:     236768 bytes,    1841080 total
[2022-07-20T11:25:35.079+0000][7][gc,age      ] GC(276) - age   7:       1584 bytes,    1842664 total
[2022-07-20T11:25:35.079+0000][7][gc,age      ] GC(276) - age   8:     121152 bytes,    1963816 total
[2022-07-20T11:25:35.079+0000][7][gc,age      ] GC(276) - age   9:       3536 bytes,    1967352 total
[2022-07-20T11:25:35.079+0000][7][gc,age      ] GC(276) - age  10:     277712 bytes,    2245064 total
[2022-07-20T11:25:35.079+0000][7][gc,age      ] GC(276) - age  11:       1656 bytes,    2246720 total
[2022-07-20T11:25:35.079+0000][7][gc,age      ] GC(276) - age  12:       1376 bytes,    2248096 total
[2022-07-20T11:25:35.079+0000][7][gc,age      ] GC(276) - age  13:       3800 bytes,    2251896 total
[2022-07-20T11:25:35.079+0000][7][gc,age      ] GC(276) - age  14:       1472 bytes,    2253368 total
[2022-07-20T11:25:35.079+0000][7][gc,age      ] GC(276) - age  15:       3400 bytes,    2256768 total
[2022-07-20T11:25:35.079+0000][7][gc,phases   ] GC(276)   Pre Evacuate Collection Set: 0.1ms
[2022-07-20T11:25:35.079+0000][7][gc,phases   ] GC(276)   Merge Heap Roots: 0.1ms
[2022-07-20T11:25:35.079+0000][7][gc,phases   ] GC(276)   Evacuate Collection Set: 10.1ms
[2022-07-20T11:25:35.079+0000][7][gc,phases   ] GC(276)   Post Evacuate Collection Set: 1.5ms
[2022-07-20T11:25:35.079+0000][7][gc,phases   ] GC(276)   Other: 0.8ms
[2022-07-20T11:25:35.080+0000][7][gc,heap     ] GC(276) Eden regions: 22->0(22)
[2022-07-20T11:25:35.080+0000][7][gc,heap     ] GC(276) Survivor regions: 1->1(3)
[2022-07-20T11:25:35.080+0000][7][gc,heap     ] GC(276) Old regions: 25->25
[2022-07-20T11:25:35.080+0000][7][gc,heap     ] GC(276) Archive regions: 2->2
[2022-07-20T11:25:35.080+0000][7][gc,heap     ] GC(276) Humongous regions: 2->2
[2022-07-20T11:25:35.080+0000][7][gc,metaspace] GC(276) Metaspace: 111701K(116856K)->111701K(116856K) NonClass: 97621K(101292K)->97621K(101292K) Class: 14080K(15564K)->14080K(15564K)
[2022-07-20T11:25:35.080+0000][7][gc          ] GC(276) Pause Young (Normal) (G1 Evacuation Pause) 199M->110M(256M) 12.958ms
[2022-07-20T11:25:35.080+0000][7][gc,cpu      ] GC(276) User=0.04s Sys=0.00s Real=0.01s
[2022-07-20T11:25:35.080+0000][7][safepoint   ] Safepoint "G1CollectForAllocation", Time since last: 4502077103 ns, Reaching safepoint: 267636 ns, At safepoint: 13161588 ns, Total: 13429224 ns
[2022-07-20T11:25:36.081+0000][7][safepoint   ] Safepoint "Cleanup", Time since last: 1000336658 ns, Reaching safepoint: 290645 ns, At safepoint: 21125 ns, Total: 311770 ns
[2022-07-20T11:25:53.086+0000][7][safepoint   ] Safepoint "Cleanup", Time since last: 17004930235 ns, Reaching safepoint: 213961 ns, At safepoint: 16233 ns, Total: 230194 ns
[2022-07-20T11:25:54.086+0000][7][safepoint   ] Safepoint "Cleanup", Time since last: 1000345628 ns, Reaching safepoint: 320326 ns, At safepoint: 19792 ns, Total: 340118 ns
[2022-07-20T11:26:02.089+0000][7][safepoint   ] Safepoint "Cleanup", Time since last: 8002368613 ns, Reaching safepoint: 280875 ns, At safepoint: 21928 ns, Total: 302803 ns
[2022-07-20T11:26:05.115+0000][7][gc,start    ] GC(277) Pause Young (Concurrent Start) (G1 Evacuation Pause)
[2022-07-20T11:26:05.115+0000][7][gc,task     ] GC(277) Using 4 workers of 4 for evacuation
[2022-07-20T11:26:05.115+0000][7][gc,age      ] GC(277) Desired survivor size 6291456 bytes, new threshold 15 (max threshold 15)
[2022-07-20T11:26:05.125+0000][7][gc,age      ] GC(277) Age table with threshold 15 (max threshold 15)
[2022-07-20T11:26:05.125+0000][7][gc,age      ] GC(277) - age   1:     624784 bytes,     624784 total
[2022-07-20T11:26:05.125+0000][7][gc,age      ] GC(277) - age   2:     405672 bytes,    1030456 total
[2022-07-20T11:26:05.125+0000][7][gc,age      ] GC(277) - age   3:      28800 bytes,    1059256 total
[2022-07-20T11:26:05.125+0000][7][gc,age      ] GC(277) - age   4:       2976 bytes,    1062232 total
[2022-07-20T11:26:05.125+0000][7][gc,age      ] GC(277) - age   5:       7008 bytes,    1069240 total
[2022-07-20T11:26:05.125+0000][7][gc,age      ] GC(277) - age   6:       3456 bytes,    1072696 total
[2022-07-20T11:26:05.125+0000][7][gc,age      ] GC(277) - age   7:     236768 bytes,    1309464 total
[2022-07-20T11:26:05.125+0000][7][gc,age      ] GC(277) - age   8:       1584 bytes,    1311048 total
[2022-07-20T11:26:05.125+0000][7][gc,age      ] GC(277) - age   9:     121152 bytes,    1432200 total
[2022-07-20T11:26:05.125+0000][7][gc,age      ] GC(277) - age  10:       3536 bytes,    1435736 total
[2022-07-20T11:26:05.125+0000][7][gc,age      ] GC(277) - age  11:     277712 bytes,    1713448 total
[2022-07-20T11:26:05.125+0000][7][gc,age      ] GC(277) - age  12:       1656 bytes,    1715104 total
[2022-07-20T11:26:05.125+0000][7][gc,age      ] GC(277) - age  13:       1376 bytes,    1716480 total
[2022-07-20T11:26:05.125+0000][7][gc,age      ] GC(277) - age  14:       3800 bytes,    1720280 total
[2022-07-20T11:26:05.125+0000][7][gc,age      ] GC(277) - age  15:       1472 bytes,    1721752 total
[2022-07-20T11:26:05.125+0000][7][gc,phases   ] GC(277)   Pre Evacuate Collection Set: 0.2ms
[2022-07-20T11:26:05.125+0000][7][gc,phases   ] GC(277)   Merge Heap Roots: 0.1ms
[2022-07-20T11:26:05.125+0000][7][gc,phases   ] GC(277)   Evacuate Collection Set: 7.2ms
[2022-07-20T11:26:05.125+0000][7][gc,phases   ] GC(277)   Post Evacuate Collection Set: 1.4ms
[2022-07-20T11:26:05.125+0000][7][gc,phases   ] GC(277)   Other: 0.8ms
[2022-07-20T11:26:05.125+0000][7][gc,heap     ] GC(277) Eden regions: 22->0(23)
[2022-07-20T11:26:05.125+0000][7][gc,heap     ] GC(277) Survivor regions: 1->1(3)
[2022-07-20T11:26:05.125+0000][7][gc,heap     ] GC(277) Old regions: 25->25
[2022-07-20T11:26:05.125+0000][7][gc,heap     ] GC(277) Archive regions: 2->2
[2022-07-20T11:26:05.125+0000][7][gc,heap     ] GC(277) Humongous regions: 2->2
[2022-07-20T11:26:05.125+0000][7][gc,metaspace] GC(277) Metaspace: 111701K(116856K)->111701K(116856K) NonClass: 97621K(101292K)->97621K(101292K) Class: 14080K(15564K)->14080K(15564K)
[2022-07-20T11:26:05.125+0000][7][gc          ] GC(277) Pause Young (Concurrent Start) (G1 Evacuation Pause) 198M->110M(256M) 10.127ms
[2022-07-20T11:26:05.125+0000][7][gc,cpu      ] GC(277) User=0.03s Sys=0.00s Real=0.01s
[2022-07-20T11:26:05.125+0000][7][gc          ] GC(278) Concurrent Cycle
[2022-07-20T11:26:05.126+0000][7][safepoint   ] Safepoint "G1CollectForAllocation", Time since last: 3025904915 ns, Reaching safepoint: 241647 ns, At safepoint: 10344363 ns, Total: 10586010 ns
[2022-07-20T11:26:05.126+0000][7][gc,marking  ] GC(278) Concurrent Clear Claimed Marks
[2022-07-20T11:26:05.126+0000][7][gc,marking  ] GC(278) Concurrent Clear Claimed Marks 0.290ms
[2022-07-20T11:26:05.126+0000][7][gc,marking  ] GC(278) Concurrent Scan Root Regions
[2022-07-20T11:26:05.134+0000][7][gc,marking  ] GC(278) Concurrent Scan Root Regions 7.985ms
[2022-07-20T11:26:05.134+0000][7][gc,marking  ] GC(278) Concurrent Mark (6112.786s)
[2022-07-20T11:26:05.134+0000][7][gc,marking  ] GC(278) Concurrent Mark From Roots
[2022-07-20T11:26:05.134+0000][7][gc,task     ] GC(278) Using 1 workers of 1 for marking
[2022-07-20T11:26:05.556+0000][7][gc,marking  ] GC(278) Concurrent Mark From Roots 421.786ms
[2022-07-20T11:26:05.556+0000][7][gc,marking  ] GC(278) Concurrent Preclean
[2022-07-20T11:26:05.556+0000][7][gc,marking  ] GC(278) Concurrent Preclean 0.394ms
[2022-07-20T11:26:05.556+0000][7][gc,marking  ] GC(278) Concurrent Mark (6112.786s, 6113.208s) 422.352ms
[2022-07-20T11:26:05.557+0000][7][gc,start    ] GC(278) Pause Remark
[2022-07-20T11:26:05.583+0000][7][gc          ] GC(278) Pause Remark 113M->113M(256M) 26.689ms
[2022-07-20T11:26:05.584+0000][7][gc,cpu      ] GC(278) User=0.11s Sys=0.00s Real=0.03s
[2022-07-20T11:26:05.584+0000][7][safepoint   ] Safepoint "G1Concurrent", Time since last: 430981828 ns, Reaching safepoint: 216710 ns, At safepoint: 26896468 ns, Total: 27113178 ns
[2022-07-20T11:26:05.584+0000][7][gc,marking  ] GC(278) Concurrent Rebuild Remembered Sets
[2022-07-20T11:26:05.854+0000][7][gc,marking  ] GC(278) Concurrent Rebuild Remembered Sets 269.850ms
[2022-07-20T11:26:05.854+0000][7][gc,start    ] GC(278) Pause Cleanup
[2022-07-20T11:26:05.854+0000][7][gc          ] GC(278) Pause Cleanup 118M->118M(256M) 0.218ms
[2022-07-20T11:26:05.854+0000][7][gc,cpu      ] GC(278) User=0.00s Sys=0.00s Real=0.00s
[2022-07-20T11:26:05.854+0000][7][safepoint   ] Safepoint "G1Concurrent", Time since last: 270076703 ns, Reaching safepoint: 222659 ns, At safepoint: 354607 ns, Total: 577266 ns
[2022-07-20T11:26:05.854+0000][7][gc,marking  ] GC(278) Concurrent Cleanup for Next Mark
[2022-07-20T11:26:05.855+0000][7][gc,marking  ] GC(278) Concurrent Cleanup for Next Mark 0.663ms
[2022-07-20T11:26:05.855+0000][7][gc          ] GC(278) Concurrent Cycle 729.557ms
[2022-07-20T11:26:53.081+0000][7][gc,start    ] GC(279) Pause Young (Normal) (G1 Evacuation Pause)
[2022-07-20T11:26:53.081+0000][7][gc,task     ] GC(279) Using 4 workers of 4 for evacuation
[2022-07-20T11:26:53.081+0000][7][gc,age      ] GC(279) Desired survivor size 6291456 bytes, new threshold 15 (max threshold 15)
[2022-07-20T11:26:53.090+0000][7][gc,age      ] GC(279) Age table with threshold 15 (max threshold 15)
[2022-07-20T11:26:53.090+0000][7][gc,age      ] GC(279) - age   1:     312664 bytes,     312664 total
[2022-07-20T11:26:53.090+0000][7][gc,age      ] GC(279) - age   2:     185672 bytes,     498336 total
[2022-07-20T11:26:53.090+0000][7][gc,age      ] GC(279) - age   3:     192144 bytes,     690480 total
[2022-07-20T11:26:53.090+0000][7][gc,age      ] GC(279) - age   4:      28128 bytes,     718608 total
[2022-07-20T11:26:53.090+0000][7][gc,age      ] GC(279) - age   5:       2720 bytes,     721328 total
[2022-07-20T11:26:53.090+0000][7][gc,age      ] GC(279) - age   6:       6400 bytes,     727728 total
[2022-07-20T11:26:53.090+0000][7][gc,age      ] GC(279) - age   7:       2976 bytes,     730704 total
[2022-07-20T11:26:53.090+0000][7][gc,age      ] GC(279) - age   8:     236608 bytes,     967312 total
[2022-07-20T11:26:53.090+0000][7][gc,age      ] GC(279) - age   9:       1584 bytes,     968896 total
[2022-07-20T11:26:53.090+0000][7][gc,age      ] GC(279) - age  10:     121152 bytes,    1090048 total
[2022-07-20T11:26:53.090+0000][7][gc,age      ] GC(279) - age  11:       3536 bytes,    1093584 total
[2022-07-20T11:26:53.090+0000][7][gc,age      ] GC(279) - age  12:     277712 bytes,    1371296 total
[2022-07-20T11:26:53.090+0000][7][gc,age      ] GC(279) - age  13:       1656 bytes,    1372952 total
[2022-07-20T11:26:53.090+0000][7][gc,age      ] GC(279) - age  14:       1376 bytes,    1374328 total
[2022-07-20T11:26:53.090+0000][7][gc,age      ] GC(279) - age  15:       3800 bytes,    1378128 total
[2022-07-20T11:26:53.090+0000][7][gc,phases   ] GC(279)   Pre Evacuate Collection Set: 0.1ms
[2022-07-20T11:26:53.090+0000][7][gc,phases   ] GC(279)   Merge Heap Roots: 0.1ms
[2022-07-20T11:26:53.090+0000][7][gc,phases   ] GC(279)   Evacuate Collection Set: 6.7ms
[2022-07-20T11:26:53.090+0000][7][gc,phases   ] GC(279)   Post Evacuate Collection Set: 1.2ms
[2022-07-20T11:26:53.090+0000][7][gc,phases   ] GC(279)   Other: 0.9ms
[2022-07-20T11:26:53.090+0000][7][gc,heap     ] GC(279) Eden regions: 23->0(23)
[2022-07-20T11:26:53.090+0000][7][gc,heap     ] GC(279) Survivor regions: 1->1(3)
[2022-07-20T11:26:53.090+0000][7][gc,heap     ] GC(279) Old regions: 25->25
[2022-07-20T11:26:53.090+0000][7][gc,heap     ] GC(279) Archive regions: 2->2
[2022-07-20T11:26:53.090+0000][7][gc,heap     ] GC(279) Humongous regions: 2->2
[2022-07-20T11:26:53.090+0000][7][gc,metaspace] GC(279) Metaspace: 111702K(116856K)->111702K(116856K) NonClass: 97622K(101292K)->97622K(101292K) Class: 14080K(15564K)->14080K(15564K)
[2022-07-20T11:26:53.091+0000][7][gc          ] GC(279) Pause Young (Normal) (G1 Evacuation Pause) 202M->109M(256M) 9.338ms
[2022-07-20T11:26:53.091+0000][7][gc,cpu      ] GC(279) User=0.04s Sys=0.00s Real=0.01s
[2022-07-20T11:26:53.091+0000][7][safepoint   ] Safepoint "G1CollectForAllocation", Time since last: 47226553922 ns, Reaching safepoint: 271427 ns, At safepoint: 9617734 ns, Total: 9889161 ns
[2022-07-20T11:26:54.091+0000][7][safepoint   ] Safepoint "Cleanup", Time since last: 1000291191 ns, Reaching safepoint: 324683 ns, At safepoint: 30176 ns, Total: 354859 ns
[2022-07-20T11:26:56.092+0000][7][safepoint   ] Safepoint "Cleanup", Time since last: 2000343317 ns, Reaching safepoint: 230934 ns, At safepoint: 21843 ns, Total: 252777 ns
[2022-07-20T11:27:02.094+0000][7][safepoint   ] Safepoint "Cleanup", Time since last: 6001775918 ns, Reaching safepoint: 334828 ns, At safepoint: 23162 ns, Total: 357990 ns
[2022-07-20T11:27:06.095+0000][7][safepoint   ] Safepoint "Cleanup", Time since last: 4000676112 ns, Reaching safepoint: 311475 ns, At safepoint: 24321 ns, Total: 335796 ns
[2022-07-20T11:27:29.159+0000][7][gc,start    ] GC(280) Pause Young (Concurrent Start) (G1 Evacuation Pause)
[2022-07-20T11:27:29.160+0000][7][gc,task     ] GC(280) Using 4 workers of 4 for evacuation
[2022-07-20T11:27:29.160+0000][7][gc,age      ] GC(280) Desired survivor size 6291456 bytes, new threshold 15 (max threshold 15)
[2022-07-20T11:27:29.172+0000][7][gc,age      ] GC(280) Age table with threshold 15 (max threshold 15)
[2022-07-20T11:27:29.173+0000][7][gc,age      ] GC(280) - age   1:    2478128 bytes,    2478128 total
[2022-07-20T11:27:29.173+0000][7][gc,age      ] GC(280) - age   2:     166656 bytes,    2644784 total
[2022-07-20T11:27:29.173+0000][7][gc,age      ] GC(280) - age   3:     184848 bytes,    2829632 total
[2022-07-20T11:27:29.173+0000][7][gc,age      ] GC(280) - age   4:     191896 bytes,    3021528 total
[2022-07-20T11:27:29.173+0000][7][gc,age      ] GC(280) - age   5:      27568 bytes,    3049096 total
[2022-07-20T11:27:29.173+0000][7][gc,age      ] GC(280) - age   6:       2368 bytes,    3051464 total
[2022-07-20T11:27:29.173+0000][7][gc,age      ] GC(280) - age   7:       6400 bytes,    3057864 total
[2022-07-20T11:27:29.173+0000][7][gc,age      ] GC(280) - age   8:       2408 bytes,    3060272 total
[2022-07-20T11:27:29.173+0000][7][gc,age      ] GC(280) - age   9:     236608 bytes,    3296880 total
[2022-07-20T11:27:29.173+0000][7][gc,age      ] GC(280) - age  10:       1544 bytes,    3298424 total
[2022-07-20T11:27:29.173+0000][7][gc,age      ] GC(280) - age  11:     120736 bytes,    3419160 total
[2022-07-20T11:27:29.173+0000][7][gc,age      ] GC(280) - age  12:       3536 bytes,    3422696 total
[2022-07-20T11:27:29.173+0000][7][gc,age      ] GC(280) - age  13:     277712 bytes,    3700408 total
[2022-07-20T11:27:29.173+0000][7][gc,age      ] GC(280) - age  14:       1656 bytes,    3702064 total
[2022-07-20T11:27:29.173+0000][7][gc,age      ] GC(280) - age  15:       1376 bytes,    3703440 total
[2022-07-20T11:27:29.173+0000][7][gc,phases   ] GC(280)   Pre Evacuate Collection Set: 0.3ms
[2022-07-20T11:27:29.173+0000][7][gc,phases   ] GC(280)   Merge Heap Roots: 0.1ms
[2022-07-20T11:27:29.173+0000][7][gc,phases   ] GC(280)   Evacuate Collection Set: 10.8ms
[2022-07-20T11:27:29.173+0000][7][gc,phases   ] GC(280)   Post Evacuate Collection Set: 1.5ms
[2022-07-20T11:27:29.173+0000][7][gc,phases   ] GC(280)   Other: 1.1ms
[2022-07-20T11:27:29.173+0000][7][gc,heap     ] GC(280) Eden regions: 23->0(22)
[2022-07-20T11:27:29.173+0000][7][gc,heap     ] GC(280) Survivor regions: 1->1(3)
[2022-07-20T11:27:29.173+0000][7][gc,heap     ] GC(280) Old regions: 25->25
[2022-07-20T11:27:29.174+0000][7][gc,heap     ] GC(280) Archive regions: 2->2
[2022-07-20T11:27:29.174+0000][7][gc,heap     ] GC(280) Humongous regions: 2->2
[2022-07-20T11:27:29.174+0000][7][gc,metaspace] GC(280) Metaspace: 111702K(116856K)->111702K(116856K) NonClass: 97622K(101292K)->97622K(101292K) Class: 14080K(15564K)->14080K(15564K)
[2022-07-20T11:27:29.174+0000][7][gc          ] GC(280) Pause Young (Concurrent Start) (G1 Evacuation Pause) 201M->111M(256M) 14.220ms
[2022-07-20T11:27:29.174+0000][7][gc,cpu      ] GC(280) User=0.04s Sys=0.00s Real=0.01s
[2022-07-20T11:27:29.174+0000][7][safepoint   ] Safepoint "G1CollectForAllocation", Time since last: 23063931305 ns, Reaching safepoint: 341437 ns, At safepoint: 14448351 ns, Total: 14789788 ns
[2022-07-20T11:27:29.174+0000][7][gc          ] GC(281) Concurrent Cycle
[2022-07-20T11:27:29.174+0000][7][gc,marking  ] GC(281) Concurrent Clear Claimed Marks
[2022-07-20T11:27:29.174+0000][7][gc,marking  ] GC(281) Concurrent Clear Claimed Marks 0.196ms
[2022-07-20T11:27:29.174+0000][7][gc,marking  ] GC(281) Concurrent Scan Root Regions
[2022-07-20T11:27:29.182+0000][7][gc,marking  ] GC(281) Concurrent Scan Root Regions 7.844ms
[2022-07-20T11:27:29.182+0000][7][gc,marking  ] GC(281) Concurrent Mark (6196.834s)
[2022-07-20T11:27:29.182+0000][7][gc,marking  ] GC(281) Concurrent Mark From Roots
[2022-07-20T11:27:29.182+0000][7][gc,task     ] GC(281) Using 1 workers of 1 for marking
[2022-07-20T11:27:29.614+0000][7][gc,marking  ] GC(281) Concurrent Mark From Roots 431.345ms
[2022-07-20T11:27:29.614+0000][7][gc,marking  ] GC(281) Concurrent Preclean
[2022-07-20T11:27:29.614+0000][7][gc,marking  ] GC(281) Concurrent Preclean 0.436ms
[2022-07-20T11:27:29.614+0000][7][gc,marking  ] GC(281) Concurrent Mark (6196.834s, 6197.266s) 431.965ms
[2022-07-20T11:27:29.614+0000][7][gc,start    ] GC(281) Pause Remark
[2022-07-20T11:27:29.644+0000][7][gc          ] GC(281) Pause Remark 126M->126M(256M) 29.674ms
[2022-07-20T11:27:29.644+0000][7][gc,cpu      ] GC(281) User=0.11s Sys=0.00s Real=0.04s
[2022-07-20T11:27:29.644+0000][7][safepoint   ] Safepoint "G1Concurrent", Time since last: 440412252 ns, Reaching safepoint: 231354 ns, At safepoint: 29888544 ns, Total: 30119898 ns
[2022-07-20T11:27:29.644+0000][7][gc,marking  ] GC(281) Concurrent Rebuild Remembered Sets
[2022-07-20T11:27:29.941+0000][7][gc,marking  ] GC(281) Concurrent Rebuild Remembered Sets 296.569ms
[2022-07-20T11:27:29.941+0000][7][gc,start    ] GC(281) Pause Cleanup
[2022-07-20T11:27:29.942+0000][7][gc          ] GC(281) Pause Cleanup 126M->126M(256M) 0.226ms
[2022-07-20T11:27:29.942+0000][7][gc,cpu      ] GC(281) User=0.00s Sys=0.00s Real=0.00s
[2022-07-20T11:27:29.942+0000][7][safepoint   ] Safepoint "G1Concurrent", Time since last: 296809771 ns, Reaching safepoint: 276314 ns, At safepoint: 393319 ns, Total: 669633 ns
[2022-07-20T11:27:29.942+0000][7][gc,marking  ] GC(281) Concurrent Cleanup for Next Mark
[2022-07-20T11:27:29.943+0000][7][gc,marking  ] GC(281) Concurrent Cleanup for Next Mark 0.612ms
[2022-07-20T11:27:29.943+0000][7][gc          ] GC(281) Concurrent Cycle 768.753ms
[2022-07-20T11:27:41.944+0000][7][safepoint   ] Safepoint "Cleanup", Time since last: 12002209160 ns, Reaching safepoint: 255687 ns, At safepoint: 15972 ns, Total: 271659 ns
[2022-07-20T11:28:05.104+0000][7][gc,start    ] GC(282) Pause Young (Normal) (G1 Evacuation Pause)
[2022-07-20T11:28:05.104+0000][7][gc,task     ] GC(282) Using 4 workers of 4 for evacuation
[2022-07-20T11:28:05.104+0000][7][gc,age      ] GC(282) Desired survivor size 6291456 bytes, new threshold 15 (max threshold 15)
[2022-07-20T11:28:05.116+0000][7][gc,age      ] GC(282) Age table with threshold 15 (max threshold 15)
[2022-07-20T11:28:05.116+0000][7][gc,age      ] GC(282) - age   1:    1449168 bytes,    1449168 total
[2022-07-20T11:28:05.116+0000][7][gc,age      ] GC(282) - age   2:     146960 bytes,    1596128 total
[2022-07-20T11:28:05.116+0000][7][gc,age      ] GC(282) - age   3:     164136 bytes,    1760264 total
[2022-07-20T11:28:05.116+0000][7][gc,age      ] GC(282) - age   4:      24976 bytes,    1785240 total
[2022-07-20T11:28:05.116+0000][7][gc,age      ] GC(282) - age   5:     191632 bytes,    1976872 total
[2022-07-20T11:28:05.116+0000][7][gc,age      ] GC(282) - age   6:       2736 bytes,    1979608 total
[2022-07-20T11:28:05.116+0000][7][gc,age      ] GC(282) - age   7:       2368 bytes,    1981976 total
[2022-07-20T11:28:05.116+0000][7][gc,age      ] GC(282) - age   8:       6336 bytes,    1988312 total
[2022-07-20T11:28:05.116+0000][7][gc,age      ] GC(282) - age   9:       2376 bytes,    1990688 total
[2022-07-20T11:28:05.116+0000][7][gc,age      ] GC(282) - age  10:     236544 bytes,    2227232 total
[2022-07-20T11:28:05.116+0000][7][gc,age      ] GC(282) - age  11:       1248 bytes,    2228480 total
[2022-07-20T11:28:05.116+0000][7][gc,age      ] GC(282) - age  12:     120736 bytes,    2349216 total
[2022-07-20T11:28:05.116+0000][7][gc,age      ] GC(282) - age  13:       3536 bytes,    2352752 total
[2022-07-20T11:28:05.116+0000][7][gc,age      ] GC(282) - age  14:     277712 bytes,    2630464 total
[2022-07-20T11:28:05.116+0000][7][gc,age      ] GC(282) - age  15:       1656 bytes,    2632120 total
[2022-07-20T11:28:05.117+0000][7][gc,phases   ] GC(282)   Pre Evacuate Collection Set: 0.1ms
[2022-07-20T11:28:05.117+0000][7][gc,phases   ] GC(282)   Merge Heap Roots: 0.1ms
[2022-07-20T11:28:05.117+0000][7][gc,phases   ] GC(282)   Evacuate Collection Set: 10.1ms
[2022-07-20T11:28:05.117+0000][7][gc,phases   ] GC(282)   Post Evacuate Collection Set: 1.4ms
[2022-07-20T11:28:05.117+0000][7][gc,phases   ] GC(282)   Other: 0.8ms
[2022-07-20T11:28:05.117+0000][7][gc,heap     ] GC(282) Eden regions: 22->0(22)
[2022-07-20T11:28:05.117+0000][7][gc,heap     ] GC(282) Survivor regions: 1->1(3)
[2022-07-20T11:28:05.117+0000][7][gc,heap     ] GC(282) Old regions: 25->25
[2022-07-20T11:28:05.117+0000][7][gc,heap     ] GC(282) Archive regions: 2->2
[2022-07-20T11:28:05.117+0000][7][gc,heap     ] GC(282) Humongous regions: 2->2
[2022-07-20T11:28:05.117+0000][7][gc,metaspace] GC(282) Metaspace: 111712K(116856K)->111712K(116856K) NonClass: 97632K(101292K)->97632K(101292K) Class: 14080K(15564K)->14080K(15564K)
[2022-07-20T11:28:05.117+0000][7][gc          ] GC(282) Pause Young (Normal) (G1 Evacuation Pause) 199M->111M(256M) 12.780ms
[2022-07-20T11:28:05.117+0000][7][gc,cpu      ] GC(282) User=0.04s Sys=0.00s Real=0.01s
[2022-07-20T11:28:05.117+0000][7][safepoint   ] Safepoint "G1CollectForAllocation", Time since last: 23159450871 ns, Reaching safepoint: 248694 ns, At safepoint: 12977210 ns, Total: 13225904 ns
[2022-07-20T11:28:41.128+0000][7][gc,start    ] GC(283) Pause Young (Concurrent Start) (G1 Evacuation Pause)
[2022-07-20T11:28:41.128+0000][7][gc,task     ] GC(283) Using 4 workers of 4 for evacuation
[2022-07-20T11:28:41.128+0000][7][gc,age      ] GC(283) Desired survivor size 6291456 bytes, new threshold 15 (max threshold 15)
[2022-07-20T11:28:41.139+0000][7][gc,age      ] GC(283) Age table with threshold 15 (max threshold 15)
[2022-07-20T11:28:41.139+0000][7][gc,age      ] GC(283) - age   1:    1734712 bytes,    1734712 total
[2022-07-20T11:28:41.139+0000][7][gc,age      ] GC(283) - age   2:     184560 bytes,    1919272 total
[2022-07-20T11:28:41.140+0000][7][gc,age      ] GC(283) - age   3:       5328 bytes,    1924600 total
[2022-07-20T11:28:41.140+0000][7][gc,age      ] GC(283) - age   4:       4344 bytes,    1928944 total
[2022-07-20T11:28:41.140+0000][7][gc,age      ] GC(283) - age   5:      24880 bytes,    1953824 total
[2022-07-20T11:28:41.140+0000][7][gc,age      ] GC(283) - age   6:     191272 bytes,    2145096 total
[2022-07-20T11:28:41.140+0000][7][gc,age      ] GC(283) - age   7:       2736 bytes,    2147832 total
[2022-07-20T11:28:41.140+0000][7][gc,age      ] GC(283) - age   8:       2368 bytes,    2150200 total
[2022-07-20T11:28:41.140+0000][7][gc,age      ] GC(283) - age   9:       6336 bytes,    2156536 total
[2022-07-20T11:28:41.140+0000][7][gc,age      ] GC(283) - age  10:       2376 bytes,    2158912 total
[2022-07-20T11:28:41.140+0000][7][gc,age      ] GC(283) - age  11:     236544 bytes,    2395456 total
[2022-07-20T11:28:41.140+0000][7][gc,age      ] GC(283) - age  12:       1248 bytes,    2396704 total
[2022-07-20T11:28:41.140+0000][7][gc,age      ] GC(283) - age  13:     120736 bytes,    2517440 total
[2022-07-20T11:28:41.140+0000][7][gc,age      ] GC(283) - age  14:       3536 bytes,    2520976 total
[2022-07-20T11:28:41.140+0000][7][gc,age      ] GC(283) - age  15:     277712 bytes,    2798688 total
[2022-07-20T11:28:41.140+0000][7][gc,phases   ] GC(283)   Pre Evacuate Collection Set: 0.3ms
[2022-07-20T11:28:41.140+0000][7][gc,phases   ] GC(283)   Merge Heap Roots: 0.1ms
[2022-07-20T11:28:41.140+0000][7][gc,phases   ] GC(283)   Evacuate Collection Set: 9.0ms
[2022-07-20T11:28:41.140+0000][7][gc,phases   ] GC(283)   Post Evacuate Collection Set: 1.5ms
[2022-07-20T11:28:41.140+0000][7][gc,phases   ] GC(283)   Other: 1.1ms
[2022-07-20T11:28:41.140+0000][7][gc,heap     ] GC(283) Eden regions: 22->0(22)
[2022-07-20T11:28:41.140+0000][7][gc,heap     ] GC(283) Survivor regions: 1->1(3)
[2022-07-20T11:28:41.140+0000][7][gc,heap     ] GC(283) Old regions: 25->25
[2022-07-20T11:28:41.140+0000][7][gc,heap     ] GC(283) Archive regions: 2->2
[2022-07-20T11:28:41.140+0000][7][gc,heap     ] GC(283) Humongous regions: 2->2
[2022-07-20T11:28:41.140+0000][7][gc,metaspace] GC(283) Metaspace: 111717K(116856K)->111717K(116856K) NonClass: 97637K(101292K)->97637K(101292K) Class: 14080K(15564K)->14080K(15564K)
[2022-07-20T11:28:41.140+0000][7][gc          ] GC(283) Pause Young (Concurrent Start) (G1 Evacuation Pause) 199M->111M(256M) 12.362ms
[2022-07-20T11:28:41.141+0000][7][gc,cpu      ] GC(283) User=0.04s Sys=0.00s Real=0.01s
[2022-07-20T11:28:41.141+0000][7][gc          ] GC(284) Concurrent Cycle
[2022-07-20T11:28:41.141+0000][7][safepoint   ] Safepoint "G1CollectForAllocation", Time since last: 36010774327 ns, Reaching safepoint: 269064 ns, At safepoint: 12593602 ns, Total: 12862666 ns
[2022-07-20T11:28:41.141+0000][7][gc,marking  ] GC(284) Concurrent Clear Claimed Marks
[2022-07-20T11:28:41.141+0000][7][gc,marking  ] GC(284) Concurrent Clear Claimed Marks 0.228ms
[2022-07-20T11:28:41.141+0000][7][gc,marking  ] GC(284) Concurrent Scan Root Regions
[2022-07-20T11:28:41.148+0000][7][gc,marking  ] GC(284) Concurrent Scan Root Regions 6.774ms
[2022-07-20T11:28:41.148+0000][7][gc,marking  ] GC(284) Concurrent Mark (6268.800s)
[2022-07-20T11:28:41.148+0000][7][gc,marking  ] GC(284) Concurrent Mark From Roots
[2022-07-20T11:28:41.148+0000][7][gc,task     ] GC(284) Using 1 workers of 1 for marking
[2022-07-20T11:28:41.576+0000][7][gc,marking  ] GC(284) Concurrent Mark From Roots 427.736ms
[2022-07-20T11:28:41.576+0000][7][gc,marking  ] GC(284) Concurrent Preclean
[2022-07-20T11:28:41.576+0000][7][gc,marking  ] GC(284) Concurrent Preclean 0.392ms
[2022-07-20T11:28:41.576+0000][7][gc,marking  ] GC(284) Concurrent Mark (6268.800s, 6269.228s) 428.295ms
[2022-07-20T11:28:41.576+0000][7][gc,start    ] GC(284) Pause Remark
[2022-07-20T11:28:41.606+0000][7][gc          ] GC(284) Pause Remark 123M->123M(256M) 29.558ms
[2022-07-20T11:28:41.606+0000][7][gc,cpu      ] GC(284) User=0.10s Sys=0.00s Real=0.03s
[2022-07-20T11:28:41.606+0000][7][safepoint   ] Safepoint "G1Concurrent", Time since last: 435598234 ns, Reaching safepoint: 215943 ns, At safepoint: 29779092 ns, Total: 29995035 ns
[2022-07-20T11:28:41.606+0000][7][gc,marking  ] GC(284) Concurrent Rebuild Remembered Sets
[2022-07-20T11:28:41.878+0000][7][gc,marking  ] GC(284) Concurrent Rebuild Remembered Sets 272.155ms
[2022-07-20T11:28:41.879+0000][7][gc,start    ] GC(284) Pause Cleanup
[2022-07-20T11:28:41.879+0000][7][gc          ] GC(284) Pause Cleanup 124M->124M(256M) 0.225ms
[2022-07-20T11:28:41.879+0000][7][gc,cpu      ] GC(284) User=0.00s Sys=0.00s Real=0.00s
[2022-07-20T11:28:41.879+0000][7][safepoint   ] Safepoint "G1Concurrent", Time since last: 272475121 ns, Reaching safepoint: 238676 ns, At safepoint: 419099 ns, Total: 657775 ns
[2022-07-20T11:28:41.879+0000][7][gc,marking  ] GC(284) Concurrent Cleanup for Next Mark
[2022-07-20T11:28:41.880+0000][7][gc,marking  ] GC(284) Concurrent Cleanup for Next Mark 0.663ms
[2022-07-20T11:28:41.880+0000][7][gc          ] GC(284) Concurrent Cycle 739.542ms
[2022-07-20T11:28:42.880+0000][7][safepoint   ] Safepoint "Cleanup", Time since last: 1000221914 ns, Reaching safepoint: 465456 ns, At safepoint: 39193 ns, Total: 504649 ns
[2022-07-20T11:28:49.882+0000][7][safepoint   ] Safepoint "Cleanup", Time since last: 7001662390 ns, Reaching safepoint: 268865 ns, At safepoint: 25715 ns, Total: 294580 ns
[2022-07-20T11:29:05.424+0000][7][gc,start    ] GC(285) Pause Young (Normal) (G1 Evacuation Pause)
[2022-07-20T11:29:05.424+0000][7][gc,task     ] GC(285) Using 4 workers of 4 for evacuation
[2022-07-20T11:29:05.424+0000][7][gc,age      ] GC(285) Desired survivor size 6291456 bytes, new threshold 15 (max threshold 15)
[2022-07-20T11:29:05.435+0000][7][gc,age      ] GC(285) Age table with threshold 15 (max threshold 15)
[2022-07-20T11:29:05.436+0000][7][gc,age      ] GC(285) - age   1:    1286280 bytes,    1286280 total
[2022-07-20T11:29:05.436+0000][7][gc,age      ] GC(285) - age   2:     219176 bytes,    1505456 total
[2022-07-20T11:29:05.436+0000][7][gc,age      ] GC(285) - age   3:      10896 bytes,    1516352 total
[2022-07-20T11:29:05.436+0000][7][gc,age      ] GC(285) - age   4:       3560 bytes,    1519912 total
[2022-07-20T11:29:05.436+0000][7][gc,age      ] GC(285) - age   5:       3792 bytes,    1523704 total
[2022-07-20T11:29:05.436+0000][7][gc,age      ] GC(285) - age   6:      24752 bytes,    1548456 total
[2022-07-20T11:29:05.436+0000][7][gc,age      ] GC(285) - age   7:     191272 bytes,    1739728 total
[2022-07-20T11:29:05.436+0000][7][gc,age      ] GC(285) - age   8:       2736 bytes,    1742464 total
[2022-07-20T11:29:05.436+0000][7][gc,age      ] GC(285) - age   9:       2240 bytes,    1744704 total
[2022-07-20T11:29:05.436+0000][7][gc,age      ] GC(285) - age  10:       6336 bytes,    1751040 total
[2022-07-20T11:29:05.436+0000][7][gc,age      ] GC(285) - age  11:       2376 bytes,    1753416 total
[2022-07-20T11:29:05.436+0000][7][gc,age      ] GC(285) - age  12:     236544 bytes,    1989960 total
[2022-07-20T11:29:05.436+0000][7][gc,age      ] GC(285) - age  13:       1248 bytes,    1991208 total
[2022-07-20T11:29:05.436+0000][7][gc,age      ] GC(285) - age  14:     120736 bytes,    2111944 total
[2022-07-20T11:29:05.436+0000][7][gc,age      ] GC(285) - age  15:       3536 bytes,    2115480 total
[2022-07-20T11:29:05.436+0000][7][gc,phases   ] GC(285)   Pre Evacuate Collection Set: 0.1ms
[2022-07-20T11:29:05.436+0000][7][gc,phases   ] GC(285)   Merge Heap Roots: 0.1ms
[2022-07-20T11:29:05.436+0000][7][gc,phases   ] GC(285)   Evacuate Collection Set: 9.5ms
[2022-07-20T11:29:05.436+0000][7][gc,phases   ] GC(285)   Post Evacuate Collection Set: 1.6ms
[2022-07-20T11:29:05.436+0000][7][gc,phases   ] GC(285)   Other: 1.0ms
[2022-07-20T11:29:05.437+0000][7][gc,heap     ] GC(285) Eden regions: 22->0(22)
[2022-07-20T11:29:05.437+0000][7][gc,heap     ] GC(285) Survivor regions: 1->1(3)
[2022-07-20T11:29:05.437+0000][7][gc,heap     ] GC(285) Old regions: 25->25
[2022-07-20T11:29:05.437+0000][7][gc,heap     ] GC(285) Archive regions: 2->2
[2022-07-20T11:29:05.437+0000][7][gc,heap     ] GC(285) Humongous regions: 2->2
[2022-07-20T11:29:05.437+0000][7][gc,metaspace] GC(285) Metaspace: 111717K(116856K)->111717K(116856K) NonClass: 97637K(101292K)->97637K(101292K) Class: 14080K(15564K)->14080K(15564K)
[2022-07-20T11:29:05.437+0000][7][gc          ] GC(285) Pause Young (Normal) (G1 Evacuation Pause) 199M->110M(256M) 12.964ms
[2022-07-20T11:29:05.437+0000][7][gc,cpu      ] GC(285) User=0.04s Sys=0.00s Real=0.01s
[2022-07-20T11:29:05.437+0000][7][safepoint   ] Safepoint "G1CollectForAllocation", Time since last: 15541346547 ns, Reaching safepoint: 329661 ns, At safepoint: 13205350 ns, Total: 13535011 ns
[2022-07-20T11:29:11.439+0000][7][safepoint   ] Safepoint "Cleanup", Time since last: 6001448604 ns, Reaching safepoint: 310157 ns, At safepoint: 25044 ns, Total: 335201 ns
[2022-07-20T11:29:53.134+0000][7][gc,start    ] GC(286) Pause Young (Concurrent Start) (G1 Evacuation Pause)
[2022-07-20T11:29:53.134+0000][7][gc,task     ] GC(286) Using 4 workers of 4 for evacuation
[2022-07-20T11:29:53.134+0000][7][gc,age      ] GC(286) Desired survivor size 6291456 bytes, new threshold 15 (max threshold 15)
[2022-07-20T11:29:53.142+0000][7][gc,age      ] GC(286) Age table with threshold 15 (max threshold 15)
[2022-07-20T11:29:53.142+0000][7][gc,age      ] GC(286) - age   1:    1206824 bytes,    1206824 total
[2022-07-20T11:29:53.142+0000][7][gc,age      ] GC(286) - age   2:      89592 bytes,    1296416 total
[2022-07-20T11:29:53.143+0000][7][gc,age      ] GC(286) - age   3:     217664 bytes,    1514080 total
[2022-07-20T11:29:53.143+0000][7][gc,age      ] GC(286) - age   4:      10320 bytes,    1524400 total
[2022-07-20T11:29:53.143+0000][7][gc,age      ] GC(286) - age   5:       3240 bytes,    1527640 total
[2022-07-20T11:29:53.143+0000][7][gc,age      ] GC(286) - age   6:       3664 bytes,    1531304 total
[2022-07-20T11:29:53.143+0000][7][gc,age      ] GC(286) - age   7:      24752 bytes,    1556056 total
[2022-07-20T11:29:53.143+0000][7][gc,age      ] GC(286) - age   8:     191272 bytes,    1747328 total
[2022-07-20T11:29:53.143+0000][7][gc,age      ] GC(286) - age   9:       2736 bytes,    1750064 total
[2022-07-20T11:29:53.143+0000][7][gc,age      ] GC(286) - age  10:       2240 bytes,    1752304 total
[2022-07-20T11:29:53.143+0000][7][gc,age      ] GC(286) - age  11:       6336 bytes,    1758640 total
[2022-07-20T11:29:53.143+0000][7][gc,age      ] GC(286) - age  12:       2376 bytes,    1761016 total
[2022-07-20T11:29:53.143+0000][7][gc,age      ] GC(286) - age  13:     236480 bytes,    1997496 total
[2022-07-20T11:29:53.143+0000][7][gc,age      ] GC(286) - age  14:       1248 bytes,    1998744 total
[2022-07-20T11:29:53.143+0000][7][gc,age      ] GC(286) - age  15:     120736 bytes,    2119480 total
[2022-07-20T11:29:53.143+0000][7][gc,phases   ] GC(286)   Pre Evacuate Collection Set: 0.3ms
[2022-07-20T11:29:53.143+0000][7][gc,phases   ] GC(286)   Merge Heap Roots: 0.1ms
[2022-07-20T11:29:53.143+0000][7][gc,phases   ] GC(286)   Evacuate Collection Set: 6.6ms
[2022-07-20T11:29:53.143+0000][7][gc,phases   ] GC(286)   Post Evacuate Collection Set: 1.4ms
[2022-07-20T11:29:53.143+0000][7][gc,phases   ] GC(286)   Other: 0.9ms
[2022-07-20T11:29:53.143+0000][7][gc,heap     ] GC(286) Eden regions: 22->0(22)
[2022-07-20T11:29:53.143+0000][7][gc,heap     ] GC(286) Survivor regions: 1->1(3)
[2022-07-20T11:29:53.143+0000][7][gc,heap     ] GC(286) Old regions: 25->25
[2022-07-20T11:29:53.143+0000][7][gc,heap     ] GC(286) Archive regions: 2->2
[2022-07-20T11:29:53.143+0000][7][gc,heap     ] GC(286) Humongous regions: 2->2
[2022-07-20T11:29:53.143+0000][7][gc,metaspace] GC(286) Metaspace: 111722K(116856K)->111722K(116856K) NonClass: 97642K(101292K)->97642K(101292K) Class: 14080K(15564K)->14080K(15564K)
[2022-07-20T11:29:53.143+0000][7][gc          ] GC(286) Pause Young (Concurrent Start) (G1 Evacuation Pause) 198M->110M(256M) 9.630ms
[2022-07-20T11:29:53.143+0000][7][gc,cpu      ] GC(286) User=0.02s Sys=0.00s Real=0.02s
[2022-07-20T11:29:53.143+0000][7][gc          ] GC(287) Concurrent Cycle
[2022-07-20T11:29:53.143+0000][7][safepoint   ] Safepoint "G1CollectForAllocation", Time since last: 41694627676 ns, Reaching safepoint: 239190 ns, At safepoint: 9838127 ns, Total: 10077317 ns
[2022-07-20T11:29:53.143+0000][7][gc,marking  ] GC(287) Concurrent Clear Claimed Marks
[2022-07-20T11:29:53.144+0000][7][gc,marking  ] GC(287) Concurrent Clear Claimed Marks 0.226ms
[2022-07-20T11:29:53.144+0000][7][gc,marking  ] GC(287) Concurrent Scan Root Regions
[2022-07-20T11:29:53.149+0000][7][gc,marking  ] GC(287) Concurrent Scan Root Regions 5.278ms
[2022-07-20T11:29:53.149+0000][7][gc,marking  ] GC(287) Concurrent Mark (6340.801s)
[2022-07-20T11:29:53.149+0000][7][gc,marking  ] GC(287) Concurrent Mark From Roots
[2022-07-20T11:29:53.149+0000][7][gc,task     ] GC(287) Using 1 workers of 1 for marking
[2022-07-20T11:29:53.569+0000][7][gc,marking  ] GC(287) Concurrent Mark From Roots 419.828ms
[2022-07-20T11:29:53.569+0000][7][gc,marking  ] GC(287) Concurrent Preclean
[2022-07-20T11:29:53.569+0000][7][gc,marking  ] GC(287) Concurrent Preclean 0.426ms
[2022-07-20T11:29:53.569+0000][7][gc,marking  ] GC(287) Concurrent Mark (6340.801s, 6341.221s) 420.409ms
[2022-07-20T11:29:53.570+0000][7][gc,start    ] GC(287) Pause Remark
[2022-07-20T11:29:53.602+0000][7][gc          ] GC(287) Pause Remark 122M->122M(256M) 31.840ms
[2022-07-20T11:29:53.602+0000][7][gc,cpu      ] GC(287) User=0.11s Sys=0.00s Real=0.03s
[2022-07-20T11:29:53.602+0000][7][safepoint   ] Safepoint "G1Concurrent", Time since last: 426211322 ns, Reaching safepoint: 285576 ns, At safepoint: 32058726 ns, Total: 32344302 ns
[2022-07-20T11:29:53.602+0000][7][gc,marking  ] GC(287) Concurrent Rebuild Remembered Sets
[2022-07-20T11:29:53.844+0000][7][gc,marking  ] GC(287) Concurrent Rebuild Remembered Sets 242.117ms
[2022-07-20T11:29:53.844+0000][7][gc,start    ] GC(287) Pause Cleanup
[2022-07-20T11:29:53.845+0000][7][gc          ] GC(287) Pause Cleanup 122M->122M(256M) 0.147ms
[2022-07-20T11:29:53.845+0000][7][gc,cpu      ] GC(287) User=0.00s Sys=0.00s Real=0.00s
[2022-07-20T11:29:53.845+0000][7][safepoint   ] Safepoint "G1Concurrent", Time since last: 242333264 ns, Reaching safepoint: 178678 ns, At safepoint: 248555 ns, Total: 427233 ns
[2022-07-20T11:29:53.845+0000][7][gc,marking  ] GC(287) Concurrent Cleanup for Next Mark
[2022-07-20T11:29:53.845+0000][7][gc,marking  ] GC(287) Concurrent Cleanup for Next Mark 0.628ms
[2022-07-20T11:29:53.845+0000][7][gc          ] GC(287) Concurrent Cycle 702.092ms
[2022-07-20T11:30:00.848+0000][7][safepoint   ] Safepoint "Cleanup", Time since last: 7002774440 ns, Reaching safepoint: 330771 ns, At safepoint: 26198 ns, Total: 356969 ns
[2022-07-20T11:30:14.852+0000][7][safepoint   ] Safepoint "Cleanup", Time since last: 14004224605 ns, Reaching safepoint: 275466 ns, At safepoint: 24909 ns, Total: 300375 ns
[2022-07-20T11:30:19.702+0000][7][gc,start    ] GC(288) Pause Young (Normal) (G1 Evacuation Pause)
[2022-07-20T11:30:19.702+0000][7][gc,task     ] GC(288) Using 4 workers of 4 for evacuation
[2022-07-20T11:30:19.702+0000][7][gc,age      ] GC(288) Desired survivor size 6291456 bytes, new threshold 15 (max threshold 15)
[2022-07-20T11:30:19.711+0000][7][gc,age      ] GC(288) Age table with threshold 15 (max threshold 15)
[2022-07-20T11:30:19.711+0000][7][gc,age      ] GC(288) - age   1:     464840 bytes,     464840 total
[2022-07-20T11:30:19.711+0000][7][gc,age      ] GC(288) - age   2:     147496 bytes,     612336 total
[2022-07-20T11:30:19.711+0000][7][gc,age      ] GC(288) - age   3:       1312 bytes,     613648 total
[2022-07-20T11:30:19.711+0000][7][gc,age      ] GC(288) - age   4:       1432 bytes,     615080 total
[2022-07-20T11:30:19.711+0000][7][gc,age      ] GC(288) - age   5:      10096 bytes,     625176 total
[2022-07-20T11:30:19.711+0000][7][gc,age      ] GC(288) - age   6:       3016 bytes,     628192 total
[2022-07-20T11:30:19.711+0000][7][gc,age      ] GC(288) - age   7:       3344 bytes,     631536 total
[2022-07-20T11:30:19.711+0000][7][gc,age      ] GC(288) - age   8:       3064 bytes,     634600 total
[2022-07-20T11:30:19.711+0000][7][gc,age      ] GC(288) - age   9:     122120 bytes,     756720 total
[2022-07-20T11:30:19.711+0000][7][gc,age      ] GC(288) - age  10:       2672 bytes,     759392 total
[2022-07-20T11:30:19.711+0000][7][gc,age      ] GC(288) - age  11:       2240 bytes,     761632 total
[2022-07-20T11:30:19.711+0000][7][gc,age      ] GC(288) - age  12:       6336 bytes,     767968 total
[2022-07-20T11:30:19.711+0000][7][gc,age      ] GC(288) - age  13:       2376 bytes,     770344 total
[2022-07-20T11:30:19.711+0000][7][gc,age      ] GC(288) - age  14:     236136 bytes,    1006480 total
[2022-07-20T11:30:19.711+0000][7][gc,age      ] GC(288) - age  15:       1248 bytes,    1007728 total
[2022-07-20T11:30:19.711+0000][7][gc,phases   ] GC(288)   Pre Evacuate Collection Set: 0.2ms
[2022-07-20T11:30:19.711+0000][7][gc,phases   ] GC(288)   Merge Heap Roots: 0.1ms
[2022-07-20T11:30:19.711+0000][7][gc,phases   ] GC(288)   Evacuate Collection Set: 6.9ms
[2022-07-20T11:30:19.711+0000][7][gc,phases   ] GC(288)   Post Evacuate Collection Set: 1.8ms
[2022-07-20T11:30:19.711+0000][7][gc,phases   ] GC(288)   Other: 0.9ms
[2022-07-20T11:30:19.711+0000][7][gc,heap     ] GC(288) Eden regions: 22->0(23)
[2022-07-20T11:30:19.711+0000][7][gc,heap     ] GC(288) Survivor regions: 1->1(3)
[2022-07-20T11:30:19.712+0000][7][gc,heap     ] GC(288) Old regions: 25->25
[2022-07-20T11:30:19.712+0000][7][gc,heap     ] GC(288) Archive regions: 2->2
[2022-07-20T11:30:19.712+0000][7][gc,heap     ] GC(288) Humongous regions: 2->2
[2022-07-20T11:30:19.712+0000][7][gc,metaspace] GC(288) Metaspace: 111727K(116856K)->111727K(116856K) NonClass: 97647K(101292K)->97647K(101292K) Class: 14080K(15564K)->14080K(15564K)
[2022-07-20T11:30:19.712+0000][7][gc          ] GC(288) Pause Young (Normal) (G1 Evacuation Pause) 198M->109M(256M) 10.087ms
[2022-07-20T11:30:19.712+0000][7][gc,cpu      ] GC(288) User=0.02s Sys=0.01s Real=0.01s
[2022-07-20T11:30:19.712+0000][7][safepoint   ] Safepoint "G1CollectForAllocation", Time since last: 4848803528 ns, Reaching safepoint: 301954 ns, At safepoint: 10309632 ns, Total: 10611586 ns
[2022-07-20T11:30:29.715+0000][7][safepoint   ] Safepoint "Cleanup", Time since last: 10003006472 ns, Reaching safepoint: 255481 ns, At safepoint: 23952 ns, Total: 279433 ns
[2022-07-20T11:30:55.720+0000][7][safepoint   ] Safepoint "Cleanup", Time since last: 26004813154 ns, Reaching safepoint: 305880 ns, At safepoint: 23963 ns, Total: 329843 ns
[2022-07-20T11:31:01.723+0000][7][safepoint   ] Safepoint "Cleanup", Time since last: 6002272080 ns, Reaching safepoint: 405971 ns, At safepoint: 32797 ns, Total: 438768 ns
[2022-07-20T11:31:05.160+0000][7][gc,start    ] GC(289) Pause Young (Concurrent Start) (G1 Evacuation Pause)
[2022-07-20T11:31:05.160+0000][7][gc,task     ] GC(289) Using 4 workers of 4 for evacuation
[2022-07-20T11:31:05.160+0000][7][gc,age      ] GC(289) Desired survivor size 6291456 bytes, new threshold 15 (max threshold 15)
[2022-07-20T11:31:05.182+0000][7][gc,age      ] GC(289) Age table with threshold 15 (max threshold 15)
[2022-07-20T11:31:05.183+0000][7][gc,age      ] GC(289) - age   1:    2494080 bytes,    2494080 total
[2022-07-20T11:31:05.183+0000][7][gc,age      ] GC(289) - age   2:     390792 bytes,    2884872 total
[2022-07-20T11:31:05.183+0000][7][gc,age      ] GC(289) - age   3:     145800 bytes,    3030672 total
[2022-07-20T11:31:05.183+0000][7][gc,age      ] GC(289) - age   4:        712 bytes,    3031384 total
[2022-07-20T11:31:05.183+0000][7][gc,age      ] GC(289) - age   5:       1368 bytes,    3032752 total
[2022-07-20T11:31:05.184+0000][7][gc,age      ] GC(289) - age   6:      10064 bytes,    3042816 total
[2022-07-20T11:31:05.184+0000][7][gc,age      ] GC(289) - age   7:       2632 bytes,    3045448 total
[2022-07-20T11:31:05.184+0000][7][gc,age      ] GC(289) - age   8:       2864 bytes,    3048312 total
[2022-07-20T11:31:05.184+0000][7][gc,age      ] GC(289) - age   9:       2496 bytes,    3050808 total
[2022-07-20T11:31:05.184+0000][7][gc,age      ] GC(289) - age  10:     121472 bytes,    3172280 total
[2022-07-20T11:31:05.184+0000][7][gc,age      ] GC(289) - age  11:       2432 bytes,    3174712 total
[2022-07-20T11:31:05.184+0000][7][gc,age      ] GC(289) - age  12:       1984 bytes,    3176696 total
[2022-07-20T11:31:05.184+0000][7][gc,age      ] GC(289) - age  13:       6080 bytes,    3182776 total
[2022-07-20T11:31:05.184+0000][7][gc,age      ] GC(289) - age  14:       2376 bytes,    3185152 total
[2022-07-20T11:31:05.184+0000][7][gc,age      ] GC(289) - age  15:     236136 bytes,    3421288 total
[2022-07-20T11:31:05.184+0000][7][gc,phases   ] GC(289)   Pre Evacuate Collection Set: 0.4ms
[2022-07-20T11:31:05.184+0000][7][gc,phases   ] GC(289)   Merge Heap Roots: 0.2ms
[2022-07-20T11:31:05.184+0000][7][gc,phases   ] GC(289)   Evacuate Collection Set: 16.9ms
[2022-07-20T11:31:05.184+0000][7][gc,phases   ] GC(289)   Post Evacuate Collection Set: 4.4ms
[2022-07-20T11:31:05.185+0000][7][gc,phases   ] GC(289)   Other: 2.8ms
[2022-07-20T11:31:05.185+0000][7][gc,heap     ] GC(289) Eden regions: 23->0(22)
[2022-07-20T11:31:05.185+0000][7][gc,heap     ] GC(289) Survivor regions: 1->1(3)
[2022-07-20T11:31:05.185+0000][7][gc,heap     ] GC(289) Old regions: 25->25
[2022-07-20T11:31:05.185+0000][7][gc,heap     ] GC(289) Archive regions: 2->2
[2022-07-20T11:31:05.185+0000][7][gc,heap     ] GC(289) Humongous regions: 2->2
[2022-07-20T11:31:05.185+0000][7][gc,metaspace] GC(289) Metaspace: 111728K(116856K)->111728K(116856K) NonClass: 97647K(101292K)->97647K(101292K) Class: 14080K(15564K)->14080K(15564K)
[2022-07-20T11:31:05.185+0000][7][gc          ] GC(289) Pause Young (Concurrent Start) (G1 Evacuation Pause) 201M->112M(256M) 25.126ms
[2022-07-20T11:31:05.185+0000][7][gc,cpu      ] GC(289) User=0.06s Sys=0.00s Real=0.03s
[2022-07-20T11:31:05.185+0000][7][safepoint   ] Safepoint "G1CollectForAllocation", Time since last: 3436308779 ns, Reaching safepoint: 429505 ns, At safepoint: 25497272 ns, Total: 25926777 ns
[2022-07-20T11:31:05.185+0000][7][gc          ] GC(290) Concurrent Cycle
[2022-07-20T11:31:05.185+0000][7][gc,marking  ] GC(290) Concurrent Clear Claimed Marks
[2022-07-20T11:31:05.186+0000][7][gc,marking  ] GC(290) Concurrent Clear Claimed Marks 0.262ms
[2022-07-20T11:31:05.186+0000][7][gc,marking  ] GC(290) Concurrent Scan Root Regions
[2022-07-20T11:31:05.202+0000][7][gc,marking  ] GC(290) Concurrent Scan Root Regions 16.748ms
[2022-07-20T11:31:05.203+0000][7][gc,marking  ] GC(290) Concurrent Mark (6412.855s)
[2022-07-20T11:31:05.203+0000][7][gc,marking  ] GC(290) Concurrent Mark From Roots
[2022-07-20T11:31:05.203+0000][7][gc,task     ] GC(290) Using 1 workers of 1 for marking
[2022-07-20T11:31:06.079+0000][7][gc,marking  ] GC(290) Concurrent Mark From Roots 876.298ms
[2022-07-20T11:31:06.079+0000][7][gc,marking  ] GC(290) Concurrent Preclean
[2022-07-20T11:31:06.080+0000][7][gc,marking  ] GC(290) Concurrent Preclean 0.648ms
[2022-07-20T11:31:06.080+0000][7][gc,marking  ] GC(290) Concurrent Mark (6412.855s, 6413.732s) 877.253ms
[2022-07-20T11:31:06.081+0000][7][gc,start    ] GC(290) Pause Remark
[2022-07-20T11:31:06.163+0000][7][gc          ] GC(290) Pause Remark 140M->140M(256M) 82.226ms
[2022-07-20T11:31:06.163+0000][7][gc,cpu      ] GC(290) User=0.18s Sys=0.00s Real=0.09s
[2022-07-20T11:31:06.163+0000][7][safepoint   ] Safepoint "G1Concurrent", Time since last: 895115327 ns, Reaching safepoint: 325562 ns, At safepoint: 82611994 ns, Total: 82937556 ns
[2022-07-20T11:31:06.163+0000][7][gc,marking  ] GC(290) Concurrent Rebuild Remembered Sets
[2022-07-20T11:31:06.683+0000][7][gc,marking  ] GC(290) Concurrent Rebuild Remembered Sets 519.886ms
[2022-07-20T11:31:06.684+0000][7][gc,start    ] GC(290) Pause Cleanup
[2022-07-20T11:31:06.684+0000][7][gc          ] GC(290) Pause Cleanup 141M->141M(256M) 0.309ms
[2022-07-20T11:31:06.684+0000][7][gc,cpu      ] GC(290) User=0.00s Sys=0.00s Real=0.00s
[2022-07-20T11:31:06.684+0000][7][safepoint   ] Safepoint "G1Concurrent", Time since last: 520376583 ns, Reaching safepoint: 318711 ns, At safepoint: 578237 ns, Total: 896948 ns
[2022-07-20T11:31:06.685+0000][7][gc,marking  ] GC(290) Concurrent Cleanup for Next Mark
[2022-07-20T11:31:06.686+0000][7][gc,marking  ] GC(290) Concurrent Cleanup for Next Mark 1.089ms
[2022-07-20T11:31:06.687+0000][7][gc          ] GC(290) Concurrent Cycle 1501.369ms
[2022-07-20T11:31:32.010+0000][7][gc,start    ] GC(291) Pause Young (Normal) (G1 Evacuation Pause)
[2022-07-20T11:31:32.010+0000][7][gc,task     ] GC(291) Using 4 workers of 4 for evacuation
[2022-07-20T11:31:32.010+0000][7][gc,age      ] GC(291) Desired survivor size 6291456 bytes, new threshold 15 (max threshold 15)
[2022-07-20T11:31:32.029+0000][7][gc,age      ] GC(291) Age table with threshold 15 (max threshold 15)
[2022-07-20T11:31:32.029+0000][7][gc,age      ] GC(291) - age   1:    1648880 bytes,    1648880 total
[2022-07-20T11:31:32.029+0000][7][gc,age      ] GC(291) - age   2:     116112 bytes,    1764992 total
[2022-07-20T11:31:32.029+0000][7][gc,age      ] GC(291) - age   3:     216760 bytes,    1981752 total
[2022-07-20T11:31:32.029+0000][7][gc,age      ] GC(291) - age   4:        688 bytes,    1982440 total
[2022-07-20T11:31:32.029+0000][7][gc,age      ] GC(291) - age   5:        488 bytes,    1982928 total
[2022-07-20T11:31:32.029+0000][7][gc,age      ] GC(291) - age   6:       1176 bytes,    1984104 total
[2022-07-20T11:31:32.029+0000][7][gc,age      ] GC(291) - age   7:       8560 bytes,    1992664 total
[2022-07-20T11:31:32.029+0000][7][gc,age      ] GC(291) - age   8:       2600 bytes,    1995264 total
[2022-07-20T11:31:32.029+0000][7][gc,age      ] GC(291) - age   9:       2800 bytes,    1998064 total
[2022-07-20T11:31:32.029+0000][7][gc,age      ] GC(291) - age  10:       2496 bytes,    2000560 total
[2022-07-20T11:31:32.029+0000][7][gc,age      ] GC(291) - age  11:     120776 bytes,    2121336 total
[2022-07-20T11:31:32.029+0000][7][gc,age      ] GC(291) - age  12:       2368 bytes,    2123704 total
[2022-07-20T11:31:32.029+0000][7][gc,age      ] GC(291) - age  13:       1984 bytes,    2125688 total
[2022-07-20T11:31:32.029+0000][7][gc,age      ] GC(291) - age  14:       6080 bytes,    2131768 total
[2022-07-20T11:31:32.029+0000][7][gc,age      ] GC(291) - age  15:       2376 bytes,    2134144 total
[2022-07-20T11:31:32.029+0000][7][gc,phases   ] GC(291)   Pre Evacuate Collection Set: 0.2ms
[2022-07-20T11:31:32.029+0000][7][gc,phases   ] GC(291)   Merge Heap Roots: 0.2ms
[2022-07-20T11:31:32.030+0000][7][gc,phases   ] GC(291)   Evacuate Collection Set: 14.3ms
[2022-07-20T11:31:32.030+0000][7][gc,phases   ] GC(291)   Post Evacuate Collection Set: 3.5ms
[2022-07-20T11:31:32.030+0000][7][gc,phases   ] GC(291)   Other: 1.3ms
[2022-07-20T11:31:32.030+0000][7][gc,heap     ] GC(291) Eden regions: 22->0(22)
[2022-07-20T11:31:32.030+0000][7][gc,heap     ] GC(291) Survivor regions: 1->1(3)
[2022-07-20T11:31:32.030+0000][7][gc,heap     ] GC(291) Old regions: 25->25
[2022-07-20T11:31:32.030+0000][7][gc,heap     ] GC(291) Archive regions: 2->2
[2022-07-20T11:31:32.030+0000][7][gc,heap     ] GC(291) Humongous regions: 2->2
[2022-07-20T11:31:32.030+0000][7][gc,metaspace] GC(291) Metaspace: 111731K(116856K)->111731K(116856K) NonClass: 97651K(101292K)->97651K(101292K) Class: 14080K(15564K)->14080K(15564K)
[2022-07-20T11:31:32.030+0000][7][gc          ] GC(291) Pause Young (Normal) (G1 Evacuation Pause) 200M->111M(256M) 19.951ms
[2022-07-20T11:31:32.030+0000][7][gc,cpu      ] GC(291) User=0.03s Sys=0.02s Real=0.02s
[2022-07-20T11:31:32.030+0000][7][safepoint   ] Safepoint "G1CollectForAllocation", Time since last: 25325203730 ns, Reaching safepoint: 320928 ns, At safepoint: 20265293 ns, Total: 20586221 ns
[2022-07-20T11:31:33.031+0000][7][safepoint   ] Safepoint "Cleanup", Time since last: 1000408636 ns, Reaching safepoint: 344116 ns, At safepoint: 28359 ns, Total: 372475 ns
[2022-07-20T11:31:42.034+0000][7][safepoint   ] Safepoint "Cleanup", Time since last: 9001565630 ns, Reaching safepoint: 979660 ns, At safepoint: 60292 ns, Total: 1039952 ns
[2022-07-20T11:31:43.034+0000][7][safepoint   ] Safepoint "Cleanup", Time since last: 1000352365 ns, Reaching safepoint: 434484 ns, At safepoint: 34507 ns, Total: 468991 ns
[2022-07-20T11:31:57.038+0000][7][safepoint   ] Safepoint "Cleanup", Time since last: 14002805941 ns, Reaching safepoint: 326088 ns, At safepoint: 30140 ns, Total: 356228 ns
[2022-07-20T11:32:06.040+0000][7][safepoint   ] Safepoint "Cleanup", Time since last: 9002144605 ns, Reaching safepoint: 331210 ns, At safepoint: 18696 ns, Total: 349906 ns
[2022-07-20T11:32:11.174+0000][7][gc,start    ] GC(292) Pause Young (Concurrent Start) (G1 Evacuation Pause)
[2022-07-20T11:32:11.174+0000][7][gc,task     ] GC(292) Using 4 workers of 4 for evacuation
[2022-07-20T11:32:11.174+0000][7][gc,age      ] GC(292) Desired survivor size 6291456 bytes, new threshold 15 (max threshold 15)
[2022-07-20T11:32:11.183+0000][7][gc,age      ] GC(292) Age table with threshold 15 (max threshold 15)
[2022-07-20T11:32:11.183+0000][7][gc,age      ] GC(292) - age   1:    1367080 bytes,    1367080 total
[2022-07-20T11:32:11.183+0000][7][gc,age      ] GC(292) - age   2:     163320 bytes,    1530400 total
[2022-07-20T11:32:11.183+0000][7][gc,age      ] GC(292) - age   3:       3968 bytes,    1534368 total
[2022-07-20T11:32:11.183+0000][7][gc,age      ] GC(292) - age   4:      44256 bytes,    1578624 total
[2022-07-20T11:32:11.183+0000][7][gc,age      ] GC(292) - age   5:        560 bytes,    1579184 total
[2022-07-20T11:32:11.184+0000][7][gc,age      ] GC(292) - age   6:        360 bytes,    1579544 total
[2022-07-20T11:32:11.184+0000][7][gc,age      ] GC(292) - age   7:       1176 bytes,    1580720 total
[2022-07-20T11:32:11.184+0000][7][gc,age      ] GC(292) - age   8:       8208 bytes,    1588928 total
[2022-07-20T11:32:11.184+0000][7][gc,age      ] GC(292) - age   9:       2000 bytes,    1590928 total
[2022-07-20T11:32:11.184+0000][7][gc,age      ] GC(292) - age  10:       2800 bytes,    1593728 total
[2022-07-20T11:32:11.184+0000][7][gc,age      ] GC(292) - age  11:       2496 bytes,    1596224 total
[2022-07-20T11:32:11.184+0000][7][gc,age      ] GC(292) - age  12:     119936 bytes,    1716160 total
[2022-07-20T11:32:11.184+0000][7][gc,age      ] GC(292) - age  13:       2368 bytes,    1718528 total
[2022-07-20T11:32:11.184+0000][7][gc,age      ] GC(292) - age  14:       1984 bytes,    1720512 total
[2022-07-20T11:32:11.184+0000][7][gc,age      ] GC(292) - age  15:       6080 bytes,    1726592 total
[2022-07-20T11:32:11.184+0000][7][gc,phases   ] GC(292)   Pre Evacuate Collection Set: 0.3ms
[2022-07-20T11:32:11.184+0000][7][gc,phases   ] GC(292)   Merge Heap Roots: 0.2ms
[2022-07-20T11:32:11.184+0000][7][gc,phases   ] GC(292)   Evacuate Collection Set: 7.3ms
[2022-07-20T11:32:11.184+0000][7][gc,phases   ] GC(292)   Post Evacuate Collection Set: 1.3ms
[2022-07-20T11:32:11.184+0000][7][gc,phases   ] GC(292)   Other: 1.0ms
[2022-07-20T11:32:11.184+0000][7][gc,heap     ] GC(292) Eden regions: 22->0(22)
[2022-07-20T11:32:11.184+0000][7][gc,heap     ] GC(292) Survivor regions: 1->1(3)
[2022-07-20T11:32:11.184+0000][7][gc,heap     ] GC(292) Old regions: 25->25
[2022-07-20T11:32:11.184+0000][7][gc,heap     ] GC(292) Archive regions: 2->2
[2022-07-20T11:32:11.184+0000][7][gc,heap     ] GC(292) Humongous regions: 2->2
[2022-07-20T11:32:11.184+0000][7][gc,metaspace] GC(292) Metaspace: 111735K(116856K)->111735K(116856K) NonClass: 97655K(101292K)->97655K(101292K) Class: 14080K(15564K)->14080K(15564K)
[2022-07-20T11:32:11.184+0000][7][gc          ] GC(292) Pause Young (Concurrent Start) (G1 Evacuation Pause) 199M->110M(256M) 10.292ms
[2022-07-20T11:32:11.184+0000][7][gc,cpu      ] GC(292) User=0.03s Sys=0.00s Real=0.02s
[2022-07-20T11:32:11.184+0000][7][gc          ] GC(293) Concurrent Cycle
[2022-07-20T11:32:11.184+0000][7][safepoint   ] Safepoint "G1CollectForAllocation", Time since last: 5133404903 ns, Reaching safepoint: 276612 ns, At safepoint: 10544166 ns, Total: 10820778 ns
[2022-07-20T11:32:11.184+0000][7][gc,marking  ] GC(293) Concurrent Clear Claimed Marks
[2022-07-20T11:32:11.185+0000][7][gc,marking  ] GC(293) Concurrent Clear Claimed Marks 0.270ms
[2022-07-20T11:32:11.185+0000][7][gc,marking  ] GC(293) Concurrent Scan Root Regions
[2022-07-20T11:32:11.191+0000][7][gc,marking  ] GC(293) Concurrent Scan Root Regions 6.666ms
[2022-07-20T11:32:11.192+0000][7][gc,marking  ] GC(293) Concurrent Mark (6478.843s)
[2022-07-20T11:32:11.192+0000][7][gc,marking  ] GC(293) Concurrent Mark From Roots
[2022-07-20T11:32:11.192+0000][7][gc,task     ] GC(293) Using 1 workers of 1 for marking
[2022-07-20T11:32:11.608+0000][7][gc,marking  ] GC(293) Concurrent Mark From Roots 416.853ms
[2022-07-20T11:32:11.609+0000][7][gc,marking  ] GC(293) Concurrent Preclean
[2022-07-20T11:32:11.609+0000][7][gc,marking  ] GC(293) Concurrent Preclean 0.703ms
[2022-07-20T11:32:11.609+0000][7][gc,marking  ] GC(293) Concurrent Mark (6478.843s, 6479.261s) 417.788ms
[2022-07-20T11:32:11.611+0000][7][gc,start    ] GC(293) Pause Remark
[2022-07-20T11:32:11.683+0000][7][gc          ] GC(293) Pause Remark 114M->114M(256M) 72.491ms
[2022-07-20T11:32:11.683+0000][7][gc,cpu      ] GC(293) User=0.14s Sys=0.00s Real=0.08s
[2022-07-20T11:32:11.683+0000][7][safepoint   ] Safepoint "G1Concurrent", Time since last: 425850433 ns, Reaching safepoint: 443624 ns, At safepoint: 72800225 ns, Total: 73243849 ns
[2022-07-20T11:32:11.684+0000][7][gc,marking  ] GC(293) Concurrent Rebuild Remembered Sets
[2022-07-20T11:32:11.996+0000][7][gc,marking  ] GC(293) Concurrent Rebuild Remembered Sets 312.812ms
[2022-07-20T11:32:11.997+0000][7][gc,start    ] GC(293) Pause Cleanup
[2022-07-20T11:32:11.997+0000][7][gc          ] GC(293) Pause Cleanup 115M->115M(256M) 0.172ms
[2022-07-20T11:32:11.997+0000][7][gc,cpu      ] GC(293) User=0.00s Sys=0.00s Real=0.00s
[2022-07-20T11:32:11.997+0000][7][safepoint   ] Safepoint "G1Concurrent", Time since last: 313117012 ns, Reaching safepoint: 316242 ns, At safepoint: 300157 ns, Total: 616399 ns
[2022-07-20T11:32:11.997+0000][7][gc,marking  ] GC(293) Concurrent Cleanup for Next Mark
[2022-07-20T11:32:11.998+0000][7][gc,marking  ] GC(293) Concurrent Cleanup for Next Mark 0.671ms
[2022-07-20T11:32:11.998+0000][7][gc          ] GC(293) Concurrent Cycle 813.681ms
[2022-07-20T11:32:47.231+0000][7][gc,start    ] GC(294) Pause Young (Normal) (G1 Evacuation Pause)
[2022-07-20T11:32:47.231+0000][7][gc,task     ] GC(294) Using 4 workers of 4 for evacuation
[2022-07-20T11:32:47.231+0000][7][gc,age      ] GC(294) Desired survivor size 6291456 bytes, new threshold 15 (max threshold 15)
[2022-07-20T11:32:47.245+0000][7][gc,age      ] GC(294) Age table with threshold 15 (max threshold 15)
[2022-07-20T11:32:47.245+0000][7][gc,age      ] GC(294) - age   1:     748280 bytes,     748280 total
[2022-07-20T11:32:47.245+0000][7][gc,age      ] GC(294) - age   2:     480048 bytes,    1228328 total
[2022-07-20T11:32:47.246+0000][7][gc,age      ] GC(294) - age   3:       3096 bytes,    1231424 total
[2022-07-20T11:32:47.246+0000][7][gc,age      ] GC(294) - age   4:       3400 bytes,    1234824 total
[2022-07-20T11:32:47.246+0000][7][gc,age      ] GC(294) - age   5:      43872 bytes,    1278696 total
[2022-07-20T11:32:47.246+0000][7][gc,age      ] GC(294) - age   6:        176 bytes,    1278872 total
[2022-07-20T11:32:47.246+0000][7][gc,age      ] GC(294) - age   7:        328 bytes,    1279200 total
[2022-07-20T11:32:47.246+0000][7][gc,age      ] GC(294) - age   8:       1176 bytes,    1280376 total
[2022-07-20T11:32:47.246+0000][7][gc,age      ] GC(294) - age   9:       8176 bytes,    1288552 total
[2022-07-20T11:32:47.247+0000][7][gc,age      ] GC(294) - age  10:       2000 bytes,    1290552 total
[2022-07-20T11:32:47.247+0000][7][gc,age      ] GC(294) - age  11:       2800 bytes,    1293352 total
[2022-07-20T11:32:47.247+0000][7][gc,age      ] GC(294) - age  12:       2496 bytes,    1295848 total
[2022-07-20T11:32:47.247+0000][7][gc,age      ] GC(294) - age  13:     119936 bytes,    1415784 total
[2022-07-20T11:32:47.247+0000][7][gc,age      ] GC(294) - age  14:       2368 bytes,    1418152 total
[2022-07-20T11:32:47.247+0000][7][gc,age      ] GC(294) - age  15:       1984 bytes,    1420136 total
[2022-07-20T11:32:47.248+0000][7][gc,phases   ] GC(294)   Pre Evacuate Collection Set: 0.2ms
[2022-07-20T11:32:47.248+0000][7][gc,phases   ] GC(294)   Merge Heap Roots: 0.2ms
[2022-07-20T11:32:47.248+0000][7][gc,phases   ] GC(294)   Evacuate Collection Set: 10.7ms
[2022-07-20T11:32:47.248+0000][7][gc,phases   ] GC(294)   Post Evacuate Collection Set: 2.6ms
[2022-07-20T11:32:47.248+0000][7][gc,phases   ] GC(294)   Other: 3.5ms
[2022-07-20T11:32:47.248+0000][7][gc,heap     ] GC(294) Eden regions: 22->0(22)
[2022-07-20T11:32:47.248+0000][7][gc,heap     ] GC(294) Survivor regions: 1->1(3)
[2022-07-20T11:32:47.248+0000][7][gc,heap     ] GC(294) Old regions: 25->25
[2022-07-20T11:32:47.248+0000][7][gc,heap     ] GC(294) Archive regions: 2->2
[2022-07-20T11:32:47.249+0000][7][gc,heap     ] GC(294) Humongous regions: 2->2
[2022-07-20T11:32:47.249+0000][7][gc,metaspace] GC(294) Metaspace: 111735K(116856K)->111735K(116856K) NonClass: 97655K(101292K)->97655K(101292K) Class: 14080K(15564K)->14080K(15564K)
[2022-07-20T11:32:47.249+0000][7][gc          ] GC(294) Pause Young (Normal) (G1 Evacuation Pause) 198M->110M(256M) 18.098ms
[2022-07-20T11:32:47.249+0000][7][gc,cpu      ] GC(294) User=0.05s Sys=0.01s Real=0.02s
[2022-07-20T11:32:47.249+0000][7][safepoint   ] Safepoint "G1CollectForAllocation", Time since last: 35232550328 ns, Reaching safepoint: 585575 ns, At safepoint: 18798913 ns, Total: 19384488 ns
[2022-07-20T11:33:15.332+0000][7][gc,start    ] GC(295) Pause Young (Concurrent Start) (G1 Evacuation Pause)
[2022-07-20T11:33:15.332+0000][7][gc,task     ] GC(295) Using 4 workers of 4 for evacuation
[2022-07-20T11:33:15.333+0000][7][gc,age      ] GC(295) Desired survivor size 6291456 bytes, new threshold 15 (max threshold 15)
[2022-07-20T11:33:15.342+0000][7][gc,age      ] GC(295) Age table with threshold 15 (max threshold 15)
[2022-07-20T11:33:15.342+0000][7][gc,age      ] GC(295) - age   1:     430000 bytes,     430000 total
[2022-07-20T11:33:15.342+0000][7][gc,age      ] GC(295) - age   2:      19440 bytes,     449440 total
[2022-07-20T11:33:15.342+0000][7][gc,age      ] GC(295) - age   3:     478648 bytes,     928088 total
[2022-07-20T11:33:15.342+0000][7][gc,age      ] GC(295) - age   4:       2680 bytes,     930768 total
[2022-07-20T11:33:15.342+0000][7][gc,age      ] GC(295) - age   5:       2960 bytes,     933728 total
[2022-07-20T11:33:15.342+0000][7][gc,age      ] GC(295) - age   6:      40856 bytes,     974584 total
[2022-07-20T11:33:15.342+0000][7][gc,age      ] GC(295) - age   7:        176 bytes,     974760 total
[2022-07-20T11:33:15.342+0000][7][gc,age      ] GC(295) - age   8:        304 bytes,     975064 total
[2022-07-20T11:33:15.342+0000][7][gc,age      ] GC(295) - age   9:       1176 bytes,     976240 total
[2022-07-20T11:33:15.342+0000][7][gc,age      ] GC(295) - age  10:       8016 bytes,     984256 total
[2022-07-20T11:33:15.342+0000][7][gc,age      ] GC(295) - age  11:       1416 bytes,     985672 total
[2022-07-20T11:33:15.342+0000][7][gc,age      ] GC(295) - age  12:       2800 bytes,     988472 total
[2022-07-20T11:33:15.342+0000][7][gc,age      ] GC(295) - age  13:       2496 bytes,     990968 total
[2022-07-20T11:33:15.342+0000][7][gc,age      ] GC(295) - age  14:     119936 bytes,    1110904 total
[2022-07-20T11:33:15.342+0000][7][gc,age      ] GC(295) - age  15:       2368 bytes,    1113272 total
[2022-07-20T11:33:15.342+0000][7][gc,phases   ] GC(295)   Pre Evacuate Collection Set: 0.3ms
[2022-07-20T11:33:15.342+0000][7][gc,phases   ] GC(295)   Merge Heap Roots: 0.1ms
[2022-07-20T11:33:15.342+0000][7][gc,phases   ] GC(295)   Evacuate Collection Set: 5.4ms
[2022-07-20T11:33:15.342+0000][7][gc,phases   ] GC(295)   Post Evacuate Collection Set: 2.9ms
[2022-07-20T11:33:15.343+0000][7][gc,phases   ] GC(295)   Other: 1.3ms
[2022-07-20T11:33:15.343+0000][7][gc,heap     ] GC(295) Eden regions: 22->0(23)
[2022-07-20T11:33:15.343+0000][7][gc,heap     ] GC(295) Survivor regions: 1->1(3)
[2022-07-20T11:33:15.343+0000][7][gc,heap     ] GC(295) Old regions: 25->25
[2022-07-20T11:33:15.343+0000][7][gc,heap     ] GC(295) Archive regions: 2->2
[2022-07-20T11:33:15.343+0000][7][gc,heap     ] GC(295) Humongous regions: 2->2
[2022-07-20T11:33:15.343+0000][7][gc,metaspace] GC(295) Metaspace: 111736K(116856K)->111736K(116856K) NonClass: 97656K(101292K)->97656K(101292K) Class: 14080K(15564K)->14080K(15564K)
[2022-07-20T11:33:15.343+0000][7][gc          ] GC(295) Pause Young (Concurrent Start) (G1 Evacuation Pause) 198M->110M(256M) 10.561ms
[2022-07-20T11:33:15.343+0000][7][gc,cpu      ] GC(295) User=0.02s Sys=0.01s Real=0.02s
[2022-07-20T11:33:15.343+0000][7][gc          ] GC(296) Concurrent Cycle
[2022-07-20T11:33:15.343+0000][7][safepoint   ] Safepoint "G1CollectForAllocation", Time since last: 28082788677 ns, Reaching safepoint: 285215 ns, At safepoint: 10795049 ns, Total: 11080264 ns
[2022-07-20T11:33:15.343+0000][7][gc,marking  ] GC(296) Concurrent Clear Claimed Marks
[2022-07-20T11:33:15.343+0000][7][gc,marking  ] GC(296) Concurrent Clear Claimed Marks 0.252ms
[2022-07-20T11:33:15.343+0000][7][gc,marking  ] GC(296) Concurrent Scan Root Regions
[2022-07-20T11:33:15.348+0000][7][gc,marking  ] GC(296) Concurrent Scan Root Regions 4.520ms
[2022-07-20T11:33:15.348+0000][7][gc,marking  ] GC(296) Concurrent Mark (6543.000s)
[2022-07-20T11:33:15.348+0000][7][gc,marking  ] GC(296) Concurrent Mark From Roots
[2022-07-20T11:33:15.348+0000][7][gc,task     ] GC(296) Using 1 workers of 1 for marking
[2022-07-20T11:33:15.748+0000][7][gc,marking  ] GC(296) Concurrent Mark From Roots 399.701ms
[2022-07-20T11:33:15.748+0000][7][gc,marking  ] GC(296) Concurrent Preclean
[2022-07-20T11:33:15.748+0000][7][gc,marking  ] GC(296) Concurrent Preclean 0.393ms
[2022-07-20T11:33:15.748+0000][7][gc,marking  ] GC(296) Concurrent Mark (6543.000s, 6543.400s) 400.258ms
[2022-07-20T11:33:15.749+0000][7][gc,start    ] GC(296) Pause Remark
[2022-07-20T11:33:15.778+0000][7][gc          ] GC(296) Pause Remark 111M->111M(256M) 28.876ms
[2022-07-20T11:33:15.778+0000][7][gc,cpu      ] GC(296) User=0.11s Sys=0.00s Real=0.03s
[2022-07-20T11:33:15.778+0000][7][safepoint   ] Safepoint "G1Concurrent", Time since last: 405346440 ns, Reaching safepoint: 230292 ns, At safepoint: 29086966 ns, Total: 29317258 ns
[2022-07-20T11:33:15.778+0000][7][gc,marking  ] GC(296) Concurrent Rebuild Remembered Sets
[2022-07-20T11:33:16.024+0000][7][gc,marking  ] GC(296) Concurrent Rebuild Remembered Sets 246.660ms
[2022-07-20T11:33:16.025+0000][7][gc,start    ] GC(296) Pause Cleanup
[2022-07-20T11:33:16.025+0000][7][gc          ] GC(296) Pause Cleanup 111M->111M(256M) 0.164ms
[2022-07-20T11:33:16.025+0000][7][gc,cpu      ] GC(296) User=0.00s Sys=0.00s Real=0.00s
[2022-07-20T11:33:16.025+0000][7][safepoint   ] Safepoint "G1Concurrent", Time since last: 246850500 ns, Reaching safepoint: 204094 ns, At safepoint: 316018 ns, Total: 520112 ns
[2022-07-20T11:33:16.025+0000][7][gc,marking  ] GC(296) Concurrent Cleanup for Next Mark
[2022-07-20T11:33:16.026+0000][7][gc,marking  ] GC(296) Concurrent Cleanup for Next Mark 0.626ms
[2022-07-20T11:33:16.026+0000][7][gc          ] GC(296) Concurrent Cycle 682.840ms
[2022-07-20T11:33:18.026+0000][7][safepoint   ] Safepoint "Cleanup", Time since last: 2000490272 ns, Reaching safepoint: 284967 ns, At safepoint: 23347 ns, Total: 308314 ns
[2022-07-20T11:33:53.442+0000][7][gc,start    ] GC(297) Pause Young (Normal) (G1 Evacuation Pause)
[2022-07-20T11:33:53.442+0000][7][gc,task     ] GC(297) Using 4 workers of 4 for evacuation
[2022-07-20T11:33:53.442+0000][7][gc,age      ] GC(297) Desired survivor size 6291456 bytes, new threshold 15 (max threshold 15)
[2022-07-20T11:33:53.455+0000][7][gc,age      ] GC(297) Age table with threshold 15 (max threshold 15)
[2022-07-20T11:33:53.455+0000][7][gc,age      ] GC(297) - age   1:    1367536 bytes,    1367536 total
[2022-07-20T11:33:53.455+0000][7][gc,age      ] GC(297) - age   2:     319376 bytes,    1686912 total
[2022-07-20T11:33:53.455+0000][7][gc,age      ] GC(297) - age   3:      18520 bytes,    1705432 total
[2022-07-20T11:33:53.455+0000][7][gc,age      ] GC(297) - age   4:     478216 bytes,    2183648 total
[2022-07-20T11:33:53.455+0000][7][gc,age      ] GC(297) - age   5:       2520 bytes,    2186168 total
[2022-07-20T11:33:53.455+0000][7][gc,age      ] GC(297) - age   6:       2288 bytes,    2188456 total
[2022-07-20T11:33:53.455+0000][7][gc,age      ] GC(297) - age   7:      40856 bytes,    2229312 total
[2022-07-20T11:33:53.455+0000][7][gc,age      ] GC(297) - age   8:        176 bytes,    2229488 total
[2022-07-20T11:33:53.455+0000][7][gc,age      ] GC(297) - age   9:        304 bytes,    2229792 total
[2022-07-20T11:33:53.455+0000][7][gc,age      ] GC(297) - age  10:       1176 bytes,    2230968 total
[2022-07-20T11:33:53.455+0000][7][gc,age      ] GC(297) - age  11:       7200 bytes,    2238168 total
[2022-07-20T11:33:53.455+0000][7][gc,age      ] GC(297) - age  12:       1416 bytes,    2239584 total
[2022-07-20T11:33:53.455+0000][7][gc,age      ] GC(297) - age  13:       2800 bytes,    2242384 total
[2022-07-20T11:33:53.455+0000][7][gc,age      ] GC(297) - age  14:       2400 bytes,    2244784 total
[2022-07-20T11:33:53.455+0000][7][gc,age      ] GC(297) - age  15:     119680 bytes,    2364464 total
[2022-07-20T11:33:53.455+0000][7][gc,phases   ] GC(297)   Pre Evacuate Collection Set: 0.2ms
[2022-07-20T11:33:53.455+0000][7][gc,phases   ] GC(297)   Merge Heap Roots: 0.2ms
[2022-07-20T11:33:53.455+0000][7][gc,phases   ] GC(297)   Evacuate Collection Set: 10.3ms
[2022-07-20T11:33:53.455+0000][7][gc,phases   ] GC(297)   Post Evacuate Collection Set: 1.3ms
[2022-07-20T11:33:53.455+0000][7][gc,phases   ] GC(297)   Other: 1.2ms
[2022-07-20T11:33:53.455+0000][7][gc,heap     ] GC(297) Eden regions: 23->0(23)
[2022-07-20T11:33:53.455+0000][7][gc,heap     ] GC(297) Survivor regions: 1->1(3)
[2022-07-20T11:33:53.455+0000][7][gc,heap     ] GC(297) Old regions: 25->25
[2022-07-20T11:33:53.455+0000][7][gc,heap     ] GC(297) Archive regions: 2->2
[2022-07-20T11:33:53.455+0000][7][gc,heap     ] GC(297) Humongous regions: 2->2
[2022-07-20T11:33:53.456+0000][7][gc,metaspace] GC(297) Metaspace: 111739K(116856K)->111739K(116856K) NonClass: 97659K(101292K)->97659K(101292K) Class: 14080K(15564K)->14080K(15564K)
[2022-07-20T11:33:53.456+0000][7][gc          ] GC(297) Pause Young (Normal) (G1 Evacuation Pause) 202M->111M(256M) 13.514ms
[2022-07-20T11:33:53.456+0000][7][gc,cpu      ] GC(297) User=0.04s Sys=0.01s Real=0.02s
[2022-07-20T11:33:53.456+0000][7][safepoint   ] Safepoint "G1CollectForAllocation", Time since last: 35415845624 ns, Reaching safepoint: 311749 ns, At safepoint: 13758340 ns, Total: 14070089 ns
[2022-07-20T11:34:40.469+0000][7][safepoint   ] Safepoint "Cleanup", Time since last: 47012627484 ns, Reaching safepoint: 371781 ns, At safepoint: 18911 ns, Total: 390692 ns
[2022-07-20T11:34:41.602+0000][7][gc,start    ] GC(298) Pause Young (Concurrent Start) (G1 Evacuation Pause)
[2022-07-20T11:34:41.602+0000][7][gc,task     ] GC(298) Using 4 workers of 4 for evacuation
[2022-07-20T11:34:41.602+0000][7][gc,age      ] GC(298) Desired survivor size 6291456 bytes, new threshold 15 (max threshold 15)
[2022-07-20T11:34:41.613+0000][7][gc,age      ] GC(298) Age table with threshold 15 (max threshold 15)
[2022-07-20T11:34:41.613+0000][7][gc,age      ] GC(298) - age   1:    2154304 bytes,    2154304 total
[2022-07-20T11:34:41.613+0000][7][gc,age      ] GC(298) - age   2:      56392 bytes,    2210696 total
[2022-07-20T11:34:41.613+0000][7][gc,age      ] GC(298) - age   3:       4656 bytes,    2215352 total
[2022-07-20T11:34:41.613+0000][7][gc,age      ] GC(298) - age   4:      18136 bytes,    2233488 total
[2022-07-20T11:34:41.613+0000][7][gc,age      ] GC(298) - age   5:     478088 bytes,    2711576 total
[2022-07-20T11:34:41.613+0000][7][gc,age      ] GC(298) - age   6:       2392 bytes,    2713968 total
[2022-07-20T11:34:41.613+0000][7][gc,age      ] GC(298) - age   7:       1864 bytes,    2715832 total
[2022-07-20T11:34:41.613+0000][7][gc,age      ] GC(298) - age   8:      40792 bytes,    2756624 total
[2022-07-20T11:34:41.613+0000][7][gc,age      ] GC(298) - age   9:        176 bytes,    2756800 total
[2022-07-20T11:34:41.613+0000][7][gc,age      ] GC(298) - age  10:        304 bytes,    2757104 total
[2022-07-20T11:34:41.613+0000][7][gc,age      ] GC(298) - age  11:       1176 bytes,    2758280 total
[2022-07-20T11:34:41.613+0000][7][gc,age      ] GC(298) - age  12:       7168 bytes,    2765448 total
[2022-07-20T11:34:41.613+0000][7][gc,age      ] GC(298) - age  13:       1416 bytes,    2766864 total
[2022-07-20T11:34:41.613+0000][7][gc,age      ] GC(298) - age  14:       2800 bytes,    2769664 total
[2022-07-20T11:34:41.613+0000][7][gc,age      ] GC(298) - age  15:       2400 bytes,    2772064 total
[2022-07-20T11:34:41.614+0000][7][gc,phases   ] GC(298)   Pre Evacuate Collection Set: 0.3ms
[2022-07-20T11:34:41.614+0000][7][gc,phases   ] GC(298)   Merge Heap Roots: 0.1ms
[2022-07-20T11:34:41.614+0000][7][gc,phases   ] GC(298)   Evacuate Collection Set: 8.7ms
[2022-07-20T11:34:41.614+0000][7][gc,phases   ] GC(298)   Post Evacuate Collection Set: 1.3ms
[2022-07-20T11:34:41.614+0000][7][gc,phases   ] GC(298)   Other: 1.1ms
[2022-07-20T11:34:41.614+0000][7][gc,heap     ] GC(298) Eden regions: 23->0(22)
[2022-07-20T11:34:41.614+0000][7][gc,heap     ] GC(298) Survivor regions: 1->1(3)
[2022-07-20T11:34:41.614+0000][7][gc,heap     ] GC(298) Old regions: 25->25
[2022-07-20T11:34:41.614+0000][7][gc,heap     ] GC(298) Archive regions: 2->2
[2022-07-20T11:34:41.614+0000][7][gc,heap     ] GC(298) Humongous regions: 2->2
[2022-07-20T11:34:41.614+0000][7][gc,metaspace] GC(298) Metaspace: 111742K(116856K)->111742K(116856K) NonClass: 97661K(101292K)->97661K(101292K) Class: 14080K(15564K)->14080K(15564K)
[2022-07-20T11:34:41.614+0000][7][gc          ] GC(298) Pause Young (Concurrent Start) (G1 Evacuation Pause) 203M->112M(256M) 11.936ms
[2022-07-20T11:34:41.614+0000][7][gc,cpu      ] GC(298) User=0.03s Sys=0.00s Real=0.01s
[2022-07-20T11:34:41.614+0000][7][safepoint   ] Safepoint "G1CollectForAllocation", Time since last: 1133013842 ns, Reaching safepoint: 253995 ns, At safepoint: 12177414 ns, Total: 12431409 ns
[2022-07-20T11:34:41.614+0000][7][gc          ] GC(299) Concurrent Cycle
[2022-07-20T11:34:41.614+0000][7][gc,marking  ] GC(299) Concurrent Clear Claimed Marks
[2022-07-20T11:34:41.615+0000][7][gc,marking  ] GC(299) Concurrent Clear Claimed Marks 0.335ms
[2022-07-20T11:34:41.615+0000][7][gc,marking  ] GC(299) Concurrent Scan Root Regions
[2022-07-20T11:34:41.624+0000][7][gc,marking  ] GC(299) Concurrent Scan Root Regions 9.715ms
[2022-07-20T11:34:41.625+0000][7][gc,marking  ] GC(299) Concurrent Mark (6629.277s)
[2022-07-20T11:34:41.625+0000][7][gc,marking  ] GC(299) Concurrent Mark From Roots
[2022-07-20T11:34:41.625+0000][7][gc,task     ] GC(299) Using 1 workers of 1 for marking
[2022-07-20T11:34:42.163+0000][7][gc,marking  ] GC(299) Concurrent Mark From Roots 538.304ms
[2022-07-20T11:34:42.163+0000][7][gc,marking  ] GC(299) Concurrent Preclean
[2022-07-20T11:34:42.164+0000][7][gc,marking  ] GC(299) Concurrent Preclean 0.694ms
[2022-07-20T11:34:42.164+0000][7][gc,marking  ] GC(299) Concurrent Mark (6629.277s, 6629.816s) 539.242ms
[2022-07-20T11:34:42.164+0000][7][gc,start    ] GC(299) Pause Remark
[2022-07-20T11:34:42.210+0000][7][gc          ] GC(299) Pause Remark 126M->126M(256M) 45.894ms
[2022-07-20T11:34:42.210+0000][7][gc,cpu      ] GC(299) User=0.17s Sys=0.00s Real=0.04s
[2022-07-20T11:34:42.210+0000][7][safepoint   ] Safepoint "G1Concurrent", Time since last: 549704118 ns, Reaching safepoint: 268132 ns, At safepoint: 46167963 ns, Total: 46436095 ns
[2022-07-20T11:34:42.210+0000][7][gc,marking  ] GC(299) Concurrent Rebuild Remembered Sets
[2022-07-20T11:34:42.524+0000][7][gc,marking  ] GC(299) Concurrent Rebuild Remembered Sets 313.754ms
[2022-07-20T11:34:42.525+0000][7][gc,start    ] GC(299) Pause Cleanup
[2022-07-20T11:34:42.525+0000][7][gc          ] GC(299) Pause Cleanup 126M->126M(256M) 0.150ms
[2022-07-20T11:34:42.525+0000][7][gc,cpu      ] GC(299) User=0.00s Sys=0.00s Real=0.00s
[2022-07-20T11:34:42.525+0000][7][safepoint   ] Safepoint "G1Concurrent", Time since last: 313976124 ns, Reaching safepoint: 202568 ns, At safepoint: 252197 ns, Total: 454765 ns
[2022-07-20T11:34:42.525+0000][7][gc,marking  ] GC(299) Concurrent Cleanup for Next Mark
[2022-07-20T11:34:42.525+0000][7][gc,marking  ] GC(299) Concurrent Cleanup for Next Mark 0.520ms
[2022-07-20T11:34:42.525+0000][7][gc          ] GC(299) Concurrent Cycle 911.144ms
[2022-07-22T08:02:52.337+0000][7][safepoint   ] Safepoint "Cleanup", Time since last: 8799991360 ns, Reaching safepoint: 1197329 ns, At safepoint: 43529 ns, Total: 1240858 ns
[2022-07-22T08:02:53.339+0000][7][safepoint   ] Safepoint "Cleanup", Time since last: 1001235234 ns, Reaching safepoint: 826637 ns, At safepoint: 52084 ns, Total: 878721 ns
[2022-07-22T08:02:54.341+0000][7][safepoint   ] Safepoint "Cleanup", Time since last: 1000892547 ns, Reaching safepoint: 678057 ns, At safepoint: 27296 ns, Total: 705353 ns
[2022-07-22T08:02:55.343+0000][7][safepoint   ] Safepoint "Cleanup", Time since last: 1001375296 ns, Reaching safepoint: 421075 ns, At safepoint: 27131 ns, Total: 448206 ns
[2022-07-22T08:02:57.344+0000][7][safepoint   ] Safepoint "Cleanup", Time since last: 2000896496 ns, Reaching safepoint: 383568 ns, At safepoint: 27778 ns, Total: 411346 ns
[2022-07-22T08:02:58.345+0000][7][safepoint   ] Safepoint "Cleanup", Time since last: 1000283085 ns, Reaching safepoint: 324532 ns, At safepoint: 17844 ns, Total: 342376 ns
[2022-07-22T08:02:59.350+0000][7][safepoint   ] Safepoint "Cleanup", Time since last: 1004936594 ns, Reaching safepoint: 340082 ns, At safepoint: 33123 ns, Total: 373205 ns
[2022-07-22T08:02:59.578+0000][7][gc,start    ] GC(300) Pause Young (Normal) (G1 Evacuation Pause)
[2022-07-22T08:02:59.578+0000][7][gc,task     ] GC(300) Using 4 workers of 4 for evacuation
[2022-07-22T08:02:59.578+0000][7][gc,age      ] GC(300) Desired survivor size 6291456 bytes, new threshold 15 (max threshold 15)
[2022-07-22T08:02:59.621+0000][7][gc,age      ] GC(300) Age table with threshold 15 (max threshold 15)
[2022-07-22T08:02:59.621+0000][7][gc,age      ] GC(300) - age   1:    2329272 bytes,    2329272 total
[2022-07-22T08:02:59.621+0000][7][gc,age      ] GC(300) - age   2:     122928 bytes,    2452200 total
[2022-07-22T08:02:59.621+0000][7][gc,age      ] GC(300) - age   3:      47792 bytes,    2499992 total
[2022-07-22T08:02:59.622+0000][7][gc,age      ] GC(300) - age   4:       1552 bytes,    2501544 total
[2022-07-22T08:02:59.622+0000][7][gc,age      ] GC(300) - age   5:       1488 bytes,    2503032 total
[2022-07-22T08:02:59.622+0000][7][gc,age      ] GC(300) - age   6:     119736 bytes,    2622768 total
[2022-07-22T08:02:59.622+0000][7][gc,age      ] GC(300) - age   7:       1224 bytes,    2623992 total
[2022-07-22T08:02:59.622+0000][7][gc,age      ] GC(300) - age   8:       1312 bytes,    2625304 total
[2022-07-22T08:02:59.622+0000][7][gc,age      ] GC(300) - age   9:      39816 bytes,    2665120 total
[2022-07-22T08:02:59.622+0000][7][gc,age      ] GC(300) - age  10:        176 bytes,    2665296 total
[2022-07-22T08:02:59.622+0000][7][gc,age      ] GC(300) - age  11:        304 bytes,    2665600 total
[2022-07-22T08:02:59.623+0000][7][gc,age      ] GC(300) - age  12:       1176 bytes,    2666776 total
[2022-07-22T08:02:59.623+0000][7][gc,age      ] GC(300) - age  13:       7168 bytes,    2673944 total
[2022-07-22T08:02:59.623+0000][7][gc,age      ] GC(300) - age  14:       1376 bytes,    2675320 total
[2022-07-22T08:02:59.623+0000][7][gc,age      ] GC(300) - age  15:       2800 bytes,    2678120 total
[2022-07-22T08:02:59.623+0000][7][gc,phases   ] GC(300)   Pre Evacuate Collection Set: 0.1ms
[2022-07-22T08:02:59.623+0000][7][gc,phases   ] GC(300)   Merge Heap Roots: 0.2ms
[2022-07-22T08:02:59.623+0000][7][gc,phases   ] GC(300)   Evacuate Collection Set: 25.3ms
[2022-07-22T08:02:59.623+0000][7][gc,phases   ] GC(300)   Post Evacuate Collection Set: 17.2ms
[2022-07-22T08:02:59.623+0000][7][gc,phases   ] GC(300)   Other: 2.5ms
[2022-07-22T08:02:59.623+0000][7][gc,heap     ] GC(300) Eden regions: 22->0(22)
[2022-07-22T08:02:59.624+0000][7][gc,heap     ] GC(300) Survivor regions: 1->1(3)
[2022-07-22T08:02:59.624+0000][7][gc,heap     ] GC(300) Old regions: 25->25
[2022-07-22T08:02:59.624+0000][7][gc,heap     ] GC(300) Archive regions: 2->2
[2022-07-22T08:02:59.624+0000][7][gc,heap     ] GC(300) Humongous regions: 2->2
[2022-07-22T08:02:59.624+0000][7][gc,metaspace] GC(300) Metaspace: 112372K(117112K)->112372K(117112K) NonClass: 98199K(101548K)->98199K(101548K) Class: 14173K(15564K)->14173K(15564K)
[2022-07-22T08:02:59.624+0000][7][gc          ] GC(300) Pause Young (Normal) (G1 Evacuation Pause) 200M->111M(256M) 45.937ms
[2022-07-22T08:02:59.624+0000][7][gc,cpu      ] GC(300) User=0.04s Sys=0.00s Real=0.04s
[2022-07-22T08:02:59.624+0000][7][safepoint   ] Safepoint "G1CollectForAllocation", Time since last: 226939338 ns, Reaching safepoint: 893628 ns, At safepoint: 46281801 ns, Total: 47175429 ns
[2022-07-22T08:02:59.926+0000][7][safepoint   ] Safepoint "ICBufferFull", Time since last: 300472963 ns, Reaching safepoint: 1509183 ns, At safepoint: 85237 ns, Total: 1594420 ns
[2022-07-22T08:03:00.944+0000][7][safepoint   ] Safepoint "Cleanup", Time since last: 1017427734 ns, Reaching safepoint: 534232 ns, At safepoint: 20114 ns, Total: 554346 ns
[2022-07-22T08:03:01.954+0000][7][safepoint   ] Safepoint "Cleanup", Time since last: 1009228769 ns, Reaching safepoint: 394113 ns, At safepoint: 13969 ns, Total: 408082 ns
[2022-07-22T08:03:02.840+0000][7][gc,start    ] GC(301) Pause Young (Concurrent Start) (G1 Evacuation Pause)
[2022-07-22T08:03:02.840+0000][7][gc,task     ] GC(301) Using 4 workers of 4 for evacuation
[2022-07-22T08:03:02.840+0000][7][gc,age      ] GC(301) Desired survivor size 6291456 bytes, new threshold 15 (max threshold 15)
[2022-07-22T08:03:02.896+0000][7][gc,age      ] GC(301) Age table with threshold 15 (max threshold 15)
[2022-07-22T08:03:02.897+0000][7][gc,age      ] GC(301) - age   1:    1543824 bytes,    1543824 total
[2022-07-22T08:03:02.897+0000][7][gc,age      ] GC(301) - age   2:    1980560 bytes,    3524384 total
[2022-07-22T08:03:02.897+0000][7][gc,age      ] GC(301) - age   3:     121800 bytes,    3646184 total
[2022-07-22T08:03:02.897+0000][7][gc,age      ] GC(301) - age   4:      47216 bytes,    3693400 total
[2022-07-22T08:03:02.897+0000][7][gc,age      ] GC(301) - age   5:       1360 bytes,    3694760 total
[2022-07-22T08:03:02.897+0000][7][gc,age      ] GC(301) - age   6:       1200 bytes,    3695960 total
[2022-07-22T08:03:02.897+0000][7][gc,age      ] GC(301) - age   7:     118968 bytes,    3814928 total
[2022-07-22T08:03:02.897+0000][7][gc,age      ] GC(301) - age   8:        368 bytes,    3815296 total
[2022-07-22T08:03:02.897+0000][7][gc,age      ] GC(301) - age   9:       1280 bytes,    3816576 total
[2022-07-22T08:03:02.897+0000][7][gc,age      ] GC(301) - age  10:      39312 bytes,    3855888 total
[2022-07-22T08:03:02.897+0000][7][gc,age      ] GC(301) - age  11:         80 bytes,    3855968 total
[2022-07-22T08:03:02.897+0000][7][gc,age      ] GC(301) - age  12:        240 bytes,    3856208 total
[2022-07-22T08:03:02.897+0000][7][gc,age      ] GC(301) - age  13:       1080 bytes,    3857288 total
[2022-07-22T08:03:02.897+0000][7][gc,age      ] GC(301) - age  14:       7072 bytes,    3864360 total
[2022-07-22T08:03:02.897+0000][7][gc,age      ] GC(301) - age  15:       1312 bytes,    3865672 total
[2022-07-22T08:03:02.897+0000][7][gc,phases   ] GC(301)   Pre Evacuate Collection Set: 0.3ms
[2022-07-22T08:03:02.897+0000][7][gc,phases   ] GC(301)   Merge Heap Roots: 0.2ms
[2022-07-22T08:03:02.897+0000][7][gc,phases   ] GC(301)   Evacuate Collection Set: 53.7ms
[2022-07-22T08:03:02.897+0000][7][gc,phases   ] GC(301)   Post Evacuate Collection Set: 2.0ms
[2022-07-22T08:03:02.897+0000][7][gc,phases   ] GC(301)   Other: 1.1ms
[2022-07-22T08:03:02.897+0000][7][gc,heap     ] GC(301) Eden regions: 22->0(22)
[2022-07-22T08:03:02.897+0000][7][gc,heap     ] GC(301) Survivor regions: 1->1(3)
[2022-07-22T08:03:02.898+0000][7][gc,heap     ] GC(301) Old regions: 25->25
[2022-07-22T08:03:02.898+0000][7][gc,heap     ] GC(301) Archive regions: 2->2
[2022-07-22T08:03:02.898+0000][7][gc,heap     ] GC(301) Humongous regions: 2->2
[2022-07-22T08:03:02.899+0000][7][gc,metaspace] GC(301) Metaspace: 112557K(117368K)->112557K(117368K) NonClass: 98364K(101804K)->98364K(101804K) Class: 14193K(15564K)->14193K(15564K)
[2022-07-22T08:03:02.899+0000][7][gc          ] GC(301) Pause Young (Concurrent Start) (G1 Evacuation Pause) 199M->113M(256M) 58.953ms
[2022-07-22T08:03:02.899+0000][7][gc,cpu      ] GC(301) User=0.08s Sys=0.00s Real=0.06s
[2022-07-22T08:03:02.899+0000][7][gc          ] GC(302) Concurrent Cycle
[2022-07-22T08:03:02.899+0000][7][gc,marking  ] GC(302) Concurrent Clear Claimed Marks
[2022-07-22T08:03:02.899+0000][7][gc,marking  ] GC(302) Concurrent Clear Claimed Marks 0.227ms
[2022-07-22T08:03:02.899+0000][7][gc,marking  ] GC(302) Concurrent Scan Root Regions
[2022-07-22T08:03:02.899+0000][7][safepoint   ] Safepoint "G1CollectForAllocation", Time since last: 885534145 ns, Reaching safepoint: 574435 ns, At safepoint: 59271786 ns, Total: 59846221 ns
[2022-07-22T08:03:02.950+0000][7][gc,marking  ] GC(302) Concurrent Scan Root Regions 50.678ms
[2022-07-22T08:03:02.950+0000][7][gc,marking  ] GC(302) Concurrent Mark (6649.591s)
[2022-07-22T08:03:02.950+0000][7][gc,marking  ] GC(302) Concurrent Mark From Roots
[2022-07-22T08:03:02.950+0000][7][gc,task     ] GC(302) Using 1 workers of 1 for marking
[2022-07-22T08:03:03.910+0000][7][safepoint   ] Safepoint "Cleanup", Time since last: 1000767764 ns, Reaching safepoint: 9827117 ns, At safepoint: 87661 ns, Total: 9914778 ns
[2022-07-22T08:03:04.887+0000][7][gc,marking  ] GC(302) Concurrent Mark From Roots 1936.637ms
[2022-07-22T08:03:04.887+0000][7][gc,marking  ] GC(302) Concurrent Preclean
[2022-07-22T08:03:04.888+0000][7][gc,marking  ] GC(302) Concurrent Preclean 0.868ms
[2022-07-22T08:03:04.888+0000][7][gc,marking  ] GC(302) Concurrent Mark (6649.591s, 6651.529s) 1937.839ms
[2022-07-22T08:03:04.889+0000][7][gc,start    ] GC(302) Pause Remark
[2022-07-22T08:03:05.222+0000][7][gc,mmu      ] GC(302) MMU target violated: 201.0ms (200.0ms/201.0ms)
[2022-07-22T08:03:05.222+0000][7][gc          ] GC(302) Pause Remark 160M->160M(256M) 333.663ms
[2022-07-22T08:03:05.222+0000][7][gc,cpu      ] GC(302) User=0.28s Sys=0.00s Real=0.33s
[2022-07-22T08:03:05.223+0000][7][safepoint   ] Safepoint "G1Concurrent", Time since last: 978452809 ns, Reaching safepoint: 467626 ns, At safepoint: 333953634 ns, Total: 334421260 ns
[2022-07-22T08:03:05.224+0000][7][gc,marking  ] GC(302) Concurrent Rebuild Remembered Sets
[2022-07-22T08:03:05.762+0000][7][gc,marking  ] GC(302) Concurrent Rebuild Remembered Sets 537.746ms
[2022-07-22T08:03:05.763+0000][7][gc,start    ] GC(302) Pause Cleanup
[2022-07-22T08:03:05.763+0000][7][gc          ] GC(302) Pause Cleanup 160M->160M(256M) 0.297ms
[2022-07-22T08:03:05.763+0000][7][gc,cpu      ] GC(302) User=0.00s Sys=0.00s Real=0.00s
[2022-07-22T08:03:05.763+0000][7][safepoint   ] Safepoint "G1Concurrent", Time since last: 539561776 ns, Reaching safepoint: 400829 ns, At safepoint: 607907 ns, Total: 1008736 ns
[2022-07-22T08:03:05.763+0000][7][gc,marking  ] GC(302) Concurrent Cleanup for Next Mark
[2022-07-22T08:03:05.768+0000][7][gc,marking  ] GC(302) Concurrent Cleanup for Next Mark 4.285ms
[2022-07-22T08:03:05.768+0000][7][gc          ] GC(302) Concurrent Cycle 2868.708ms
[2022-07-22T08:03:06.764+0000][7][safepoint   ] Safepoint "Cleanup", Time since last: 1000210532 ns, Reaching safepoint: 821929 ns, At safepoint: 24641 ns, Total: 846570 ns
[2022-07-22T08:03:13.765+0000][7][safepoint   ] Safepoint "Cleanup", Time since last: 7001093883 ns, Reaching safepoint: 157467 ns, At safepoint: 7398 ns, Total: 164865 ns
[2022-07-22T08:03:14.766+0000][7][safepoint   ] Safepoint "Cleanup", Time since last: 1000140167 ns, Reaching safepoint: 135045 ns, At safepoint: 7886 ns, Total: 142931 ns
[2022-07-22T08:03:15.635+0000][7][safepoint   ] Safepoint "ICBufferFull", Time since last: 869208017 ns, Reaching safepoint: 264195 ns, At safepoint: 9732 ns, Total: 273927 ns
[2022-07-22T08:03:16.636+0000][7][safepoint   ] Safepoint "Cleanup", Time since last: 1000124475 ns, Reaching safepoint: 212372 ns, At safepoint: 6386 ns, Total: 218758 ns
[2022-07-22T08:03:17.636+0000][7][safepoint   ] Safepoint "Cleanup", Time since last: 1000275250 ns, Reaching safepoint: 141418 ns, At safepoint: 13397 ns, Total: 154815 ns
[2022-07-22T08:03:18.636+0000][7][safepoint   ] Safepoint "Cleanup", Time since last: 1000137507 ns, Reaching safepoint: 130107 ns, At safepoint: 7078 ns, Total: 137185 ns
[2022-07-22T08:03:27.633+0000][7][gc,start    ] GC(303) Pause Young (Normal) (G1 Evacuation Pause)
[2022-07-22T08:03:27.633+0000][7][gc,task     ] GC(303) Using 4 workers of 4 for evacuation
[2022-07-22T08:03:27.633+0000][7][gc,age      ] GC(303) Desired survivor size 6291456 bytes, new threshold 15 (max threshold 15)
[2022-07-22T08:03:27.641+0000][7][gc,age      ] GC(303) Age table with threshold 15 (max threshold 15)
[2022-07-22T08:03:27.641+0000][7][gc,age      ] GC(303) - age   1:    3071744 bytes,    3071744 total
[2022-07-22T08:03:27.641+0000][7][gc,age      ] GC(303) - age   2:     778904 bytes,    3850648 total
[2022-07-22T08:03:27.641+0000][7][gc,age      ] GC(303) - age   3:    1773224 bytes,    5623872 total
[2022-07-22T08:03:27.641+0000][7][gc,age      ] GC(303) - age   4:     121208 bytes,    5745080 total
[2022-07-22T08:03:27.641+0000][7][gc,age      ] GC(303) - age   5:      47088 bytes,    5792168 total
[2022-07-22T08:03:27.641+0000][7][gc,age      ] GC(303) - age   6:       1328 bytes,    5793496 total
[2022-07-22T08:03:27.641+0000][7][gc,age      ] GC(303) - age   7:        976 bytes,    5794472 total
[2022-07-22T08:03:27.641+0000][7][gc,age      ] GC(303) - age   8:     118968 bytes,    5913440 total
[2022-07-22T08:03:27.641+0000][7][gc,age      ] GC(303) - age   9:        368 bytes,    5913808 total
[2022-07-22T08:03:27.641+0000][7][gc,age      ] GC(303) - age  10:       1280 bytes,    5915088 total
[2022-07-22T08:03:27.641+0000][7][gc,age      ] GC(303) - age  11:      39312 bytes,    5954400 total
[2022-07-22T08:03:27.641+0000][7][gc,age      ] GC(303) - age  12:         80 bytes,    5954480 total
[2022-07-22T08:03:27.641+0000][7][gc,age      ] GC(303) - age  13:        240 bytes,    5954720 total
[2022-07-22T08:03:27.641+0000][7][gc,age      ] GC(303) - age  14:       1080 bytes,    5955800 total
[2022-07-22T08:03:27.641+0000][7][gc,age      ] GC(303) - age  15:       7008 bytes,    5962808 total
[2022-07-22T08:03:27.641+0000][7][gc,phases   ] GC(303)   Pre Evacuate Collection Set: 0.1ms
[2022-07-22T08:03:27.641+0000][7][gc,phases   ] GC(303)   Merge Heap Roots: 0.1ms
[2022-07-22T08:03:27.641+0000][7][gc,phases   ] GC(303)   Evacuate Collection Set: 7.1ms
[2022-07-22T08:03:27.641+0000][7][gc,phases   ] GC(303)   Post Evacuate Collection Set: 0.7ms
[2022-07-22T08:03:27.641+0000][7][gc,phases   ] GC(303)   Other: 0.5ms
[2022-07-22T08:03:27.641+0000][7][gc,heap     ] GC(303) Eden regions: 22->0(21)
[2022-07-22T08:03:27.641+0000][7][gc,heap     ] GC(303) Survivor regions: 1->2(3)
[2022-07-22T08:03:27.641+0000][7][gc,heap     ] GC(303) Old regions: 25->25
[2022-07-22T08:03:27.641+0000][7][gc,heap     ] GC(303) Archive regions: 2->2
[2022-07-22T08:03:27.641+0000][7][gc,heap     ] GC(303) Humongous regions: 2->2
[2022-07-22T08:03:27.641+0000][7][gc,metaspace] GC(303) Metaspace: 112559K(117368K)->112559K(117368K) NonClass: 98367K(101804K)->98367K(101804K) Class: 14192K(15564K)->14192K(15564K)
[2022-07-22T08:03:27.641+0000][7][gc          ] GC(303) Pause Young (Normal) (G1 Evacuation Pause) 201M->115M(256M) 8.665ms
[2022-07-22T08:03:27.641+0000][7][gc,cpu      ] GC(303) User=0.02s Sys=0.00s Real=0.01s
[2022-07-22T08:03:27.641+0000][7][safepoint   ] Safepoint "G1CollectForAllocation", Time since last: 8996160961 ns, Reaching safepoint: 232609 ns, At safepoint: 8783372 ns, Total: 9015981 ns
[2022-07-22T08:03:27.665+0000][7][safepoint   ] Safepoint "ICBufferFull", Time since last: 22921651 ns, Reaching safepoint: 231005 ns, At safepoint: 6918 ns, Total: 237923 ns
[2022-07-22T08:03:28.665+0000][7][safepoint   ] Safepoint "Cleanup", Time since last: 1000109380 ns, Reaching safepoint: 152998 ns, At safepoint: 5733 ns, Total: 158731 ns
[2022-07-22T08:03:30.665+0000][7][safepoint   ] Safepoint "Cleanup", Time since last: 2000458801 ns, Reaching safepoint: 103294 ns, At safepoint: 6393 ns, Total: 109687 ns
[2022-07-22T08:03:32.666+0000][7][safepoint   ] Safepoint "Cleanup", Time since last: 2000194951 ns, Reaching safepoint: 166580 ns, At safepoint: 7829 ns, Total: 174409 ns
[2022-07-22T08:03:33.666+0000][7][safepoint   ] Safepoint "Cleanup", Time since last: 1000187223 ns, Reaching safepoint: 120903 ns, At safepoint: 8327 ns, Total: 129230 ns
[2022-07-22T08:03:43.668+0000][7][safepoint   ] Safepoint "Cleanup", Time since last: 10001372061 ns, Reaching safepoint: 118488 ns, At safepoint: 6679 ns, Total: 125167 ns
[2022-07-22T08:03:51.669+0000][7][safepoint   ] Safepoint "Cleanup", Time since last: 8000965514 ns, Reaching safepoint: 151716 ns, At safepoint: 10820 ns, Total: 162536 ns
[2022-07-22T08:03:52.669+0000][7][safepoint   ] Safepoint "Cleanup", Time since last: 1000209192 ns, Reaching safepoint: 157192 ns, At safepoint: 8041 ns, Total: 165233 ns
[2022-07-22T08:03:55.670+0000][7][safepoint   ] Safepoint "Cleanup", Time since last: 3000362598 ns, Reaching safepoint: 108642 ns, At safepoint: 7012 ns, Total: 115654 ns
[2022-07-22T08:03:59.671+0000][7][safepoint   ] Safepoint "Cleanup", Time since last: 4001003837 ns, Reaching safepoint: 199413 ns, At safepoint: 11280 ns, Total: 210693 ns
[2022-07-22T08:04:00.610+0000][7][gc,start    ] GC(304) Pause Young (Concurrent Start) (G1 Evacuation Pause)
[2022-07-22T08:04:00.610+0000][7][gc,task     ] GC(304) Using 4 workers of 4 for evacuation
[2022-07-22T08:04:00.610+0000][7][gc,age      ] GC(304) Desired survivor size 6291456 bytes, new threshold 15 (max threshold 15)
[2022-07-22T08:04:00.615+0000][7][gc,age      ] GC(304) Age table with threshold 15 (max threshold 15)
[2022-07-22T08:04:00.615+0000][7][gc,age      ] GC(304) - age   1:    1616448 bytes,    1616448 total
[2022-07-22T08:04:00.615+0000][7][gc,age      ] GC(304) - age   2:     340992 bytes,    1957440 total
[2022-07-22T08:04:00.615+0000][7][gc,age      ] GC(304) - age   3:     735824 bytes,    2693264 total
[2022-07-22T08:04:00.615+0000][7][gc,age      ] GC(304) - age   4:    1099256 bytes,    3792520 total
[2022-07-22T08:04:00.615+0000][7][gc,age      ] GC(304) - age   5:       2696 bytes,    3795216 total
[2022-07-22T08:04:00.615+0000][7][gc,age      ] GC(304) - age   6:       1360 bytes,    3796576 total
[2022-07-22T08:04:00.615+0000][7][gc,age      ] GC(304) - age   7:       1208 bytes,    3797784 total
[2022-07-22T08:04:00.615+0000][7][gc,age      ] GC(304) - age   8:        976 bytes,    3798760 total
[2022-07-22T08:04:00.615+0000][7][gc,age      ] GC(304) - age   9:     118936 bytes,    3917696 total
[2022-07-22T08:04:00.615+0000][7][gc,age      ] GC(304) - age  10:        368 bytes,    3918064 total
[2022-07-22T08:04:00.615+0000][7][gc,age      ] GC(304) - age  11:       1280 bytes,    3919344 total
[2022-07-22T08:04:00.615+0000][7][gc,age      ] GC(304) - age  12:      39312 bytes,    3958656 total
[2022-07-22T08:04:00.615+0000][7][gc,age      ] GC(304) - age  13:         80 bytes,    3958736 total
[2022-07-22T08:04:00.615+0000][7][gc,age      ] GC(304) - age  14:        240 bytes,    3958976 total
[2022-07-22T08:04:00.615+0000][7][gc,age      ] GC(304) - age  15:       1080 bytes,    3960056 total
[2022-07-22T08:04:00.615+0000][7][gc,phases   ] GC(304)   Pre Evacuate Collection Set: 0.2ms
[2022-07-22T08:04:00.615+0000][7][gc,phases   ] GC(304)   Merge Heap Roots: 0.0ms
[2022-07-22T08:04:00.615+0000][7][gc,phases   ] GC(304)   Evacuate Collection Set: 4.2ms
[2022-07-22T08:04:00.615+0000][7][gc,phases   ] GC(304)   Post Evacuate Collection Set: 0.5ms
[2022-07-22T08:04:00.615+0000][7][gc,phases   ] GC(304)   Other: 0.4ms
[2022-07-22T08:04:00.615+0000][7][gc,heap     ] GC(304) Eden regions: 21->0(21)
[2022-07-22T08:04:00.615+0000][7][gc,heap     ] GC(304) Survivor regions: 2->2(3)
[2022-07-22T08:04:00.615+0000][7][gc,heap     ] GC(304) Old regions: 25->25
[2022-07-22T08:04:00.615+0000][7][gc,heap     ] GC(304) Archive regions: 2->2
[2022-07-22T08:04:00.615+0000][7][gc,heap     ] GC(304) Humongous regions: 2->2
[2022-07-22T08:04:00.615+0000][7][gc,metaspace] GC(304) Metaspace: 112559K(117368K)->112559K(117368K) NonClass: 98367K(101804K)->98367K(101804K) Class: 14192K(15564K)->14192K(15564K)
[2022-07-22T08:04:00.615+0000][7][gc          ] GC(304) Pause Young (Concurrent Start) (G1 Evacuation Pause) 199M->113M(256M) 5.322ms
[2022-07-22T08:04:00.615+0000][7][gc,cpu      ] GC(304) User=0.02s Sys=0.00s Real=0.01s
[2022-07-22T08:04:00.615+0000][7][gc          ] GC(305) Concurrent Cycle
[2022-07-22T08:04:00.615+0000][7][safepoint   ] Safepoint "G1CollectForAllocation", Time since last: 925519974 ns, Reaching safepoint: 13131303 ns, At safepoint: 5428656 ns, Total: 18559959 ns
[2022-07-22T08:04:00.615+0000][7][gc,marking  ] GC(305) Concurrent Clear Claimed Marks
[2022-07-22T08:04:00.615+0000][7][gc,marking  ] GC(305) Concurrent Clear Claimed Marks 0.134ms
[2022-07-22T08:04:00.615+0000][7][gc,marking  ] GC(305) Concurrent Scan Root Regions
[2022-07-22T08:04:00.619+0000][7][gc,marking  ] GC(305) Concurrent Scan Root Regions 3.897ms
[2022-07-22T08:04:00.619+0000][7][gc,marking  ] GC(305) Concurrent Mark (6707.260s)
[2022-07-22T08:04:00.619+0000][7][gc,marking  ] GC(305) Concurrent Mark From Roots
[2022-07-22T08:04:00.619+0000][7][gc,task     ] GC(305) Using 1 workers of 1 for marking
[2022-07-22T08:04:00.765+0000][7][gc,marking  ] GC(305) Concurrent Mark From Roots 146.171ms
[2022-07-22T08:04:00.765+0000][7][gc,marking  ] GC(305) Concurrent Preclean
[2022-07-22T08:04:00.766+0000][7][gc,marking  ] GC(305) Concurrent Preclean 0.237ms
[2022-07-22T08:04:00.766+0000][7][gc,marking  ] GC(305) Concurrent Mark (6707.260s, 6707.406s) 146.493ms
[2022-07-22T08:04:00.766+0000][7][gc,start    ] GC(305) Pause Remark
[2022-07-22T08:04:00.816+0000][7][gc          ] GC(305) Pause Remark 114M->114M(256M) 50.630ms
[2022-07-22T08:04:00.816+0000][7][gc,cpu      ] GC(305) User=0.04s Sys=0.00s Real=0.05s
[2022-07-22T08:04:00.817+0000][7][safepoint   ] Safepoint "G1Concurrent", Time since last: 150655162 ns, Reaching safepoint: 167050 ns, At safepoint: 50765017 ns, Total: 50932067 ns
[2022-07-22T08:04:00.817+0000][7][gc,marking  ] GC(305) Concurrent Rebuild Remembered Sets
[2022-07-22T08:04:00.906+0000][7][gc,marking  ] GC(305) Concurrent Rebuild Remembered Sets 89.888ms
[2022-07-22T08:04:00.907+0000][7][gc,start    ] GC(305) Pause Cleanup
[2022-07-22T08:04:00.907+0000][7][gc          ] GC(305) Pause Cleanup 114M->114M(256M) 0.115ms
[2022-07-22T08:04:00.907+0000][7][gc,cpu      ] GC(305) User=0.00s Sys=0.00s Real=0.00s
[2022-07-22T08:04:00.907+0000][7][safepoint   ] Safepoint "G1Concurrent", Time since last: 90032735 ns, Reaching safepoint: 145755 ns, At safepoint: 190153 ns, Total: 335908 ns
[2022-07-22T08:04:00.907+0000][7][gc,marking  ] GC(305) Concurrent Cleanup for Next Mark
[2022-07-22T08:04:00.907+0000][7][gc,marking  ] GC(305) Concurrent Cleanup for Next Mark 0.249ms
[2022-07-22T08:04:00.907+0000][7][gc          ] GC(305) Concurrent Cycle 292.277ms
[2022-07-22T08:04:01.907+0000][7][safepoint   ] Safepoint "Cleanup", Time since last: 1000145510 ns, Reaching safepoint: 158417 ns, At safepoint: 6284 ns, Total: 164701 ns
[2022-07-22T08:04:02.908+0000][7][safepoint   ] Safepoint "Cleanup", Time since last: 1000364655 ns, Reaching safepoint: 295790 ns, At safepoint: 13208 ns, Total: 308998 ns
[2022-07-22T08:04:03.908+0000][7][safepoint   ] Safepoint "Cleanup", Time since last: 1000175968 ns, Reaching safepoint: 107562 ns, At safepoint: 6696 ns, Total: 114258 ns
[2022-07-22T08:04:29.410+0000][7][gc,start    ] GC(306) Pause Young (Normal) (G1 Evacuation Pause)
[2022-07-22T08:04:29.410+0000][7][gc,task     ] GC(306) Using 4 workers of 4 for evacuation
[2022-07-22T08:04:29.410+0000][7][gc,age      ] GC(306) Desired survivor size 6291456 bytes, new threshold 15 (max threshold 15)
[2022-07-22T08:04:29.415+0000][7][gc,age      ] GC(306) Age table with threshold 15 (max threshold 15)
[2022-07-22T08:04:29.415+0000][7][gc,age      ] GC(306) - age   1:    1393800 bytes,    1393800 total
[2022-07-22T08:04:29.415+0000][7][gc,age      ] GC(306) - age   2:     185056 bytes,    1578856 total
[2022-07-22T08:04:29.415+0000][7][gc,age      ] GC(306) - age   3:     339544 bytes,    1918400 total
[2022-07-22T08:04:29.415+0000][7][gc,age      ] GC(306) - age   4:     472624 bytes,    2391024 total
[2022-07-22T08:04:29.415+0000][7][gc,age      ] GC(306) - age   5:     865320 bytes,    3256344 total
[2022-07-22T08:04:29.415+0000][7][gc,age      ] GC(306) - age   6:       1144 bytes,    3257488 total
[2022-07-22T08:04:29.416+0000][7][gc,age      ] GC(306) - age   7:       1296 bytes,    3258784 total
[2022-07-22T08:04:29.416+0000][7][gc,age      ] GC(306) - age   8:       1208 bytes,    3259992 total
[2022-07-22T08:04:29.416+0000][7][gc,age      ] GC(306) - age   9:        976 bytes,    3260968 total
[2022-07-22T08:04:29.416+0000][7][gc,age      ] GC(306) - age  10:     118936 bytes,    3379904 total
[2022-07-22T08:04:29.416+0000][7][gc,age      ] GC(306) - age  11:        368 bytes,    3380272 total
[2022-07-22T08:04:29.416+0000][7][gc,age      ] GC(306) - age  12:       1280 bytes,    3381552 total
[2022-07-22T08:04:29.416+0000][7][gc,age      ] GC(306) - age  13:      39312 bytes,    3420864 total
[2022-07-22T08:04:29.416+0000][7][gc,age      ] GC(306) - age  14:         80 bytes,    3420944 total
[2022-07-22T08:04:29.416+0000][7][gc,age      ] GC(306) - age  15:        240 bytes,    3421184 total
[2022-07-22T08:04:29.416+0000][7][gc,phases   ] GC(306)   Pre Evacuate Collection Set: 0.1ms
[2022-07-22T08:04:29.416+0000][7][gc,phases   ] GC(306)   Merge Heap Roots: 0.1ms
[2022-07-22T08:04:29.416+0000][7][gc,phases   ] GC(306)   Evacuate Collection Set: 4.4ms
[2022-07-22T08:04:29.416+0000][7][gc,phases   ] GC(306)   Post Evacuate Collection Set: 0.6ms
[2022-07-22T08:04:29.416+0000][7][gc,phases   ] GC(306)   Other: 0.4ms
[2022-07-22T08:04:29.416+0000][7][gc,heap     ] GC(306) Eden regions: 21->0(22)
[2022-07-22T08:04:29.416+0000][7][gc,heap     ] GC(306) Survivor regions: 2->1(3)
[2022-07-22T08:04:29.416+0000][7][gc,heap     ] GC(306) Old regions: 25->25
[2022-07-22T08:04:29.416+0000][7][gc,heap     ] GC(306) Archive regions: 2->2
[2022-07-22T08:04:29.416+0000][7][gc,heap     ] GC(306) Humongous regions: 2->2
[2022-07-22T08:04:29.416+0000][7][gc,metaspace] GC(306) Metaspace: 112564K(117368K)->112564K(117368K) NonClass: 98371K(101804K)->98371K(101804K) Class: 14192K(15564K)->14192K(15564K)
[2022-07-22T08:04:29.416+0000][7][gc          ] GC(306) Pause Young (Normal) (G1 Evacuation Pause) 197M->112M(256M) 5.637ms
[2022-07-22T08:04:29.416+0000][7][gc,cpu      ] GC(306) User=0.01s Sys=0.00s Real=0.01s
[2022-07-22T08:04:29.416+0000][7][safepoint   ] Safepoint "G1CollectForAllocation", Time since last: 25501799190 ns, Reaching safepoint: 136887 ns, At safepoint: 5760270 ns, Total: 5897157 ns
[2022-07-22T08:04:32.417+0000][7][safepoint   ] Safepoint "Cleanup", Time since last: 3000764268 ns, Reaching safepoint: 155484 ns, At safepoint: 9546 ns, Total: 165030 ns
[2022-07-22T08:04:40.418+0000][7][safepoint   ] Safepoint "Cleanup", Time since last: 8001403566 ns, Reaching safepoint: 135826 ns, At safepoint: 9001 ns, Total: 144827 ns
[2022-07-22T08:04:55.422+0000][7][safepoint   ] Safepoint "Cleanup", Time since last: 15003468673 ns, Reaching safepoint: 187312 ns, At safepoint: 6331 ns, Total: 193643 ns
[2022-07-22T08:04:59.423+0000][7][safepoint   ] Safepoint "Cleanup", Time since last: 4000851750 ns, Reaching safepoint: 150365 ns, At safepoint: 9914 ns, Total: 160279 ns
[2022-07-22T08:05:03.424+0000][7][safepoint   ] Safepoint "Cleanup", Time since last: 4000700552 ns, Reaching safepoint: 123165 ns, At safepoint: 8314 ns, Total: 131479 ns
[2022-07-22T08:05:03.759+0000][7][gc,start    ] GC(307) Pause Young (Concurrent Start) (G1 Evacuation Pause)
[2022-07-22T08:05:03.759+0000][7][gc,task     ] GC(307) Using 4 workers of 4 for evacuation
[2022-07-22T08:05:03.760+0000][7][gc,age      ] GC(307) Desired survivor size 6291456 bytes, new threshold 15 (max threshold 15)
[2022-07-22T08:05:03.765+0000][7][gc,age      ] GC(307) Age table with threshold 15 (max threshold 15)
[2022-07-22T08:05:03.765+0000][7][gc,age      ] GC(307) - age   1:    2133416 bytes,    2133416 total
[2022-07-22T08:05:03.765+0000][7][gc,age      ] GC(307) - age   2:       1728 bytes,    2135144 total
[2022-07-22T08:05:03.765+0000][7][gc,age      ] GC(307) - age   3:     182576 bytes,    2317720 total
[2022-07-22T08:05:03.765+0000][7][gc,age      ] GC(307) - age   4:     339312 bytes,    2657032 total
[2022-07-22T08:05:03.765+0000][7][gc,age      ] GC(307) - age   5:     472112 bytes,    3129144 total
[2022-07-22T08:05:03.765+0000][7][gc,age      ] GC(307) - age   6:     864152 bytes,    3993296 total
[2022-07-22T08:05:03.765+0000][7][gc,age      ] GC(307) - age   7:       1144 bytes,    3994440 total
[2022-07-22T08:05:03.765+0000][7][gc,age      ] GC(307) - age   8:       1296 bytes,    3995736 total
[2022-07-22T08:05:03.765+0000][7][gc,age      ] GC(307) - age   9:       1208 bytes,    3996944 total
[2022-07-22T08:05:03.765+0000][7][gc,age      ] GC(307) - age  10:        976 bytes,    3997920 total
[2022-07-22T08:05:03.765+0000][7][gc,age      ] GC(307) - age  11:     118872 bytes,    4116792 total
[2022-07-22T08:05:03.765+0000][7][gc,age      ] GC(307) - age  12:        368 bytes,    4117160 total
[2022-07-22T08:05:03.765+0000][7][gc,age      ] GC(307) - age  13:       1280 bytes,    4118440 total
[2022-07-22T08:05:03.765+0000][7][gc,age      ] GC(307) - age  14:      39248 bytes,    4157688 total
[2022-07-22T08:05:03.765+0000][7][gc,age      ] GC(307) - age  15:         80 bytes,    4157768 total
[2022-07-22T08:05:03.765+0000][7][gc,phases   ] GC(307)   Pre Evacuate Collection Set: 0.2ms
[2022-07-22T08:05:03.765+0000][7][gc,phases   ] GC(307)   Merge Heap Roots: 0.1ms
[2022-07-22T08:05:03.765+0000][7][gc,phases   ] GC(307)   Evacuate Collection Set: 4.3ms
[2022-07-22T08:05:03.765+0000][7][gc,phases   ] GC(307)   Post Evacuate Collection Set: 0.6ms
[2022-07-22T08:05:03.765+0000][7][gc,phases   ] GC(307)   Other: 0.6ms
[2022-07-22T08:05:03.765+0000][7][gc,heap     ] GC(307) Eden regions: 22->0(21)
[2022-07-22T08:05:03.765+0000][7][gc,heap     ] GC(307) Survivor regions: 1->2(3)
[2022-07-22T08:05:03.765+0000][7][gc,heap     ] GC(307) Old regions: 25->25
[2022-07-22T08:05:03.765+0000][7][gc,heap     ] GC(307) Archive regions: 2->2
[2022-07-22T08:05:03.765+0000][7][gc,heap     ] GC(307) Humongous regions: 2->2
[2022-07-22T08:05:03.765+0000][7][gc,metaspace] GC(307) Metaspace: 112566K(117368K)->112566K(117368K) NonClass: 98373K(101804K)->98373K(101804K) Class: 14192K(15564K)->14192K(15564K)
[2022-07-22T08:05:03.765+0000][7][gc          ] GC(307) Pause Young (Concurrent Start) (G1 Evacuation Pause) 200M->113M(256M) 5.797ms
[2022-07-22T08:05:03.765+0000][7][gc,cpu      ] GC(307) User=0.01s Sys=0.00s Real=0.00s
[2022-07-22T08:05:03.765+0000][7][safepoint   ] Safepoint "G1CollectForAllocation", Time since last: 335409933 ns, Reaching safepoint: 148275 ns, At safepoint: 5922648 ns, Total: 6070923 ns
[2022-07-22T08:05:03.765+0000][7][gc          ] GC(308) Concurrent Cycle
[2022-07-22T08:05:03.765+0000][7][gc,marking  ] GC(308) Concurrent Clear Claimed Marks
[2022-07-22T08:05:03.765+0000][7][gc,marking  ] GC(308) Concurrent Clear Claimed Marks 0.114ms
[2022-07-22T08:05:03.765+0000][7][gc,marking  ] GC(308) Concurrent Scan Root Regions
[2022-07-22T08:05:03.769+0000][7][gc,marking  ] GC(308) Concurrent Scan Root Regions 3.664ms
[2022-07-22T08:05:03.769+0000][7][gc,marking  ] GC(308) Concurrent Mark (6770.410s)
[2022-07-22T08:05:03.769+0000][7][gc,marking  ] GC(308) Concurrent Mark From Roots
[2022-07-22T08:05:03.769+0000][7][gc,task     ] GC(308) Using 1 workers of 1 for marking
[2022-07-22T08:05:03.918+0000][7][gc,marking  ] GC(308) Concurrent Mark From Roots 148.617ms
[2022-07-22T08:05:03.918+0000][7][gc,marking  ] GC(308) Concurrent Preclean
[2022-07-22T08:05:03.918+0000][7][gc,marking  ] GC(308) Concurrent Preclean 0.254ms
[2022-07-22T08:05:03.918+0000][7][gc,marking  ] GC(308) Concurrent Mark (6770.410s, 6770.559s) 148.958ms
[2022-07-22T08:05:03.918+0000][7][gc,start    ] GC(308) Pause Remark
[2022-07-22T08:05:03.932+0000][7][gc          ] GC(308) Pause Remark 119M->119M(256M) 13.197ms
[2022-07-22T08:05:03.932+0000][7][gc,cpu      ] GC(308) User=0.04s Sys=0.00s Real=0.01s
[2022-07-22T08:05:03.932+0000][7][safepoint   ] Safepoint "G1Concurrent", Time since last: 152881698 ns, Reaching safepoint: 131637 ns, At safepoint: 13327963 ns, Total: 13459600 ns
[2022-07-22T08:05:03.932+0000][7][gc,marking  ] GC(308) Concurrent Rebuild Remembered Sets
[2022-07-22T08:05:04.020+0000][7][gc,marking  ] GC(308) Concurrent Rebuild Remembered Sets 88.691ms
[2022-07-22T08:05:04.021+0000][7][gc,start    ] GC(308) Pause Cleanup
[2022-07-22T08:05:04.021+0000][7][gc          ] GC(308) Pause Cleanup 119M->119M(256M) 0.108ms
[2022-07-22T08:05:04.021+0000][7][gc,cpu      ] GC(308) User=0.00s Sys=0.00s Real=0.00s
[2022-07-22T08:05:04.021+0000][7][safepoint   ] Safepoint "G1Concurrent", Time since last: 88888164 ns, Reaching safepoint: 145293 ns, At safepoint: 192328 ns, Total: 337621 ns
[2022-07-22T08:05:04.021+0000][7][gc,marking  ] GC(308) Concurrent Cleanup for Next Mark
[2022-07-22T08:05:04.021+0000][7][gc,marking  ] GC(308) Concurrent Cleanup for Next Mark 0.245ms
[2022-07-22T08:05:04.021+0000][7][gc          ] GC(308) Concurrent Cycle 255.882ms
[2022-07-22T08:05:42.980+0000][7][gc,start    ] GC(309) Pause Young (Normal) (G1 Evacuation Pause)
[2022-07-22T08:05:42.980+0000][7][gc,task     ] GC(309) Using 4 workers of 4 for evacuation
[2022-07-22T08:05:42.980+0000][7][gc,age      ] GC(309) Desired survivor size 6291456 bytes, new threshold 15 (max threshold 15)
[2022-07-22T08:05:42.985+0000][7][gc,age      ] GC(309) Age table with threshold 15 (max threshold 15)
[2022-07-22T08:05:42.985+0000][7][gc,age      ] GC(309) - age   1:     716032 bytes,     716032 total
[2022-07-22T08:05:42.985+0000][7][gc,age      ] GC(309) - age   2:      11216 bytes,     727248 total
[2022-07-22T08:05:42.985+0000][7][gc,age      ] GC(309) - age   3:        608 bytes,     727856 total
[2022-07-22T08:05:42.985+0000][7][gc,age      ] GC(309) - age   4:     182448 bytes,     910304 total
[2022-07-22T08:05:42.985+0000][7][gc,age      ] GC(309) - age   5:     335072 bytes,    1245376 total
[2022-07-22T08:05:42.985+0000][7][gc,age      ] GC(309) - age   6:     468064 bytes,    1713440 total
[2022-07-22T08:05:42.985+0000][7][gc,age      ] GC(309) - age   7:     864088 bytes,    2577528 total
[2022-07-22T08:05:42.985+0000][7][gc,age      ] GC(309) - age   8:       1016 bytes,    2578544 total
[2022-07-22T08:05:42.985+0000][7][gc,age      ] GC(309) - age   9:       1232 bytes,    2579776 total
[2022-07-22T08:05:42.985+0000][7][gc,age      ] GC(309) - age  10:       1208 bytes,    2580984 total
[2022-07-22T08:05:42.985+0000][7][gc,age      ] GC(309) - age  11:        976 bytes,    2581960 total
[2022-07-22T08:05:42.985+0000][7][gc,age      ] GC(309) - age  12:     118872 bytes,    2700832 total
[2022-07-22T08:05:42.985+0000][7][gc,age      ] GC(309) - age  13:        368 bytes,    2701200 total
[2022-07-22T08:05:42.985+0000][7][gc,age      ] GC(309) - age  14:       1280 bytes,    2702480 total
[2022-07-22T08:05:42.985+0000][7][gc,age      ] GC(309) - age  15:      39248 bytes,    2741728 total
[2022-07-22T08:05:42.985+0000][7][gc,phases   ] GC(309)   Pre Evacuate Collection Set: 0.1ms
[2022-07-22T08:05:42.985+0000][7][gc,phases   ] GC(309)   Merge Heap Roots: 0.1ms
[2022-07-22T08:05:42.985+0000][7][gc,phases   ] GC(309)   Evacuate Collection Set: 3.6ms
[2022-07-22T08:05:42.985+0000][7][gc,phases   ] GC(309)   Post Evacuate Collection Set: 0.5ms
[2022-07-22T08:05:42.985+0000][7][gc,phases   ] GC(309)   Other: 0.4ms
[2022-07-22T08:05:42.985+0000][7][gc,heap     ] GC(309) Eden regions: 21->0(22)
[2022-07-22T08:05:42.985+0000][7][gc,heap     ] GC(309) Survivor regions: 2->1(3)
[2022-07-22T08:05:42.985+0000][7][gc,heap     ] GC(309) Old regions: 25->25
[2022-07-22T08:05:42.985+0000][7][gc,heap     ] GC(309) Archive regions: 2->2
[2022-07-22T08:05:42.985+0000][7][gc,heap     ] GC(309) Humongous regions: 2->2
[2022-07-22T08:05:42.985+0000][7][gc,metaspace] GC(309) Metaspace: 112566K(117368K)->112566K(117368K) NonClass: 98373K(101804K)->98373K(101804K) Class: 14192K(15564K)->14192K(15564K)
[2022-07-22T08:05:42.985+0000][7][gc          ] GC(309) Pause Young (Normal) (G1 Evacuation Pause) 197M->112M(256M) 4.619ms
[2022-07-22T08:05:42.985+0000][7][gc,cpu      ] GC(309) User=0.02s Sys=0.00s Real=0.00s
[2022-07-22T08:05:42.985+0000][7][safepoint   ] Safepoint "G1CollectForAllocation", Time since last: 38959182931 ns, Reaching safepoint: 201824 ns, At safepoint: 4718507 ns, Total: 4920331 ns
[2022-07-22T08:05:59.989+0000][7][safepoint   ] Safepoint "Cleanup", Time since last: 17003992908 ns, Reaching safepoint: 141610 ns, At safepoint: 5230 ns, Total: 146840 ns
[2022-07-22T08:06:02.990+0000][7][safepoint   ] Safepoint "Cleanup", Time since last: 3000666248 ns, Reaching safepoint: 170587 ns, At safepoint: 8999 ns, Total: 179586 ns
[2022-07-22T08:06:03.990+0000][7][safepoint   ] Safepoint "Cleanup", Time since last: 1000212023 ns, Reaching safepoint: 145539 ns, At safepoint: 7173 ns, Total: 152712 ns
[2022-07-22T08:06:09.992+0000][7][safepoint   ] Safepoint "Cleanup", Time since last: 6001119573 ns, Reaching safepoint: 144679 ns, At safepoint: 7940 ns, Total: 152619 ns
[2022-07-22T08:06:12.993+0000][7][safepoint   ] Safepoint "Cleanup", Time since last: 3000741187 ns, Reaching safepoint: 194730 ns, At safepoint: 9800 ns, Total: 204530 ns
[2022-07-22T08:06:15.694+0000][7][gc,start    ] GC(310) Pause Young (Concurrent Start) (G1 Evacuation Pause)
[2022-07-22T08:06:15.694+0000][7][gc,task     ] GC(310) Using 4 workers of 4 for evacuation
[2022-07-22T08:06:15.695+0000][7][gc,age      ] GC(310) Desired survivor size 6291456 bytes, new threshold 15 (max threshold 15)
[2022-07-22T08:06:15.699+0000][7][gc,age      ] GC(310) Age table with threshold 15 (max threshold 15)
[2022-07-22T08:06:15.699+0000][7][gc,age      ] GC(310) - age   1:     431968 bytes,     431968 total
[2022-07-22T08:06:15.699+0000][7][gc,age      ] GC(310) - age   2:       1840 bytes,     433808 total
[2022-07-22T08:06:15.699+0000][7][gc,age      ] GC(310) - age   3:       8848 bytes,     442656 total
[2022-07-22T08:06:15.699+0000][7][gc,age      ] GC(310) - age   4:        512 bytes,     443168 total
[2022-07-22T08:06:15.699+0000][7][gc,age      ] GC(310) - age   5:     181944 bytes,     625112 total
[2022-07-22T08:06:15.699+0000][7][gc,age      ] GC(310) - age   6:     334784 bytes,     959896 total
[2022-07-22T08:06:15.699+0000][7][gc,age      ] GC(310) - age   7:     462744 bytes,    1422640 total
[2022-07-22T08:06:15.699+0000][7][gc,age      ] GC(310) - age   8:     773856 bytes,    2196496 total
[2022-07-22T08:06:15.699+0000][7][gc,age      ] GC(310) - age   9:       1016 bytes,    2197512 total
[2022-07-22T08:06:15.699+0000][7][gc,age      ] GC(310) - age  10:       1232 bytes,    2198744 total
[2022-07-22T08:06:15.699+0000][7][gc,age      ] GC(310) - age  11:       1208 bytes,    2199952 total
[2022-07-22T08:06:15.699+0000][7][gc,age      ] GC(310) - age  12:        976 bytes,    2200928 total
[2022-07-22T08:06:15.699+0000][7][gc,age      ] GC(310) - age  13:     118576 bytes,    2319504 total
[2022-07-22T08:06:15.699+0000][7][gc,age      ] GC(310) - age  14:        336 bytes,    2319840 total
[2022-07-22T08:06:15.699+0000][7][gc,age      ] GC(310) - age  15:       1280 bytes,    2321120 total
[2022-07-22T08:06:15.699+0000][7][gc,phases   ] GC(310)   Pre Evacuate Collection Set: 0.2ms
[2022-07-22T08:06:15.699+0000][7][gc,phases   ] GC(310)   Merge Heap Roots: 0.1ms
[2022-07-22T08:06:15.699+0000][7][gc,phases   ] GC(310)   Evacuate Collection Set: 3.2ms
[2022-07-22T08:06:15.699+0000][7][gc,phases   ] GC(310)   Post Evacuate Collection Set: 0.6ms
[2022-07-22T08:06:15.699+0000][7][gc,phases   ] GC(310)   Other: 0.3ms
[2022-07-22T08:06:15.699+0000][7][gc,heap     ] GC(310) Eden regions: 22->0(22)
[2022-07-22T08:06:15.699+0000][7][gc,heap     ] GC(310) Survivor regions: 1->1(3)
[2022-07-22T08:06:15.699+0000][7][gc,heap     ] GC(310) Old regions: 25->25
[2022-07-22T08:06:15.699+0000][7][gc,heap     ] GC(310) Archive regions: 2->2
[2022-07-22T08:06:15.699+0000][7][gc,heap     ] GC(310) Humongous regions: 2->2
[2022-07-22T08:06:15.699+0000][7][gc,metaspace] GC(310) Metaspace: 112581K(117368K)->112581K(117368K) NonClass: 98388K(101804K)->98388K(101804K) Class: 14192K(15564K)->14192K(15564K)
[2022-07-22T08:06:15.699+0000][7][gc          ] GC(310) Pause Young (Concurrent Start) (G1 Evacuation Pause) 200M->111M(256M) 4.436ms
[2022-07-22T08:06:15.699+0000][7][gc,cpu      ] GC(310) User=0.01s Sys=0.00s Real=0.00s
[2022-07-22T08:06:15.699+0000][7][gc          ] GC(311) Concurrent Cycle
[2022-07-22T08:06:15.699+0000][7][safepoint   ] Safepoint "G1CollectForAllocation", Time since last: 2701578261 ns, Reaching safepoint: 250194 ns, At safepoint: 4540321 ns, Total: 4790515 ns
[2022-07-22T08:06:15.699+0000][7][gc,marking  ] GC(311) Concurrent Clear Claimed Marks
[2022-07-22T08:06:15.699+0000][7][gc,marking  ] GC(311) Concurrent Clear Claimed Marks 0.108ms
[2022-07-22T08:06:15.699+0000][7][gc,marking  ] GC(311) Concurrent Scan Root Regions
[2022-07-22T08:06:15.702+0000][7][gc,marking  ] GC(311) Concurrent Scan Root Regions 2.908ms
[2022-07-22T08:06:15.702+0000][7][gc,marking  ] GC(311) Concurrent Mark (6842.343s)
[2022-07-22T08:06:15.702+0000][7][gc,marking  ] GC(311) Concurrent Mark From Roots
[2022-07-22T08:06:15.702+0000][7][gc,task     ] GC(311) Using 1 workers of 1 for marking
[2022-07-22T08:06:15.846+0000][7][gc,marking  ] GC(311) Concurrent Mark From Roots 144.414ms
[2022-07-22T08:06:15.846+0000][7][gc,marking  ] GC(311) Concurrent Preclean
[2022-07-22T08:06:15.847+0000][7][gc,marking  ] GC(311) Concurrent Preclean 0.192ms
[2022-07-22T08:06:15.847+0000][7][gc,marking  ] GC(311) Concurrent Mark (6842.343s, 6842.488s) 144.690ms
[2022-07-22T08:06:15.847+0000][7][gc,start    ] GC(311) Pause Remark
[2022-07-22T08:06:15.861+0000][7][gc          ] GC(311) Pause Remark 113M->113M(256M) 14.364ms
[2022-07-22T08:06:15.861+0000][7][gc,cpu      ] GC(311) User=0.05s Sys=0.00s Real=0.01s
[2022-07-22T08:06:15.861+0000][7][safepoint   ] Safepoint "G1Concurrent", Time since last: 147803436 ns, Reaching safepoint: 128202 ns, At safepoint: 14493281 ns, Total: 14621483 ns
[2022-07-22T08:06:15.861+0000][7][gc,marking  ] GC(311) Concurrent Rebuild Remembered Sets
[2022-07-22T08:06:15.956+0000][7][gc,marking  ] GC(311) Concurrent Rebuild Remembered Sets 94.876ms
[2022-07-22T08:06:15.956+0000][7][gc,start    ] GC(311) Pause Cleanup
[2022-07-22T08:06:15.957+0000][7][gc          ] GC(311) Pause Cleanup 118M->118M(256M) 0.109ms
[2022-07-22T08:06:15.957+0000][7][gc,cpu      ] GC(311) User=0.00s Sys=0.00s Real=0.00s
[2022-07-22T08:06:15.957+0000][7][safepoint   ] Safepoint "G1Concurrent", Time since last: 94976032 ns, Reaching safepoint: 139938 ns, At safepoint: 177078 ns, Total: 317016 ns
[2022-07-22T08:06:15.957+0000][7][gc,marking  ] GC(311) Concurrent Cleanup for Next Mark
[2022-07-22T08:06:15.957+0000][7][gc,marking  ] GC(311) Concurrent Cleanup for Next Mark 0.257ms
[2022-07-22T08:06:15.957+0000][7][gc          ] GC(311) Concurrent Cycle 258.066ms
[2022-07-22T08:06:27.959+0000][7][safepoint   ] Safepoint "Cleanup", Time since last: 12002474265 ns, Reaching safepoint: 155995 ns, At safepoint: 7882 ns, Total: 163877 ns
[2022-07-22T08:06:51.965+0000][7][safepoint   ] Safepoint "Cleanup", Time since last: 24005417926 ns, Reaching safepoint: 124353 ns, At safepoint: 7901 ns, Total: 132254 ns
[2022-07-22T08:07:02.967+0000][7][safepoint   ] Safepoint "Cleanup", Time since last: 11002358448 ns, Reaching safepoint: 145833 ns, At safepoint: 9023 ns, Total: 154856 ns
[2022-07-22T08:07:03.654+0000][7][gc,start    ] GC(312) Pause Young (Normal) (G1 Evacuation Pause)
[2022-07-22T08:07:03.654+0000][7][gc,task     ] GC(312) Using 4 workers of 4 for evacuation
[2022-07-22T08:07:03.654+0000][7][gc,age      ] GC(312) Desired survivor size 6291456 bytes, new threshold 15 (max threshold 15)
[2022-07-22T08:07:03.660+0000][7][gc,age      ] GC(312) Age table with threshold 15 (max threshold 15)
[2022-07-22T08:07:03.660+0000][7][gc,age      ] GC(312) - age   1:    1749392 bytes,    1749392 total
[2022-07-22T08:07:03.660+0000][7][gc,age      ] GC(312) - age   2:     359344 bytes,    2108736 total
[2022-07-22T08:07:03.660+0000][7][gc,age      ] GC(312) - age   3:        808 bytes,    2109544 total
[2022-07-22T08:07:03.660+0000][7][gc,age      ] GC(312) - age   4:       7912 bytes,    2117456 total
[2022-07-22T08:07:03.660+0000][7][gc,age      ] GC(312) - age   5:        448 bytes,    2117904 total
[2022-07-22T08:07:03.660+0000][7][gc,age      ] GC(312) - age   6:     181944 bytes,    2299848 total
[2022-07-22T08:07:03.660+0000][7][gc,age      ] GC(312) - age   7:     333680 bytes,    2633528 total
[2022-07-22T08:07:03.660+0000][7][gc,age      ] GC(312) - age   8:     462648 bytes,    3096176 total
[2022-07-22T08:07:03.660+0000][7][gc,age      ] GC(312) - age   9:     772984 bytes,    3869160 total
[2022-07-22T08:07:03.660+0000][7][gc,age      ] GC(312) - age  10:       1016 bytes,    3870176 total
[2022-07-22T08:07:03.660+0000][7][gc,age      ] GC(312) - age  11:       1232 bytes,    3871408 total
[2022-07-22T08:07:03.660+0000][7][gc,age      ] GC(312) - age  12:        968 bytes,    3872376 total
[2022-07-22T08:07:03.660+0000][7][gc,age      ] GC(312) - age  13:        976 bytes,    3873352 total
[2022-07-22T08:07:03.660+0000][7][gc,age      ] GC(312) - age  14:     118536 bytes,    3991888 total
[2022-07-22T08:07:03.660+0000][7][gc,age      ] GC(312) - age  15:        336 bytes,    3992224 total
[2022-07-22T08:07:03.660+0000][7][gc,phases   ] GC(312)   Pre Evacuate Collection Set: 0.0ms
[2022-07-22T08:07:03.660+0000][7][gc,phases   ] GC(312)   Merge Heap Roots: 0.1ms
[2022-07-22T08:07:03.660+0000][7][gc,phases   ] GC(312)   Evacuate Collection Set: 4.8ms
[2022-07-22T08:07:03.660+0000][7][gc,phases   ] GC(312)   Post Evacuate Collection Set: 0.5ms
[2022-07-22T08:07:03.660+0000][7][gc,phases   ] GC(312)   Other: 0.4ms
[2022-07-22T08:07:03.660+0000][7][gc,heap     ] GC(312) Eden regions: 22->0(21)
[2022-07-22T08:07:03.660+0000][7][gc,heap     ] GC(312) Survivor regions: 1->2(3)
[2022-07-22T08:07:03.660+0000][7][gc,heap     ] GC(312) Old regions: 25->25
[2022-07-22T08:07:03.660+0000][7][gc,heap     ] GC(312) Archive regions: 2->2
[2022-07-22T08:07:03.660+0000][7][gc,heap     ] GC(312) Humongous regions: 2->2
[2022-07-22T08:07:03.660+0000][7][gc,metaspace] GC(312) Metaspace: 112598K(117368K)->112598K(117368K) NonClass: 98406K(101804K)->98406K(101804K) Class: 14192K(15564K)->14192K(15564K)
[2022-07-22T08:07:03.660+0000][7][gc          ] GC(312) Pause Young (Normal) (G1 Evacuation Pause) 199M->113M(256M) 6.010ms
[2022-07-22T08:07:03.660+0000][7][gc,cpu      ] GC(312) User=0.02s Sys=0.00s Real=0.00s
[2022-07-22T08:07:03.660+0000][7][safepoint   ] Safepoint "G1CollectForAllocation", Time since last: 686830176 ns, Reaching safepoint: 126646 ns, At safepoint: 6110005 ns, Total: 6236651 ns
[2022-07-22T08:07:04.661+0000][7][safepoint   ] Safepoint "Cleanup", Time since last: 1000196416 ns, Reaching safepoint: 140644 ns, At safepoint: 10643 ns, Total: 151287 ns
[2022-07-22T08:07:42.632+0000][7][gc,start    ] GC(313) Pause Young (Concurrent Start) (G1 Evacuation Pause)
[2022-07-22T08:07:42.632+0000][7][gc,task     ] GC(313) Using 4 workers of 4 for evacuation
[2022-07-22T08:07:42.632+0000][7][gc,age      ] GC(313) Desired survivor size 6291456 bytes, new threshold 15 (max threshold 15)
[2022-07-22T08:07:42.637+0000][7][gc,age      ] GC(313) Age table with threshold 15 (max threshold 15)
[2022-07-22T08:07:42.638+0000][7][gc,age      ] GC(313) - age   1:    1450560 bytes,    1450560 total
[2022-07-22T08:07:42.638+0000][7][gc,age      ] GC(313) - age   2:       8768 bytes,    1459328 total
[2022-07-22T08:07:42.638+0000][7][gc,age      ] GC(313) - age   3:       1656 bytes,    1460984 total
[2022-07-22T08:07:42.638+0000][7][gc,age      ] GC(313) - age   4:        744 bytes,    1461728 total
[2022-07-22T08:07:42.638+0000][7][gc,age      ] GC(313) - age   5:       7752 bytes,    1469480 total
[2022-07-22T08:07:42.638+0000][7][gc,age      ] GC(313) - age   6:        192 bytes,    1469672 total
[2022-07-22T08:07:42.638+0000][7][gc,age      ] GC(313) - age   7:     181880 bytes,    1651552 total
[2022-07-22T08:07:42.638+0000][7][gc,age      ] GC(313) - age   8:     333680 bytes,    1985232 total
[2022-07-22T08:07:42.638+0000][7][gc,age      ] GC(313) - age   9:     462648 bytes,    2447880 total
[2022-07-22T08:07:42.638+0000][7][gc,age      ] GC(313) - age  10:     748504 bytes,    3196384 total
[2022-07-22T08:07:42.638+0000][7][gc,age      ] GC(313) - age  11:       1016 bytes,    3197400 total
[2022-07-22T08:07:42.638+0000][7][gc,age      ] GC(313) - age  12:       1232 bytes,    3198632 total
[2022-07-22T08:07:42.638+0000][7][gc,age      ] GC(313) - age  13:        968 bytes,    3199600 total
[2022-07-22T08:07:42.638+0000][7][gc,age      ] GC(313) - age  14:        976 bytes,    3200576 total
[2022-07-22T08:07:42.638+0000][7][gc,age      ] GC(313) - age  15:     118536 bytes,    3319112 total
[2022-07-22T08:07:42.638+0000][7][gc,phases   ] GC(313)   Pre Evacuate Collection Set: 0.2ms
[2022-07-22T08:07:42.638+0000][7][gc,phases   ] GC(313)   Merge Heap Roots: 0.1ms
[2022-07-22T08:07:42.638+0000][7][gc,phases   ] GC(313)   Evacuate Collection Set: 4.2ms
[2022-07-22T08:07:42.638+0000][7][gc,phases   ] GC(313)   Post Evacuate Collection Set: 1.2ms
[2022-07-22T08:07:42.638+0000][7][gc,phases   ] GC(313)   Other: 0.4ms
[2022-07-22T08:07:42.638+0000][7][gc,heap     ] GC(313) Eden regions: 21->0(22)
[2022-07-22T08:07:42.638+0000][7][gc,heap     ] GC(313) Survivor regions: 2->1(3)
[2022-07-22T08:07:42.638+0000][7][gc,heap     ] GC(313) Old regions: 25->25
[2022-07-22T08:07:42.638+0000][7][gc,heap     ] GC(313) Archive regions: 2->2
[2022-07-22T08:07:42.638+0000][7][gc,heap     ] GC(313) Humongous regions: 2->2
[2022-07-22T08:07:42.638+0000][7][gc,metaspace] GC(313) Metaspace: 112599K(117368K)->112599K(117368K) NonClass: 98407K(101804K)->98407K(101804K) Class: 14192K(15564K)->14192K(15564K)
[2022-07-22T08:07:42.638+0000][7][gc          ] GC(313) Pause Young (Concurrent Start) (G1 Evacuation Pause) 197M->112M(256M) 6.138ms
[2022-07-22T08:07:42.638+0000][7][gc,cpu      ] GC(313) User=0.01s Sys=0.00s Real=0.01s
[2022-07-22T08:07:42.638+0000][7][safepoint   ] Safepoint "G1CollectForAllocation", Time since last: 37970805873 ns, Reaching safepoint: 108177 ns, At safepoint: 6258619 ns, Total: 6366796 ns
[2022-07-22T08:07:42.638+0000][7][gc          ] GC(314) Concurrent Cycle
[2022-07-22T08:07:42.638+0000][7][gc,marking  ] GC(314) Concurrent Clear Claimed Marks
[2022-07-22T08:07:42.638+0000][7][gc,marking  ] GC(314) Concurrent Clear Claimed Marks 0.105ms
[2022-07-22T08:07:42.638+0000][7][gc,marking  ] GC(314) Concurrent Scan Root Regions
[2022-07-22T08:07:42.641+0000][7][gc,marking  ] GC(314) Concurrent Scan Root Regions 3.288ms
[2022-07-22T08:07:42.641+0000][7][gc,marking  ] GC(314) Concurrent Mark (6929.282s)
[2022-07-22T08:07:42.642+0000][7][gc,marking  ] GC(314) Concurrent Mark From Roots
[2022-07-22T08:07:42.642+0000][7][gc,task     ] GC(314) Using 1 workers of 1 for marking
[2022-07-22T08:07:42.784+0000][7][gc,marking  ] GC(314) Concurrent Mark From Roots 142.663ms
[2022-07-22T08:07:42.784+0000][7][gc,marking  ] GC(314) Concurrent Preclean
[2022-07-22T08:07:42.784+0000][7][gc,marking  ] GC(314) Concurrent Preclean 0.233ms
[2022-07-22T08:07:42.784+0000][7][gc,marking  ] GC(314) Concurrent Mark (6929.282s, 6929.425s) 142.978ms
[2022-07-22T08:07:42.785+0000][7][gc,start    ] GC(314) Pause Remark
[2022-07-22T08:07:42.797+0000][7][gc          ] GC(314) Pause Remark 113M->113M(256M) 12.173ms
[2022-07-22T08:07:42.797+0000][7][gc,cpu      ] GC(314) User=0.04s Sys=0.00s Real=0.02s
[2022-07-22T08:07:42.797+0000][7][safepoint   ] Safepoint "G1Concurrent", Time since last: 146596574 ns, Reaching safepoint: 148048 ns, At safepoint: 12296498 ns, Total: 12444546 ns
[2022-07-22T08:07:42.797+0000][7][gc,marking  ] GC(314) Concurrent Rebuild Remembered Sets
[2022-07-22T08:07:42.885+0000][7][gc,marking  ] GC(314) Concurrent Rebuild Remembered Sets 87.812ms
[2022-07-22T08:07:42.885+0000][7][gc,start    ] GC(314) Pause Cleanup
[2022-07-22T08:07:42.885+0000][7][gc          ] GC(314) Pause Cleanup 113M->113M(256M) 0.106ms
[2022-07-22T08:07:42.885+0000][7][gc,cpu      ] GC(314) User=0.00s Sys=0.00s Real=0.00s
[2022-07-22T08:07:42.885+0000][7][safepoint   ] Safepoint "G1Concurrent", Time since last: 87917653 ns, Reaching safepoint: 141465 ns, At safepoint: 189228 ns, Total: 330693 ns
[2022-07-22T08:07:42.885+0000][7][gc,marking  ] GC(314) Concurrent Cleanup for Next Mark
[2022-07-22T08:07:42.886+0000][7][gc,marking  ] GC(314) Concurrent Cleanup for Next Mark 0.285ms
[2022-07-22T08:07:42.886+0000][7][gc          ] GC(314) Concurrent Cycle 247.636ms
[2022-07-22T08:07:54.888+0000][7][safepoint   ] Safepoint "Cleanup", Time since last: 12002112614 ns, Reaching safepoint: 167862 ns, At safepoint: 9506 ns, Total: 177368 ns
[2022-07-22T08:07:55.888+0000][7][safepoint   ] Safepoint "Cleanup", Time since last: 1000159766 ns, Reaching safepoint: 149111 ns, At safepoint: 6519 ns, Total: 155630 ns
[2022-07-22T08:07:59.889+0000][7][safepoint   ] Safepoint "Cleanup", Time since last: 4000762214 ns, Reaching safepoint: 164350 ns, At safepoint: 8916 ns, Total: 173266 ns
[2022-07-22T08:08:02.890+0000][7][safepoint   ] Safepoint "Cleanup", Time since last: 3000674471 ns, Reaching safepoint: 175064 ns, At safepoint: 10452 ns, Total: 185516 ns
[2022-07-22T08:08:06.657+0000][7][gc,start    ] GC(315) Pause Young (Normal) (G1 Evacuation Pause)
[2022-07-22T08:08:06.657+0000][7][gc,task     ] GC(315) Using 4 workers of 4 for evacuation
[2022-07-22T08:08:06.657+0000][7][gc,age      ] GC(315) Desired survivor size 6291456 bytes, new threshold 15 (max threshold 15)
[2022-07-22T08:08:06.662+0000][7][gc,age      ] GC(315) Age table with threshold 15 (max threshold 15)
[2022-07-22T08:08:06.662+0000][7][gc,age      ] GC(315) - age   1:    1486432 bytes,    1486432 total
[2022-07-22T08:08:06.662+0000][7][gc,age      ] GC(315) - age   2:       2136 bytes,    1488568 total
[2022-07-22T08:08:06.662+0000][7][gc,age      ] GC(315) - age   3:       5944 bytes,    1494512 total
[2022-07-22T08:08:06.662+0000][7][gc,age      ] GC(315) - age   4:       1464 bytes,    1495976 total
[2022-07-22T08:08:06.662+0000][7][gc,age      ] GC(315) - age   5:        584 bytes,    1496560 total
[2022-07-22T08:08:06.662+0000][7][gc,age      ] GC(315) - age   6:       7704 bytes,    1504264 total
[2022-07-22T08:08:06.662+0000][7][gc,age      ] GC(315) - age   7:        128 bytes,    1504392 total
[2022-07-22T08:08:06.662+0000][7][gc,age      ] GC(315) - age   8:     166520 bytes,    1670912 total
[2022-07-22T08:08:06.662+0000][7][gc,age      ] GC(315) - age   9:     332416 bytes,    2003328 total
[2022-07-22T08:08:06.662+0000][7][gc,age      ] GC(315) - age  10:     462464 bytes,    2465792 total
[2022-07-22T08:08:06.662+0000][7][gc,age      ] GC(315) - age  11:     747880 bytes,    3213672 total
[2022-07-22T08:08:06.662+0000][7][gc,age      ] GC(315) - age  12:       1016 bytes,    3214688 total
[2022-07-22T08:08:06.662+0000][7][gc,age      ] GC(315) - age  13:       1136 bytes,    3215824 total
[2022-07-22T08:08:06.662+0000][7][gc,age      ] GC(315) - age  14:        968 bytes,    3216792 total
[2022-07-22T08:08:06.662+0000][7][gc,age      ] GC(315) - age  15:        976 bytes,    3217768 total
[2022-07-22T08:08:06.662+0000][7][gc,phases   ] GC(315)   Pre Evacuate Collection Set: 0.1ms
[2022-07-22T08:08:06.662+0000][7][gc,phases   ] GC(315)   Merge Heap Roots: 0.1ms
[2022-07-22T08:08:06.662+0000][7][gc,phases   ] GC(315)   Evacuate Collection Set: 4.3ms
[2022-07-22T08:08:06.662+0000][7][gc,phases   ] GC(315)   Post Evacuate Collection Set: 0.5ms
[2022-07-22T08:08:06.662+0000][7][gc,phases   ] GC(315)   Other: 0.3ms
[2022-07-22T08:08:06.662+0000][7][gc,heap     ] GC(315) Eden regions: 22->0(22)
[2022-07-22T08:08:06.662+0000][7][gc,heap     ] GC(315) Survivor regions: 1->1(3)
[2022-07-22T08:08:06.662+0000][7][gc,heap     ] GC(315) Old regions: 25->25
[2022-07-22T08:08:06.662+0000][7][gc,heap     ] GC(315) Archive regions: 2->2
[2022-07-22T08:08:06.662+0000][7][gc,heap     ] GC(315) Humongous regions: 2->2
[2022-07-22T08:08:06.662+0000][7][gc,metaspace] GC(315) Metaspace: 112601K(117368K)->112601K(117368K) NonClass: 98409K(101804K)->98409K(101804K) Class: 14192K(15564K)->14192K(15564K)
[2022-07-22T08:08:06.662+0000][7][gc          ] GC(315) Pause Young (Normal) (G1 Evacuation Pause) 200M->112M(256M) 5.343ms
[2022-07-22T08:08:06.662+0000][7][gc,cpu      ] GC(315) User=0.01s Sys=0.00s Real=0.00s
[2022-07-22T08:08:06.662+0000][7][safepoint   ] Safepoint "G1CollectForAllocation", Time since last: 3767067675 ns, Reaching safepoint: 86198 ns, At safepoint: 5445348 ns, Total: 5531546 ns
[2022-07-22T08:08:12.663+0000][7][safepoint   ] Safepoint "Cleanup", Time since last: 6001008500 ns, Reaching safepoint: 130421 ns, At safepoint: 7439 ns, Total: 137860 ns
[2022-07-22T08:08:24.666+0000][7][safepoint   ] Safepoint "Cleanup", Time since last: 12002303481 ns, Reaching safepoint: 163651 ns, At safepoint: 11943 ns, Total: 175594 ns
[2022-07-22T08:08:27.666+0000][7][safepoint   ] Safepoint "Cleanup", Time since last: 3000372604 ns, Reaching safepoint: 78534 ns, At safepoint: 10482 ns, Total: 89016 ns
[2022-07-22T08:08:33.668+0000][7][safepoint   ] Safepoint "Cleanup", Time since last: 6001887237 ns, Reaching safepoint: 126828 ns, At safepoint: 8757 ns, Total: 135585 ns
[2022-07-22T08:08:40.026+0000][7][gc,start    ] GC(316) Pause Young (Concurrent Start) (G1 Evacuation Pause)
[2022-07-22T08:08:40.026+0000][7][gc,task     ] GC(316) Using 4 workers of 4 for evacuation
[2022-07-22T08:08:40.026+0000][7][gc,age      ] GC(316) Desired survivor size 6291456 bytes, new threshold 15 (max threshold 15)
[2022-07-22T08:08:40.030+0000][7][gc,age      ] GC(316) Age table with threshold 15 (max threshold 15)
[2022-07-22T08:08:40.030+0000][7][gc,age      ] GC(316) - age   1:     611080 bytes,     611080 total
[2022-07-22T08:08:40.030+0000][7][gc,age      ] GC(316) - age   2:      58856 bytes,     669936 total
[2022-07-22T08:08:40.030+0000][7][gc,age      ] GC(316) - age   3:        904 bytes,     670840 total
[2022-07-22T08:08:40.030+0000][7][gc,age      ] GC(316) - age   4:       5504 bytes,     676344 total
[2022-07-22T08:08:40.030+0000][7][gc,age      ] GC(316) - age   5:       1200 bytes,     677544 total
[2022-07-22T08:08:40.030+0000][7][gc,age      ] GC(316) - age   6:        488 bytes,     678032 total
[2022-07-22T08:08:40.030+0000][7][gc,age      ] GC(316) - age   7:       7496 bytes,     685528 total
[2022-07-22T08:08:40.030+0000][7][gc,age      ] GC(316) - age   8:        128 bytes,     685656 total
[2022-07-22T08:08:40.030+0000][7][gc,age      ] GC(316) - age   9:     166112 bytes,     851768 total
[2022-07-22T08:08:40.030+0000][7][gc,age      ] GC(316) - age  10:     306336 bytes,    1158104 total
[2022-07-22T08:08:40.030+0000][7][gc,age      ] GC(316) - age  11:     462400 bytes,    1620504 total
[2022-07-22T08:08:40.030+0000][7][gc,age      ] GC(316) - age  12:     747880 bytes,    2368384 total
[2022-07-22T08:08:40.030+0000][7][gc,age      ] GC(316) - age  13:        720 bytes,    2369104 total
[2022-07-22T08:08:40.030+0000][7][gc,age      ] GC(316) - age  14:       1136 bytes,    2370240 total
[2022-07-22T08:08:40.030+0000][7][gc,age      ] GC(316) - age  15:        968 bytes,    2371208 total
[2022-07-22T08:08:40.030+0000][7][gc,phases   ] GC(316)   Pre Evacuate Collection Set: 0.2ms
[2022-07-22T08:08:40.030+0000][7][gc,phases   ] GC(316)   Merge Heap Roots: 0.0ms
[2022-07-22T08:08:40.030+0000][7][gc,phases   ] GC(316)   Evacuate Collection Set: 3.0ms
[2022-07-22T08:08:40.030+0000][7][gc,phases   ] GC(316)   Post Evacuate Collection Set: 0.5ms
[2022-07-22T08:08:40.030+0000][7][gc,phases   ] GC(316)   Other: 0.4ms
[2022-07-22T08:08:40.030+0000][7][gc,heap     ] GC(316) Eden regions: 22->0(23)
[2022-07-22T08:08:40.030+0000][7][gc,heap     ] GC(316) Survivor regions: 1->1(3)
[2022-07-22T08:08:40.030+0000][7][gc,heap     ] GC(316) Old regions: 25->25
[2022-07-22T08:08:40.030+0000][7][gc,heap     ] GC(316) Archive regions: 2->2
[2022-07-22T08:08:40.030+0000][7][gc,heap     ] GC(316) Humongous regions: 2->2
[2022-07-22T08:08:40.030+0000][7][gc,metaspace] GC(316) Metaspace: 112601K(117368K)->112601K(117368K) NonClass: 98409K(101804K)->98409K(101804K) Class: 14192K(15564K)->14192K(15564K)
[2022-07-22T08:08:40.030+0000][7][gc          ] GC(316) Pause Young (Concurrent Start) (G1 Evacuation Pause) 200M->112M(256M) 4.160ms
[2022-07-22T08:08:40.030+0000][7][gc,cpu      ] GC(316) User=0.01s Sys=0.01s Real=0.00s
[2022-07-22T08:08:40.030+0000][7][gc          ] GC(317) Concurrent Cycle
[2022-07-22T08:08:40.030+0000][7][safepoint   ] Safepoint "G1CollectForAllocation", Time since last: 6357229038 ns, Reaching safepoint: 115875 ns, At safepoint: 4253486 ns, Total: 4369361 ns
[2022-07-22T08:08:40.030+0000][7][gc,marking  ] GC(317) Concurrent Clear Claimed Marks
[2022-07-22T08:08:40.030+0000][7][gc,marking  ] GC(317) Concurrent Clear Claimed Marks 0.112ms
[2022-07-22T08:08:40.030+0000][7][gc,marking  ] GC(317) Concurrent Scan Root Regions
[2022-07-22T08:08:40.033+0000][7][gc,marking  ] GC(317) Concurrent Scan Root Regions 2.905ms
[2022-07-22T08:08:40.033+0000][7][gc,marking  ] GC(317) Concurrent Mark (6986.674s)
[2022-07-22T08:08:40.033+0000][7][gc,marking  ] GC(317) Concurrent Mark From Roots
[2022-07-22T08:08:40.033+0000][7][gc,task     ] GC(317) Using 1 workers of 1 for marking
[2022-07-22T08:08:40.175+0000][7][gc,marking  ] GC(317) Concurrent Mark From Roots 141.830ms
[2022-07-22T08:08:40.175+0000][7][gc,marking  ] GC(317) Concurrent Preclean
[2022-07-22T08:08:40.175+0000][7][gc,marking  ] GC(317) Concurrent Preclean 0.213ms
[2022-07-22T08:08:40.175+0000][7][gc,marking  ] GC(317) Concurrent Mark (6986.674s, 6986.816s) 142.124ms
[2022-07-22T08:08:40.175+0000][7][gc,start    ] GC(317) Pause Remark
[2022-07-22T08:08:40.188+0000][7][gc          ] GC(317) Pause Remark 112M->112M(256M) 12.647ms
[2022-07-22T08:08:40.188+0000][7][gc,cpu      ] GC(317) User=0.05s Sys=0.00s Real=0.01s
[2022-07-22T08:08:40.188+0000][7][safepoint   ] Safepoint "G1Concurrent", Time since last: 145253454 ns, Reaching safepoint: 141604 ns, At safepoint: 12773201 ns, Total: 12914805 ns
[2022-07-22T08:08:40.188+0000][7][gc,marking  ] GC(317) Concurrent Rebuild Remembered Sets
[2022-07-22T08:08:40.279+0000][7][gc,marking  ] GC(317) Concurrent Rebuild Remembered Sets 91.228ms
[2022-07-22T08:08:40.280+0000][7][gc,start    ] GC(317) Pause Cleanup
[2022-07-22T08:08:40.280+0000][7][gc          ] GC(317) Pause Cleanup 112M->112M(256M) 0.081ms
[2022-07-22T08:08:40.280+0000][7][gc,cpu      ] GC(317) User=0.00s Sys=0.00s Real=0.00s
[2022-07-22T08:08:40.280+0000][7][safepoint   ] Safepoint "G1Concurrent", Time since last: 91377264 ns, Reaching safepoint: 121520 ns, At safepoint: 142487 ns, Total: 264007 ns
[2022-07-22T08:08:40.280+0000][7][gc,marking  ] GC(317) Concurrent Cleanup for Next Mark
[2022-07-22T08:08:40.280+0000][7][gc,marking  ] GC(317) Concurrent Cleanup for Next Mark 0.250ms
[2022-07-22T08:08:40.280+0000][7][gc          ] GC(317) Concurrent Cycle 250.134ms
[2022-07-22T08:08:55.282+0000][7][safepoint   ] Safepoint "Cleanup", Time since last: 15002412868 ns, Reaching safepoint: 141243 ns, At safepoint: 4833 ns, Total: 146076 ns
[2022-07-22T08:09:03.284+0000][7][safepoint   ] Safepoint "Cleanup", Time since last: 8001648317 ns, Reaching safepoint: 134624 ns, At safepoint: 4926 ns, Total: 139550 ns
[2022-07-22T08:09:04.285+0000][7][safepoint   ] Safepoint "Cleanup", Time since last: 1000291720 ns, Reaching safepoint: 135429 ns, At safepoint: 6211 ns, Total: 141640 ns
[2022-07-22T08:09:11.286+0000][7][safepoint   ] Safepoint "Cleanup", Time since last: 7001320320 ns, Reaching safepoint: 137665 ns, At safepoint: 7045 ns, Total: 144710 ns
[2022-07-22T08:09:15.741+0000][7][gc,start    ] GC(318) Pause Young (Normal) (G1 Evacuation Pause)
[2022-07-22T08:09:15.741+0000][7][gc,task     ] GC(318) Using 4 workers of 4 for evacuation
[2022-07-22T08:09:15.741+0000][7][gc,age      ] GC(318) Desired survivor size 6291456 bytes, new threshold 15 (max threshold 15)
[2022-07-22T08:09:15.748+0000][7][gc,age      ] GC(318) Age table with threshold 15 (max threshold 15)
[2022-07-22T08:09:15.748+0000][7][gc,age      ] GC(318) - age   1:    1495728 bytes,    1495728 total
[2022-07-22T08:09:15.748+0000][7][gc,age      ] GC(318) - age   2:     165736 bytes,    1661464 total
[2022-07-22T08:09:15.748+0000][7][gc,age      ] GC(318) - age   3:      21120 bytes,    1682584 total
[2022-07-22T08:09:15.748+0000][7][gc,age      ] GC(318) - age   4:        904 bytes,    1683488 total
[2022-07-22T08:09:15.748+0000][7][gc,age      ] GC(318) - age   5:       3800 bytes,    1687288 total
[2022-07-22T08:09:15.748+0000][7][gc,age      ] GC(318) - age   6:        248 bytes,    1687536 total
[2022-07-22T08:09:15.748+0000][7][gc,age      ] GC(318) - age   7:        424 bytes,    1687960 total
[2022-07-22T08:09:15.748+0000][7][gc,age      ] GC(318) - age   8:       6296 bytes,    1694256 total
[2022-07-22T08:09:15.748+0000][7][gc,age      ] GC(318) - age   9:        128 bytes,    1694384 total
[2022-07-22T08:09:15.749+0000][7][gc,age      ] GC(318) - age  10:       1776 bytes,    1696160 total
[2022-07-22T08:09:15.749+0000][7][gc,age      ] GC(318) - age  11:     304136 bytes,    2000296 total
[2022-07-22T08:09:15.749+0000][7][gc,age      ] GC(318) - age  12:     462336 bytes,    2462632 total
[2022-07-22T08:09:15.749+0000][7][gc,age      ] GC(318) - age  13:     747880 bytes,    3210512 total
[2022-07-22T08:09:15.749+0000][7][gc,age      ] GC(318) - age  14:        680 bytes,    3211192 total
[2022-07-22T08:09:15.749+0000][7][gc,age      ] GC(318) - age  15:       1136 bytes,    3212328 total
[2022-07-22T08:09:15.749+0000][7][gc,phases   ] GC(318)   Pre Evacuate Collection Set: 0.1ms
[2022-07-22T08:09:15.749+0000][7][gc,phases   ] GC(318)   Merge Heap Roots: 0.1ms
[2022-07-22T08:09:15.749+0000][7][gc,phases   ] GC(318)   Evacuate Collection Set: 6.2ms
[2022-07-22T08:09:15.749+0000][7][gc,phases   ] GC(318)   Post Evacuate Collection Set: 0.7ms
[2022-07-22T08:09:15.749+0000][7][gc,phases   ] GC(318)   Other: 0.5ms
[2022-07-22T08:09:15.749+0000][7][gc,heap     ] GC(318) Eden regions: 23->0(22)
[2022-07-22T08:09:15.749+0000][7][gc,heap     ] GC(318) Survivor regions: 1->1(3)
[2022-07-22T08:09:15.749+0000][7][gc,heap     ] GC(318) Old regions: 25->25
[2022-07-22T08:09:15.749+0000][7][gc,heap     ] GC(318) Archive regions: 2->2
[2022-07-22T08:09:15.749+0000][7][gc,heap     ] GC(318) Humongous regions: 2->2
[2022-07-22T08:09:15.749+0000][7][gc,metaspace] GC(318) Metaspace: 112603K(117368K)->112603K(117368K) NonClass: 98411K(101804K)->98411K(101804K) Class: 14192K(15564K)->14192K(15564K)
[2022-07-22T08:09:15.749+0000][7][gc          ] GC(318) Pause Young (Normal) (G1 Evacuation Pause) 204M->112M(256M) 7.639ms
[2022-07-22T08:09:15.749+0000][7][gc,cpu      ] GC(318) User=0.02s Sys=0.00s Real=0.01s
[2022-07-22T08:09:15.749+0000][7][safepoint   ] Safepoint "G1CollectForAllocation", Time since last: 4454976211 ns, Reaching safepoint: 109251 ns, At safepoint: 7761224 ns, Total: 7870475 ns
[2022-07-22T08:09:59.758+0000][7][safepoint   ] Safepoint "Cleanup", Time since last: 44009307656 ns, Reaching safepoint: 150838 ns, At safepoint: 5454 ns, Total: 156292 ns
[2022-07-22T08:10:03.667+0000][7][gc,start    ] GC(319) Pause Young (Concurrent Start) (G1 Evacuation Pause)
[2022-07-22T08:10:03.667+0000][7][gc,task     ] GC(319) Using 4 workers of 4 for evacuation
[2022-07-22T08:10:03.667+0000][7][gc,age      ] GC(319) Desired survivor size 6291456 bytes, new threshold 15 (max threshold 15)
[2022-07-22T08:10:03.672+0000][7][gc,age      ] GC(319) Age table with threshold 15 (max threshold 15)
[2022-07-22T08:10:03.673+0000][7][gc,age      ] GC(319) - age   1:    1972192 bytes,    1972192 total
[2022-07-22T08:10:03.673+0000][7][gc,age      ] GC(319) - age   2:     423992 bytes,    2396184 total
[2022-07-22T08:10:03.673+0000][7][gc,age      ] GC(319) - age   3:     164648 bytes,    2560832 total
[2022-07-22T08:10:03.673+0000][7][gc,age      ] GC(319) - age   4:      20720 bytes,    2581552 total
[2022-07-22T08:10:03.673+0000][7][gc,age      ] GC(319) - age   5:        400 bytes,    2581952 total
[2022-07-22T08:10:03.673+0000][7][gc,age      ] GC(319) - age   6:       2936 bytes,    2584888 total
[2022-07-22T08:10:03.673+0000][7][gc,age      ] GC(319) - age   7:        216 bytes,    2585104 total
[2022-07-22T08:10:03.673+0000][7][gc,age      ] GC(319) - age   8:        424 bytes,    2585528 total
[2022-07-22T08:10:03.673+0000][7][gc,age      ] GC(319) - age   9:       6296 bytes,    2591824 total
[2022-07-22T08:10:03.673+0000][7][gc,age      ] GC(319) - age  10:         64 bytes,    2591888 total
[2022-07-22T08:10:03.673+0000][7][gc,age      ] GC(319) - age  11:       1680 bytes,    2593568 total
[2022-07-22T08:10:03.673+0000][7][gc,age      ] GC(319) - age  12:     304136 bytes,    2897704 total
[2022-07-22T08:10:03.673+0000][7][gc,age      ] GC(319) - age  13:     462336 bytes,    3360040 total
[2022-07-22T08:10:03.673+0000][7][gc,age      ] GC(319) - age  14:     747880 bytes,    4107920 total
[2022-07-22T08:10:03.673+0000][7][gc,age      ] GC(319) - age  15:        680 bytes,    4108600 total
[2022-07-22T08:10:03.673+0000][7][gc,phases   ] GC(319)   Pre Evacuate Collection Set: 0.2ms
[2022-07-22T08:10:03.673+0000][7][gc,phases   ] GC(319)   Merge Heap Roots: 0.1ms
[2022-07-22T08:10:03.673+0000][7][gc,phases   ] GC(319)   Evacuate Collection Set: 4.5ms
[2022-07-22T08:10:03.673+0000][7][gc,phases   ] GC(319)   Post Evacuate Collection Set: 0.6ms
[2022-07-22T08:10:03.673+0000][7][gc,phases   ] GC(319)   Other: 0.5ms
[2022-07-22T08:10:03.673+0000][7][gc,heap     ] GC(319) Eden regions: 22->0(21)
[2022-07-22T08:10:03.673+0000][7][gc,heap     ] GC(319) Survivor regions: 1->2(3)
[2022-07-22T08:10:03.673+0000][7][gc,heap     ] GC(319) Old regions: 25->25
[2022-07-22T08:10:03.673+0000][7][gc,heap     ] GC(319) Archive regions: 2->2
[2022-07-22T08:10:03.673+0000][7][gc,heap     ] GC(319) Humongous regions: 2->2
[2022-07-22T08:10:03.673+0000][7][gc,metaspace] GC(319) Metaspace: 112604K(117368K)->112604K(117368K) NonClass: 98411K(101804K)->98411K(101804K) Class: 14192K(15564K)->14192K(15564K)
[2022-07-22T08:10:03.673+0000][7][gc          ] GC(319) Pause Young (Concurrent Start) (G1 Evacuation Pause) 200M->113M(256M) 5.892ms
[2022-07-22T08:10:03.673+0000][7][gc,cpu      ] GC(319) User=0.01s Sys=0.00s Real=0.00s
[2022-07-22T08:10:03.673+0000][7][gc          ] GC(320) Concurrent Cycle
[2022-07-22T08:10:03.673+0000][7][safepoint   ] Safepoint "G1CollectForAllocation", Time since last: 3908516048 ns, Reaching safepoint: 156181 ns, At safepoint: 5999684 ns, Total: 6155865 ns
[2022-07-22T08:10:03.673+0000][7][gc,marking  ] GC(320) Concurrent Clear Claimed Marks
[2022-07-22T08:10:03.673+0000][7][gc,marking  ] GC(320) Concurrent Clear Claimed Marks 0.139ms
[2022-07-22T08:10:03.673+0000][7][gc,marking  ] GC(320) Concurrent Scan Root Regions
[2022-07-22T08:10:03.679+0000][7][gc,marking  ] GC(320) Concurrent Scan Root Regions 5.501ms
[2022-07-22T08:10:03.679+0000][7][gc,marking  ] GC(320) Concurrent Mark (7070.320s)
[2022-07-22T08:10:03.679+0000][7][gc,marking  ] GC(320) Concurrent Mark From Roots
[2022-07-22T08:10:03.679+0000][7][gc,task     ] GC(320) Using 1 workers of 1 for marking
[2022-07-22T08:10:03.850+0000][7][gc,marking  ] GC(320) Concurrent Mark From Roots 171.662ms
[2022-07-22T08:10:03.850+0000][7][gc,marking  ] GC(320) Concurrent Preclean
[2022-07-22T08:10:03.851+0000][7][gc,marking  ] GC(320) Concurrent Preclean 0.211ms
[2022-07-22T08:10:03.851+0000][7][gc,marking  ] GC(320) Concurrent Mark (7070.320s, 7070.492s) 171.956ms
[2022-07-22T08:10:03.851+0000][7][gc,start    ] GC(320) Pause Remark
[2022-07-22T08:10:03.865+0000][7][gc          ] GC(320) Pause Remark 128M->128M(256M) 14.150ms
[2022-07-22T08:10:03.865+0000][7][gc,cpu      ] GC(320) User=0.04s Sys=0.00s Real=0.01s
[2022-07-22T08:10:03.865+0000][7][safepoint   ] Safepoint "G1Concurrent", Time since last: 177710965 ns, Reaching safepoint: 138688 ns, At safepoint: 14278794 ns, Total: 14417482 ns
[2022-07-22T08:10:03.865+0000][7][gc,marking  ] GC(320) Concurrent Rebuild Remembered Sets
[2022-07-22T08:10:03.956+0000][7][gc,marking  ] GC(320) Concurrent Rebuild Remembered Sets 90.616ms
[2022-07-22T08:10:03.956+0000][7][gc,start    ] GC(320) Pause Cleanup
[2022-07-22T08:10:03.956+0000][7][gc          ] GC(320) Pause Cleanup 128M->128M(256M) 0.095ms
[2022-07-22T08:10:03.956+0000][7][gc,cpu      ] GC(320) User=0.00s Sys=0.00s Real=0.00s
[2022-07-22T08:10:03.956+0000][7][safepoint   ] Safepoint "G1Concurrent", Time since last: 90740728 ns, Reaching safepoint: 186918 ns, At safepoint: 149107 ns, Total: 336025 ns
[2022-07-22T08:10:03.956+0000][7][gc,marking  ] GC(320) Concurrent Cleanup for Next Mark
[2022-07-22T08:10:03.956+0000][7][gc,marking  ] GC(320) Concurrent Cleanup for Next Mark 0.252ms
[2022-07-22T08:10:03.956+0000][7][gc          ] GC(320) Concurrent Cycle 283.532ms
[2022-07-22T08:10:39.662+0000][7][gc,start    ] GC(321) Pause Young (Normal) (G1 Evacuation Pause)
[2022-07-22T08:10:39.662+0000][7][gc,task     ] GC(321) Using 4 workers of 4 for evacuation
[2022-07-22T08:10:39.662+0000][7][gc,age      ] GC(321) Desired survivor size 6291456 bytes, new threshold 15 (max threshold 15)
[2022-07-22T08:10:39.668+0000][7][gc,age      ] GC(321) Age table with threshold 15 (max threshold 15)
[2022-07-22T08:10:39.668+0000][7][gc,age      ] GC(321) - age   1:    2373800 bytes,    2373800 total
[2022-07-22T08:10:39.668+0000][7][gc,age      ] GC(321) - age   2:       6792 bytes,    2380592 total
[2022-07-22T08:10:39.668+0000][7][gc,age      ] GC(321) - age   3:     108616 bytes,    2489208 total
[2022-07-22T08:10:39.668+0000][7][gc,age      ] GC(321) - age   4:     164392 bytes,    2653600 total
[2022-07-22T08:10:39.668+0000][7][gc,age      ] GC(321) - age   5:      20528 bytes,    2674128 total
[2022-07-22T08:10:39.668+0000][7][gc,age      ] GC(321) - age   6:        400 bytes,    2674528 total
[2022-07-22T08:10:39.668+0000][7][gc,age      ] GC(321) - age   7:       2808 bytes,    2677336 total
[2022-07-22T08:10:39.668+0000][7][gc,age      ] GC(321) - age   8:        216 bytes,    2677552 total
[2022-07-22T08:10:39.668+0000][7][gc,age      ] GC(321) - age   9:        112 bytes,    2677664 total
[2022-07-22T08:10:39.668+0000][7][gc,age      ] GC(321) - age  10:       6296 bytes,    2683960 total
[2022-07-22T08:10:39.668+0000][7][gc,age      ] GC(321) - age  11:         64 bytes,    2684024 total
[2022-07-22T08:10:39.668+0000][7][gc,age      ] GC(321) - age  12:       1616 bytes,    2685640 total
[2022-07-22T08:10:39.668+0000][7][gc,age      ] GC(321) - age  13:     304072 bytes,    2989712 total
[2022-07-22T08:10:39.668+0000][7][gc,age      ] GC(321) - age  14:     462336 bytes,    3452048 total
[2022-07-22T08:10:39.668+0000][7][gc,age      ] GC(321) - age  15:     747840 bytes,    4199888 total
[2022-07-22T08:10:39.668+0000][7][gc,phases   ] GC(321)   Pre Evacuate Collection Set: 0.1ms
[2022-07-22T08:10:39.668+0000][7][gc,phases   ] GC(321)   Merge Heap Roots: 0.1ms
[2022-07-22T08:10:39.668+0000][7][gc,phases   ] GC(321)   Evacuate Collection Set: 4.4ms
[2022-07-22T08:10:39.668+0000][7][gc,phases   ] GC(321)   Post Evacuate Collection Set: 0.5ms
[2022-07-22T08:10:39.668+0000][7][gc,phases   ] GC(321)   Other: 0.3ms
[2022-07-22T08:10:39.668+0000][7][gc,heap     ] GC(321) Eden regions: 21->0(21)
[2022-07-22T08:10:39.668+0000][7][gc,heap     ] GC(321) Survivor regions: 2->2(3)
[2022-07-22T08:10:39.668+0000][7][gc,heap     ] GC(321) Old regions: 25->25
[2022-07-22T08:10:39.668+0000][7][gc,heap     ] GC(321) Archive regions: 2->2
[2022-07-22T08:10:39.668+0000][7][gc,heap     ] GC(321) Humongous regions: 2->2
[2022-07-22T08:10:39.668+0000][7][gc,metaspace] GC(321) Metaspace: 112604K(117368K)->112604K(117368K) NonClass: 98411K(101804K)->98411K(101804K) Class: 14192K(15564K)->14192K(15564K)
[2022-07-22T08:10:39.668+0000][7][gc          ] GC(321) Pause Young (Normal) (G1 Evacuation Pause) 197M->113M(256M) 5.464ms
[2022-07-22T08:10:39.668+0000][7][gc,cpu      ] GC(321) User=0.01s Sys=0.00s Real=0.01s
[2022-07-22T08:10:39.668+0000][7][safepoint   ] Safepoint "G1CollectForAllocation", Time since last: 35706077210 ns, Reaching safepoint: 130376 ns, At safepoint: 5561800 ns, Total: 5692176 ns
[2022-07-22T08:11:15.654+0000][7][gc,start    ] GC(322) Pause Young (Concurrent Start) (G1 Evacuation Pause)
[2022-07-22T08:11:15.654+0000][7][gc,task     ] GC(322) Using 4 workers of 4 for evacuation
[2022-07-22T08:11:15.655+0000][7][gc,age      ] GC(322) Desired survivor size 6291456 bytes, new threshold 15 (max threshold 15)
[2022-07-22T08:11:15.661+0000][7][gc,age      ] GC(322) Age table with threshold 15 (max threshold 15)
[2022-07-22T08:11:15.661+0000][7][gc,age      ] GC(322) - age   1:    1114128 bytes,    1114128 total
[2022-07-22T08:11:15.661+0000][7][gc,age      ] GC(322) - age   2:       2416 bytes,    1116544 total
[2022-07-22T08:11:15.661+0000][7][gc,age      ] GC(322) - age   3:       3808 bytes,    1120352 total
[2022-07-22T08:11:15.661+0000][7][gc,age      ] GC(322) - age   4:     107568 bytes,    1227920 total
[2022-07-22T08:11:15.661+0000][7][gc,age      ] GC(322) - age   5:     164392 bytes,    1392312 total
[2022-07-22T08:11:15.661+0000][7][gc,age      ] GC(322) - age   6:      20136 bytes,    1412448 total
[2022-07-22T08:11:15.661+0000][7][gc,age      ] GC(322) - age   7:        336 bytes,    1412784 total
[2022-07-22T08:11:15.661+0000][7][gc,age      ] GC(322) - age   8:       2744 bytes,    1415528 total
[2022-07-22T08:11:15.661+0000][7][gc,age      ] GC(322) - age   9:        216 bytes,    1415744 total
[2022-07-22T08:11:15.661+0000][7][gc,age      ] GC(322) - age  10:        112 bytes,    1415856 total
[2022-07-22T08:11:15.661+0000][7][gc,age      ] GC(322) - age  11:       6296 bytes,    1422152 total
[2022-07-22T08:11:15.661+0000][7][gc,age      ] GC(322) - age  12:         64 bytes,    1422216 total
[2022-07-22T08:11:15.661+0000][7][gc,age      ] GC(322) - age  13:       1616 bytes,    1423832 total
[2022-07-22T08:11:15.661+0000][7][gc,age      ] GC(322) - age  14:     304072 bytes,    1727904 total
[2022-07-22T08:11:15.661+0000][7][gc,age      ] GC(322) - age  15:     462336 bytes,    2190240 total
[2022-07-22T08:11:15.661+0000][7][gc,phases   ] GC(322)   Pre Evacuate Collection Set: 0.1ms
[2022-07-22T08:11:15.661+0000][7][gc,phases   ] GC(322)   Merge Heap Roots: 0.0ms
[2022-07-22T08:11:15.661+0000][7][gc,phases   ] GC(322)   Evacuate Collection Set: 5.3ms
[2022-07-22T08:11:15.661+0000][7][gc,phases   ] GC(322)   Post Evacuate Collection Set: 0.6ms
[2022-07-22T08:11:15.661+0000][7][gc,phases   ] GC(322)   Other: 0.3ms
[2022-07-22T08:11:15.661+0000][7][gc,heap     ] GC(322) Eden regions: 21->0(22)
[2022-07-22T08:11:15.661+0000][7][gc,heap     ] GC(322) Survivor regions: 2->1(3)
[2022-07-22T08:11:15.661+0000][7][gc,heap     ] GC(322) Old regions: 25->25
[2022-07-22T08:11:15.661+0000][7][gc,heap     ] GC(322) Archive regions: 2->2
[2022-07-22T08:11:15.661+0000][7][gc,heap     ] GC(322) Humongous regions: 2->2
[2022-07-22T08:11:15.661+0000][7][gc,metaspace] GC(322) Metaspace: 112605K(117368K)->112605K(117368K) NonClass: 98413K(101804K)->98413K(101804K) Class: 14192K(15564K)->14192K(15564K)
[2022-07-22T08:11:15.661+0000][7][gc          ] GC(322) Pause Young (Concurrent Start) (G1 Evacuation Pause) 197M->112M(256M) 6.524ms
[2022-07-22T08:11:15.661+0000][7][gc,cpu      ] GC(322) User=0.02s Sys=0.00s Real=0.00s
[2022-07-22T08:11:15.661+0000][7][safepoint   ] Safepoint "G1CollectForAllocation", Time since last: 35986372843 ns, Reaching safepoint: 96149 ns, At safepoint: 6613578 ns, Total: 6709727 ns
[2022-07-22T08:11:15.661+0000][7][gc          ] GC(323) Concurrent Cycle
[2022-07-22T08:11:15.661+0000][7][gc,marking  ] GC(323) Concurrent Clear Claimed Marks
[2022-07-22T08:11:15.661+0000][7][gc,marking  ] GC(323) Concurrent Clear Claimed Marks 0.108ms
[2022-07-22T08:11:15.661+0000][7][gc,marking  ] GC(323) Concurrent Scan Root Regions
[2022-07-22T08:11:15.665+0000][7][gc,marking  ] GC(323) Concurrent Scan Root Regions 3.669ms
[2022-07-22T08:11:15.665+0000][7][gc,marking  ] GC(323) Concurrent Mark (7142.306s)
[2022-07-22T08:11:15.665+0000][7][gc,marking  ] GC(323) Concurrent Mark From Roots
[2022-07-22T08:11:15.665+0000][7][gc,task     ] GC(323) Using 1 workers of 1 for marking
[2022-07-22T08:11:15.811+0000][7][gc,marking  ] GC(323) Concurrent Mark From Roots 146.117ms
[2022-07-22T08:11:15.811+0000][7][gc,marking  ] GC(323) Concurrent Preclean
[2022-07-22T08:11:15.811+0000][7][gc,marking  ] GC(323) Concurrent Preclean 0.220ms
[2022-07-22T08:11:15.811+0000][7][gc,marking  ] GC(323) Concurrent Mark (7142.306s, 7142.452s) 146.421ms
[2022-07-22T08:11:15.812+0000][7][gc,start    ] GC(323) Pause Remark
[2022-07-22T08:11:15.824+0000][7][gc          ] GC(323) Pause Remark 116M->116M(256M) 12.122ms
[2022-07-22T08:11:15.824+0000][7][gc,cpu      ] GC(323) User=0.05s Sys=0.00s Real=0.01s
[2022-07-22T08:11:15.824+0000][7][safepoint   ] Safepoint "G1Concurrent", Time since last: 150334889 ns, Reaching safepoint: 141939 ns, At safepoint: 12239089 ns, Total: 12381028 ns
[2022-07-22T08:11:15.824+0000][7][gc,marking  ] GC(323) Concurrent Rebuild Remembered Sets
[2022-07-22T08:11:15.927+0000][7][gc,marking  ] GC(323) Concurrent Rebuild Remembered Sets 103.142ms
[2022-07-22T08:11:15.927+0000][7][gc,start    ] GC(323) Pause Cleanup
[2022-07-22T08:11:15.927+0000][7][gc          ] GC(323) Pause Cleanup 116M->116M(256M) 0.092ms
[2022-07-22T08:11:15.927+0000][7][gc,cpu      ] GC(323) User=0.00s Sys=0.00s Real=0.00s
[2022-07-22T08:11:15.927+0000][7][safepoint   ] Safepoint "G1Concurrent", Time since last: 103264181 ns, Reaching safepoint: 201387 ns, At safepoint: 173608 ns, Total: 374995 ns
[2022-07-22T08:11:15.927+0000][7][gc,marking  ] GC(323) Concurrent Cleanup for Next Mark
[2022-07-22T08:11:15.928+0000][7][gc,marking  ] GC(323) Concurrent Cleanup for Next Mark 0.289ms
[2022-07-22T08:11:15.928+0000][7][gc          ] GC(323) Concurrent Cycle 266.740ms
[2022-07-22T08:11:27.930+0000][7][safepoint   ] Safepoint "Cleanup", Time since last: 12002216105 ns, Reaching safepoint: 159979 ns, At safepoint: 9982 ns, Total: 169961 ns
[2022-07-22T08:11:39.933+0000][7][safepoint   ] Safepoint "Cleanup", Time since last: 12003007246 ns, Reaching safepoint: 153229 ns, At safepoint: 7689 ns, Total: 160918 ns
[2022-07-22T08:11:57.041+0000][7][gc,start    ] GC(324) Pause Young (Normal) (G1 Evacuation Pause)
[2022-07-22T08:11:57.041+0000][7][gc,task     ] GC(324) Using 4 workers of 4 for evacuation
[2022-07-22T08:11:57.041+0000][7][gc,age      ] GC(324) Desired survivor size 6291456 bytes, new threshold 15 (max threshold 15)
[2022-07-22T08:11:57.045+0000][7][gc,age      ] GC(324) Age table with threshold 15 (max threshold 15)
[2022-07-22T08:11:57.045+0000][7][gc,age      ] GC(324) - age   1:     721328 bytes,     721328 total
[2022-07-22T08:11:57.045+0000][7][gc,age      ] GC(324) - age   2:     211336 bytes,     932664 total
[2022-07-22T08:11:57.045+0000][7][gc,age      ] GC(324) - age   3:       1104 bytes,     933768 total
[2022-07-22T08:11:57.045+0000][7][gc,age      ] GC(324) - age   4:       2112 bytes,     935880 total
[2022-07-22T08:11:57.045+0000][7][gc,age      ] GC(324) - age   5:       5040 bytes,     940920 total
[2022-07-22T08:11:57.045+0000][7][gc,age      ] GC(324) - age   6:      20224 bytes,     961144 total
[2022-07-22T08:11:57.045+0000][7][gc,age      ] GC(324) - age   7:      20040 bytes,     981184 total
[2022-07-22T08:11:57.045+0000][7][gc,age      ] GC(324) - age   8:        272 bytes,     981456 total
[2022-07-22T08:11:57.045+0000][7][gc,age      ] GC(324) - age   9:       2680 bytes,     984136 total
[2022-07-22T08:11:57.045+0000][7][gc,age      ] GC(324) - age  10:        216 bytes,     984352 total
[2022-07-22T08:11:57.045+0000][7][gc,age      ] GC(324) - age  11:         16 bytes,     984368 total
[2022-07-22T08:11:57.045+0000][7][gc,age      ] GC(324) - age  12:       6296 bytes,     990664 total
[2022-07-22T08:11:57.045+0000][7][gc,age      ] GC(324) - age  14:       1616 bytes,     992280 total
[2022-07-22T08:11:57.045+0000][7][gc,age      ] GC(324) - age  15:     304072 bytes,    1296352 total
[2022-07-22T08:11:57.045+0000][7][gc,phases   ] GC(324)   Pre Evacuate Collection Set: 0.1ms
[2022-07-22T08:11:57.045+0000][7][gc,phases   ] GC(324)   Merge Heap Roots: 0.1ms
[2022-07-22T08:11:57.045+0000][7][gc,phases   ] GC(324)   Evacuate Collection Set: 2.9ms
[2022-07-22T08:11:57.045+0000][7][gc,phases   ] GC(324)   Post Evacuate Collection Set: 0.7ms
[2022-07-22T08:11:57.045+0000][7][gc,phases   ] GC(324)   Other: 0.4ms
[2022-07-22T08:11:57.045+0000][7][gc,heap     ] GC(324) Eden regions: 22->0(22)
[2022-07-22T08:11:57.045+0000][7][gc,heap     ] GC(324) Survivor regions: 1->1(3)
[2022-07-22T08:11:57.045+0000][7][gc,heap     ] GC(324) Old regions: 25->25
[2022-07-22T08:11:57.045+0000][7][gc,heap     ] GC(324) Archive regions: 2->2
[2022-07-22T08:11:57.045+0000][7][gc,heap     ] GC(324) Humongous regions: 2->2
[2022-07-22T08:11:57.045+0000][7][gc,metaspace] GC(324) Metaspace: 112606K(117368K)->112606K(117368K) NonClass: 98413K(101804K)->98413K(101804K) Class: 14192K(15564K)->14192K(15564K)
[2022-07-22T08:11:57.045+0000][7][gc          ] GC(324) Pause Young (Normal) (G1 Evacuation Pause) 200M->112M(256M) 4.154ms
[2022-07-22T08:11:57.045+0000][7][gc,cpu      ] GC(324) User=0.01s Sys=0.00s Real=0.00s
[2022-07-22T08:11:57.045+0000][7][safepoint   ] Safepoint "G1CollectForAllocation", Time since last: 17107673140 ns, Reaching safepoint: 125442 ns, At safepoint: 4252568 ns, Total: 4378010 ns
[2022-07-22T08:12:04.047+0000][7][safepoint   ] Safepoint "Cleanup", Time since last: 7001582312 ns, Reaching safepoint: 166260 ns, At safepoint: 9605 ns, Total: 175865 ns
[2022-07-22T08:12:20.050+0000][7][safepoint   ] Safepoint "Cleanup", Time since last: 16003001444 ns, Reaching safepoint: 130946 ns, At safepoint: 7388 ns, Total: 138334 ns
[2022-07-22T08:12:28.051+0000][7][safepoint   ] Safepoint "Cleanup", Time since last: 8001446687 ns, Reaching safepoint: 124683 ns, At safepoint: 5980 ns, Total: 130663 ns
[2022-07-22T08:12:28.270+0000][7][gc,start    ] GC(325) Pause Young (Concurrent Start) (G1 Evacuation Pause)
[2022-07-22T08:12:28.270+0000][7][gc,task     ] GC(325) Using 4 workers of 4 for evacuation
[2022-07-22T08:12:28.270+0000][7][gc,age      ] GC(325) Desired survivor size 6291456 bytes, new threshold 15 (max threshold 15)
[2022-07-22T08:12:28.274+0000][7][gc,age      ] GC(325) Age table with threshold 15 (max threshold 15)
[2022-07-22T08:12:28.274+0000][7][gc,age      ] GC(325) - age   1:    1338208 bytes,    1338208 total
[2022-07-22T08:12:28.274+0000][7][gc,age      ] GC(325) - age   2:     147960 bytes,    1486168 total
[2022-07-22T08:12:28.274+0000][7][gc,age      ] GC(325) - age   3:       1608 bytes,    1487776 total
[2022-07-22T08:12:28.274+0000][7][gc,age      ] GC(325) - age   4:        656 bytes,    1488432 total
[2022-07-22T08:12:28.274+0000][7][gc,age      ] GC(325) - age   5:       2112 bytes,    1490544 total
[2022-07-22T08:12:28.274+0000][7][gc,age      ] GC(325) - age   6:       4496 bytes,    1495040 total
[2022-07-22T08:12:28.274+0000][7][gc,age      ] GC(325) - age   7:      20064 bytes,    1515104 total
[2022-07-22T08:12:28.274+0000][7][gc,age      ] GC(325) - age   8:      19688 bytes,    1534792 total
[2022-07-22T08:12:28.274+0000][7][gc,age      ] GC(325) - age   9:        272 bytes,    1535064 total
[2022-07-22T08:12:28.274+0000][7][gc,age      ] GC(325) - age  10:       2384 bytes,    1537448 total
[2022-07-22T08:12:28.274+0000][7][gc,age      ] GC(325) - age  11:        216 bytes,    1537664 total
[2022-07-22T08:12:28.274+0000][7][gc,age      ] GC(325) - age  12:         16 bytes,    1537680 total
[2022-07-22T08:12:28.274+0000][7][gc,age      ] GC(325) - age  13:       6232 bytes,    1543912 total
[2022-07-22T08:12:28.274+0000][7][gc,age      ] GC(325) - age  15:       1616 bytes,    1545528 total
[2022-07-22T08:12:28.274+0000][7][gc,phases   ] GC(325)   Pre Evacuate Collection Set: 0.2ms
[2022-07-22T08:12:28.274+0000][7][gc,phases   ] GC(325)   Merge Heap Roots: 0.1ms
[2022-07-22T08:12:28.274+0000][7][gc,phases   ] GC(325)   Evacuate Collection Set: 1.9ms
[2022-07-22T08:12:28.274+0000][7][gc,phases   ] GC(325)   Post Evacuate Collection Set: 1.1ms
[2022-07-22T08:12:28.274+0000][7][gc,phases   ] GC(325)   Other: 0.3ms
[2022-07-22T08:12:28.274+0000][7][gc,heap     ] GC(325) Eden regions: 22->0(23)
[2022-07-22T08:12:28.274+0000][7][gc,heap     ] GC(325) Survivor regions: 1->1(3)
[2022-07-22T08:12:28.274+0000][7][gc,heap     ] GC(325) Old regions: 25->25
[2022-07-22T08:12:28.274+0000][7][gc,heap     ] GC(325) Archive regions: 2->2
[2022-07-22T08:12:28.274+0000][7][gc,heap     ] GC(325) Humongous regions: 2->2
[2022-07-22T08:12:28.274+0000][7][gc,metaspace] GC(325) Metaspace: 112625K(117368K)->112625K(117368K) NonClass: 98433K(101804K)->98433K(101804K) Class: 14192K(15564K)->14192K(15564K)
[2022-07-22T08:12:28.274+0000][7][gc          ] GC(325) Pause Young (Concurrent Start) (G1 Evacuation Pause) 200M->112M(256M) 3.717ms
[2022-07-22T08:12:28.274+0000][7][gc,cpu      ] GC(325) User=0.01s Sys=0.00s Real=0.01s
[2022-07-22T08:12:28.274+0000][7][safepoint   ] Safepoint "G1CollectForAllocation", Time since last: 218742660 ns, Reaching safepoint: 120475 ns, At safepoint: 3815470 ns, Total: 3935945 ns
[2022-07-22T08:12:28.274+0000][7][gc          ] GC(326) Concurrent Cycle
[2022-07-22T08:12:28.274+0000][7][gc,marking  ] GC(326) Concurrent Clear Claimed Marks
[2022-07-22T08:12:28.274+0000][7][gc,marking  ] GC(326) Concurrent Clear Claimed Marks 0.089ms
[2022-07-22T08:12:28.274+0000][7][gc,marking  ] GC(326) Concurrent Scan Root Regions
[2022-07-22T08:12:28.276+0000][7][gc,marking  ] GC(326) Concurrent Scan Root Regions 2.168ms
[2022-07-22T08:12:28.276+0000][7][gc,marking  ] GC(326) Concurrent Mark (7214.917s)
[2022-07-22T08:12:28.277+0000][7][gc,marking  ] GC(326) Concurrent Mark From Roots
[2022-07-22T08:12:28.277+0000][7][gc,task     ] GC(326) Using 1 workers of 1 for marking
[2022-07-22T08:12:28.428+0000][7][gc,marking  ] GC(326) Concurrent Mark From Roots 151.549ms
[2022-07-22T08:12:28.428+0000][7][gc,marking  ] GC(326) Concurrent Preclean
[2022-07-22T08:12:28.428+0000][7][gc,marking  ] GC(326) Concurrent Preclean 0.201ms
[2022-07-22T08:12:28.428+0000][7][gc,marking  ] GC(326) Concurrent Mark (7214.917s, 7215.069s) 151.851ms
[2022-07-22T08:12:28.429+0000][7][gc,start    ] GC(326) Pause Remark
[2022-07-22T08:12:28.462+0000][7][gc          ] GC(326) Pause Remark 117M->117M(256M) 33.351ms
[2022-07-22T08:12:28.462+0000][7][gc,cpu      ] GC(326) User=0.08s Sys=0.00s Real=0.03s
[2022-07-22T08:12:28.462+0000][7][safepoint   ] Safepoint "G1Concurrent", Time since last: 154286674 ns, Reaching safepoint: 115310 ns, At safepoint: 33471414 ns, Total: 33586724 ns
[2022-07-22T08:12:28.462+0000][7][gc,marking  ] GC(326) Concurrent Rebuild Remembered Sets
[2022-07-22T08:12:28.554+0000][7][gc,marking  ] GC(326) Concurrent Rebuild Remembered Sets 92.363ms
[2022-07-22T08:12:28.555+0000][7][gc,start    ] GC(326) Pause Cleanup
[2022-07-22T08:12:28.555+0000][7][gc          ] GC(326) Pause Cleanup 117M->117M(256M) 0.106ms
[2022-07-22T08:12:28.555+0000][7][gc,cpu      ] GC(326) User=0.00s Sys=0.00s Real=0.00s
[2022-07-22T08:12:28.555+0000][7][safepoint   ] Safepoint "G1Concurrent", Time since last: 92507019 ns, Reaching safepoint: 131605 ns, At safepoint: 189405 ns, Total: 321010 ns
[2022-07-22T08:12:28.555+0000][7][gc,marking  ] GC(326) Concurrent Cleanup for Next Mark
[2022-07-22T08:12:28.555+0000][7][gc,marking  ] GC(326) Concurrent Cleanup for Next Mark 0.260ms
[2022-07-22T08:12:28.555+0000][7][gc          ] GC(326) Concurrent Cycle 281.029ms
[2022-07-22T08:12:29.555+0000][7][safepoint   ] Safepoint "Cleanup", Time since last: 1000198207 ns, Reaching safepoint: 188298 ns, At safepoint: 11199 ns, Total: 199497 ns
[2022-07-22T08:12:31.556+0000][7][safepoint   ] Safepoint "Cleanup", Time since last: 2000699810 ns, Reaching safepoint: 264172 ns, At safepoint: 8973 ns, Total: 273145 ns
[2022-07-22T08:12:33.557+0000][7][safepoint   ] Safepoint "Cleanup", Time since last: 2000603174 ns, Reaching safepoint: 176097 ns, At safepoint: 22193 ns, Total: 198290 ns
[2022-07-22T08:12:39.675+0000][7][safepoint   ] Safepoint "ICBufferFull", Time since last: 6117709243 ns, Reaching safepoint: 242063 ns, At safepoint: 7069 ns, Total: 249132 ns
[2022-07-22T08:12:40.676+0000][7][safepoint   ] Safepoint "Cleanup", Time since last: 1000305708 ns, Reaching safepoint: 250787 ns, At safepoint: 10249 ns, Total: 261036 ns
[2022-07-22T08:12:43.676+0000][7][safepoint   ] Safepoint "Cleanup", Time since last: 3000685585 ns, Reaching safepoint: 199948 ns, At safepoint: 8613 ns, Total: 208561 ns
[2022-07-22T08:12:44.677+0000][7][safepoint   ] Safepoint "Cleanup", Time since last: 1000321715 ns, Reaching safepoint: 156474 ns, At safepoint: 6284 ns, Total: 162758 ns
[2022-07-22T08:12:54.679+0000][7][safepoint   ] Safepoint "Cleanup", Time since last: 10001946017 ns, Reaching safepoint: 181466 ns, At safepoint: 7534 ns, Total: 189000 ns
[2022-07-22T08:12:55.679+0000][7][safepoint   ] Safepoint "Cleanup", Time since last: 1000217074 ns, Reaching safepoint: 176133 ns, At safepoint: 21965 ns, Total: 198098 ns
[2022-07-22T08:12:56.680+0000][7][safepoint   ] Safepoint "Cleanup", Time since last: 1000226110 ns, Reaching safepoint: 153749 ns, At safepoint: 8004 ns, Total: 161753 ns
[2022-07-22T08:12:57.689+0000][7][safepoint   ] Safepoint "Cleanup", Time since last: 1000247748 ns, Reaching safepoint: 9001143 ns, At safepoint: 8913 ns, Total: 9010056 ns
[2022-07-22T08:12:58.690+0000][7][safepoint   ] Safepoint "Cleanup", Time since last: 1000247331 ns, Reaching safepoint: 157570 ns, At safepoint: 6064 ns, Total: 163634 ns
[2022-07-22T08:12:59.690+0000][7][safepoint   ] Safepoint "Cleanup", Time since last: 1000301490 ns, Reaching safepoint: 203608 ns, At safepoint: 7734 ns, Total: 211342 ns
[2022-07-22T08:13:01.691+0000][7][safepoint   ] Safepoint "Cleanup", Time since last: 2000363469 ns, Reaching safepoint: 149377 ns, At safepoint: 8169 ns, Total: 157546 ns
[2022-07-22T08:13:02.691+0000][7][safepoint   ] Safepoint "Cleanup", Time since last: 1000171470 ns, Reaching safepoint: 260819 ns, At safepoint: 7453 ns, Total: 268272 ns
[2022-07-22T08:13:03.679+0000][7][gc,start    ] GC(327) Pause Young (Normal) (G1 Evacuation Pause)
[2022-07-22T08:13:03.679+0000][7][gc,task     ] GC(327) Using 4 workers of 4 for evacuation
[2022-07-22T08:13:03.679+0000][7][gc,age      ] GC(327) Desired survivor size 6291456 bytes, new threshold 15 (max threshold 15)
[2022-07-22T08:13:03.683+0000][7][gc,age      ] GC(327) Age table with threshold 15 (max threshold 15)
[2022-07-22T08:13:03.683+0000][7][gc,age      ] GC(327) - age   1:    2122472 bytes,    2122472 total
[2022-07-22T08:13:03.683+0000][7][gc,age      ] GC(327) - age   2:     329312 bytes,    2451784 total
[2022-07-22T08:13:03.683+0000][7][gc,age      ] GC(327) - age   3:     146248 bytes,    2598032 total
[2022-07-22T08:13:03.683+0000][7][gc,age      ] GC(327) - age   4:        832 bytes,    2598864 total
[2022-07-22T08:13:03.683+0000][7][gc,age      ] GC(327) - age   5:        656 bytes,    2599520 total
[2022-07-22T08:13:03.683+0000][7][gc,age      ] GC(327) - age   6:       1480 bytes,    2601000 total
[2022-07-22T08:13:03.683+0000][7][gc,age      ] GC(327) - age   7:       4464 bytes,    2605464 total
[2022-07-22T08:13:03.683+0000][7][gc,age      ] GC(327) - age   8:      20064 bytes,    2625528 total
[2022-07-22T08:13:03.683+0000][7][gc,age      ] GC(327) - age   9:      19688 bytes,    2645216 total
[2022-07-22T08:13:03.683+0000][7][gc,age      ] GC(327) - age  10:        272 bytes,    2645488 total
[2022-07-22T08:13:03.683+0000][7][gc,age      ] GC(327) - age  11:       2384 bytes,    2647872 total
[2022-07-22T08:13:03.683+0000][7][gc,age      ] GC(327) - age  12:        216 bytes,    2648088 total
[2022-07-22T08:13:03.683+0000][7][gc,age      ] GC(327) - age  13:         16 bytes,    2648104 total
[2022-07-22T08:13:03.683+0000][7][gc,age      ] GC(327) - age  14:       6232 bytes,    2654336 total
[2022-07-22T08:13:03.683+0000][7][gc,phases   ] GC(327)   Pre Evacuate Collection Set: 0.1ms
[2022-07-22T08:13:03.683+0000][7][gc,phases   ] GC(327)   Merge Heap Roots: 0.1ms
[2022-07-22T08:13:03.683+0000][7][gc,phases   ] GC(327)   Evacuate Collection Set: 3.2ms
[2022-07-22T08:13:03.683+0000][7][gc,phases   ] GC(327)   Post Evacuate Collection Set: 0.5ms
[2022-07-22T08:13:03.683+0000][7][gc,phases   ] GC(327)   Other: 0.3ms
[2022-07-22T08:13:03.683+0000][7][gc,heap     ] GC(327) Eden regions: 23->0(22)
[2022-07-22T08:13:03.683+0000][7][gc,heap     ] GC(327) Survivor regions: 1->1(3)
[2022-07-22T08:13:03.683+0000][7][gc,heap     ] GC(327) Old regions: 25->25
[2022-07-22T08:13:03.683+0000][7][gc,heap     ] GC(327) Archive regions: 2->2
[2022-07-22T08:13:03.683+0000][7][gc,heap     ] GC(327) Humongous regions: 2->2
[2022-07-22T08:13:03.683+0000][7][gc,metaspace] GC(327) Metaspace: 112591K(117368K)->112591K(117368K) NonClass: 98408K(101804K)->98408K(101804K) Class: 14183K(15564K)->14183K(15564K)
[2022-07-22T08:13:03.683+0000][7][gc          ] GC(327) Pause Young (Normal) (G1 Evacuation Pause) 204M->113M(256M) 4.245ms
[2022-07-22T08:13:03.683+0000][7][gc,cpu      ] GC(327) User=0.01s Sys=0.00s Real=0.00s
[2022-07-22T08:13:03.683+0000][7][safepoint   ] Safepoint "G1CollectForAllocation", Time since last: 987810700 ns, Reaching safepoint: 179997 ns, At safepoint: 4333939 ns, Total: 4513936 ns
[2022-07-22T08:13:03.698+0000][7][safepoint   ] Safepoint "ICBufferFull", Time since last: 14673164 ns, Reaching safepoint: 248556 ns, At safepoint: 12796 ns, Total: 261352 ns
[2022-07-22T08:13:04.699+0000][7][safepoint   ] Safepoint "Cleanup", Time since last: 1000110676 ns, Reaching safepoint: 190080 ns, At safepoint: 7725 ns, Total: 197805 ns
[2022-07-22T08:13:39.676+0000][7][gc,start    ] GC(328) Pause Young (Concurrent Start) (G1 Evacuation Pause)
[2022-07-22T08:13:39.676+0000][7][gc,task     ] GC(328) Using 4 workers of 4 for evacuation
[2022-07-22T08:13:39.676+0000][7][gc,age      ] GC(328) Desired survivor size 6291456 bytes, new threshold 15 (max threshold 15)
[2022-07-22T08:13:39.679+0000][7][gc,age      ] GC(328) Age table with threshold 15 (max threshold 15)
[2022-07-22T08:13:39.679+0000][7][gc,age      ] GC(328) - age   1:    1508792 bytes,    1508792 total
[2022-07-22T08:13:39.679+0000][7][gc,age      ] GC(328) - age   2:     111504 bytes,    1620296 total
[2022-07-22T08:13:39.680+0000][7][gc,age      ] GC(328) - age   3:      10456 bytes,    1630752 total
[2022-07-22T08:13:39.680+0000][7][gc,age      ] GC(328) - age   4:     145584 bytes,    1776336 total
[2022-07-22T08:13:39.680+0000][7][gc,age      ] GC(328) - age   5:        736 bytes,    1777072 total
[2022-07-22T08:13:39.680+0000][7][gc,age      ] GC(328) - age   6:        400 bytes,    1777472 total
[2022-07-22T08:13:39.680+0000][7][gc,age      ] GC(328) - age   7:       1352 bytes,    1778824 total
[2022-07-22T08:13:39.680+0000][7][gc,age      ] GC(328) - age   8:       4464 bytes,    1783288 total
[2022-07-22T08:13:39.680+0000][7][gc,age      ] GC(328) - age   9:      20000 bytes,    1803288 total
[2022-07-22T08:13:39.680+0000][7][gc,age      ] GC(328) - age  10:      19624 bytes,    1822912 total
[2022-07-22T08:13:39.680+0000][7][gc,age      ] GC(328) - age  11:        208 bytes,    1823120 total
[2022-07-22T08:13:39.680+0000][7][gc,age      ] GC(328) - age  12:       2384 bytes,    1825504 total
[2022-07-22T08:13:39.680+0000][7][gc,age      ] GC(328) - age  13:        216 bytes,    1825720 total
[2022-07-22T08:13:39.680+0000][7][gc,age      ] GC(328) - age  14:         16 bytes,    1825736 total
[2022-07-22T08:13:39.680+0000][7][gc,age      ] GC(328) - age  15:       6232 bytes,    1831968 total
[2022-07-22T08:13:39.680+0000][7][gc,phases   ] GC(328)   Pre Evacuate Collection Set: 0.2ms
[2022-07-22T08:13:39.680+0000][7][gc,phases   ] GC(328)   Merge Heap Roots: 0.0ms
[2022-07-22T08:13:39.680+0000][7][gc,phases   ] GC(328)   Evacuate Collection Set: 2.4ms
[2022-07-22T08:13:39.680+0000][7][gc,phases   ] GC(328)   Post Evacuate Collection Set: 0.5ms
[2022-07-22T08:13:39.680+0000][7][gc,phases   ] GC(328)   Other: 0.4ms
[2022-07-22T08:13:39.680+0000][7][gc,heap     ] GC(328) Eden regions: 22->0(22)
[2022-07-22T08:13:39.680+0000][7][gc,heap     ] GC(328) Survivor regions: 1->1(3)
[2022-07-22T08:13:39.680+0000][7][gc,heap     ] GC(328) Old regions: 25->25
[2022-07-22T08:13:39.680+0000][7][gc,heap     ] GC(328) Archive regions: 2->2
[2022-07-22T08:13:39.680+0000][7][gc,heap     ] GC(328) Humongous regions: 2->2
[2022-07-22T08:13:39.680+0000][7][gc,metaspace] GC(328) Metaspace: 112591K(117368K)->112591K(117368K) NonClass: 98408K(101804K)->98408K(101804K) Class: 14183K(15564K)->14183K(15564K)
[2022-07-22T08:13:39.680+0000][7][gc          ] GC(328) Pause Young (Concurrent Start) (G1 Evacuation Pause) 201M->112M(256M) 3.574ms
[2022-07-22T08:13:39.680+0000][7][gc,cpu      ] GC(328) User=0.01s Sys=0.00s Real=0.00s
[2022-07-22T08:13:39.680+0000][7][gc          ] GC(329) Concurrent Cycle
[2022-07-22T08:13:39.680+0000][7][safepoint   ] Safepoint "G1CollectForAllocation", Time since last: 34977483400 ns, Reaching safepoint: 177185 ns, At safepoint: 3673039 ns, Total: 3850224 ns
[2022-07-22T08:13:39.680+0000][7][gc,marking  ] GC(329) Concurrent Clear Claimed Marks
[2022-07-22T08:13:39.680+0000][7][gc,marking  ] GC(329) Concurrent Clear Claimed Marks 0.106ms
[2022-07-22T08:13:39.680+0000][7][gc,marking  ] GC(329) Concurrent Scan Root Regions
[2022-07-22T08:13:39.683+0000][7][gc,marking  ] GC(329) Concurrent Scan Root Regions 3.113ms
[2022-07-22T08:13:39.683+0000][7][gc,marking  ] GC(329) Concurrent Mark (7286.324s)
[2022-07-22T08:13:39.683+0000][7][gc,marking  ] GC(329) Concurrent Mark From Roots
[2022-07-22T08:13:39.683+0000][7][gc,task     ] GC(329) Using 1 workers of 1 for marking
[2022-07-22T08:13:39.834+0000][7][gc,marking  ] GC(329) Concurrent Mark From Roots 150.719ms
[2022-07-22T08:13:39.834+0000][7][gc,marking  ] GC(329) Concurrent Preclean
[2022-07-22T08:13:39.834+0000][7][gc,marking  ] GC(329) Concurrent Preclean 0.235ms
[2022-07-22T08:13:39.834+0000][7][gc,marking  ] GC(329) Concurrent Mark (7286.324s, 7286.475s) 151.047ms
[2022-07-22T08:13:39.834+0000][7][gc,start    ] GC(329) Pause Remark
[2022-07-22T08:13:39.847+0000][7][gc          ] GC(329) Pause Remark 117M->117M(256M) 12.671ms
[2022-07-22T08:13:39.847+0000][7][gc,cpu      ] GC(329) User=0.04s Sys=0.00s Real=0.01s
[2022-07-22T08:13:39.847+0000][7][safepoint   ] Safepoint "G1Concurrent", Time since last: 154387392 ns, Reaching safepoint: 146511 ns, At safepoint: 12777867 ns, Total: 12924378 ns
[2022-07-22T08:13:39.847+0000][7][gc,marking  ] GC(329) Concurrent Rebuild Remembered Sets
[2022-07-22T08:13:39.938+0000][7][gc,marking  ] GC(329) Concurrent Rebuild Remembered Sets 91.215ms
[2022-07-22T08:13:39.939+0000][7][gc,start    ] GC(329) Pause Cleanup
[2022-07-22T08:13:39.939+0000][7][gc          ] GC(329) Pause Cleanup 117M->117M(256M) 0.104ms
[2022-07-22T08:13:39.939+0000][7][gc,cpu      ] GC(329) User=0.00s Sys=0.00s Real=0.00s
[2022-07-22T08:13:39.939+0000][7][safepoint   ] Safepoint "G1Concurrent", Time since last: 91391076 ns, Reaching safepoint: 136431 ns, At safepoint: 169015 ns, Total: 305446 ns
[2022-07-22T08:13:39.939+0000][7][gc,marking  ] GC(329) Concurrent Cleanup for Next Mark
[2022-07-22T08:13:39.939+0000][7][gc,marking  ] GC(329) Concurrent Cleanup for Next Mark 0.307ms
[2022-07-22T08:13:39.939+0000][7][gc          ] GC(329) Concurrent Cycle 259.452ms
[2022-07-22T08:13:40.939+0000][7][safepoint   ] Safepoint "Cleanup", Time since last: 1000316598 ns, Reaching safepoint: 186439 ns, At safepoint: 9767 ns, Total: 196206 ns
[2022-07-22T08:13:42.940+0000][7][safepoint   ] Safepoint "Cleanup", Time since last: 2000525351 ns, Reaching safepoint: 153631 ns, At safepoint: 7317 ns, Total: 160948 ns
[2022-07-22T08:13:43.941+0000][7][safepoint   ] Safepoint "Cleanup", Time since last: 1000374350 ns, Reaching safepoint: 150284 ns, At safepoint: 8033 ns, Total: 158317 ns
[2022-07-22T08:14:02.946+0000][7][safepoint   ] Safepoint "Cleanup", Time since last: 19004733159 ns, Reaching safepoint: 131243 ns, At safepoint: 7596 ns, Total: 138839 ns
[2022-07-22T08:14:07.946+0000][7][safepoint   ] Safepoint "Cleanup", Time since last: 5000705244 ns, Reaching safepoint: 126030 ns, At safepoint: 7719 ns, Total: 133749 ns
[2022-07-22T08:14:18.664+0000][7][gc,start    ] GC(330) Pause Young (Normal) (G1 Evacuation Pause)
[2022-07-22T08:14:18.664+0000][7][gc,task     ] GC(330) Using 4 workers of 4 for evacuation
[2022-07-22T08:14:18.664+0000][7][gc,age      ] GC(330) Desired survivor size 6291456 bytes, new threshold 15 (max threshold 15)
[2022-07-22T08:14:18.667+0000][7][gc,age      ] GC(330) Age table with threshold 15 (max threshold 15)
[2022-07-22T08:14:18.667+0000][7][gc,age      ] GC(330) - age   1:    1242392 bytes,    1242392 total
[2022-07-22T08:14:18.667+0000][7][gc,age      ] GC(330) - age   2:     186400 bytes,    1428792 total
[2022-07-22T08:14:18.667+0000][7][gc,age      ] GC(330) - age   3:       7800 bytes,    1436592 total
[2022-07-22T08:14:18.667+0000][7][gc,age      ] GC(330) - age   4:       1608 bytes,    1438200 total
[2022-07-22T08:14:18.667+0000][7][gc,age      ] GC(330) - age   5:       1632 bytes,    1439832 total
[2022-07-22T08:14:18.667+0000][7][gc,age      ] GC(330) - age   6:        416 bytes,    1440248 total
[2022-07-22T08:14:18.667+0000][7][gc,age      ] GC(330) - age   7:        400 bytes,    1440648 total
[2022-07-22T08:14:18.667+0000][7][gc,age      ] GC(330) - age   8:       1352 bytes,    1442000 total
[2022-07-22T08:14:18.667+0000][7][gc,age      ] GC(330) - age   9:       4464 bytes,    1446464 total
[2022-07-22T08:14:18.667+0000][7][gc,age      ] GC(330) - age  10:      20000 bytes,    1466464 total
[2022-07-22T08:14:18.667+0000][7][gc,age      ] GC(330) - age  11:      19624 bytes,    1486088 total
[2022-07-22T08:14:18.667+0000][7][gc,age      ] GC(330) - age  12:        208 bytes,    1486296 total
[2022-07-22T08:14:18.667+0000][7][gc,age      ] GC(330) - age  13:       2384 bytes,    1488680 total
[2022-07-22T08:14:18.667+0000][7][gc,age      ] GC(330) - age  14:        216 bytes,    1488896 total
[2022-07-22T08:14:18.667+0000][7][gc,age      ] GC(330) - age  15:         16 bytes,    1488912 total
[2022-07-22T08:14:18.667+0000][7][gc,phases   ] GC(330)   Pre Evacuate Collection Set: 0.1ms
[2022-07-22T08:14:18.667+0000][7][gc,phases   ] GC(330)   Merge Heap Roots: 0.0ms
[2022-07-22T08:14:18.667+0000][7][gc,phases   ] GC(330)   Evacuate Collection Set: 2.7ms
[2022-07-22T08:14:18.667+0000][7][gc,phases   ] GC(330)   Post Evacuate Collection Set: 0.5ms
[2022-07-22T08:14:18.667+0000][7][gc,phases   ] GC(330)   Other: 0.4ms
[2022-07-22T08:14:18.667+0000][7][gc,heap     ] GC(330) Eden regions: 22->0(22)
[2022-07-22T08:14:18.667+0000][7][gc,heap     ] GC(330) Survivor regions: 1->1(3)
[2022-07-22T08:14:18.667+0000][7][gc,heap     ] GC(330) Old regions: 25->25
[2022-07-22T08:14:18.667+0000][7][gc,heap     ] GC(330) Archive regions: 2->2
[2022-07-22T08:14:18.667+0000][7][gc,heap     ] GC(330) Humongous regions: 2->2
[2022-07-22T08:14:18.667+0000][7][gc,metaspace] GC(330) Metaspace: 112596K(117368K)->112596K(117368K) NonClass: 98413K(101804K)->98413K(101804K) Class: 14183K(15564K)->14183K(15564K)
[2022-07-22T08:14:18.667+0000][7][gc          ] GC(330) Pause Young (Normal) (G1 Evacuation Pause) 200M->112M(256M) 3.780ms
[2022-07-22T08:14:18.667+0000][7][gc,cpu      ] GC(330) User=0.01s Sys=0.00s Real=0.01s
[2022-07-22T08:14:18.667+0000][7][safepoint   ] Safepoint "G1CollectForAllocation", Time since last: 10717069439 ns, Reaching safepoint: 147324 ns, At safepoint: 3874586 ns, Total: 4021910 ns
[2022-07-22T08:14:28.670+0000][7][safepoint   ] Safepoint "Cleanup", Time since last: 10002227062 ns, Reaching safepoint: 151304 ns, At safepoint: 5770 ns, Total: 157074 ns
[2022-07-22T08:14:43.674+0000][7][safepoint   ] Safepoint "Cleanup", Time since last: 15003516453 ns, Reaching safepoint: 153082 ns, At safepoint: 9022 ns, Total: 162104 ns
[2022-07-22T08:14:52.445+0000][7][gc,start    ] GC(331) Pause Young (Concurrent Start) (G1 Evacuation Pause)
[2022-07-22T08:14:52.445+0000][7][gc,task     ] GC(331) Using 4 workers of 4 for evacuation
[2022-07-22T08:14:52.445+0000][7][gc,age      ] GC(331) Desired survivor size 6291456 bytes, new threshold 15 (max threshold 15)
[2022-07-22T08:14:52.448+0000][7][gc,age      ] GC(331) Age table with threshold 15 (max threshold 15)
[2022-07-22T08:14:52.449+0000][7][gc,age      ] GC(331) - age   1:    1478992 bytes,    1478992 total
[2022-07-22T08:14:52.449+0000][7][gc,age      ] GC(331) - age   2:     156256 bytes,    1635248 total
[2022-07-22T08:14:52.449+0000][7][gc,age      ] GC(331) - age   3:       1216 bytes,    1636464 total
[2022-07-22T08:14:52.449+0000][7][gc,age      ] GC(331) - age   4:       5584 bytes,    1642048 total
[2022-07-22T08:14:52.449+0000][7][gc,age      ] GC(331) - age   5:       1352 bytes,    1643400 total
[2022-07-22T08:14:52.449+0000][7][gc,age      ] GC(331) - age   6:       1432 bytes,    1644832 total
[2022-07-22T08:14:52.449+0000][7][gc,age      ] GC(331) - age   7:        352 bytes,    1645184 total
[2022-07-22T08:14:52.449+0000][7][gc,age      ] GC(331) - age   8:        336 bytes,    1645520 total
[2022-07-22T08:14:52.449+0000][7][gc,age      ] GC(331) - age   9:       1352 bytes,    1646872 total
[2022-07-22T08:14:52.449+0000][7][gc,age      ] GC(331) - age  10:       4464 bytes,    1651336 total
[2022-07-22T08:14:52.449+0000][7][gc,age      ] GC(331) - age  11:      20000 bytes,    1671336 total
[2022-07-22T08:14:52.449+0000][7][gc,age      ] GC(331) - age  12:      19624 bytes,    1690960 total
[2022-07-22T08:14:52.449+0000][7][gc,age      ] GC(331) - age  13:        208 bytes,    1691168 total
[2022-07-22T08:14:52.449+0000][7][gc,age      ] GC(331) - age  14:       2384 bytes,    1693552 total
[2022-07-22T08:14:52.449+0000][7][gc,age      ] GC(331) - age  15:        216 bytes,    1693768 total
[2022-07-22T08:14:52.449+0000][7][gc,phases   ] GC(331)   Pre Evacuate Collection Set: 0.2ms
[2022-07-22T08:14:52.449+0000][7][gc,phases   ] GC(331)   Merge Heap Roots: 0.1ms
[2022-07-22T08:14:52.449+0000][7][gc,phases   ] GC(331)   Evacuate Collection Set: 2.2ms
[2022-07-22T08:14:52.449+0000][7][gc,phases   ] GC(331)   Post Evacuate Collection Set: 1.2ms
[2022-07-22T08:14:52.449+0000][7][gc,phases   ] GC(331)   Other: 0.5ms
[2022-07-22T08:14:52.449+0000][7][gc,heap     ] GC(331) Eden regions: 22->0(22)
[2022-07-22T08:14:52.449+0000][7][gc,heap     ] GC(331) Survivor regions: 1->1(3)
[2022-07-22T08:14:52.449+0000][7][gc,heap     ] GC(331) Old regions: 25->25
[2022-07-22T08:14:52.449+0000][7][gc,heap     ] GC(331) Archive regions: 2->2
[2022-07-22T08:14:52.449+0000][7][gc,heap     ] GC(331) Humongous regions: 2->2
[2022-07-22T08:14:52.449+0000][7][gc,metaspace] GC(331) Metaspace: 112600K(117368K)->112600K(117368K) NonClass: 98417K(101804K)->98417K(101804K) Class: 14183K(15564K)->14183K(15564K)
[2022-07-22T08:14:52.449+0000][7][gc          ] GC(331) Pause Young (Concurrent Start) (G1 Evacuation Pause) 200M->112M(256M) 4.186ms
[2022-07-22T08:14:52.449+0000][7][gc,cpu      ] GC(331) User=0.00s Sys=0.00s Real=0.01s
[2022-07-22T08:14:52.449+0000][7][gc          ] GC(332) Concurrent Cycle
[2022-07-22T08:14:52.449+0000][7][safepoint   ] Safepoint "G1CollectForAllocation", Time since last: 8771011335 ns, Reaching safepoint: 107673 ns, At safepoint: 4295428 ns, Total: 4403101 ns
[2022-07-22T08:14:52.449+0000][7][gc,marking  ] GC(332) Concurrent Clear Claimed Marks
[2022-07-22T08:14:52.449+0000][7][gc,marking  ] GC(332) Concurrent Clear Claimed Marks 0.109ms
[2022-07-22T08:14:52.449+0000][7][gc,marking  ] GC(332) Concurrent Scan Root Regions
[2022-07-22T08:14:52.452+0000][7][gc,marking  ] GC(332) Concurrent Scan Root Regions 2.900ms
[2022-07-22T08:14:52.452+0000][7][gc,marking  ] GC(332) Concurrent Mark (7359.093s)
[2022-07-22T08:14:52.452+0000][7][gc,marking  ] GC(332) Concurrent Mark From Roots
[2022-07-22T08:14:52.452+0000][7][gc,task     ] GC(332) Using 1 workers of 1 for marking
[2022-07-22T08:14:52.600+0000][7][gc,marking  ] GC(332) Concurrent Mark From Roots 147.578ms
[2022-07-22T08:14:52.600+0000][7][gc,marking  ] GC(332) Concurrent Preclean
[2022-07-22T08:14:52.600+0000][7][gc,marking  ] GC(332) Concurrent Preclean 0.194ms
[2022-07-22T08:14:52.600+0000][7][gc,marking  ] GC(332) Concurrent Mark (7359.093s, 7359.241s) 147.868ms
[2022-07-22T08:14:52.600+0000][7][gc,start    ] GC(332) Pause Remark
[2022-07-22T08:14:52.612+0000][7][gc          ] GC(332) Pause Remark 115M->115M(256M) 12.155ms
[2022-07-22T08:14:52.612+0000][7][gc,cpu      ] GC(332) User=0.05s Sys=0.00s Real=0.01s
[2022-07-22T08:14:52.612+0000][7][safepoint   ] Safepoint "G1Concurrent", Time since last: 151037265 ns, Reaching safepoint: 120410 ns, At safepoint: 12310045 ns, Total: 12430455 ns
[2022-07-22T08:14:52.612+0000][7][gc,marking  ] GC(332) Concurrent Rebuild Remembered Sets
[2022-07-22T08:14:52.702+0000][7][gc,marking  ] GC(332) Concurrent Rebuild Remembered Sets 89.248ms
[2022-07-22T08:14:52.702+0000][7][gc,start    ] GC(332) Pause Cleanup
[2022-07-22T08:14:52.702+0000][7][gc          ] GC(332) Pause Cleanup 115M->115M(256M) 0.081ms
[2022-07-22T08:14:52.702+0000][7][gc,cpu      ] GC(332) User=0.00s Sys=0.00s Real=0.00s
[2022-07-22T08:14:52.702+0000][7][safepoint   ] Safepoint "G1Concurrent", Time since last: 89367233 ns, Reaching safepoint: 106908 ns, At safepoint: 139666 ns, Total: 246574 ns
[2022-07-22T08:14:52.702+0000][7][gc,marking  ] GC(332) Concurrent Cleanup for Next Mark
[2022-07-22T08:14:52.702+0000][7][gc,marking  ] GC(332) Concurrent Cleanup for Next Mark 0.239ms
[2022-07-22T08:14:52.702+0000][7][gc          ] GC(332) Concurrent Cycle 253.385ms
[2022-07-22T08:14:55.703+0000][7][safepoint   ] Safepoint "Cleanup", Time since last: 3000365667 ns, Reaching safepoint: 154096 ns, At safepoint: 9210 ns, Total: 163306 ns
[2022-07-22T08:14:57.703+0000][7][safepoint   ] Safepoint "Cleanup", Time since last: 2000341581 ns, Reaching safepoint: 146406 ns, At safepoint: 7888 ns, Total: 154294 ns
[2022-07-22T08:14:59.704+0000][7][safepoint   ] Safepoint "Cleanup", Time since last: 2000677560 ns, Reaching safepoint: 115347 ns, At safepoint: 9420 ns, Total: 124767 ns
[2022-07-22T08:15:03.705+0000][7][safepoint   ] Safepoint "Cleanup", Time since last: 4000743438 ns, Reaching safepoint: 172633 ns, At safepoint: 8639 ns, Total: 181272 ns
[2022-07-22T08:15:13.707+0000][7][safepoint   ] Safepoint "Cleanup", Time since last: 10001945366 ns, Reaching safepoint: 152117 ns, At safepoint: 7907 ns, Total: 160024 ns
[2022-07-22T08:15:36.670+0000][7][gc,start    ] GC(333) Pause Young (Normal) (G1 Evacuation Pause)
[2022-07-22T08:15:36.670+0000][7][gc,task     ] GC(333) Using 4 workers of 4 for evacuation
[2022-07-22T08:15:36.670+0000][7][gc,age      ] GC(333) Desired survivor size 6291456 bytes, new threshold 15 (max threshold 15)
[2022-07-22T08:15:36.672+0000][7][gc,age      ] GC(333) Age table with threshold 15 (max threshold 15)
[2022-07-22T08:15:36.672+0000][7][gc,age      ] GC(333) - age   1:     682896 bytes,     682896 total
[2022-07-22T08:15:36.672+0000][7][gc,age      ] GC(333) - age   2:      42632 bytes,     725528 total
[2022-07-22T08:15:36.672+0000][7][gc,age      ] GC(333) - age   3:     154256 bytes,     879784 total
[2022-07-22T08:15:36.672+0000][7][gc,age      ] GC(333) - age   4:        640 bytes,     880424 total
[2022-07-22T08:15:36.672+0000][7][gc,age      ] GC(333) - age   5:       5208 bytes,     885632 total
[2022-07-22T08:15:36.672+0000][7][gc,age      ] GC(333) - age   6:        576 bytes,     886208 total
[2022-07-22T08:15:36.672+0000][7][gc,age      ] GC(333) - age   7:       1432 bytes,     887640 total
[2022-07-22T08:15:36.672+0000][7][gc,age      ] GC(333) - age   8:        352 bytes,     887992 total
[2022-07-22T08:15:36.672+0000][7][gc,age      ] GC(333) - age   9:        336 bytes,     888328 total
[2022-07-22T08:15:36.672+0000][7][gc,age      ] GC(333) - age  10:       1352 bytes,     889680 total
[2022-07-22T08:15:36.672+0000][7][gc,age      ] GC(333) - age  11:       4208 bytes,     893888 total
[2022-07-22T08:15:36.672+0000][7][gc,age      ] GC(333) - age  12:      20000 bytes,     913888 total
[2022-07-22T08:15:36.672+0000][7][gc,age      ] GC(333) - age  13:      19624 bytes,     933512 total
[2022-07-22T08:15:36.672+0000][7][gc,age      ] GC(333) - age  14:        208 bytes,     933720 total
[2022-07-22T08:15:36.672+0000][7][gc,age      ] GC(333) - age  15:       2384 bytes,     936104 total
[2022-07-22T08:15:36.673+0000][7][gc,phases   ] GC(333)   Pre Evacuate Collection Set: 0.1ms
[2022-07-22T08:15:36.673+0000][7][gc,phases   ] GC(333)   Merge Heap Roots: 0.1ms
[2022-07-22T08:15:36.673+0000][7][gc,phases   ] GC(333)   Evacuate Collection Set: 2.0ms
[2022-07-22T08:15:36.673+0000][7][gc,phases   ] GC(333)   Post Evacuate Collection Set: 0.5ms
[2022-07-22T08:15:36.673+0000][7][gc,phases   ] GC(333)   Other: 0.3ms
[2022-07-22T08:15:36.673+0000][7][gc,heap     ] GC(333) Eden regions: 22->0(23)
[2022-07-22T08:15:36.673+0000][7][gc,heap     ] GC(333) Survivor regions: 1->1(3)
[2022-07-22T08:15:36.673+0000][7][gc,heap     ] GC(333) Old regions: 25->25
[2022-07-22T08:15:36.673+0000][7][gc,heap     ] GC(333) Archive regions: 2->2
[2022-07-22T08:15:36.673+0000][7][gc,heap     ] GC(333) Humongous regions: 2->2
[2022-07-22T08:15:36.673+0000][7][gc,metaspace] GC(333) Metaspace: 112606K(117368K)->112606K(117368K) NonClass: 98423K(101804K)->98423K(101804K) Class: 14183K(15564K)->14183K(15564K)
[2022-07-22T08:15:36.673+0000][7][gc          ] GC(333) Pause Young (Normal) (G1 Evacuation Pause) 200M->111M(256M) 2.994ms
[2022-07-22T08:15:36.673+0000][7][gc,cpu      ] GC(333) User=0.01s Sys=0.00s Real=0.00s
[2022-07-22T08:15:36.673+0000][7][safepoint   ] Safepoint "G1CollectForAllocation", Time since last: 22962624376 ns, Reaching safepoint: 103943 ns, At safepoint: 3088541 ns, Total: 3192484 ns
[2022-07-22T08:15:40.673+0000][7][safepoint   ] Safepoint "Cleanup", Time since last: 4000662018 ns, Reaching safepoint: 128721 ns, At safepoint: 11533 ns, Total: 140254 ns
[2022-07-22T08:16:02.679+0000][7][safepoint   ] Safepoint "Cleanup", Time since last: 22005202987 ns, Reaching safepoint: 125287 ns, At safepoint: 7353 ns, Total: 132640 ns
[2022-07-22T08:16:15.714+0000][7][gc,start    ] GC(334) Pause Young (Concurrent Start) (G1 Evacuation Pause)
[2022-07-22T08:16:15.714+0000][7][gc,task     ] GC(334) Using 4 workers of 4 for evacuation
[2022-07-22T08:16:15.714+0000][7][gc,age      ] GC(334) Desired survivor size 6291456 bytes, new threshold 15 (max threshold 15)
[2022-07-22T08:16:15.718+0000][7][gc,age      ] GC(334) Age table with threshold 15 (max threshold 15)
[2022-07-22T08:16:15.718+0000][7][gc,age      ] GC(334) - age   1:    1986968 bytes,    1986968 total
[2022-07-22T08:16:15.718+0000][7][gc,age      ] GC(334) - age   2:     505656 bytes,    2492624 total
[2022-07-22T08:16:15.718+0000][7][gc,age      ] GC(334) - age   3:      41808 bytes,    2534432 total
[2022-07-22T08:16:15.718+0000][7][gc,age      ] GC(334) - age   4:     154000 bytes,    2688432 total
[2022-07-22T08:16:15.718+0000][7][gc,age      ] GC(334) - age   5:        448 bytes,    2688880 total
[2022-07-22T08:16:15.718+0000][7][gc,age      ] GC(334) - age   6:       5048 bytes,    2693928 total
[2022-07-22T08:16:15.718+0000][7][gc,age      ] GC(334) - age   7:        512 bytes,    2694440 total
[2022-07-22T08:16:15.718+0000][7][gc,age      ] GC(334) - age   8:       1368 bytes,    2695808 total
[2022-07-22T08:16:15.718+0000][7][gc,age      ] GC(334) - age   9:        352 bytes,    2696160 total
[2022-07-22T08:16:15.718+0000][7][gc,age      ] GC(334) - age  10:        336 bytes,    2696496 total
[2022-07-22T08:16:15.718+0000][7][gc,age      ] GC(334) - age  11:       1352 bytes,    2697848 total
[2022-07-22T08:16:15.718+0000][7][gc,age      ] GC(334) - age  12:       4208 bytes,    2702056 total
[2022-07-22T08:16:15.718+0000][7][gc,age      ] GC(334) - age  13:      20000 bytes,    2722056 total
[2022-07-22T08:16:15.718+0000][7][gc,age      ] GC(334) - age  14:      19624 bytes,    2741680 total
[2022-07-22T08:16:15.718+0000][7][gc,age      ] GC(334) - age  15:        208 bytes,    2741888 total
[2022-07-22T08:16:15.718+0000][7][gc,phases   ] GC(334)   Pre Evacuate Collection Set: 0.2ms
[2022-07-22T08:16:15.718+0000][7][gc,phases   ] GC(334)   Merge Heap Roots: 0.0ms
[2022-07-22T08:16:15.718+0000][7][gc,phases   ] GC(334)   Evacuate Collection Set: 2.6ms
[2022-07-22T08:16:15.718+0000][7][gc,phases   ] GC(334)   Post Evacuate Collection Set: 0.5ms
[2022-07-22T08:16:15.718+0000][7][gc,phases   ] GC(334)   Other: 0.4ms
[2022-07-22T08:16:15.718+0000][7][gc,heap     ] GC(334) Eden regions: 23->0(22)
[2022-07-22T08:16:15.718+0000][7][gc,heap     ] GC(334) Survivor regions: 1->1(3)
[2022-07-22T08:16:15.718+0000][7][gc,heap     ] GC(334) Old regions: 25->25
[2022-07-22T08:16:15.718+0000][7][gc,heap     ] GC(334) Archive regions: 2->2
[2022-07-22T08:16:15.718+0000][7][gc,heap     ] GC(334) Humongous regions: 2->2
[2022-07-22T08:16:15.718+0000][7][gc,metaspace] GC(334) Metaspace: 112616K(117368K)->112616K(117368K) NonClass: 98433K(101804K)->98433K(101804K) Class: 14183K(15564K)->14183K(15564K)
[2022-07-22T08:16:15.718+0000][7][gc          ] GC(334) Pause Young (Concurrent Start) (G1 Evacuation Pause) 203M->113M(256M) 3.777ms
[2022-07-22T08:16:15.718+0000][7][gc,cpu      ] GC(334) User=0.01s Sys=0.00s Real=0.00s
[2022-07-22T08:16:15.718+0000][7][gc          ] GC(335) Concurrent Cycle
[2022-07-22T08:16:15.718+0000][7][safepoint   ] Safepoint "G1CollectForAllocation", Time since last: 13035388658 ns, Reaching safepoint: 118320 ns, At safepoint: 3882573 ns, Total: 4000893 ns
[2022-07-22T08:16:15.718+0000][7][gc,marking  ] GC(335) Concurrent Clear Claimed Marks
[2022-07-22T08:16:15.718+0000][7][gc,marking  ] GC(335) Concurrent Clear Claimed Marks 0.116ms
[2022-07-22T08:16:15.718+0000][7][gc,marking  ] GC(335) Concurrent Scan Root Regions
[2022-07-22T08:16:15.721+0000][7][gc,marking  ] GC(335) Concurrent Scan Root Regions 2.336ms
[2022-07-22T08:16:15.721+0000][7][gc,marking  ] GC(335) Concurrent Mark (7442.362s)
[2022-07-22T08:16:15.721+0000][7][gc,marking  ] GC(335) Concurrent Mark From Roots
[2022-07-22T08:16:15.721+0000][7][gc,task     ] GC(335) Using 1 workers of 1 for marking
[2022-07-22T08:16:15.912+0000][7][gc,marking  ] GC(335) Concurrent Mark From Roots 191.393ms
[2022-07-22T08:16:15.912+0000][7][gc,marking  ] GC(335) Concurrent Preclean
[2022-07-22T08:16:15.913+0000][7][gc,marking  ] GC(335) Concurrent Preclean 0.310ms
[2022-07-22T08:16:15.913+0000][7][gc,marking  ] GC(335) Concurrent Mark (7442.362s, 7442.553s) 191.818ms
[2022-07-22T08:16:15.913+0000][7][gc,start    ] GC(335) Pause Remark
[2022-07-22T08:16:15.930+0000][7][gc          ] GC(335) Pause Remark 116M->116M(256M) 17.450ms
[2022-07-22T08:16:15.930+0000][7][gc,cpu      ] GC(335) User=0.05s Sys=0.01s Real=0.02s
[2022-07-22T08:16:15.930+0000][7][safepoint   ] Safepoint "G1Concurrent", Time since last: 194413196 ns, Reaching safepoint: 112317 ns, At safepoint: 17575630 ns, Total: 17687947 ns
[2022-07-22T08:16:15.930+0000][7][gc,marking  ] GC(335) Concurrent Rebuild Remembered Sets
[2022-07-22T08:16:16.039+0000][7][gc,marking  ] GC(335) Concurrent Rebuild Remembered Sets 109.103ms
[2022-07-22T08:16:16.040+0000][7][gc,start    ] GC(335) Pause Cleanup
[2022-07-22T08:16:16.040+0000][7][gc          ] GC(335) Pause Cleanup 116M->116M(256M) 0.089ms
[2022-07-22T08:16:16.040+0000][7][gc,cpu      ] GC(335) User=0.00s Sys=0.00s Real=0.00s
[2022-07-22T08:16:16.040+0000][7][safepoint   ] Safepoint "G1Concurrent", Time since last: 109246018 ns, Reaching safepoint: 108739 ns, At safepoint: 167129 ns, Total: 275868 ns
[2022-07-22T08:16:16.040+0000][7][gc,marking  ] GC(335) Concurrent Cleanup for Next Mark
[2022-07-22T08:16:16.040+0000][7][gc,marking  ] GC(335) Concurrent Cleanup for Next Mark 0.249ms
[2022-07-22T08:16:16.040+0000][7][gc          ] GC(335) Concurrent Cycle 321.942ms
[2022-07-22T08:16:52.581+0000][7][gc,start    ] GC(336) Pause Young (Normal) (G1 Evacuation Pause)
[2022-07-22T08:16:52.581+0000][7][gc,task     ] GC(336) Using 4 workers of 4 for evacuation
[2022-07-22T08:16:52.581+0000][7][gc,age      ] GC(336) Desired survivor size 6291456 bytes, new threshold 15 (max threshold 15)
[2022-07-22T08:16:52.584+0000][7][gc,age      ] GC(336) Age table with threshold 15 (max threshold 15)
[2022-07-22T08:16:52.584+0000][7][gc,age      ] GC(336) - age   1:    2518728 bytes,    2518728 total
[2022-07-22T08:16:52.584+0000][7][gc,age      ] GC(336) - age   2:      22200 bytes,    2540928 total
[2022-07-22T08:16:52.584+0000][7][gc,age      ] GC(336) - age   3:     213616 bytes,    2754544 total
[2022-07-22T08:16:52.584+0000][7][gc,age      ] GC(336) - age   4:      18192 bytes,    2772736 total
[2022-07-22T08:16:52.584+0000][7][gc,age      ] GC(336) - age   5:        528 bytes,    2773264 total
[2022-07-22T08:16:52.584+0000][7][gc,age      ] GC(336) - age   6:        256 bytes,    2773520 total
[2022-07-22T08:16:52.584+0000][7][gc,age      ] GC(336) - age   7:       4984 bytes,    2778504 total
[2022-07-22T08:16:52.584+0000][7][gc,age      ] GC(336) - age   8:        512 bytes,    2779016 total
[2022-07-22T08:16:52.584+0000][7][gc,age      ] GC(336) - age   9:       1368 bytes,    2780384 total
[2022-07-22T08:16:52.584+0000][7][gc,age      ] GC(336) - age  10:        288 bytes,    2780672 total
[2022-07-22T08:16:52.584+0000][7][gc,age      ] GC(336) - age  11:        336 bytes,    2781008 total
[2022-07-22T08:16:52.584+0000][7][gc,age      ] GC(336) - age  12:       1352 bytes,    2782360 total
[2022-07-22T08:16:52.584+0000][7][gc,age      ] GC(336) - age  13:       4208 bytes,    2786568 total
[2022-07-22T08:16:52.584+0000][7][gc,age      ] GC(336) - age  14:      20000 bytes,    2806568 total
[2022-07-22T08:16:52.584+0000][7][gc,age      ] GC(336) - age  15:      19624 bytes,    2826192 total
[2022-07-22T08:16:52.584+0000][7][gc,phases   ] GC(336)   Pre Evacuate Collection Set: 0.1ms
[2022-07-22T08:16:52.584+0000][7][gc,phases   ] GC(336)   Merge Heap Roots: 0.1ms
[2022-07-22T08:16:52.584+0000][7][gc,phases   ] GC(336)   Evacuate Collection Set: 2.7ms
[2022-07-22T08:16:52.584+0000][7][gc,phases   ] GC(336)   Post Evacuate Collection Set: 0.5ms
[2022-07-22T08:16:52.584+0000][7][gc,phases   ] GC(336)   Other: 0.4ms
[2022-07-22T08:16:52.584+0000][7][gc,heap     ] GC(336) Eden regions: 22->0(22)
[2022-07-22T08:16:52.584+0000][7][gc,heap     ] GC(336) Survivor regions: 1->1(3)
[2022-07-22T08:16:52.584+0000][7][gc,heap     ] GC(336) Old regions: 25->25
[2022-07-22T08:16:52.584+0000][7][gc,heap     ] GC(336) Archive regions: 2->2
[2022-07-22T08:16:52.584+0000][7][gc,heap     ] GC(336) Humongous regions: 2->2
[2022-07-22T08:16:52.584+0000][7][gc,metaspace] GC(336) Metaspace: 112618K(117368K)->112618K(117368K) NonClass: 98435K(101804K)->98435K(101804K) Class: 14183K(15564K)->14183K(15564K)
[2022-07-22T08:16:52.584+0000][7][gc          ] GC(336) Pause Young (Normal) (G1 Evacuation Pause) 201M->113M(256M) 3.800ms
[2022-07-22T08:16:52.584+0000][7][gc,cpu      ] GC(336) User=0.01s Sys=0.00s Real=0.00s
[2022-07-22T08:16:52.584+0000][7][safepoint   ] Safepoint "G1CollectForAllocation", Time since last: 36540604919 ns, Reaching safepoint: 131193 ns, At safepoint: 3901927 ns, Total: 4033120 ns
[2022-07-22T08:17:02.587+0000][7][safepoint   ] Safepoint "Cleanup", Time since last: 10001994280 ns, Reaching safepoint: 153921 ns, At safepoint: 11871 ns, Total: 165792 ns
[2022-07-22T08:17:16.589+0000][7][safepoint   ] Safepoint "Cleanup", Time since last: 14002586402 ns, Reaching safepoint: 150865 ns, At safepoint: 6212 ns, Total: 157077 ns
[2022-07-22T08:17:34.619+0000][7][gc,start    ] GC(337) Pause Young (Concurrent Start) (G1 Evacuation Pause)
[2022-07-22T08:17:34.619+0000][7][gc,task     ] GC(337) Using 4 workers of 4 for evacuation
[2022-07-22T08:17:34.619+0000][7][gc,age      ] GC(337) Desired survivor size 6291456 bytes, new threshold 15 (max threshold 15)
[2022-07-22T08:17:34.622+0000][7][gc,age      ] GC(337) Age table with threshold 15 (max threshold 15)
[2022-07-22T08:17:34.622+0000][7][gc,age      ] GC(337) - age   1:    1707848 bytes,    1707848 total
[2022-07-22T08:17:34.622+0000][7][gc,age      ] GC(337) - age   2:     156248 bytes,    1864096 total
[2022-07-22T08:17:34.622+0000][7][gc,age      ] GC(337) - age   3:      19152 bytes,    1883248 total
[2022-07-22T08:17:34.622+0000][7][gc,age      ] GC(337) - age   4:      25984 bytes,    1909232 total
[2022-07-22T08:17:34.622+0000][7][gc,age      ] GC(337) - age   5:      17560 bytes,    1926792 total
[2022-07-22T08:17:34.622+0000][7][gc,age      ] GC(337) - age   6:        176 bytes,    1926968 total
[2022-07-22T08:17:34.622+0000][7][gc,age      ] GC(337) - age   7:        192 bytes,    1927160 total
[2022-07-22T08:17:34.622+0000][7][gc,age      ] GC(337) - age   8:       4984 bytes,    1932144 total
[2022-07-22T08:17:34.622+0000][7][gc,age      ] GC(337) - age   9:        160 bytes,    1932304 total
[2022-07-22T08:17:34.622+0000][7][gc,age      ] GC(337) - age  10:       1304 bytes,    1933608 total
[2022-07-22T08:17:34.622+0000][7][gc,age      ] GC(337) - age  11:        288 bytes,    1933896 total
[2022-07-22T08:17:34.622+0000][7][gc,age      ] GC(337) - age  12:        336 bytes,    1934232 total
[2022-07-22T08:17:34.622+0000][7][gc,age      ] GC(337) - age  13:       1352 bytes,    1935584 total
[2022-07-22T08:17:34.622+0000][7][gc,age      ] GC(337) - age  14:       4208 bytes,    1939792 total
[2022-07-22T08:17:34.622+0000][7][gc,age      ] GC(337) - age  15:      20000 bytes,    1959792 total
[2022-07-22T08:17:34.622+0000][7][gc,phases   ] GC(337)   Pre Evacuate Collection Set: 0.1ms
[2022-07-22T08:17:34.622+0000][7][gc,phases   ] GC(337)   Merge Heap Roots: 0.0ms
[2022-07-22T08:17:34.622+0000][7][gc,phases   ] GC(337)   Evacuate Collection Set: 2.2ms
[2022-07-22T08:17:34.622+0000][7][gc,phases   ] GC(337)   Post Evacuate Collection Set: 0.4ms
[2022-07-22T08:17:34.622+0000][7][gc,phases   ] GC(337)   Other: 0.3ms
[2022-07-22T08:17:34.622+0000][7][gc,heap     ] GC(337) Eden regions: 22->0(22)
[2022-07-22T08:17:34.622+0000][7][gc,heap     ] GC(337) Survivor regions: 1->1(3)
[2022-07-22T08:17:34.622+0000][7][gc,heap     ] GC(337) Old regions: 25->25
[2022-07-22T08:17:34.622+0000][7][gc,heap     ] GC(337) Archive regions: 2->2
[2022-07-22T08:17:34.622+0000][7][gc,heap     ] GC(337) Humongous regions: 2->2
[2022-07-22T08:17:34.622+0000][7][gc,metaspace] GC(337) Metaspace: 112636K(117368K)->112636K(117368K) NonClass: 98453K(101804K)->98453K(101804K) Class: 14183K(15564K)->14183K(15564K)
[2022-07-22T08:17:34.622+0000][7][gc          ] GC(337) Pause Young (Concurrent Start) (G1 Evacuation Pause) 201M->113M(256M) 3.236ms
[2022-07-22T08:17:34.622+0000][7][gc,cpu      ] GC(337) User=0.01s Sys=0.00s Real=0.00s
[2022-07-22T08:17:34.622+0000][7][gc          ] GC(338) Concurrent Cycle
[2022-07-22T08:17:34.622+0000][7][safepoint   ] Safepoint "G1CollectForAllocation", Time since last: 18029382331 ns, Reaching safepoint: 110257 ns, At safepoint: 3336502 ns, Total: 3446759 ns
[2022-07-22T08:17:34.622+0000][7][gc,marking  ] GC(338) Concurrent Clear Claimed Marks
[2022-07-22T08:17:34.622+0000][7][gc,marking  ] GC(338) Concurrent Clear Claimed Marks 0.110ms
[2022-07-22T08:17:34.622+0000][7][gc,marking  ] GC(338) Concurrent Scan Root Regions
[2022-07-22T08:17:34.624+0000][7][gc,marking  ] GC(338) Concurrent Scan Root Regions 2.063ms
[2022-07-22T08:17:34.624+0000][7][gc,marking  ] GC(338) Concurrent Mark (7521.265s)
[2022-07-22T08:17:34.624+0000][7][gc,marking  ] GC(338) Concurrent Mark From Roots
[2022-07-22T08:17:34.624+0000][7][gc,task     ] GC(338) Using 1 workers of 1 for marking
[2022-07-22T08:17:34.771+0000][7][gc,marking  ] GC(338) Concurrent Mark From Roots 146.229ms
[2022-07-22T08:17:34.771+0000][7][gc,marking  ] GC(338) Concurrent Preclean
[2022-07-22T08:17:34.771+0000][7][gc,marking  ] GC(338) Concurrent Preclean 0.231ms
[2022-07-22T08:17:34.771+0000][7][gc,marking  ] GC(338) Concurrent Mark (7521.265s, 7521.412s) 146.546ms
[2022-07-22T08:17:34.771+0000][7][gc,start    ] GC(338) Pause Remark
[2022-07-22T08:17:34.784+0000][7][gc          ] GC(338) Pause Remark 118M->118M(256M) 12.297ms
[2022-07-22T08:17:34.784+0000][7][gc,cpu      ] GC(338) User=0.04s Sys=0.00s Real=0.01s
[2022-07-22T08:17:34.784+0000][7][safepoint   ] Safepoint "G1Concurrent", Time since last: 148838622 ns, Reaching safepoint: 172765 ns, At safepoint: 12401690 ns, Total: 12574455 ns
[2022-07-22T08:17:34.784+0000][7][gc,marking  ] GC(338) Concurrent Rebuild Remembered Sets
[2022-07-22T08:17:34.874+0000][7][gc,marking  ] GC(338) Concurrent Rebuild Remembered Sets 90.102ms
[2022-07-22T08:17:34.874+0000][7][gc,start    ] GC(338) Pause Cleanup
[2022-07-22T08:17:34.874+0000][7][gc          ] GC(338) Pause Cleanup 118M->118M(256M) 0.122ms
[2022-07-22T08:17:34.874+0000][7][gc,cpu      ] GC(338) User=0.00s Sys=0.00s Real=0.00s
[2022-07-22T08:17:34.874+0000][7][safepoint   ] Safepoint "G1Concurrent", Time since last: 90235374 ns, Reaching safepoint: 139380 ns, At safepoint: 207018 ns, Total: 346398 ns
[2022-07-22T08:17:34.874+0000][7][gc,marking  ] GC(338) Concurrent Cleanup for Next Mark
[2022-07-22T08:17:34.874+0000][7][gc,marking  ] GC(338) Concurrent Cleanup for Next Mark 0.253ms
[2022-07-22T08:17:34.875+0000][7][gc          ] GC(338) Concurrent Cycle 252.330ms
[2022-07-22T08:17:40.876+0000][7][safepoint   ] Safepoint "Cleanup", Time since last: 6001435181 ns, Reaching safepoint: 178838 ns, At safepoint: 20079 ns, Total: 198917 ns
[2022-07-22T08:17:41.876+0000][7][safepoint   ] Safepoint "Cleanup", Time since last: 1000407645 ns, Reaching safepoint: 148073 ns, At safepoint: 6857 ns, Total: 154930 ns
[2022-07-22T08:18:00.682+0000][7][gc,start    ] GC(339) Pause Young (Normal) (G1 Evacuation Pause)
[2022-07-22T08:18:00.682+0000][7][gc,task     ] GC(339) Using 4 workers of 4 for evacuation
[2022-07-22T08:18:00.682+0000][7][gc,age      ] GC(339) Desired survivor size 6291456 bytes, new threshold 15 (max threshold 15)
[2022-07-22T08:18:00.686+0000][7][gc,age      ] GC(339) Age table with threshold 15 (max threshold 15)
[2022-07-22T08:18:00.686+0000][7][gc,age      ] GC(339) - age   1:    1543304 bytes,    1543304 total
[2022-07-22T08:18:00.686+0000][7][gc,age      ] GC(339) - age   2:       5392 bytes,    1548696 total
[2022-07-22T08:18:00.686+0000][7][gc,age      ] GC(339) - age   3:     153768 bytes,    1702464 total
[2022-07-22T08:18:00.686+0000][7][gc,age      ] GC(339) - age   4:      18520 bytes,    1720984 total
[2022-07-22T08:18:00.686+0000][7][gc,age      ] GC(339) - age   5:        928 bytes,    1721912 total
[2022-07-22T08:18:00.686+0000][7][gc,age      ] GC(339) - age   6:      17368 bytes,    1739280 total
[2022-07-22T08:18:00.686+0000][7][gc,age      ] GC(339) - age   7:        176 bytes,    1739456 total
[2022-07-22T08:18:00.686+0000][7][gc,age      ] GC(339) - age   8:        192 bytes,    1739648 total
[2022-07-22T08:18:00.686+0000][7][gc,age      ] GC(339) - age   9:       4320 bytes,    1743968 total
[2022-07-22T08:18:00.686+0000][7][gc,age      ] GC(339) - age  10:        160 bytes,    1744128 total
[2022-07-22T08:18:00.686+0000][7][gc,age      ] GC(339) - age  11:       1304 bytes,    1745432 total
[2022-07-22T08:18:00.686+0000][7][gc,age      ] GC(339) - age  12:        272 bytes,    1745704 total
[2022-07-22T08:18:00.686+0000][7][gc,age      ] GC(339) - age  13:        336 bytes,    1746040 total
[2022-07-22T08:18:00.686+0000][7][gc,age      ] GC(339) - age  14:        976 bytes,    1747016 total
[2022-07-22T08:18:00.686+0000][7][gc,age      ] GC(339) - age  15:       3912 bytes,    1750928 total
[2022-07-22T08:18:00.686+0000][7][gc,phases   ] GC(339)   Pre Evacuate Collection Set: 0.1ms
[2022-07-22T08:18:00.686+0000][7][gc,phases   ] GC(339)   Merge Heap Roots: 0.1ms
[2022-07-22T08:18:00.686+0000][7][gc,phases   ] GC(339)   Evacuate Collection Set: 2.6ms
[2022-07-22T08:18:00.686+0000][7][gc,phases   ] GC(339)   Post Evacuate Collection Set: 0.6ms
[2022-07-22T08:18:00.686+0000][7][gc,phases   ] GC(339)   Other: 0.4ms
[2022-07-22T08:18:00.686+0000][7][gc,heap     ] GC(339) Eden regions: 22->0(22)
[2022-07-22T08:18:00.686+0000][7][gc,heap     ] GC(339) Survivor regions: 1->1(3)
[2022-07-22T08:18:00.686+0000][7][gc,heap     ] GC(339) Old regions: 25->25
[2022-07-22T08:18:00.686+0000][7][gc,heap     ] GC(339) Archive regions: 2->2
[2022-07-22T08:18:00.686+0000][7][gc,heap     ] GC(339) Humongous regions: 2->2
[2022-07-22T08:18:00.686+0000][7][gc,metaspace] GC(339) Metaspace: 112651K(117368K)->112651K(117368K) NonClass: 98468K(101804K)->98468K(101804K) Class: 14183K(15564K)->14183K(15564K)
[2022-07-22T08:18:00.686+0000][7][gc          ] GC(339) Pause Young (Normal) (G1 Evacuation Pause) 201M->112M(256M) 3.777ms
[2022-07-22T08:18:00.686+0000][7][gc,cpu      ] GC(339) User=0.02s Sys=0.00s Real=0.01s
[2022-07-22T08:18:00.686+0000][7][safepoint   ] Safepoint "G1CollectForAllocation", Time since last: 18805850413 ns, Reaching safepoint: 83768 ns, At safepoint: 3890994 ns, Total: 3974762 ns
[2022-07-22T08:18:02.687+0000][7][safepoint   ] Safepoint "Cleanup", Time since last: 2000302654 ns, Reaching safepoint: 132510 ns, At safepoint: 9217 ns, Total: 141727 ns
[2022-07-22T08:18:03.687+0000][7][safepoint   ] Safepoint "Cleanup", Time since last: 1000136917 ns, Reaching safepoint: 150647 ns, At safepoint: 4680 ns, Total: 155327 ns
[2022-07-22T08:18:04.687+0000][7][safepoint   ] Safepoint "Cleanup", Time since last: 1000179711 ns, Reaching safepoint: 111981 ns, At safepoint: 6743 ns, Total: 118724 ns
[2022-07-22T08:18:17.690+0000][7][safepoint   ] Safepoint "Cleanup", Time since last: 13003118274 ns, Reaching safepoint: 126329 ns, At safepoint: 7178 ns, Total: 133507 ns
[2022-07-22T08:18:27.693+0000][7][safepoint   ] Safepoint "Cleanup", Time since last: 10001987281 ns, Reaching safepoint: 129702 ns, At safepoint: 3536 ns, Total: 133238 ns
[2022-07-22T08:18:36.706+0000][7][gc,start    ] GC(340) Pause Young (Concurrent Start) (G1 Evacuation Pause)
[2022-07-22T08:18:36.706+0000][7][gc,task     ] GC(340) Using 4 workers of 4 for evacuation
[2022-07-22T08:18:36.706+0000][7][gc,age      ] GC(340) Desired survivor size 6291456 bytes, new threshold 15 (max threshold 15)
[2022-07-22T08:18:36.709+0000][7][gc,age      ] GC(340) Age table with threshold 15 (max threshold 15)
[2022-07-22T08:18:36.709+0000][7][gc,age      ] GC(340) - age   1:    1094288 bytes,    1094288 total
[2022-07-22T08:18:36.709+0000][7][gc,age      ] GC(340) - age   2:     618936 bytes,    1713224 total
[2022-07-22T08:18:36.709+0000][7][gc,age      ] GC(340) - age   3:       3136 bytes,    1716360 total
[2022-07-22T08:18:36.709+0000][7][gc,age      ] GC(340) - age   4:       1016 bytes,    1717376 total
[2022-07-22T08:18:36.709+0000][7][gc,age      ] GC(340) - age   5:       1976 bytes,    1719352 total
[2022-07-22T08:18:36.709+0000][7][gc,age      ] GC(340) - age   6:        928 bytes,    1720280 total
[2022-07-22T08:18:36.709+0000][7][gc,age      ] GC(340) - age   7:      17368 bytes,    1737648 total
[2022-07-22T08:18:36.709+0000][7][gc,age      ] GC(340) - age   8:        176 bytes,    1737824 total
[2022-07-22T08:18:36.709+0000][7][gc,age      ] GC(340) - age   9:        192 bytes,    1738016 total
[2022-07-22T08:18:36.709+0000][7][gc,age      ] GC(340) - age  10:       4320 bytes,    1742336 total
[2022-07-22T08:18:36.709+0000][7][gc,age      ] GC(340) - age  11:        160 bytes,    1742496 total
[2022-07-22T08:18:36.709+0000][7][gc,age      ] GC(340) - age  12:       1304 bytes,    1743800 total
[2022-07-22T08:18:36.709+0000][7][gc,age      ] GC(340) - age  13:        272 bytes,    1744072 total
[2022-07-22T08:18:36.709+0000][7][gc,age      ] GC(340) - age  14:        336 bytes,    1744408 total
[2022-07-22T08:18:36.709+0000][7][gc,age      ] GC(340) - age  15:        976 bytes,    1745384 total
[2022-07-22T08:18:36.709+0000][7][gc,phases   ] GC(340)   Pre Evacuate Collection Set: 0.1ms
[2022-07-22T08:18:36.709+0000][7][gc,phases   ] GC(340)   Merge Heap Roots: 0.0ms
[2022-07-22T08:18:36.709+0000][7][gc,phases   ] GC(340)   Evacuate Collection Set: 2.0ms
[2022-07-22T08:18:36.709+0000][7][gc,phases   ] GC(340)   Post Evacuate Collection Set: 0.6ms
[2022-07-22T08:18:36.709+0000][7][gc,phases   ] GC(340)   Other: 0.4ms
[2022-07-22T08:18:36.709+0000][7][gc,heap     ] GC(340) Eden regions: 22->0(22)
[2022-07-22T08:18:36.709+0000][7][gc,heap     ] GC(340) Survivor regions: 1->1(3)
[2022-07-22T08:18:36.709+0000][7][gc,heap     ] GC(340) Old regions: 25->25
[2022-07-22T08:18:36.709+0000][7][gc,heap     ] GC(340) Archive regions: 2->2
[2022-07-22T08:18:36.709+0000][7][gc,heap     ] GC(340) Humongous regions: 2->2
[2022-07-22T08:18:36.709+0000][7][gc,metaspace] GC(340) Metaspace: 112675K(117368K)->112675K(117368K) NonClass: 98492K(101804K)->98492K(101804K) Class: 14183K(15564K)->14183K(15564K)
[2022-07-22T08:18:36.709+0000][7][gc          ] GC(340) Pause Young (Concurrent Start) (G1 Evacuation Pause) 200M->112M(256M) 3.242ms
[2022-07-22T08:18:36.709+0000][7][gc,cpu      ] GC(340) User=0.01s Sys=0.01s Real=0.00s
[2022-07-22T08:18:36.709+0000][7][gc          ] GC(341) Concurrent Cycle
[2022-07-22T08:18:36.709+0000][7][gc,marking  ] GC(341) Concurrent Clear Claimed Marks
[2022-07-22T08:18:36.709+0000][7][safepoint   ] Safepoint "G1CollectForAllocation", Time since last: 9013010571 ns, Reaching safepoint: 119615 ns, At safepoint: 3348068 ns, Total: 3467683 ns
[2022-07-22T08:18:36.709+0000][7][gc,marking  ] GC(341) Concurrent Clear Claimed Marks 0.106ms
[2022-07-22T08:18:36.709+0000][7][gc,marking  ] GC(341) Concurrent Scan Root Regions
[2022-07-22T08:18:36.711+0000][7][gc,marking  ] GC(341) Concurrent Scan Root Regions 2.039ms
[2022-07-22T08:18:36.711+0000][7][gc,marking  ] GC(341) Concurrent Mark (7583.352s)
[2022-07-22T08:18:36.711+0000][7][gc,marking  ] GC(341) Concurrent Mark From Roots
[2022-07-22T08:18:36.711+0000][7][gc,task     ] GC(341) Using 1 workers of 1 for marking
[2022-07-22T08:18:36.865+0000][7][gc,marking  ] GC(341) Concurrent Mark From Roots 153.195ms
[2022-07-22T08:18:36.865+0000][7][gc,marking  ] GC(341) Concurrent Preclean
[2022-07-22T08:18:36.865+0000][7][gc,marking  ] GC(341) Concurrent Preclean 0.236ms
[2022-07-22T08:18:36.865+0000][7][gc,marking  ] GC(341) Concurrent Mark (7583.352s, 7583.506s) 153.503ms
[2022-07-22T08:18:36.865+0000][7][gc,start    ] GC(341) Pause Remark
[2022-07-22T08:18:36.878+0000][7][gc          ] GC(341) Pause Remark 121M->121M(256M) 12.923ms
[2022-07-22T08:18:36.878+0000][7][gc,cpu      ] GC(341) User=0.04s Sys=0.00s Real=0.02s
[2022-07-22T08:18:36.878+0000][7][safepoint   ] Safepoint "G1Concurrent", Time since last: 155769960 ns, Reaching safepoint: 96931 ns, At safepoint: 13039896 ns, Total: 13136827 ns
[2022-07-22T08:18:36.878+0000][7][gc,marking  ] GC(341) Concurrent Rebuild Remembered Sets
[2022-07-22T08:18:36.967+0000][7][gc,marking  ] GC(341) Concurrent Rebuild Remembered Sets 89.400ms
[2022-07-22T08:18:36.968+0000][7][gc,start    ] GC(341) Pause Cleanup
[2022-07-22T08:18:36.968+0000][7][gc          ] GC(341) Pause Cleanup 121M->121M(256M) 0.109ms
[2022-07-22T08:18:36.968+0000][7][gc,cpu      ] GC(341) User=0.00s Sys=0.00s Real=0.00s
[2022-07-22T08:18:36.968+0000][7][safepoint   ] Safepoint "G1Concurrent", Time since last: 89531119 ns, Reaching safepoint: 147820 ns, At safepoint: 188345 ns, Total: 336165 ns
[2022-07-22T08:18:36.968+0000][7][gc,marking  ] GC(341) Concurrent Cleanup for Next Mark
[2022-07-22T08:18:36.968+0000][7][gc,marking  ] GC(341) Concurrent Cleanup for Next Mark 0.266ms
[2022-07-22T08:18:36.968+0000][7][gc          ] GC(341) Concurrent Cycle 259.136ms
[2022-07-22T08:19:03.974+0000][7][safepoint   ] Safepoint "Cleanup", Time since last: 27005909109 ns, Reaching safepoint: 154214 ns, At safepoint: 7087 ns, Total: 161301 ns
[2022-07-22T08:19:04.402+0000][7][gc,start    ] GC(342) Pause Young (Normal) (G1 Evacuation Pause)
[2022-07-22T08:19:04.402+0000][7][gc,task     ] GC(342) Using 4 workers of 4 for evacuation
[2022-07-22T08:19:04.402+0000][7][gc,age      ] GC(342) Desired survivor size 6291456 bytes, new threshold 15 (max threshold 15)
[2022-07-22T08:19:04.405+0000][7][gc,age      ] GC(342) Age table with threshold 15 (max threshold 15)
[2022-07-22T08:19:04.405+0000][7][gc,age      ] GC(342) - age   1:    1247624 bytes,    1247624 total
[2022-07-22T08:19:04.405+0000][7][gc,age      ] GC(342) - age   2:     186584 bytes,    1434208 total
[2022-07-22T08:19:04.405+0000][7][gc,age      ] GC(342) - age   3:     424400 bytes,    1858608 total
[2022-07-22T08:19:04.405+0000][7][gc,age      ] GC(342) - age   4:       2568 bytes,    1861176 total
[2022-07-22T08:19:04.405+0000][7][gc,age      ] GC(342) - age   5:        512 bytes,    1861688 total
[2022-07-22T08:19:04.405+0000][7][gc,age      ] GC(342) - age   6:       1784 bytes,    1863472 total
[2022-07-22T08:19:04.405+0000][7][gc,age      ] GC(342) - age   7:        928 bytes,    1864400 total
[2022-07-22T08:19:04.405+0000][7][gc,age      ] GC(342) - age   8:      17368 bytes,    1881768 total
[2022-07-22T08:19:04.405+0000][7][gc,age      ] GC(342) - age   9:        176 bytes,    1881944 total
[2022-07-22T08:19:04.405+0000][7][gc,age      ] GC(342) - age  10:        192 bytes,    1882136 total
[2022-07-22T08:19:04.405+0000][7][gc,age      ] GC(342) - age  11:       4320 bytes,    1886456 total
[2022-07-22T08:19:04.405+0000][7][gc,age      ] GC(342) - age  12:        160 bytes,    1886616 total
[2022-07-22T08:19:04.405+0000][7][gc,age      ] GC(342) - age  13:       1304 bytes,    1887920 total
[2022-07-22T08:19:04.405+0000][7][gc,age      ] GC(342) - age  14:         32 bytes,    1887952 total
[2022-07-22T08:19:04.405+0000][7][gc,age      ] GC(342) - age  15:        336 bytes,    1888288 total
[2022-07-22T08:19:04.405+0000][7][gc,phases   ] GC(342)   Pre Evacuate Collection Set: 0.1ms
[2022-07-22T08:19:04.405+0000][7][gc,phases   ] GC(342)   Merge Heap Roots: 0.1ms
[2022-07-22T08:19:04.405+0000][7][gc,phases   ] GC(342)   Evacuate Collection Set: 1.9ms
[2022-07-22T08:19:04.405+0000][7][gc,phases   ] GC(342)   Post Evacuate Collection Set: 0.5ms
[2022-07-22T08:19:04.405+0000][7][gc,phases   ] GC(342)   Other: 0.4ms
[2022-07-22T08:19:04.405+0000][7][gc,heap     ] GC(342) Eden regions: 22->0(22)
[2022-07-22T08:19:04.405+0000][7][gc,heap     ] GC(342) Survivor regions: 1->1(3)
[2022-07-22T08:19:04.405+0000][7][gc,heap     ] GC(342) Old regions: 25->25
[2022-07-22T08:19:04.405+0000][7][gc,heap     ] GC(342) Archive regions: 2->2
[2022-07-22T08:19:04.405+0000][7][gc,heap     ] GC(342) Humongous regions: 2->2
[2022-07-22T08:19:04.405+0000][7][gc,metaspace] GC(342) Metaspace: 112688K(117368K)->112688K(117368K) NonClass: 98505K(101804K)->98505K(101804K) Class: 14183K(15564K)->14183K(15564K)
[2022-07-22T08:19:04.405+0000][7][gc          ] GC(342) Pause Young (Normal) (G1 Evacuation Pause) 200M->112M(256M) 3.139ms
[2022-07-22T08:19:04.405+0000][7][gc,cpu      ] GC(342) User=0.01s Sys=0.00s Real=0.00s
[2022-07-22T08:19:04.405+0000][7][safepoint   ] Safepoint "G1CollectForAllocation", Time since last: 428167519 ns, Reaching safepoint: 114255 ns, At safepoint: 3239771 ns, Total: 3354026 ns
[2022-07-22T08:19:05.406+0000][7][safepoint   ] Safepoint "Cleanup", Time since last: 1000302640 ns, Reaching safepoint: 145503 ns, At safepoint: 6498 ns, Total: 152001 ns
[2022-07-22T08:19:16.408+0000][7][safepoint   ] Safepoint "Cleanup", Time since last: 11002284685 ns, Reaching safepoint: 147987 ns, At safepoint: 7149 ns, Total: 155136 ns
[2022-07-22T08:19:27.410+0000][7][safepoint   ] Safepoint "Cleanup", Time since last: 11001944822 ns, Reaching safepoint: 117350 ns, At safepoint: 10143 ns, Total: 127493 ns
[2022-07-22T08:19:40.414+0000][7][safepoint   ] Safepoint "Cleanup", Time since last: 13003291358 ns, Reaching safepoint: 148496 ns, At safepoint: 8756 ns, Total: 157252 ns
[2022-07-22T08:19:40.810+0000][7][gc,start    ] GC(343) Pause Young (Concurrent Start) (G1 Evacuation Pause)
[2022-07-22T08:19:40.810+0000][7][gc,task     ] GC(343) Using 4 workers of 4 for evacuation
[2022-07-22T08:19:40.810+0000][7][gc,age      ] GC(343) Desired survivor size 6291456 bytes, new threshold 15 (max threshold 15)
[2022-07-22T08:19:40.814+0000][7][gc,age      ] GC(343) Age table with threshold 15 (max threshold 15)
[2022-07-22T08:19:40.814+0000][7][gc,age      ] GC(343) - age   1:    2524168 bytes,    2524168 total
[2022-07-22T08:19:40.814+0000][7][gc,age      ] GC(343) - age   2:     184384 bytes,    2708552 total
[2022-07-22T08:19:40.814+0000][7][gc,age      ] GC(343) - age   3:     186264 bytes,    2894816 total
[2022-07-22T08:19:40.814+0000][7][gc,age      ] GC(343) - age   4:     424048 bytes,    3318864 total
[2022-07-22T08:19:40.814+0000][7][gc,age      ] GC(343) - age   5:       2280 bytes,    3321144 total
[2022-07-22T08:19:40.814+0000][7][gc,age      ] GC(343) - age   6:        384 bytes,    3321528 total
[2022-07-22T08:19:40.814+0000][7][gc,age      ] GC(343) - age   7:       1784 bytes,    3323312 total
[2022-07-22T08:19:40.814+0000][7][gc,age      ] GC(343) - age   8:        928 bytes,    3324240 total
[2022-07-22T08:19:40.814+0000][7][gc,age      ] GC(343) - age   9:      17368 bytes,    3341608 total
[2022-07-22T08:19:40.814+0000][7][gc,age      ] GC(343) - age  10:        176 bytes,    3341784 total
[2022-07-22T08:19:40.814+0000][7][gc,age      ] GC(343) - age  11:        192 bytes,    3341976 total
[2022-07-22T08:19:40.814+0000][7][gc,age      ] GC(343) - age  12:       4320 bytes,    3346296 total
[2022-07-22T08:19:40.814+0000][7][gc,age      ] GC(343) - age  13:        160 bytes,    3346456 total
[2022-07-22T08:19:40.814+0000][7][gc,age      ] GC(343) - age  14:       1304 bytes,    3347760 total
[2022-07-22T08:19:40.814+0000][7][gc,age      ] GC(343) - age  15:         32 bytes,    3347792 total
[2022-07-22T08:19:40.814+0000][7][gc,phases   ] GC(343)   Pre Evacuate Collection Set: 0.2ms
[2022-07-22T08:19:40.815+0000][7][gc,phases   ] GC(343)   Merge Heap Roots: 0.0ms
[2022-07-22T08:19:40.815+0000][7][gc,phases   ] GC(343)   Evacuate Collection Set: 3.4ms
[2022-07-22T08:19:40.815+0000][7][gc,phases   ] GC(343)   Post Evacuate Collection Set: 0.5ms
[2022-07-22T08:19:40.815+0000][7][gc,phases   ] GC(343)   Other: 0.4ms
[2022-07-22T08:19:40.815+0000][7][gc,heap     ] GC(343) Eden regions: 22->0(22)
[2022-07-22T08:19:40.815+0000][7][gc,heap     ] GC(343) Survivor regions: 1->1(3)
[2022-07-22T08:19:40.815+0000][7][gc,heap     ] GC(343) Old regions: 25->25
[2022-07-22T08:19:40.815+0000][7][gc,heap     ] GC(343) Archive regions: 2->2
[2022-07-22T08:19:40.815+0000][7][gc,heap     ] GC(343) Humongous regions: 2->2
[2022-07-22T08:19:40.815+0000][7][gc,metaspace] GC(343) Metaspace: 112697K(117368K)->112697K(117368K) NonClass: 98514K(101804K)->98514K(101804K) Class: 14183K(15564K)->14183K(15564K)
[2022-07-22T08:19:40.815+0000][7][gc          ] GC(343) Pause Young (Concurrent Start) (G1 Evacuation Pause) 200M->114M(256M) 4.557ms
[2022-07-22T08:19:40.815+0000][7][gc,cpu      ] GC(343) User=0.01s Sys=0.00s Real=0.01s
[2022-07-22T08:19:40.815+0000][7][gc          ] GC(344) Concurrent Cycle
[2022-07-22T08:19:40.815+0000][7][safepoint   ] Safepoint "G1CollectForAllocation", Time since last: 396017795 ns, Reaching safepoint: 116007 ns, At safepoint: 4656067 ns, Total: 4772074 ns
[2022-07-22T08:19:40.815+0000][7][gc,marking  ] GC(344) Concurrent Clear Claimed Marks
[2022-07-22T08:19:40.815+0000][7][gc,marking  ] GC(344) Concurrent Clear Claimed Marks 0.095ms
[2022-07-22T08:19:40.815+0000][7][gc,marking  ] GC(344) Concurrent Scan Root Regions
[2022-07-22T08:19:40.818+0000][7][gc,marking  ] GC(344) Concurrent Scan Root Regions 3.434ms
[2022-07-22T08:19:40.818+0000][7][gc,marking  ] GC(344) Concurrent Mark (7647.459s)
[2022-07-22T08:19:40.818+0000][7][gc,marking  ] GC(344) Concurrent Mark From Roots
[2022-07-22T08:19:40.818+0000][7][gc,task     ] GC(344) Using 1 workers of 1 for marking
[2022-07-22T08:19:40.968+0000][7][gc,marking  ] GC(344) Concurrent Mark From Roots 149.643ms
[2022-07-22T08:19:40.968+0000][7][gc,marking  ] GC(344) Concurrent Preclean
[2022-07-22T08:19:40.968+0000][7][gc,marking  ] GC(344) Concurrent Preclean 0.192ms
[2022-07-22T08:19:40.968+0000][7][gc,marking  ] GC(344) Concurrent Mark (7647.459s, 7647.609s) 149.926ms
[2022-07-22T08:19:40.968+0000][7][gc,start    ] GC(344) Pause Remark
[2022-07-22T08:19:40.981+0000][7][gc          ] GC(344) Pause Remark 118M->118M(256M) 12.326ms
[2022-07-22T08:19:40.981+0000][7][gc,cpu      ] GC(344) User=0.05s Sys=0.00s Real=0.01s
[2022-07-22T08:19:40.981+0000][7][safepoint   ] Safepoint "G1Concurrent", Time since last: 153599502 ns, Reaching safepoint: 205356 ns, At safepoint: 12433936 ns, Total: 12639292 ns
[2022-07-22T08:19:40.981+0000][7][gc,marking  ] GC(344) Concurrent Rebuild Remembered Sets
[2022-07-22T08:19:41.070+0000][7][gc,marking  ] GC(344) Concurrent Rebuild Remembered Sets 88.862ms
[2022-07-22T08:19:41.070+0000][7][gc,start    ] GC(344) Pause Cleanup
[2022-07-22T08:19:41.070+0000][7][gc          ] GC(344) Pause Cleanup 118M->118M(256M) 0.114ms
[2022-07-22T08:19:41.070+0000][7][gc,cpu      ] GC(344) User=0.00s Sys=0.00s Real=0.00s
[2022-07-22T08:19:41.070+0000][7][safepoint   ] Safepoint "G1Concurrent", Time since last: 88959264 ns, Reaching safepoint: 98052 ns, At safepoint: 210775 ns, Total: 308827 ns
[2022-07-22T08:19:41.070+0000][7][gc,marking  ] GC(344) Concurrent Cleanup for Next Mark
[2022-07-22T08:19:41.070+0000][7][gc,marking  ] GC(344) Concurrent Cleanup for Next Mark 0.265ms
[2022-07-22T08:19:41.071+0000][7][gc          ] GC(344) Concurrent Cycle 255.861ms
[2022-07-22T08:19:47.072+0000][7][safepoint   ] Safepoint "Cleanup", Time since last: 6001562109 ns, Reaching safepoint: 108653 ns, At safepoint: 6715 ns, Total: 115368 ns
[2022-07-22T08:19:49.073+0000][7][safepoint   ] Safepoint "Cleanup", Time since last: 2000654133 ns, Reaching safepoint: 111288 ns, At safepoint: 7162 ns, Total: 118450 ns
[2022-07-22T08:19:52.074+0000][7][safepoint   ] Safepoint "Cleanup", Time since last: 3000939615 ns, Reaching safepoint: 140200 ns, At safepoint: 10575 ns, Total: 150775 ns
[2022-07-22T08:19:58.075+0000][7][safepoint   ] Safepoint "Cleanup", Time since last: 6000888157 ns, Reaching safepoint: 93986 ns, At safepoint: 4349 ns, Total: 98335 ns
[2022-07-22T08:20:03.077+0000][7][safepoint   ] Safepoint "Cleanup", Time since last: 5001861188 ns, Reaching safepoint: 138420 ns, At safepoint: 9053 ns, Total: 147473 ns
[2022-07-22T08:20:27.716+0000][7][gc,start    ] GC(345) Pause Young (Normal) (G1 Evacuation Pause)
[2022-07-22T08:20:27.716+0000][7][gc,task     ] GC(345) Using 4 workers of 4 for evacuation
[2022-07-22T08:20:27.716+0000][7][gc,age      ] GC(345) Desired survivor size 6291456 bytes, new threshold 15 (max threshold 15)
[2022-07-22T08:20:27.720+0000][7][gc,age      ] GC(345) Age table with threshold 15 (max threshold 15)
[2022-07-22T08:20:27.720+0000][7][gc,age      ] GC(345) - age   1:    1917488 bytes,    1917488 total
[2022-07-22T08:20:27.720+0000][7][gc,age      ] GC(345) - age   2:       3456 bytes,    1920944 total
[2022-07-22T08:20:27.720+0000][7][gc,age      ] GC(345) - age   3:       7248 bytes,    1928192 total
[2022-07-22T08:20:27.720+0000][7][gc,age      ] GC(345) - age   4:     185824 bytes,    2114016 total
[2022-07-22T08:20:27.720+0000][7][gc,age      ] GC(345) - age   5:     423792 bytes,    2537808 total
[2022-07-22T08:20:27.720+0000][7][gc,age      ] GC(345) - age   6:       1552 bytes,    2539360 total
[2022-07-22T08:20:27.720+0000][7][gc,age      ] GC(345) - age   7:        192 bytes,    2539552 total
[2022-07-22T08:20:27.720+0000][7][gc,age      ] GC(345) - age   8:       1656 bytes,    2541208 total
[2022-07-22T08:20:27.720+0000][7][gc,age      ] GC(345) - age   9:        928 bytes,    2542136 total
[2022-07-22T08:20:27.720+0000][7][gc,age      ] GC(345) - age  10:      17368 bytes,    2559504 total
[2022-07-22T08:20:27.720+0000][7][gc,age      ] GC(345) - age  11:        176 bytes,    2559680 total
[2022-07-22T08:20:27.720+0000][7][gc,age      ] GC(345) - age  12:        192 bytes,    2559872 total
[2022-07-22T08:20:27.720+0000][7][gc,age      ] GC(345) - age  13:       4320 bytes,    2564192 total
[2022-07-22T08:20:27.720+0000][7][gc,age      ] GC(345) - age  14:        160 bytes,    2564352 total
[2022-07-22T08:20:27.720+0000][7][gc,age      ] GC(345) - age  15:       1304 bytes,    2565656 total
[2022-07-22T08:20:27.720+0000][7][gc,phases   ] GC(345)   Pre Evacuate Collection Set: 0.0ms
[2022-07-22T08:20:27.720+0000][7][gc,phases   ] GC(345)   Merge Heap Roots: 0.0ms
[2022-07-22T08:20:27.720+0000][7][gc,phases   ] GC(345)   Evacuate Collection Set: 3.1ms
[2022-07-22T08:20:27.720+0000][7][gc,phases   ] GC(345)   Post Evacuate Collection Set: 0.5ms
[2022-07-22T08:20:27.720+0000][7][gc,phases   ] GC(345)   Other: 0.3ms
[2022-07-22T08:20:27.720+0000][7][gc,heap     ] GC(345) Eden regions: 22->0(22)
[2022-07-22T08:20:27.720+0000][7][gc,heap     ] GC(345) Survivor regions: 1->1(3)
[2022-07-22T08:20:27.720+0000][7][gc,heap     ] GC(345) Old regions: 25->25
[2022-07-22T08:20:27.720+0000][7][gc,heap     ] GC(345) Archive regions: 2->2
[2022-07-22T08:20:27.720+0000][7][gc,heap     ] GC(345) Humongous regions: 2->2
[2022-07-22T08:20:27.720+0000][7][gc,metaspace] GC(345) Metaspace: 112706K(117624K)->112706K(117624K) NonClass: 98523K(102060K)->98523K(102060K) Class: 14183K(15564K)->14183K(15564K)
[2022-07-22T08:20:27.720+0000][7][gc          ] GC(345) Pause Young (Normal) (G1 Evacuation Pause) 202M->113M(256M) 4.098ms
[2022-07-22T08:20:27.720+0000][7][gc,cpu      ] GC(345) User=0.02s Sys=0.00s Real=0.00s
[2022-07-22T08:20:27.720+0000][7][safepoint   ] Safepoint "G1CollectForAllocation", Time since last: 24639010782 ns, Reaching safepoint: 130843 ns, At safepoint: 4186170 ns, Total: 4317013 ns
[2022-07-22T08:20:51.897+0000][7][gc,start    ] GC(346) Pause Young (Concurrent Start) (G1 Evacuation Pause)
[2022-07-22T08:20:51.898+0000][7][gc,task     ] GC(346) Using 4 workers of 4 for evacuation
[2022-07-22T08:20:51.898+0000][7][gc,age      ] GC(346) Desired survivor size 6291456 bytes, new threshold 15 (max threshold 15)
[2022-07-22T08:20:51.902+0000][7][gc,age      ] GC(346) Age table with threshold 15 (max threshold 15)
[2022-07-22T08:20:51.902+0000][7][gc,age      ] GC(346) - age   1:    1951064 bytes,    1951064 total
[2022-07-22T08:20:51.902+0000][7][gc,age      ] GC(346) - age   2:      14112 bytes,    1965176 total
[2022-07-22T08:20:51.902+0000][7][gc,age      ] GC(346) - age   3:       1336 bytes,    1966512 total
[2022-07-22T08:20:51.902+0000][7][gc,age      ] GC(346) - age   4:       7056 bytes,    1973568 total
[2022-07-22T08:20:51.902+0000][7][gc,age      ] GC(346) - age   5:     185632 bytes,    2159200 total
[2022-07-22T08:20:51.902+0000][7][gc,age      ] GC(346) - age   6:     423464 bytes,    2582664 total
[2022-07-22T08:20:51.902+0000][7][gc,age      ] GC(346) - age   7:       1424 bytes,    2584088 total
[2022-07-22T08:20:51.902+0000][7][gc,age      ] GC(346) - age   8:        192 bytes,    2584280 total
[2022-07-22T08:20:51.902+0000][7][gc,age      ] GC(346) - age   9:       1656 bytes,    2585936 total
[2022-07-22T08:20:51.902+0000][7][gc,age      ] GC(346) - age  10:        928 bytes,    2586864 total
[2022-07-22T08:20:51.902+0000][7][gc,age      ] GC(346) - age  11:      17368 bytes,    2604232 total
[2022-07-22T08:20:51.902+0000][7][gc,age      ] GC(346) - age  12:        176 bytes,    2604408 total
[2022-07-22T08:20:51.902+0000][7][gc,age      ] GC(346) - age  13:        128 bytes,    2604536 total
[2022-07-22T08:20:51.902+0000][7][gc,age      ] GC(346) - age  14:       4024 bytes,    2608560 total
[2022-07-22T08:20:51.902+0000][7][gc,age      ] GC(346) - age  15:        160 bytes,    2608720 total
[2022-07-22T08:20:51.902+0000][7][gc,phases   ] GC(346)   Pre Evacuate Collection Set: 0.2ms
[2022-07-22T08:20:51.902+0000][7][gc,phases   ] GC(346)   Merge Heap Roots: 0.1ms
[2022-07-22T08:20:51.902+0000][7][gc,phases   ] GC(346)   Evacuate Collection Set: 3.2ms
[2022-07-22T08:20:51.902+0000][7][gc,phases   ] GC(346)   Post Evacuate Collection Set: 0.6ms
[2022-07-22T08:20:51.902+0000][7][gc,phases   ] GC(346)   Other: 0.4ms
[2022-07-22T08:20:51.902+0000][7][gc,heap     ] GC(346) Eden regions: 22->0(22)
[2022-07-22T08:20:51.902+0000][7][gc,heap     ] GC(346) Survivor regions: 1->1(3)
[2022-07-22T08:20:51.902+0000][7][gc,heap     ] GC(346) Old regions: 25->25
[2022-07-22T08:20:51.902+0000][7][gc,heap     ] GC(346) Archive regions: 2->2
[2022-07-22T08:20:51.902+0000][7][gc,heap     ] GC(346) Humongous regions: 2->2
[2022-07-22T08:20:51.902+0000][7][gc,metaspace] GC(346) Metaspace: 112716K(117624K)->112716K(117624K) NonClass: 98533K(102060K)->98533K(102060K) Class: 14183K(15564K)->14183K(15564K)
[2022-07-22T08:20:51.902+0000][7][gc          ] GC(346) Pause Young (Concurrent Start) (G1 Evacuation Pause) 201M->113M(256M) 4.532ms
[2022-07-22T08:20:51.902+0000][7][gc,cpu      ] GC(346) User=0.00s Sys=0.01s Real=0.00s
[2022-07-22T08:20:51.902+0000][7][gc          ] GC(347) Concurrent Cycle
[2022-07-22T08:20:51.902+0000][7][safepoint   ] Safepoint "G1CollectForAllocation", Time since last: 24177262477 ns, Reaching safepoint: 132371 ns, At safepoint: 4627126 ns, Total: 4759497 ns
[2022-07-22T08:20:51.902+0000][7][gc,marking  ] GC(347) Concurrent Clear Claimed Marks
[2022-07-22T08:20:51.902+0000][7][gc,marking  ] GC(347) Concurrent Clear Claimed Marks 0.103ms
[2022-07-22T08:20:51.902+0000][7][gc,marking  ] GC(347) Concurrent Scan Root Regions
[2022-07-22T08:20:51.906+0000][7][gc,marking  ] GC(347) Concurrent Scan Root Regions 3.626ms
[2022-07-22T08:20:51.906+0000][7][gc,marking  ] GC(347) Concurrent Mark (7718.547s)
[2022-07-22T08:20:51.906+0000][7][gc,marking  ] GC(347) Concurrent Mark From Roots
[2022-07-22T08:20:51.906+0000][7][gc,task     ] GC(347) Using 1 workers of 1 for marking
[2022-07-22T08:20:52.056+0000][7][gc,marking  ] GC(347) Concurrent Mark From Roots 150.162ms
[2022-07-22T08:20:52.056+0000][7][gc,marking  ] GC(347) Concurrent Preclean
[2022-07-22T08:20:52.056+0000][7][gc,marking  ] GC(347) Concurrent Preclean 0.225ms
[2022-07-22T08:20:52.056+0000][7][gc,marking  ] GC(347) Concurrent Mark (7718.547s, 7718.697s) 150.481ms
[2022-07-22T08:20:52.057+0000][7][gc,start    ] GC(347) Pause Remark
[2022-07-22T08:20:52.069+0000][7][gc          ] GC(347) Pause Remark 131M->131M(256M) 12.318ms
[2022-07-22T08:20:52.069+0000][7][gc,cpu      ] GC(347) User=0.05s Sys=0.00s Real=0.01s
[2022-07-22T08:20:52.069+0000][7][safepoint   ] Safepoint "G1Concurrent", Time since last: 154331368 ns, Reaching safepoint: 145858 ns, At safepoint: 12455351 ns, Total: 12601209 ns
[2022-07-22T08:20:52.069+0000][7][gc,marking  ] GC(347) Concurrent Rebuild Remembered Sets
[2022-07-22T08:20:52.158+0000][7][gc,marking  ] GC(347) Concurrent Rebuild Remembered Sets 89.425ms
[2022-07-22T08:20:52.159+0000][7][gc,start    ] GC(347) Pause Cleanup
[2022-07-22T08:20:52.159+0000][7][gc          ] GC(347) Pause Cleanup 131M->131M(256M) 0.105ms
[2022-07-22T08:20:52.159+0000][7][gc,cpu      ] GC(347) User=0.00s Sys=0.00s Real=0.00s
[2022-07-22T08:20:52.159+0000][7][safepoint   ] Safepoint "G1Concurrent", Time since last: 89521314 ns, Reaching safepoint: 92616 ns, At safepoint: 171526 ns, Total: 264142 ns
[2022-07-22T08:20:52.159+0000][7][gc,marking  ] GC(347) Concurrent Cleanup for Next Mark
[2022-07-22T08:20:52.159+0000][7][gc,marking  ] GC(347) Concurrent Cleanup for Next Mark 0.255ms
[2022-07-22T08:20:52.159+0000][7][gc          ] GC(347) Concurrent Cycle 257.061ms
[2022-07-22T08:21:04.162+0000][7][safepoint   ] Safepoint "Cleanup", Time since last: 12002776835 ns, Reaching safepoint: 284330 ns, At safepoint: 11767 ns, Total: 296097 ns
[2022-07-22T08:21:11.163+0000][7][safepoint   ] Safepoint "Cleanup", Time since last: 7001247056 ns, Reaching safepoint: 150061 ns, At safepoint: 7507 ns, Total: 157568 ns
[2022-07-22T08:21:39.716+0000][7][gc,start    ] GC(348) Pause Young (Normal) (G1 Evacuation Pause)
[2022-07-22T08:21:39.716+0000][7][gc,task     ] GC(348) Using 4 workers of 4 for evacuation
[2022-07-22T08:21:39.716+0000][7][gc,age      ] GC(348) Desired survivor size 6291456 bytes, new threshold 15 (max threshold 15)
[2022-07-22T08:21:39.720+0000][7][gc,age      ] GC(348) Age table with threshold 15 (max threshold 15)
[2022-07-22T08:21:39.720+0000][7][gc,age      ] GC(348) - age   1:    2299608 bytes,    2299608 total
[2022-07-22T08:21:39.721+0000][7][gc,age      ] GC(348) - age   2:       1648 bytes,    2301256 total
[2022-07-22T08:21:39.721+0000][7][gc,age      ] GC(348) - age   3:       5920 bytes,    2307176 total
[2022-07-22T08:21:39.721+0000][7][gc,age      ] GC(348) - age   4:        344 bytes,    2307520 total
[2022-07-22T08:21:39.721+0000][7][gc,age      ] GC(348) - age   5:       6808 bytes,    2314328 total
[2022-07-22T08:21:39.721+0000][7][gc,age      ] GC(348) - age   6:     185192 bytes,    2499520 total
[2022-07-22T08:21:39.721+0000][7][gc,age      ] GC(348) - age   7:     423176 bytes,    2922696 total
[2022-07-22T08:21:39.721+0000][7][gc,age      ] GC(348) - age   8:       1184 bytes,    2923880 total
[2022-07-22T08:21:39.721+0000][7][gc,age      ] GC(348) - age   9:         64 bytes,    2923944 total
[2022-07-22T08:21:39.721+0000][7][gc,age      ] GC(348) - age  10:       1656 bytes,    2925600 total
[2022-07-22T08:21:39.721+0000][7][gc,age      ] GC(348) - age  11:        928 bytes,    2926528 total
[2022-07-22T08:21:39.721+0000][7][gc,age      ] GC(348) - age  12:      17368 bytes,    2943896 total
[2022-07-22T08:21:39.721+0000][7][gc,age      ] GC(348) - age  13:        176 bytes,    2944072 total
[2022-07-22T08:21:39.721+0000][7][gc,age      ] GC(348) - age  14:        128 bytes,    2944200 total
[2022-07-22T08:21:39.721+0000][7][gc,age      ] GC(348) - age  15:       3920 bytes,    2948120 total
[2022-07-22T08:21:39.721+0000][7][gc,phases   ] GC(348)   Pre Evacuate Collection Set: 0.1ms
[2022-07-22T08:21:39.721+0000][7][gc,phases   ] GC(348)   Merge Heap Roots: 0.0ms
[2022-07-22T08:21:39.721+0000][7][gc,phases   ] GC(348)   Evacuate Collection Set: 3.3ms
[2022-07-22T08:21:39.721+0000][7][gc,phases   ] GC(348)   Post Evacuate Collection Set: 0.6ms
[2022-07-22T08:21:39.721+0000][7][gc,phases   ] GC(348)   Other: 0.4ms
[2022-07-22T08:21:39.721+0000][7][gc,heap     ] GC(348) Eden regions: 22->0(22)
[2022-07-22T08:21:39.721+0000][7][gc,heap     ] GC(348) Survivor regions: 1->1(3)
[2022-07-22T08:21:39.721+0000][7][gc,heap     ] GC(348) Old regions: 25->25
[2022-07-22T08:21:39.721+0000][7][gc,heap     ] GC(348) Archive regions: 2->2
[2022-07-22T08:21:39.721+0000][7][gc,heap     ] GC(348) Humongous regions: 2->2
[2022-07-22T08:21:39.721+0000][7][gc,metaspace] GC(348) Metaspace: 112725K(117624K)->112725K(117624K) NonClass: 98542K(102060K)->98542K(102060K) Class: 14183K(15564K)->14183K(15564K)
[2022-07-22T08:21:39.721+0000][7][gc          ] GC(348) Pause Young (Normal) (G1 Evacuation Pause) 201M->114M(256M) 4.468ms
[2022-07-22T08:21:39.721+0000][7][gc,cpu      ] GC(348) User=0.01s Sys=0.00s Real=0.00s
[2022-07-22T08:21:39.721+0000][7][safepoint   ] Safepoint "G1CollectForAllocation", Time since last: 28552881783 ns, Reaching safepoint: 134419 ns, At safepoint: 4566875 ns, Total: 4701294 ns
[2022-07-22T08:21:46.723+0000][7][safepoint   ] Safepoint "Cleanup", Time since last: 7001654301 ns, Reaching safepoint: 110602 ns, At safepoint: 7958 ns, Total: 118560 ns
[2022-07-22T08:22:03.991+0000][7][gc,start    ] GC(349) Pause Young (Concurrent Start) (G1 Evacuation Pause)
[2022-07-22T08:22:03.991+0000][7][gc,task     ] GC(349) Using 4 workers of 4 for evacuation
[2022-07-22T08:22:03.991+0000][7][gc,age      ] GC(349) Desired survivor size 6291456 bytes, new threshold 15 (max threshold 15)
[2022-07-22T08:22:03.995+0000][7][gc,age      ] GC(349) Age table with threshold 15 (max threshold 15)
[2022-07-22T08:22:03.995+0000][7][gc,age      ] GC(349) - age   1:    1061320 bytes,    1061320 total
[2022-07-22T08:22:03.995+0000][7][gc,age      ] GC(349) - age   2:     182936 bytes,    1244256 total
[2022-07-22T08:22:03.995+0000][7][gc,age      ] GC(349) - age   3:        592 bytes,    1244848 total
[2022-07-22T08:22:03.995+0000][7][gc,age      ] GC(349) - age   4:       4240 bytes,    1249088 total
[2022-07-22T08:22:03.995+0000][7][gc,age      ] GC(349) - age   5:        344 bytes,    1249432 total
[2022-07-22T08:22:03.995+0000][7][gc,age      ] GC(349) - age   6:       5464 bytes,    1254896 total
[2022-07-22T08:22:03.995+0000][7][gc,age      ] GC(349) - age   7:      15560 bytes,    1270456 total
[2022-07-22T08:22:03.995+0000][7][gc,age      ] GC(349) - age   8:     422728 bytes,    1693184 total
[2022-07-22T08:22:03.995+0000][7][gc,age      ] GC(349) - age   9:       1184 bytes,    1694368 total
[2022-07-22T08:22:03.995+0000][7][gc,age      ] GC(349) - age  10:         64 bytes,    1694432 total
[2022-07-22T08:22:03.995+0000][7][gc,age      ] GC(349) - age  11:       1144 bytes,    1695576 total
[2022-07-22T08:22:03.995+0000][7][gc,age      ] GC(349) - age  12:        864 bytes,    1696440 total
[2022-07-22T08:22:03.995+0000][7][gc,age      ] GC(349) - age  13:      17368 bytes,    1713808 total
[2022-07-22T08:22:03.995+0000][7][gc,age      ] GC(349) - age  14:        112 bytes,    1713920 total
[2022-07-22T08:22:03.995+0000][7][gc,age      ] GC(349) - age  15:        128 bytes,    1714048 total
[2022-07-22T08:22:03.995+0000][7][gc,phases   ] GC(349)   Pre Evacuate Collection Set: 0.2ms
[2022-07-22T08:22:03.995+0000][7][gc,phases   ] GC(349)   Merge Heap Roots: 0.1ms
[2022-07-22T08:22:03.995+0000][7][gc,phases   ] GC(349)   Evacuate Collection Set: 2.4ms
[2022-07-22T08:22:03.995+0000][7][gc,phases   ] GC(349)   Post Evacuate Collection Set: 0.6ms
[2022-07-22T08:22:03.995+0000][7][gc,phases   ] GC(349)   Other: 0.5ms
[2022-07-22T08:22:03.995+0000][7][gc,heap     ] GC(349) Eden regions: 22->0(22)
[2022-07-22T08:22:03.995+0000][7][gc,heap     ] GC(349) Survivor regions: 1->1(3)
[2022-07-22T08:22:03.995+0000][7][gc,heap     ] GC(349) Old regions: 25->25
[2022-07-22T08:22:03.995+0000][7][gc,heap     ] GC(349) Archive regions: 2->2
[2022-07-22T08:22:03.995+0000][7][gc,heap     ] GC(349) Humongous regions: 2->2
[2022-07-22T08:22:03.995+0000][7][gc,metaspace] GC(349) Metaspace: 112725K(117624K)->112725K(117624K) NonClass: 98542K(102060K)->98542K(102060K) Class: 14183K(15564K)->14183K(15564K)
[2022-07-22T08:22:03.995+0000][7][gc          ] GC(349) Pause Young (Concurrent Start) (G1 Evacuation Pause) 202M->112M(256M) 3.827ms
[2022-07-22T08:22:03.995+0000][7][gc,cpu      ] GC(349) User=0.01s Sys=0.00s Real=0.01s
[2022-07-22T08:22:03.995+0000][7][safepoint   ] Safepoint "G1CollectForAllocation", Time since last: 17268605413 ns, Reaching safepoint: 141977 ns, At safepoint: 3944042 ns, Total: 4086019 ns
[2022-07-22T08:22:03.995+0000][7][gc          ] GC(350) Concurrent Cycle
[2022-07-22T08:22:03.995+0000][7][gc,marking  ] GC(350) Concurrent Clear Claimed Marks
[2022-07-22T08:22:03.996+0000][7][gc,marking  ] GC(350) Concurrent Clear Claimed Marks 0.095ms
[2022-07-22T08:22:03.996+0000][7][gc,marking  ] GC(350) Concurrent Scan Root Regions
[2022-07-22T08:22:03.998+0000][7][gc,marking  ] GC(350) Concurrent Scan Root Regions 2.038ms
[2022-07-22T08:22:03.998+0000][7][gc,marking  ] GC(350) Concurrent Mark (7790.638s)
[2022-07-22T08:22:03.998+0000][7][gc,marking  ] GC(350) Concurrent Mark From Roots
[2022-07-22T08:22:03.998+0000][7][gc,task     ] GC(350) Using 1 workers of 1 for marking
[2022-07-22T08:22:04.151+0000][7][gc,marking  ] GC(350) Concurrent Mark From Roots 153.704ms
[2022-07-22T08:22:04.151+0000][7][gc,marking  ] GC(350) Concurrent Preclean
[2022-07-22T08:22:04.152+0000][7][gc,marking  ] GC(350) Concurrent Preclean 0.231ms
[2022-07-22T08:22:04.152+0000][7][gc,marking  ] GC(350) Concurrent Mark (7790.638s, 7790.792s) 154.009ms
[2022-07-22T08:22:04.152+0000][7][gc,start    ] GC(350) Pause Remark
[2022-07-22T08:22:04.165+0000][7][gc          ] GC(350) Pause Remark 113M->113M(256M) 13.006ms
[2022-07-22T08:22:04.165+0000][7][gc,cpu      ] GC(350) User=0.05s Sys=0.00s Real=0.01s
[2022-07-22T08:22:04.165+0000][7][safepoint   ] Safepoint "G1Concurrent", Time since last: 156346061 ns, Reaching safepoint: 133774 ns, At safepoint: 13142254 ns, Total: 13276028 ns
[2022-07-22T08:22:04.165+0000][7][gc,marking  ] GC(350) Concurrent Rebuild Remembered Sets
[2022-07-22T08:22:04.254+0000][7][gc,marking  ] GC(350) Concurrent Rebuild Remembered Sets 88.959ms
[2022-07-22T08:22:04.254+0000][7][gc,start    ] GC(350) Pause Cleanup
[2022-07-22T08:22:04.254+0000][7][gc          ] GC(350) Pause Cleanup 113M->113M(256M) 0.102ms
[2022-07-22T08:22:04.254+0000][7][gc,cpu      ] GC(350) User=0.00s Sys=0.00s Real=0.00s
[2022-07-22T08:22:04.254+0000][7][safepoint   ] Safepoint "G1Concurrent", Time since last: 89070158 ns, Reaching safepoint: 155007 ns, At safepoint: 187017 ns, Total: 342024 ns
[2022-07-22T08:22:04.254+0000][7][gc,marking  ] GC(350) Concurrent Cleanup for Next Mark
[2022-07-22T08:22:04.255+0000][7][gc,marking  ] GC(350) Concurrent Cleanup for Next Mark 0.246ms
[2022-07-22T08:22:04.255+0000][7][gc          ] GC(350) Concurrent Cycle 259.336ms
[2022-07-22T08:22:42.264+0000][7][safepoint   ] Safepoint "Cleanup", Time since last: 38009024455 ns, Reaching safepoint: 165424 ns, At safepoint: 10304 ns, Total: 175728 ns
[2022-07-22T08:22:48.744+0000][7][gc,start    ] GC(351) Pause Young (Normal) (G1 Evacuation Pause)
[2022-07-22T08:22:48.744+0000][7][gc,task     ] GC(351) Using 4 workers of 4 for evacuation
[2022-07-22T08:22:48.745+0000][7][gc,age      ] GC(351) Desired survivor size 6291456 bytes, new threshold 15 (max threshold 15)
[2022-07-22T08:22:48.748+0000][7][gc,age      ] GC(351) Age table with threshold 15 (max threshold 15)
[2022-07-22T08:22:48.748+0000][7][gc,age      ] GC(351) - age   1:     772728 bytes,     772728 total
[2022-07-22T08:22:48.748+0000][7][gc,age      ] GC(351) - age   2:     176680 bytes,     949408 total
[2022-07-22T08:22:48.748+0000][7][gc,age      ] GC(351) - age   3:       3120 bytes,     952528 total
[2022-07-22T08:22:48.748+0000][7][gc,age      ] GC(351) - age   4:        512 bytes,     953040 total
[2022-07-22T08:22:48.748+0000][7][gc,age      ] GC(351) - age   5:       2424 bytes,     955464 total
[2022-07-22T08:22:48.748+0000][7][gc,age      ] GC(351) - age   6:        200 bytes,     955664 total
[2022-07-22T08:22:48.748+0000][7][gc,age      ] GC(351) - age   7:       3880 bytes,     959544 total
[2022-07-22T08:22:48.748+0000][7][gc,age      ] GC(351) - age   8:       1752 bytes,     961296 total
[2022-07-22T08:22:48.748+0000][7][gc,age      ] GC(351) - age   9:     154096 bytes,    1115392 total
[2022-07-22T08:22:48.748+0000][7][gc,age      ] GC(351) - age  10:        888 bytes,    1116280 total
[2022-07-22T08:22:48.748+0000][7][gc,age      ] GC(351) - age  12:       1144 bytes,    1117424 total
[2022-07-22T08:22:48.748+0000][7][gc,age      ] GC(351) - age  13:        864 bytes,    1118288 total
[2022-07-22T08:22:48.748+0000][7][gc,age      ] GC(351) - age  14:      17368 bytes,    1135656 total
[2022-07-22T08:22:48.748+0000][7][gc,age      ] GC(351) - age  15:        112 bytes,    1135768 total
[2022-07-22T08:22:48.748+0000][7][gc,phases   ] GC(351)   Pre Evacuate Collection Set: 0.1ms
[2022-07-22T08:22:48.748+0000][7][gc,phases   ] GC(351)   Merge Heap Roots: 0.1ms
[2022-07-22T08:22:48.748+0000][7][gc,phases   ] GC(351)   Evacuate Collection Set: 2.8ms
[2022-07-22T08:22:48.748+0000][7][gc,phases   ] GC(351)   Post Evacuate Collection Set: 0.5ms
[2022-07-22T08:22:48.748+0000][7][gc,phases   ] GC(351)   Other: 0.3ms
[2022-07-22T08:22:48.748+0000][7][gc,heap     ] GC(351) Eden regions: 22->0(22)
[2022-07-22T08:22:48.748+0000][7][gc,heap     ] GC(351) Survivor regions: 1->1(3)
[2022-07-22T08:22:48.748+0000][7][gc,heap     ] GC(351) Old regions: 25->25
[2022-07-22T08:22:48.748+0000][7][gc,heap     ] GC(351) Archive regions: 2->2
[2022-07-22T08:22:48.748+0000][7][gc,heap     ] GC(351) Humongous regions: 2->2
[2022-07-22T08:22:48.748+0000][7][gc,metaspace] GC(351) Metaspace: 112725K(117624K)->112725K(117624K) NonClass: 98542K(102060K)->98542K(102060K) Class: 14183K(15564K)->14183K(15564K)
[2022-07-22T08:22:48.748+0000][7][gc          ] GC(351) Pause Young (Normal) (G1 Evacuation Pause) 200M->112M(256M) 3.883ms
[2022-07-22T08:22:48.748+0000][7][gc,cpu      ] GC(351) User=0.02s Sys=0.00s Real=0.01s
[2022-07-22T08:22:48.748+0000][7][safepoint   ] Safepoint "G1CollectForAllocation", Time since last: 6480703994 ns, Reaching safepoint: 105294 ns, At safepoint: 3982784 ns, Total: 4088078 ns
[2022-07-22T08:22:49.749+0000][7][safepoint   ] Safepoint "Cleanup", Time since last: 1000147358 ns, Reaching safepoint: 168021 ns, At safepoint: 13604 ns, Total: 181625 ns
[2022-07-22T08:22:52.749+0000][7][safepoint   ] Safepoint "Cleanup", Time since last: 3000451919 ns, Reaching safepoint: 154626 ns, At safepoint: 9520 ns, Total: 164146 ns
[2022-07-22T08:22:58.751+0000][7][safepoint   ] Safepoint "Cleanup", Time since last: 6001330608 ns, Reaching safepoint: 187446 ns, At safepoint: 8695 ns, Total: 196141 ns
[2022-07-22T08:23:02.752+0000][7][safepoint   ] Safepoint "Cleanup", Time since last: 4001457123 ns, Reaching safepoint: 135869 ns, At safepoint: 11070 ns, Total: 146939 ns
[2022-07-22T08:23:04.063+0000][7][gc,start    ] GC(352) Pause Young (Concurrent Start) (G1 Evacuation Pause)
[2022-07-22T08:23:04.063+0000][7][gc,task     ] GC(352) Using 4 workers of 4 for evacuation
[2022-07-22T08:23:04.063+0000][7][gc,age      ] GC(352) Desired survivor size 6291456 bytes, new threshold 15 (max threshold 15)
[2022-07-22T08:23:04.067+0000][7][gc,age      ] GC(352) Age table with threshold 15 (max threshold 15)
[2022-07-22T08:23:04.067+0000][7][gc,age      ] GC(352) - age   1:    1927840 bytes,    1927840 total
[2022-07-22T08:23:04.067+0000][7][gc,age      ] GC(352) - age   2:     564232 bytes,    2492072 total
[2022-07-22T08:23:04.067+0000][7][gc,age      ] GC(352) - age   3:     159008 bytes,    2651080 total
[2022-07-22T08:23:04.067+0000][7][gc,age      ] GC(352) - age   4:       2144 bytes,    2653224 total
[2022-07-22T08:23:04.067+0000][7][gc,age      ] GC(352) - age   5:        384 bytes,    2653608 total
[2022-07-22T08:23:04.067+0000][7][gc,age      ] GC(352) - age   6:       2040 bytes,    2655648 total
[2022-07-22T08:23:04.067+0000][7][gc,age      ] GC(352) - age   8:       3816 bytes,    2659464 total
[2022-07-22T08:23:04.067+0000][7][gc,age      ] GC(352) - age   9:       1592 bytes,    2661056 total
[2022-07-22T08:23:04.067+0000][7][gc,age      ] GC(352) - age  10:     153648 bytes,    2814704 total
[2022-07-22T08:23:04.067+0000][7][gc,age      ] GC(352) - age  11:        888 bytes,    2815592 total
[2022-07-22T08:23:04.067+0000][7][gc,age      ] GC(352) - age  13:       1144 bytes,    2816736 total
[2022-07-22T08:23:04.067+0000][7][gc,age      ] GC(352) - age  14:        864 bytes,    2817600 total
[2022-07-22T08:23:04.067+0000][7][gc,age      ] GC(352) - age  15:      17368 bytes,    2834968 total
[2022-07-22T08:23:04.067+0000][7][gc,phases   ] GC(352)   Pre Evacuate Collection Set: 0.2ms
[2022-07-22T08:23:04.067+0000][7][gc,phases   ] GC(352)   Merge Heap Roots: 0.0ms
[2022-07-22T08:23:04.067+0000][7][gc,phases   ] GC(352)   Evacuate Collection Set: 2.8ms
[2022-07-22T08:23:04.067+0000][7][gc,phases   ] GC(352)   Post Evacuate Collection Set: 0.5ms
[2022-07-22T08:23:04.067+0000][7][gc,phases   ] GC(352)   Other: 0.4ms
[2022-07-22T08:23:04.067+0000][7][gc,heap     ] GC(352) Eden regions: 22->0(22)
[2022-07-22T08:23:04.067+0000][7][gc,heap     ] GC(352) Survivor regions: 1->1(3)
[2022-07-22T08:23:04.067+0000][7][gc,heap     ] GC(352) Old regions: 25->25
[2022-07-22T08:23:04.067+0000][7][gc,heap     ] GC(352) Archive regions: 2->2
[2022-07-22T08:23:04.067+0000][7][gc,heap     ] GC(352) Humongous regions: 2->2
[2022-07-22T08:23:04.067+0000][7][gc,metaspace] GC(352) Metaspace: 112729K(117624K)->112729K(117624K) NonClass: 98545K(102060K)->98545K(102060K) Class: 14183K(15564K)->14183K(15564K)
[2022-07-22T08:23:04.067+0000][7][gc          ] GC(352) Pause Young (Concurrent Start) (G1 Evacuation Pause) 200M->113M(256M) 3.871ms
[2022-07-22T08:23:04.067+0000][7][gc,cpu      ] GC(352) User=0.01s Sys=0.00s Real=0.01s
[2022-07-22T08:23:04.067+0000][7][safepoint   ] Safepoint "G1CollectForAllocation", Time since last: 1310542437 ns, Reaching safepoint: 156668 ns, At safepoint: 3974507 ns, Total: 4131175 ns
[2022-07-22T08:23:04.067+0000][7][gc          ] GC(353) Concurrent Cycle
[2022-07-22T08:23:04.067+0000][7][gc,marking  ] GC(353) Concurrent Clear Claimed Marks
[2022-07-22T08:23:04.067+0000][7][gc,marking  ] GC(353) Concurrent Clear Claimed Marks 0.103ms
[2022-07-22T08:23:04.067+0000][7][gc,marking  ] GC(353) Concurrent Scan Root Regions
[2022-07-22T08:23:04.070+0000][7][gc,marking  ] GC(353) Concurrent Scan Root Regions 2.375ms
[2022-07-22T08:23:04.070+0000][7][gc,marking  ] GC(353) Concurrent Mark (7850.711s)
[2022-07-22T08:23:04.070+0000][7][gc,marking  ] GC(353) Concurrent Mark From Roots
[2022-07-22T08:23:04.070+0000][7][gc,task     ] GC(353) Using 1 workers of 1 for marking
[2022-07-22T08:23:04.229+0000][7][gc,marking  ] GC(353) Concurrent Mark From Roots 158.889ms
[2022-07-22T08:23:04.229+0000][7][gc,marking  ] GC(353) Concurrent Preclean
[2022-07-22T08:23:04.229+0000][7][gc,marking  ] GC(353) Concurrent Preclean 0.229ms
[2022-07-22T08:23:04.229+0000][7][gc,marking  ] GC(353) Concurrent Mark (7850.711s, 7850.870s) 159.207ms
[2022-07-22T08:23:04.229+0000][7][gc,start    ] GC(353) Pause Remark
[2022-07-22T08:23:04.242+0000][7][gc          ] GC(353) Pause Remark 119M->119M(256M) 12.535ms
[2022-07-22T08:23:04.242+0000][7][gc,cpu      ] GC(353) User=0.05s Sys=0.00s Real=0.01s
[2022-07-22T08:23:04.242+0000][7][safepoint   ] Safepoint "G1Concurrent", Time since last: 161817591 ns, Reaching safepoint: 241455 ns, At safepoint: 12667513 ns, Total: 12908968 ns
[2022-07-22T08:23:04.242+0000][7][gc,marking  ] GC(353) Concurrent Rebuild Remembered Sets
[2022-07-22T08:23:04.331+0000][7][gc,marking  ] GC(353) Concurrent Rebuild Remembered Sets 89.317ms
[2022-07-22T08:23:04.331+0000][7][gc,start    ] GC(353) Pause Cleanup
[2022-07-22T08:23:04.332+0000][7][gc          ] GC(353) Pause Cleanup 119M->119M(256M) 0.110ms
[2022-07-22T08:23:04.332+0000][7][gc,cpu      ] GC(353) User=0.00s Sys=0.00s Real=0.00s
[2022-07-22T08:23:04.332+0000][7][safepoint   ] Safepoint "G1Concurrent", Time since last: 89432469 ns, Reaching safepoint: 145169 ns, At safepoint: 178813 ns, Total: 323982 ns
[2022-07-22T08:23:04.332+0000][7][gc,marking  ] GC(353) Concurrent Cleanup for Next Mark
[2022-07-22T08:23:04.332+0000][7][gc,marking  ] GC(353) Concurrent Cleanup for Next Mark 0.296ms
[2022-07-22T08:23:04.332+0000][7][gc          ] GC(353) Concurrent Cycle 264.868ms
[2022-07-22T08:23:52.117+0000][7][gc,start    ] GC(354) Pause Young (Normal) (G1 Evacuation Pause)
[2022-07-22T08:23:52.117+0000][7][gc,task     ] GC(354) Using 4 workers of 4 for evacuation
[2022-07-22T08:23:52.117+0000][7][gc,age      ] GC(354) Desired survivor size 6291456 bytes, new threshold 15 (max threshold 15)
[2022-07-22T08:23:52.120+0000][7][gc,age      ] GC(354) Age table with threshold 15 (max threshold 15)
[2022-07-22T08:23:52.120+0000][7][gc,age      ] GC(354) - age   1:    1576416 bytes,    1576416 total
[2022-07-22T08:23:52.120+0000][7][gc,age      ] GC(354) - age   2:     104488 bytes,    1680904 total
[2022-07-22T08:23:52.120+0000][7][gc,age      ] GC(354) - age   3:     255312 bytes,    1936216 total
[2022-07-22T08:23:52.120+0000][7][gc,age      ] GC(354) - age   4:       2744 bytes,    1938960 total
[2022-07-22T08:23:52.120+0000][7][gc,age      ] GC(354) - age   5:       1480 bytes,    1940440 total
[2022-07-22T08:23:52.120+0000][7][gc,age      ] GC(354) - age   6:        320 bytes,    1940760 total
[2022-07-22T08:23:52.120+0000][7][gc,age      ] GC(354) - age   7:       2040 bytes,    1942800 total
[2022-07-22T08:23:52.120+0000][7][gc,age      ] GC(354) - age   9:       3816 bytes,    1946616 total
[2022-07-22T08:23:52.120+0000][7][gc,age      ] GC(354) - age  10:       1528 bytes,    1948144 total
[2022-07-22T08:23:52.120+0000][7][gc,age      ] GC(354) - age  11:     153000 bytes,    2101144 total
[2022-07-22T08:23:52.120+0000][7][gc,age      ] GC(354) - age  12:        888 bytes,    2102032 total
[2022-07-22T08:23:52.120+0000][7][gc,age      ] GC(354) - age  14:       1144 bytes,    2103176 total
[2022-07-22T08:23:52.120+0000][7][gc,age      ] GC(354) - age  15:        864 bytes,    2104040 total
[2022-07-22T08:23:52.121+0000][7][gc,phases   ] GC(354)   Pre Evacuate Collection Set: 0.1ms
[2022-07-22T08:23:52.121+0000][7][gc,phases   ] GC(354)   Merge Heap Roots: 0.0ms
[2022-07-22T08:23:52.121+0000][7][gc,phases   ] GC(354)   Evacuate Collection Set: 3.1ms
[2022-07-22T08:23:52.121+0000][7][gc,phases   ] GC(354)   Post Evacuate Collection Set: 0.5ms
[2022-07-22T08:23:52.121+0000][7][gc,phases   ] GC(354)   Other: 0.3ms
[2022-07-22T08:23:52.121+0000][7][gc,heap     ] GC(354) Eden regions: 22->0(22)
[2022-07-22T08:23:52.121+0000][7][gc,heap     ] GC(354) Survivor regions: 1->1(3)
[2022-07-22T08:23:52.121+0000][7][gc,heap     ] GC(354) Old regions: 25->25
[2022-07-22T08:23:52.121+0000][7][gc,heap     ] GC(354) Archive regions: 2->2
[2022-07-22T08:23:52.121+0000][7][gc,heap     ] GC(354) Humongous regions: 2->2
[2022-07-22T08:23:52.121+0000][7][gc,metaspace] GC(354) Metaspace: 112729K(117624K)->112729K(117624K) NonClass: 98545K(102060K)->98545K(102060K) Class: 14183K(15564K)->14183K(15564K)
[2022-07-22T08:23:52.121+0000][7][gc          ] GC(354) Pause Young (Normal) (G1 Evacuation Pause) 201M->113M(256M) 4.097ms
[2022-07-22T08:23:52.121+0000][7][gc,cpu      ] GC(354) User=0.01s Sys=0.00s Real=0.00s
[2022-07-22T08:23:52.121+0000][7][safepoint   ] Safepoint "G1CollectForAllocation", Time since last: 47784796385 ns, Reaching safepoint: 129221 ns, At safepoint: 4200287 ns, Total: 4329508 ns
[2022-07-22T13:19:42.328+0000][7][safepoint   ] Safepoint "Cleanup", Time since last: 6791490403 ns, Reaching safepoint: 236907 ns, At safepoint: 12717 ns, Total: 249624 ns
[2022-07-22T13:19:43.328+0000][7][safepoint   ] Safepoint "Cleanup", Time since last: 1000370031 ns, Reaching safepoint: 210882 ns, At safepoint: 9039 ns, Total: 219921 ns
[2022-07-22T13:19:45.329+0000][7][safepoint   ] Safepoint "Cleanup", Time since last: 2000432713 ns, Reaching safepoint: 237669 ns, At safepoint: 7301 ns, Total: 244970 ns
[2022-07-22T13:19:46.329+0000][7][safepoint   ] Safepoint "Cleanup", Time since last: 1000135627 ns, Reaching safepoint: 116503 ns, At safepoint: 5305 ns, Total: 121808 ns
[2022-07-22T13:20:17.357+0000][7][gc,start    ] GC(355) Pause Young (Concurrent Start) (G1 Evacuation Pause)
[2022-07-22T13:20:17.358+0000][7][gc,task     ] GC(355) Using 4 workers of 4 for evacuation
[2022-07-22T13:20:17.358+0000][7][gc,age      ] GC(355) Desired survivor size 6291456 bytes, new threshold 15 (max threshold 15)
[2022-07-22T13:20:17.363+0000][7][gc,age      ] GC(355) Age table with threshold 15 (max threshold 15)
[2022-07-22T13:20:17.363+0000][7][gc,age      ] GC(355) - age   1:    1701728 bytes,    1701728 total
[2022-07-22T13:20:17.363+0000][7][gc,age      ] GC(355) - age   2:     113112 bytes,    1814840 total
[2022-07-22T13:20:17.363+0000][7][gc,age      ] GC(355) - age   3:      65504 bytes,    1880344 total
[2022-07-22T13:20:17.363+0000][7][gc,age      ] GC(355) - age   4:      60216 bytes,    1940560 total
[2022-07-22T13:20:17.363+0000][7][gc,age      ] GC(355) - age   5:       2456 bytes,    1943016 total
[2022-07-22T13:20:17.363+0000][7][gc,age      ] GC(355) - age   6:       1096 bytes,    1944112 total
[2022-07-22T13:20:17.363+0000][7][gc,age      ] GC(355) - age   7:        296 bytes,    1944408 total
[2022-07-22T13:20:17.363+0000][7][gc,age      ] GC(355) - age   8:       1784 bytes,    1946192 total
[2022-07-22T13:20:17.363+0000][7][gc,age      ] GC(355) - age  10:       3816 bytes,    1950008 total
[2022-07-22T13:20:17.363+0000][7][gc,age      ] GC(355) - age  11:       1528 bytes,    1951536 total
[2022-07-22T13:20:17.363+0000][7][gc,age      ] GC(355) - age  12:     152936 bytes,    2104472 total
[2022-07-22T13:20:17.363+0000][7][gc,age      ] GC(355) - age  13:        888 bytes,    2105360 total
[2022-07-22T13:20:17.364+0000][7][gc,age      ] GC(355) - age  15:       1144 bytes,    2106504 total
[2022-07-22T13:20:17.364+0000][7][gc,phases   ] GC(355)   Pre Evacuate Collection Set: 0.1ms
[2022-07-22T13:20:17.364+0000][7][gc,phases   ] GC(355)   Merge Heap Roots: 0.0ms
[2022-07-22T13:20:17.364+0000][7][gc,phases   ] GC(355)   Evacuate Collection Set: 4.1ms
[2022-07-22T13:20:17.364+0000][7][gc,phases   ] GC(355)   Post Evacuate Collection Set: 0.6ms
[2022-07-22T13:20:17.364+0000][7][gc,phases   ] GC(355)   Other: 1.3ms
[2022-07-22T13:20:17.364+0000][7][gc,heap     ] GC(355) Eden regions: 22->0(22)
[2022-07-22T13:20:17.364+0000][7][gc,heap     ] GC(355) Survivor regions: 1->1(3)
[2022-07-22T13:20:17.364+0000][7][gc,heap     ] GC(355) Old regions: 25->25
[2022-07-22T13:20:17.364+0000][7][gc,heap     ] GC(355) Archive regions: 2->2
[2022-07-22T13:20:17.364+0000][7][gc,heap     ] GC(355) Humongous regions: 2->2
[2022-07-22T13:20:17.364+0000][7][gc,metaspace] GC(355) Metaspace: 112730K(117624K)->112730K(117624K) NonClass: 98546K(102060K)->98546K(102060K) Class: 14183K(15564K)->14183K(15564K)
[2022-07-22T13:20:17.364+0000][7][gc          ] GC(355) Pause Young (Concurrent Start) (G1 Evacuation Pause) 201M->113M(256M) 6.319ms
[2022-07-22T13:20:17.364+0000][7][gc,cpu      ] GC(355) User=0.01s Sys=0.00s Real=0.01s
[2022-07-22T13:20:17.364+0000][7][gc          ] GC(356) Concurrent Cycle
[2022-07-22T13:20:17.364+0000][7][safepoint   ] Safepoint "G1CollectForAllocation", Time since last: 31027868189 ns, Reaching safepoint: 327435 ns, At safepoint: 6438571 ns, Total: 6766006 ns
[2022-07-22T13:20:17.364+0000][7][gc,marking  ] GC(356) Concurrent Clear Claimed Marks
[2022-07-22T13:20:17.364+0000][7][gc,marking  ] GC(356) Concurrent Clear Claimed Marks 0.167ms
[2022-07-22T13:20:17.364+0000][7][gc,marking  ] GC(356) Concurrent Scan Root Regions
[2022-07-22T13:20:17.367+0000][7][gc,marking  ] GC(356) Concurrent Scan Root Regions 3.160ms
[2022-07-22T13:20:17.367+0000][7][gc,marking  ] GC(356) Concurrent Mark (7940.593s)
[2022-07-22T13:20:17.367+0000][7][gc,marking  ] GC(356) Concurrent Mark From Roots
[2022-07-22T13:20:17.367+0000][7][gc,task     ] GC(356) Using 1 workers of 1 for marking
[2022-07-22T13:20:17.582+0000][7][gc,marking  ] GC(356) Concurrent Mark From Roots 214.942ms
[2022-07-22T13:20:17.582+0000][7][gc,marking  ] GC(356) Concurrent Preclean
[2022-07-22T13:20:17.583+0000][7][gc,marking  ] GC(356) Concurrent Preclean 0.294ms
[2022-07-22T13:20:17.583+0000][7][gc,marking  ] GC(356) Concurrent Mark (7940.593s, 7940.808s) 215.329ms
[2022-07-22T13:20:17.583+0000][7][gc,start    ] GC(356) Pause Remark
[2022-07-22T13:20:17.614+0000][7][gc          ] GC(356) Pause Remark 121M->121M(256M) 30.725ms
[2022-07-22T13:20:17.614+0000][7][gc,cpu      ] GC(356) User=0.05s Sys=0.00s Real=0.03s
[2022-07-22T13:20:17.614+0000][7][safepoint   ] Safepoint "G1Concurrent", Time since last: 218832617 ns, Reaching safepoint: 121532 ns, At safepoint: 30842975 ns, Total: 30964507 ns
[2022-07-22T13:20:17.614+0000][7][gc,marking  ] GC(356) Concurrent Rebuild Remembered Sets
[2022-07-22T13:20:17.736+0000][7][gc,marking  ] GC(356) Concurrent Rebuild Remembered Sets 122.432ms
[2022-07-22T13:20:17.736+0000][7][gc,start    ] GC(356) Pause Cleanup
[2022-07-22T13:20:17.736+0000][7][gc          ] GC(356) Pause Cleanup 121M->121M(256M) 0.092ms
[2022-07-22T13:20:17.736+0000][7][gc,cpu      ] GC(356) User=0.01s Sys=0.00s Real=0.00s
[2022-07-22T13:20:17.736+0000][7][safepoint   ] Safepoint "G1Concurrent", Time since last: 122552486 ns, Reaching safepoint: 152870 ns, At safepoint: 167883 ns, Total: 320753 ns
[2022-07-22T13:20:17.737+0000][7][gc,marking  ] GC(356) Concurrent Cleanup for Next Mark
[2022-07-22T13:20:17.737+0000][7][gc,marking  ] GC(356) Concurrent Cleanup for Next Mark 0.507ms
[2022-07-22T13:20:17.737+0000][7][gc          ] GC(356) Concurrent Cycle 373.285ms
[2022-07-22T13:20:20.737+0000][7][safepoint   ] Safepoint "Cleanup", Time since last: 3000309435 ns, Reaching safepoint: 126906 ns, At safepoint: 7861 ns, Total: 134767 ns
[2022-07-22T13:20:29.738+0000][7][safepoint   ] Safepoint "Cleanup", Time since last: 9001150759 ns, Reaching safepoint: 128881 ns, At safepoint: 9720 ns, Total: 138601 ns
[2022-07-22T13:20:38.740+0000][7][safepoint   ] Safepoint "Cleanup", Time since last: 9001643011 ns, Reaching safepoint: 180434 ns, At safepoint: 9213 ns, Total: 189647 ns
[2022-07-22T13:20:45.420+0000][7][gc,start    ] GC(357) Pause Young (Normal) (G1 Evacuation Pause)
[2022-07-22T13:20:45.420+0000][7][gc,task     ] GC(357) Using 4 workers of 4 for evacuation
[2022-07-22T13:20:45.420+0000][7][gc,age      ] GC(357) Desired survivor size 6291456 bytes, new threshold 15 (max threshold 15)
[2022-07-22T13:20:45.423+0000][7][gc,age      ] GC(357) Age table with threshold 15 (max threshold 15)
[2022-07-22T13:20:45.423+0000][7][gc,age      ] GC(357) - age   1:    1088952 bytes,    1088952 total
[2022-07-22T13:20:45.423+0000][7][gc,age      ] GC(357) - age   2:     215912 bytes,    1304864 total
[2022-07-22T13:20:45.423+0000][7][gc,age      ] GC(357) - age   3:       1016 bytes,    1305880 total
[2022-07-22T13:20:45.423+0000][7][gc,age      ] GC(357) - age   4:      19288 bytes,    1325168 total
[2022-07-22T13:20:45.423+0000][7][gc,age      ] GC(357) - age   5:      60088 bytes,    1385256 total
[2022-07-22T13:20:45.423+0000][7][gc,age      ] GC(357) - age   6:       1904 bytes,    1387160 total
[2022-07-22T13:20:45.423+0000][7][gc,age      ] GC(357) - age   7:       1000 bytes,    1388160 total
[2022-07-22T13:20:45.423+0000][7][gc,age      ] GC(357) - age   8:        296 bytes,    1388456 total
[2022-07-22T13:20:45.423+0000][7][gc,age      ] GC(357) - age   9:       1784 bytes,    1390240 total
[2022-07-22T13:20:45.423+0000][7][gc,age      ] GC(357) - age  11:       3080 bytes,    1393320 total
[2022-07-22T13:20:45.423+0000][7][gc,age      ] GC(357) - age  12:       1528 bytes,    1394848 total
[2022-07-22T13:20:45.423+0000][7][gc,age      ] GC(357) - age  13:     152936 bytes,    1547784 total
[2022-07-22T13:20:45.423+0000][7][gc,age      ] GC(357) - age  14:        888 bytes,    1548672 total
[2022-07-22T13:20:45.423+0000][7][gc,phases   ] GC(357)   Pre Evacuate Collection Set: 0.1ms
[2022-07-22T13:20:45.423+0000][7][gc,phases   ] GC(357)   Merge Heap Roots: 0.0ms
[2022-07-22T13:20:45.423+0000][7][gc,phases   ] GC(357)   Evacuate Collection Set: 2.4ms
[2022-07-22T13:20:45.423+0000][7][gc,phases   ] GC(357)   Post Evacuate Collection Set: 0.6ms
[2022-07-22T13:20:45.423+0000][7][gc,phases   ] GC(357)   Other: 0.3ms
[2022-07-22T13:20:45.423+0000][7][gc,heap     ] GC(357) Eden regions: 22->0(22)
[2022-07-22T13:20:45.423+0000][7][gc,heap     ] GC(357) Survivor regions: 1->1(3)
[2022-07-22T13:20:45.423+0000][7][gc,heap     ] GC(357) Old regions: 25->25
[2022-07-22T13:20:45.423+0000][7][gc,heap     ] GC(357) Archive regions: 2->2
[2022-07-22T13:20:45.423+0000][7][gc,heap     ] GC(357) Humongous regions: 2->2
[2022-07-22T13:20:45.423+0000][7][gc,metaspace] GC(357) Metaspace: 112731K(117624K)->112731K(117624K) NonClass: 98547K(102060K)->98547K(102060K) Class: 14183K(15564K)->14183K(15564K)
[2022-07-22T13:20:45.423+0000][7][gc          ] GC(357) Pause Young (Normal) (G1 Evacuation Pause) 201M->112M(256M) 3.393ms
[2022-07-22T13:20:45.423+0000][7][gc,cpu      ] GC(357) User=0.01s Sys=0.00s Real=0.01s
[2022-07-22T13:20:45.423+0000][7][safepoint   ] Safepoint "G1CollectForAllocation", Time since last: 6679628798 ns, Reaching safepoint: 87310 ns, At safepoint: 3476654 ns, Total: 3563964 ns
[2022-07-22T13:20:46.424+0000][7][safepoint   ] Safepoint "Cleanup", Time since last: 1000294113 ns, Reaching safepoint: 131278 ns, At safepoint: 12178 ns, Total: 143456 ns
[2022-07-22T13:21:05.427+0000][7][safepoint   ] Safepoint "Cleanup", Time since last: 19002835462 ns, Reaching safepoint: 148389 ns, At safepoint: 7242 ns, Total: 155631 ns
[2022-07-22T13:21:17.429+0000][7][safepoint   ] Safepoint "Cleanup", Time since last: 12002502281 ns, Reaching safepoint: 110428 ns, At safepoint: 7219 ns, Total: 117647 ns
[2022-07-22T13:21:18.470+0000][7][gc,start    ] GC(358) Pause Young (Concurrent Start) (G1 Evacuation Pause)
[2022-07-22T13:21:18.470+0000][7][gc,task     ] GC(358) Using 4 workers of 4 for evacuation
[2022-07-22T13:21:18.470+0000][7][gc,age      ] GC(358) Desired survivor size 6291456 bytes, new threshold 15 (max threshold 15)
[2022-07-22T13:21:18.473+0000][7][gc,age      ] GC(358) Age table with threshold 15 (max threshold 15)
[2022-07-22T13:21:18.473+0000][7][gc,age      ] GC(358) - age   1:    1275416 bytes,    1275416 total
[2022-07-22T13:21:18.473+0000][7][gc,age      ] GC(358) - age   2:     218928 bytes,    1494344 total
[2022-07-22T13:21:18.473+0000][7][gc,age      ] GC(358) - age   3:      18800 bytes,    1513144 total
[2022-07-22T13:21:18.473+0000][7][gc,age      ] GC(358) - age   4:        656 bytes,    1513800 total
[2022-07-22T13:21:18.473+0000][7][gc,age      ] GC(358) - age   5:      18976 bytes,    1532776 total
[2022-07-22T13:21:18.473+0000][7][gc,age      ] GC(358) - age   6:      59832 bytes,    1592608 total
[2022-07-22T13:21:18.473+0000][7][gc,age      ] GC(358) - age   7:       1840 bytes,    1594448 total
[2022-07-22T13:21:18.473+0000][7][gc,age      ] GC(358) - age   8:       1000 bytes,    1595448 total
[2022-07-22T13:21:18.473+0000][7][gc,age      ] GC(358) - age   9:        296 bytes,    1595744 total
[2022-07-22T13:21:18.473+0000][7][gc,age      ] GC(358) - age  10:       1784 bytes,    1597528 total
[2022-07-22T13:21:18.473+0000][7][gc,age      ] GC(358) - age  12:       3080 bytes,    1600608 total
[2022-07-22T13:21:18.473+0000][7][gc,age      ] GC(358) - age  13:       1528 bytes,    1602136 total
[2022-07-22T13:21:18.473+0000][7][gc,age      ] GC(358) - age  14:     152936 bytes,    1755072 total
[2022-07-22T13:21:18.473+0000][7][gc,age      ] GC(358) - age  15:        888 bytes,    1755960 total
[2022-07-22T13:21:18.473+0000][7][gc,phases   ] GC(358)   Pre Evacuate Collection Set: 0.1ms
[2022-07-22T13:21:18.473+0000][7][gc,phases   ] GC(358)   Merge Heap Roots: 0.0ms
[2022-07-22T13:21:18.473+0000][7][gc,phases   ] GC(358)   Evacuate Collection Set: 2.3ms
[2022-07-22T13:21:18.473+0000][7][gc,phases   ] GC(358)   Post Evacuate Collection Set: 0.5ms
[2022-07-22T13:21:18.473+0000][7][gc,phases   ] GC(358)   Other: 0.4ms
[2022-07-22T13:21:18.473+0000][7][gc,heap     ] GC(358) Eden regions: 22->0(22)
[2022-07-22T13:21:18.473+0000][7][gc,heap     ] GC(358) Survivor regions: 1->1(3)
[2022-07-22T13:21:18.473+0000][7][gc,heap     ] GC(358) Old regions: 25->25
[2022-07-22T13:21:18.473+0000][7][gc,heap     ] GC(358) Archive regions: 2->2
[2022-07-22T13:21:18.473+0000][7][gc,heap     ] GC(358) Humongous regions: 2->2
[2022-07-22T13:21:18.473+0000][7][gc,metaspace] GC(358) Metaspace: 112733K(117624K)->112733K(117624K) NonClass: 98550K(102060K)->98550K(102060K) Class: 14183K(15564K)->14183K(15564K)
[2022-07-22T13:21:18.473+0000][7][gc          ] GC(358) Pause Young (Concurrent Start) (G1 Evacuation Pause) 200M->112M(256M) 3.451ms
[2022-07-22T13:21:18.474+0000][7][gc,cpu      ] GC(358) User=0.01s Sys=0.00s Real=0.00s
[2022-07-22T13:21:18.474+0000][7][safepoint   ] Safepoint "G1CollectForAllocation", Time since last: 1040616363 ns, Reaching safepoint: 94683 ns, At safepoint: 3558109 ns, Total: 3652792 ns
[2022-07-22T13:21:18.474+0000][7][gc          ] GC(359) Concurrent Cycle
[2022-07-22T13:21:18.474+0000][7][gc,marking  ] GC(359) Concurrent Clear Claimed Marks
[2022-07-22T13:21:18.474+0000][7][gc,marking  ] GC(359) Concurrent Clear Claimed Marks 0.089ms
[2022-07-22T13:21:18.474+0000][7][gc,marking  ] GC(359) Concurrent Scan Root Regions
[2022-07-22T13:21:18.475+0000][7][gc,marking  ] GC(359) Concurrent Scan Root Regions 1.742ms
[2022-07-22T13:21:18.475+0000][7][gc,marking  ] GC(359) Concurrent Mark (8001.701s)
[2022-07-22T13:21:18.475+0000][7][gc,marking  ] GC(359) Concurrent Mark From Roots
[2022-07-22T13:21:18.475+0000][7][gc,task     ] GC(359) Using 1 workers of 1 for marking
[2022-07-22T13:21:18.620+0000][7][gc,marking  ] GC(359) Concurrent Mark From Roots 144.864ms
[2022-07-22T13:21:18.620+0000][7][gc,marking  ] GC(359) Concurrent Preclean
[2022-07-22T13:21:18.621+0000][7][gc,marking  ] GC(359) Concurrent Preclean 0.227ms
[2022-07-22T13:21:18.621+0000][7][gc,marking  ] GC(359) Concurrent Mark (8001.701s, 8001.846s) 145.155ms
[2022-07-22T13:21:18.621+0000][7][gc,start    ] GC(359) Pause Remark
[2022-07-22T13:21:18.634+0000][7][gc          ] GC(359) Pause Remark 116M->116M(256M) 12.842ms
[2022-07-22T13:21:18.634+0000][7][gc,cpu      ] GC(359) User=0.04s Sys=0.00s Real=0.02s
[2022-07-22T13:21:18.634+0000][7][safepoint   ] Safepoint "G1Concurrent", Time since last: 147108527 ns, Reaching safepoint: 96726 ns, At safepoint: 12970310 ns, Total: 13067036 ns
[2022-07-22T13:21:18.634+0000][7][gc,marking  ] GC(359) Concurrent Rebuild Remembered Sets
[2022-07-22T13:21:18.725+0000][7][gc,marking  ] GC(359) Concurrent Rebuild Remembered Sets 90.933ms
[2022-07-22T13:21:18.725+0000][7][gc,start    ] GC(359) Pause Cleanup
[2022-07-22T13:21:18.725+0000][7][gc          ] GC(359) Pause Cleanup 116M->116M(256M) 0.107ms
[2022-07-22T13:21:18.725+0000][7][gc,cpu      ] GC(359) User=0.00s Sys=0.00s Real=0.00s
[2022-07-22T13:21:18.725+0000][7][safepoint   ] Safepoint "G1Concurrent", Time since last: 91032523 ns, Reaching safepoint: 113980 ns, At safepoint: 173317 ns, Total: 287297 ns
[2022-07-22T13:21:18.725+0000][7][gc,marking  ] GC(359) Concurrent Cleanup for Next Mark
[2022-07-22T13:21:18.725+0000][7][gc,marking  ] GC(359) Concurrent Cleanup for Next Mark 0.351ms
[2022-07-22T13:21:18.725+0000][7][gc          ] GC(359) Concurrent Cycle 251.923ms
[2022-07-22T13:21:46.729+0000][7][safepoint   ] Safepoint "Cleanup", Time since last: 28003984910 ns, Reaching safepoint: 128606 ns, At safepoint: 7963 ns, Total: 136569 ns
[2022-07-22T13:21:53.350+0000][7][gc,start    ] GC(360) Pause Young (Normal) (G1 Evacuation Pause)
[2022-07-22T13:21:53.350+0000][7][gc,task     ] GC(360) Using 4 workers of 4 for evacuation
[2022-07-22T13:21:53.350+0000][7][gc,age      ] GC(360) Desired survivor size 6291456 bytes, new threshold 15 (max threshold 15)
[2022-07-22T13:21:53.353+0000][7][gc,age      ] GC(360) Age table with threshold 15 (max threshold 15)
[2022-07-22T13:21:53.353+0000][7][gc,age      ] GC(360) - age   1:    1769280 bytes,    1769280 total
[2022-07-22T13:21:53.353+0000][7][gc,age      ] GC(360) - age   2:       1880 bytes,    1771160 total
[2022-07-22T13:21:53.353+0000][7][gc,age      ] GC(360) - age   3:     216976 bytes,    1988136 total
[2022-07-22T13:21:53.353+0000][7][gc,age      ] GC(360) - age   4:      18424 bytes,    2006560 total
[2022-07-22T13:21:53.353+0000][7][gc,age      ] GC(360) - age   5:        336 bytes,    2006896 total
[2022-07-22T13:21:53.353+0000][7][gc,age      ] GC(360) - age   6:      14928 bytes,    2021824 total
[2022-07-22T13:21:53.353+0000][7][gc,age      ] GC(360) - age   7:      59768 bytes,    2081592 total
[2022-07-22T13:21:53.353+0000][7][gc,age      ] GC(360) - age   8:       1840 bytes,    2083432 total
[2022-07-22T13:21:53.353+0000][7][gc,age      ] GC(360) - age   9:       1000 bytes,    2084432 total
[2022-07-22T13:21:53.353+0000][7][gc,age      ] GC(360) - age  10:        296 bytes,    2084728 total
[2022-07-22T13:21:53.353+0000][7][gc,age      ] GC(360) - age  11:       1784 bytes,    2086512 total
[2022-07-22T13:21:53.353+0000][7][gc,age      ] GC(360) - age  13:       3080 bytes,    2089592 total
[2022-07-22T13:21:53.353+0000][7][gc,age      ] GC(360) - age  14:       1528 bytes,    2091120 total
[2022-07-22T13:21:53.353+0000][7][gc,age      ] GC(360) - age  15:     152936 bytes,    2244056 total
[2022-07-22T13:21:53.353+0000][7][gc,phases   ] GC(360)   Pre Evacuate Collection Set: 0.1ms
[2022-07-22T13:21:53.353+0000][7][gc,phases   ] GC(360)   Merge Heap Roots: 0.0ms
[2022-07-22T13:21:53.353+0000][7][gc,phases   ] GC(360)   Evacuate Collection Set: 2.4ms
[2022-07-22T13:21:53.353+0000][7][gc,phases   ] GC(360)   Post Evacuate Collection Set: 0.5ms
[2022-07-22T13:21:53.353+0000][7][gc,phases   ] GC(360)   Other: 0.4ms
[2022-07-22T13:21:53.353+0000][7][gc,heap     ] GC(360) Eden regions: 22->0(22)
[2022-07-22T13:21:53.353+0000][7][gc,heap     ] GC(360) Survivor regions: 1->1(3)
[2022-07-22T13:21:53.353+0000][7][gc,heap     ] GC(360) Old regions: 25->25
[2022-07-22T13:21:53.353+0000][7][gc,heap     ] GC(360) Archive regions: 2->2
[2022-07-22T13:21:53.353+0000][7][gc,heap     ] GC(360) Humongous regions: 2->2
[2022-07-22T13:21:53.353+0000][7][gc,metaspace] GC(360) Metaspace: 112735K(117624K)->112735K(117624K) NonClass: 98551K(102060K)->98551K(102060K) Class: 14183K(15564K)->14183K(15564K)
[2022-07-22T13:21:53.353+0000][7][gc          ] GC(360) Pause Young (Normal) (G1 Evacuation Pause) 200M->113M(256M) 3.555ms
[2022-07-22T13:21:53.353+0000][7][gc,cpu      ] GC(360) User=0.01s Sys=0.00s Real=0.00s
[2022-07-22T13:21:53.353+0000][7][safepoint   ] Safepoint "G1CollectForAllocation", Time since last: 6620478484 ns, Reaching safepoint: 156128 ns, At safepoint: 3647491 ns, Total: 3803619 ns
[2022-07-22T13:22:06.355+0000][7][safepoint   ] Safepoint "Cleanup", Time since last: 13001844673 ns, Reaching safepoint: 176623 ns, At safepoint: 8963 ns, Total: 185586 ns
[2022-07-22T13:22:29.550+0000][7][gc,start    ] GC(361) Pause Young (Concurrent Start) (G1 Evacuation Pause)
[2022-07-22T13:22:29.550+0000][7][gc,task     ] GC(361) Using 4 workers of 4 for evacuation
[2022-07-22T13:22:29.551+0000][7][gc,age      ] GC(361) Desired survivor size 6291456 bytes, new threshold 15 (max threshold 15)
[2022-07-22T13:22:29.554+0000][7][gc,age      ] GC(361) Age table with threshold 15 (max threshold 15)
[2022-07-22T13:22:29.554+0000][7][gc,age      ] GC(361) - age   1:     845088 bytes,     845088 total
[2022-07-22T13:22:29.554+0000][7][gc,age      ] GC(361) - age   2:       5856 bytes,     850944 total
[2022-07-22T13:22:29.554+0000][7][gc,age      ] GC(361) - age   3:        960 bytes,     851904 total
[2022-07-22T13:22:29.554+0000][7][gc,age      ] GC(361) - age   4:     216752 bytes,    1068656 total
[2022-07-22T13:22:29.554+0000][7][gc,age      ] GC(361) - age   5:      18232 bytes,    1086888 total
[2022-07-22T13:22:29.554+0000][7][gc,age      ] GC(361) - age   6:        208 bytes,    1087096 total
[2022-07-22T13:22:29.554+0000][7][gc,age      ] GC(361) - age   7:      14928 bytes,    1102024 total
[2022-07-22T13:22:29.554+0000][7][gc,age      ] GC(361) - age   8:      59704 bytes,    1161728 total
[2022-07-22T13:22:29.554+0000][7][gc,age      ] GC(361) - age   9:       1776 bytes,    1163504 total
[2022-07-22T13:22:29.554+0000][7][gc,age      ] GC(361) - age  10:       1000 bytes,    1164504 total
[2022-07-22T13:22:29.554+0000][7][gc,age      ] GC(361) - age  11:        296 bytes,    1164800 total
[2022-07-22T13:22:29.554+0000][7][gc,age      ] GC(361) - age  12:       1784 bytes,    1166584 total
[2022-07-22T13:22:29.554+0000][7][gc,age      ] GC(361) - age  14:       3080 bytes,    1169664 total
[2022-07-22T13:22:29.554+0000][7][gc,age      ] GC(361) - age  15:       1528 bytes,    1171192 total
[2022-07-22T13:22:29.554+0000][7][gc,phases   ] GC(361)   Pre Evacuate Collection Set: 0.1ms
[2022-07-22T13:22:29.554+0000][7][gc,phases   ] GC(361)   Merge Heap Roots: 0.0ms
[2022-07-22T13:22:29.554+0000][7][gc,phases   ] GC(361)   Evacuate Collection Set: 2.4ms
[2022-07-22T13:22:29.554+0000][7][gc,phases   ] GC(361)   Post Evacuate Collection Set: 0.8ms
[2022-07-22T13:22:29.554+0000][7][gc,phases   ] GC(361)   Other: 0.4ms
[2022-07-22T13:22:29.554+0000][7][gc,heap     ] GC(361) Eden regions: 22->0(22)
[2022-07-22T13:22:29.554+0000][7][gc,heap     ] GC(361) Survivor regions: 1->1(3)
[2022-07-22T13:22:29.554+0000][7][gc,heap     ] GC(361) Old regions: 25->25
[2022-07-22T13:22:29.554+0000][7][gc,heap     ] GC(361) Archive regions: 2->2
[2022-07-22T13:22:29.554+0000][7][gc,heap     ] GC(361) Humongous regions: 2->2
[2022-07-22T13:22:29.554+0000][7][gc,metaspace] GC(361) Metaspace: 112735K(117624K)->112735K(117624K) NonClass: 98551K(102060K)->98551K(102060K) Class: 14183K(15564K)->14183K(15564K)
[2022-07-22T13:22:29.554+0000][7][gc          ] GC(361) Pause Young (Concurrent Start) (G1 Evacuation Pause) 201M->112M(256M) 3.927ms
[2022-07-22T13:22:29.554+0000][7][gc,cpu      ] GC(361) User=0.01s Sys=0.00s Real=0.00s
[2022-07-22T13:22:29.554+0000][7][safepoint   ] Safepoint "G1CollectForAllocation", Time since last: 23194813192 ns, Reaching safepoint: 101126 ns, At safepoint: 4031653 ns, Total: 4132779 ns
[2022-07-22T13:22:29.554+0000][7][gc          ] GC(362) Concurrent Cycle
[2022-07-22T13:22:29.554+0000][7][gc,marking  ] GC(362) Concurrent Clear Claimed Marks
[2022-07-22T13:22:29.555+0000][7][gc,marking  ] GC(362) Concurrent Clear Claimed Marks 0.115ms
[2022-07-22T13:22:29.555+0000][7][gc,marking  ] GC(362) Concurrent Scan Root Regions
[2022-07-22T13:22:29.556+0000][7][gc,marking  ] GC(362) Concurrent Scan Root Regions 1.686ms
[2022-07-22T13:22:29.556+0000][7][gc,marking  ] GC(362) Concurrent Mark (8072.782s)
[2022-07-22T13:22:29.556+0000][7][gc,marking  ] GC(362) Concurrent Mark From Roots
[2022-07-22T13:22:29.556+0000][7][gc,task     ] GC(362) Using 1 workers of 1 for marking
[2022-07-22T13:22:29.737+0000][7][gc,marking  ] GC(362) Concurrent Mark From Roots 180.208ms
[2022-07-22T13:22:29.737+0000][7][gc,marking  ] GC(362) Concurrent Preclean
[2022-07-22T13:22:29.737+0000][7][gc,marking  ] GC(362) Concurrent Preclean 0.305ms
[2022-07-22T13:22:29.737+0000][7][gc,marking  ] GC(362) Concurrent Mark (8072.782s, 8072.963s) 180.602ms
[2022-07-22T13:22:29.737+0000][7][gc,start    ] GC(362) Pause Remark
[2022-07-22T13:22:29.752+0000][7][gc          ] GC(362) Pause Remark 115M->115M(256M) 14.434ms
[2022-07-22T13:22:29.752+0000][7][gc,cpu      ] GC(362) User=0.05s Sys=0.00s Real=0.02s
[2022-07-22T13:22:29.752+0000][7][safepoint   ] Safepoint "G1Concurrent", Time since last: 182541881 ns, Reaching safepoint: 93314 ns, At safepoint: 14571974 ns, Total: 14665288 ns
[2022-07-22T13:22:29.752+0000][7][gc,marking  ] GC(362) Concurrent Rebuild Remembered Sets
[2022-07-22T13:22:29.845+0000][7][gc,marking  ] GC(362) Concurrent Rebuild Remembered Sets 93.392ms
[2022-07-22T13:22:29.845+0000][7][gc,start    ] GC(362) Pause Cleanup
[2022-07-22T13:22:29.845+0000][7][gc          ] GC(362) Pause Cleanup 115M->115M(256M) 0.114ms
[2022-07-22T13:22:29.845+0000][7][gc,cpu      ] GC(362) User=0.00s Sys=0.00s Real=0.00s
[2022-07-22T13:22:29.845+0000][7][safepoint   ] Safepoint "G1Concurrent", Time since last: 93512628 ns, Reaching safepoint: 100905 ns, At safepoint: 193156 ns, Total: 294061 ns
[2022-07-22T13:22:29.845+0000][7][gc,marking  ] GC(362) Concurrent Cleanup for Next Mark
[2022-07-22T13:22:29.846+0000][7][gc,marking  ] GC(362) Concurrent Cleanup for Next Mark 0.255ms
[2022-07-22T13:22:29.846+0000][7][gc          ] GC(362) Concurrent Cycle 291.345ms
[2022-07-22T13:22:32.846+0000][7][safepoint   ] Safepoint "Cleanup", Time since last: 3000299568 ns, Reaching safepoint: 114978 ns, At safepoint: 10586 ns, Total: 125564 ns
[2022-07-22T13:23:05.398+0000][7][gc,start    ] GC(363) Pause Young (Normal) (G1 Evacuation Pause)
[2022-07-22T13:23:05.399+0000][7][gc,task     ] GC(363) Using 4 workers of 4 for evacuation
[2022-07-22T13:23:05.399+0000][7][gc,age      ] GC(363) Desired survivor size 6291456 bytes, new threshold 15 (max threshold 15)
[2022-07-22T13:23:05.406+0000][7][gc,age      ] GC(363) Age table with threshold 15 (max threshold 15)
[2022-07-22T13:23:05.406+0000][7][gc,age      ] GC(363) - age   1:    2374976 bytes,    2374976 total
[2022-07-22T13:23:05.406+0000][7][gc,age      ] GC(363) - age   2:     319920 bytes,    2694896 total
[2022-07-22T13:23:05.406+0000][7][gc,age      ] GC(363) - age   3:       4040 bytes,    2698936 total
[2022-07-22T13:23:05.406+0000][7][gc,age      ] GC(363) - age   4:        800 bytes,    2699736 total
[2022-07-22T13:23:05.406+0000][7][gc,age      ] GC(363) - age   5:     216440 bytes,    2916176 total
[2022-07-22T13:23:05.406+0000][7][gc,age      ] GC(363) - age   6:      18112 bytes,    2934288 total
[2022-07-22T13:23:05.406+0000][7][gc,age      ] GC(363) - age   7:        208 bytes,    2934496 total
[2022-07-22T13:23:05.406+0000][7][gc,age      ] GC(363) - age   8:      14192 bytes,    2948688 total
[2022-07-22T13:23:05.406+0000][7][gc,age      ] GC(363) - age   9:      59408 bytes,    3008096 total
[2022-07-22T13:23:05.406+0000][7][gc,age      ] GC(363) - age  10:       1776 bytes,    3009872 total
[2022-07-22T13:23:05.406+0000][7][gc,age      ] GC(363) - age  11:        904 bytes,    3010776 total
[2022-07-22T13:23:05.406+0000][7][gc,age      ] GC(363) - age  12:        296 bytes,    3011072 total
[2022-07-22T13:23:05.406+0000][7][gc,age      ] GC(363) - age  13:       1784 bytes,    3012856 total
[2022-07-22T13:23:05.406+0000][7][gc,age      ] GC(363) - age  15:       3080 bytes,    3015936 total
[2022-07-22T13:23:05.406+0000][7][gc,phases   ] GC(363)   Pre Evacuate Collection Set: 0.1ms
[2022-07-22T13:23:05.406+0000][7][gc,phases   ] GC(363)   Merge Heap Roots: 0.1ms
[2022-07-22T13:23:05.406+0000][7][gc,phases   ] GC(363)   Evacuate Collection Set: 4.7ms
[2022-07-22T13:23:05.406+0000][7][gc,phases   ] GC(363)   Post Evacuate Collection Set: 1.9ms
[2022-07-22T13:23:05.406+0000][7][gc,phases   ] GC(363)   Other: 1.1ms
[2022-07-22T13:23:05.406+0000][7][gc,heap     ] GC(363) Eden regions: 22->0(22)
[2022-07-22T13:23:05.406+0000][7][gc,heap     ] GC(363) Survivor regions: 1->1(3)
[2022-07-22T13:23:05.406+0000][7][gc,heap     ] GC(363) Old regions: 25->25
[2022-07-22T13:23:05.406+0000][7][gc,heap     ] GC(363) Archive regions: 2->2
[2022-07-22T13:23:05.406+0000][7][gc,heap     ] GC(363) Humongous regions: 2->2
[2022-07-22T13:23:05.406+0000][7][gc,metaspace] GC(363) Metaspace: 112737K(117624K)->112737K(117624K) NonClass: 98553K(102060K)->98553K(102060K) Class: 14183K(15564K)->14183K(15564K)
[2022-07-22T13:23:05.406+0000][7][gc          ] GC(363) Pause Young (Normal) (G1 Evacuation Pause) 200M->114M(256M) 7.923ms
[2022-07-22T13:23:05.406+0000][7][gc,cpu      ] GC(363) User=0.01s Sys=0.00s Real=0.01s
[2022-07-22T13:23:05.406+0000][7][safepoint   ] Safepoint "G1CollectForAllocation", Time since last: 32552028091 ns, Reaching safepoint: 118221 ns, At safepoint: 8063371 ns, Total: 8181592 ns
[2022-07-22T13:23:29.410+0000][7][safepoint   ] Safepoint "Cleanup", Time since last: 24003601135 ns, Reaching safepoint: 210242 ns, At safepoint: 10039 ns, Total: 220281 ns
[2022-07-22T13:23:46.413+0000][7][safepoint   ] Safepoint "Cleanup", Time since last: 17002544524 ns, Reaching safepoint: 140930 ns, At safepoint: 8777 ns, Total: 149707 ns
[2022-07-22T13:23:50.370+0000][7][gc,start    ] GC(364) Pause Young (Concurrent Start) (G1 Evacuation Pause)
[2022-07-22T13:23:50.371+0000][7][gc,task     ] GC(364) Using 4 workers of 4 for evacuation
[2022-07-22T13:23:50.371+0000][7][gc,age      ] GC(364) Desired survivor size 6291456 bytes, new threshold 15 (max threshold 15)
[2022-07-22T13:23:50.374+0000][7][gc,age      ] GC(364) Age table with threshold 15 (max threshold 15)
[2022-07-22T13:23:50.374+0000][7][gc,age      ] GC(364) - age   1:    1522328 bytes,    1522328 total
[2022-07-22T13:23:50.374+0000][7][gc,age      ] GC(364) - age   2:      10216 bytes,    1532544 total
[2022-07-22T13:23:50.374+0000][7][gc,age      ] GC(364) - age   3:       1608 bytes,    1534152 total
[2022-07-22T13:23:50.374+0000][7][gc,age      ] GC(364) - age   4:       3344 bytes,    1537496 total
[2022-07-22T13:23:50.374+0000][7][gc,age      ] GC(364) - age   5:        704 bytes,    1538200 total
[2022-07-22T13:23:50.374+0000][7][gc,age      ] GC(364) - age   6:     191832 bytes,    1730032 total
[2022-07-22T13:23:50.374+0000][7][gc,age      ] GC(364) - age   7:      17472 bytes,    1747504 total
[2022-07-22T13:23:50.374+0000][7][gc,age      ] GC(364) - age   8:        144 bytes,    1747648 total
[2022-07-22T13:23:50.374+0000][7][gc,age      ] GC(364) - age   9:      14192 bytes,    1761840 total
[2022-07-22T13:23:50.374+0000][7][gc,age      ] GC(364) - age  10:      59368 bytes,    1821208 total
[2022-07-22T13:23:50.374+0000][7][gc,age      ] GC(364) - age  11:       1776 bytes,    1822984 total
[2022-07-22T13:23:50.374+0000][7][gc,age      ] GC(364) - age  12:        904 bytes,    1823888 total
[2022-07-22T13:23:50.374+0000][7][gc,age      ] GC(364) - age  13:        296 bytes,    1824184 total
[2022-07-22T13:23:50.374+0000][7][gc,age      ] GC(364) - age  14:       1248 bytes,    1825432 total
[2022-07-22T13:23:50.374+0000][7][gc,phases   ] GC(364)   Pre Evacuate Collection Set: 0.1ms
[2022-07-22T13:23:50.374+0000][7][gc,phases   ] GC(364)   Merge Heap Roots: 0.1ms
[2022-07-22T13:23:50.374+0000][7][gc,phases   ] GC(364)   Evacuate Collection Set: 2.8ms
[2022-07-22T13:23:50.374+0000][7][gc,phases   ] GC(364)   Post Evacuate Collection Set: 0.6ms
[2022-07-22T13:23:50.374+0000][7][gc,phases   ] GC(364)   Other: 0.3ms
[2022-07-22T13:23:50.374+0000][7][gc,heap     ] GC(364) Eden regions: 22->0(22)
[2022-07-22T13:23:50.374+0000][7][gc,heap     ] GC(364) Survivor regions: 1->1(3)
[2022-07-22T13:23:50.374+0000][7][gc,heap     ] GC(364) Old regions: 25->25
[2022-07-22T13:23:50.374+0000][7][gc,heap     ] GC(364) Archive regions: 2->2
[2022-07-22T13:23:50.374+0000][7][gc,heap     ] GC(364) Humongous regions: 2->2
[2022-07-22T13:23:50.374+0000][7][gc,metaspace] GC(364) Metaspace: 112747K(117624K)->112747K(117624K) NonClass: 98563K(102060K)->98563K(102060K) Class: 14183K(15564K)->14183K(15564K)
[2022-07-22T13:23:50.374+0000][7][gc          ] GC(364) Pause Young (Concurrent Start) (G1 Evacuation Pause) 202M->113M(256M) 4.013ms
[2022-07-22T13:23:50.374+0000][7][gc,cpu      ] GC(364) User=0.01s Sys=0.00s Real=0.00s
[2022-07-22T13:23:50.375+0000][7][safepoint   ] Safepoint "G1CollectForAllocation", Time since last: 3957618005 ns, Reaching safepoint: 203742 ns, At safepoint: 4112385 ns, Total: 4316127 ns
[2022-07-22T13:23:50.375+0000][7][gc          ] GC(365) Concurrent Cycle
[2022-07-22T13:23:50.375+0000][7][gc,marking  ] GC(365) Concurrent Clear Claimed Marks
[2022-07-22T13:23:50.375+0000][7][gc,marking  ] GC(365) Concurrent Clear Claimed Marks 0.096ms
[2022-07-22T13:23:50.375+0000][7][gc,marking  ] GC(365) Concurrent Scan Root Regions
[2022-07-22T13:23:50.377+0000][7][gc,marking  ] GC(365) Concurrent Scan Root Regions 2.348ms
[2022-07-22T13:23:50.377+0000][7][gc,marking  ] GC(365) Concurrent Mark (8153.603s)
[2022-07-22T13:23:50.377+0000][7][gc,marking  ] GC(365) Concurrent Mark From Roots
[2022-07-22T13:23:50.377+0000][7][gc,task     ] GC(365) Using 1 workers of 1 for marking
[2022-07-22T13:23:50.541+0000][7][gc,marking  ] GC(365) Concurrent Mark From Roots 164.046ms
[2022-07-22T13:23:50.541+0000][7][gc,marking  ] GC(365) Concurrent Preclean
[2022-07-22T13:23:50.541+0000][7][gc,marking  ] GC(365) Concurrent Preclean 0.247ms
[2022-07-22T13:23:50.541+0000][7][gc,marking  ] GC(365) Concurrent Mark (8153.603s, 8153.767s) 164.384ms
[2022-07-22T13:23:50.542+0000][7][gc,start    ] GC(365) Pause Remark
[2022-07-22T13:23:50.588+0000][7][gc          ] GC(365) Pause Remark 114M->114M(256M) 46.612ms
[2022-07-22T13:23:50.588+0000][7][gc,cpu      ] GC(365) User=0.05s Sys=0.01s Real=0.04s
[2022-07-22T13:23:50.588+0000][7][safepoint   ] Safepoint "G1Concurrent", Time since last: 166988156 ns, Reaching safepoint: 146736 ns, At safepoint: 46737113 ns, Total: 46883849 ns
[2022-07-22T13:23:50.588+0000][7][gc,marking  ] GC(365) Concurrent Rebuild Remembered Sets
[2022-07-22T13:23:50.702+0000][7][gc,marking  ] GC(365) Concurrent Rebuild Remembered Sets 113.652ms
[2022-07-22T13:23:50.702+0000][7][gc,start    ] GC(365) Pause Cleanup
[2022-07-22T13:23:50.702+0000][7][gc          ] GC(365) Pause Cleanup 114M->114M(256M) 0.093ms
[2022-07-22T13:23:50.702+0000][7][gc,cpu      ] GC(365) User=0.00s Sys=0.00s Real=0.00s
[2022-07-22T13:23:50.702+0000][7][safepoint   ] Safepoint "G1Concurrent", Time since last: 113780328 ns, Reaching safepoint: 98840 ns, At safepoint: 155249 ns, Total: 254089 ns
[2022-07-22T13:23:50.702+0000][7][gc,marking  ] GC(365) Concurrent Cleanup for Next Mark
[2022-07-22T13:23:50.703+0000][7][gc,marking  ] GC(365) Concurrent Cleanup for Next Mark 0.241ms
[2022-07-22T13:23:50.703+0000][7][gc          ] GC(365) Concurrent Cycle 328.212ms
[2022-07-22T13:23:53.703+0000][7][safepoint   ] Safepoint "Cleanup", Time since last: 3000310967 ns, Reaching safepoint: 156567 ns, At safepoint: 9398 ns, Total: 165965 ns
[2022-07-22T13:23:56.703+0000][7][safepoint   ] Safepoint "Cleanup", Time since last: 3000301087 ns, Reaching safepoint: 114883 ns, At safepoint: 8231 ns, Total: 123114 ns
[2022-07-22T13:24:05.705+0000][7][safepoint   ] Safepoint "Cleanup", Time since last: 9001436439 ns, Reaching safepoint: 142113 ns, At safepoint: 8679 ns, Total: 150792 ns
[2022-07-22T13:24:29.448+0000][7][gc,start    ] GC(366) Pause Young (Normal) (G1 Evacuation Pause)
[2022-07-22T13:24:29.448+0000][7][gc,task     ] GC(366) Using 4 workers of 4 for evacuation
[2022-07-22T13:24:29.449+0000][7][gc,age      ] GC(366) Desired survivor size 6291456 bytes, new threshold 15 (max threshold 15)
[2022-07-22T13:24:29.452+0000][7][gc,age      ] GC(366) Age table with threshold 15 (max threshold 15)
[2022-07-22T13:24:29.452+0000][7][gc,age      ] GC(366) - age   1:    1990192 bytes,    1990192 total
[2022-07-22T13:24:29.452+0000][7][gc,age      ] GC(366) - age   2:     148656 bytes,    2138848 total
[2022-07-22T13:24:29.452+0000][7][gc,age      ] GC(366) - age   3:       8376 bytes,    2147224 total
[2022-07-22T13:24:29.452+0000][7][gc,age      ] GC(366) - age   4:       1096 bytes,    2148320 total
[2022-07-22T13:24:29.452+0000][7][gc,age      ] GC(366) - age   5:       3168 bytes,    2151488 total
[2022-07-22T13:24:29.452+0000][7][gc,age      ] GC(366) - age   6:        640 bytes,    2152128 total
[2022-07-22T13:24:29.452+0000][7][gc,age      ] GC(366) - age   7:       1248 bytes,    2153376 total
[2022-07-22T13:24:29.452+0000][7][gc,age      ] GC(366) - age   8:      17472 bytes,    2170848 total
[2022-07-22T13:24:29.452+0000][7][gc,age      ] GC(366) - age   9:        144 bytes,    2170992 total
[2022-07-22T13:24:29.452+0000][7][gc,age      ] GC(366) - age  10:      14064 bytes,    2185056 total
[2022-07-22T13:24:29.452+0000][7][gc,age      ] GC(366) - age  11:      59368 bytes,    2244424 total
[2022-07-22T13:24:29.452+0000][7][gc,age      ] GC(366) - age  12:       1424 bytes,    2245848 total
[2022-07-22T13:24:29.452+0000][7][gc,age      ] GC(366) - age  13:        904 bytes,    2246752 total
[2022-07-22T13:24:29.452+0000][7][gc,age      ] GC(366) - age  14:        296 bytes,    2247048 total
[2022-07-22T13:24:29.452+0000][7][gc,age      ] GC(366) - age  15:       1248 bytes,    2248296 total
[2022-07-22T13:24:29.452+0000][7][gc,phases   ] GC(366)   Pre Evacuate Collection Set: 0.1ms
[2022-07-22T13:24:29.452+0000][7][gc,phases   ] GC(366)   Merge Heap Roots: 0.0ms
[2022-07-22T13:24:29.452+0000][7][gc,phases   ] GC(366)   Evacuate Collection Set: 2.5ms
[2022-07-22T13:24:29.452+0000][7][gc,phases   ] GC(366)   Post Evacuate Collection Set: 0.6ms
[2022-07-22T13:24:29.452+0000][7][gc,phases   ] GC(366)   Other: 0.3ms
[2022-07-22T13:24:29.452+0000][7][gc,heap     ] GC(366) Eden regions: 22->0(22)
[2022-07-22T13:24:29.452+0000][7][gc,heap     ] GC(366) Survivor regions: 1->1(3)
[2022-07-22T13:24:29.452+0000][7][gc,heap     ] GC(366) Old regions: 25->25
[2022-07-22T13:24:29.452+0000][7][gc,heap     ] GC(366) Archive regions: 2->2
[2022-07-22T13:24:29.452+0000][7][gc,heap     ] GC(366) Humongous regions: 2->2
[2022-07-22T13:24:29.452+0000][7][gc,metaspace] GC(366) Metaspace: 112747K(117624K)->112747K(117624K) NonClass: 98563K(102060K)->98563K(102060K) Class: 14183K(15564K)->14183K(15564K)
[2022-07-22T13:24:29.452+0000][7][gc          ] GC(366) Pause Young (Normal) (G1 Evacuation Pause) 201M->113M(256M) 3.585ms
[2022-07-22T13:24:29.452+0000][7][gc,cpu      ] GC(366) User=0.01s Sys=0.00s Real=0.01s
[2022-07-22T13:24:29.452+0000][7][safepoint   ] Safepoint "G1CollectForAllocation", Time since last: 23743366333 ns, Reaching safepoint: 130280 ns, At safepoint: 3679055 ns, Total: 3809335 ns
[2022-07-22T13:24:45.455+0000][7][safepoint   ] Safepoint "Cleanup", Time since last: 16003123770 ns, Reaching safepoint: 130108 ns, At safepoint: 8765 ns, Total: 138873 ns
[2022-07-22T13:24:55.457+0000][7][safepoint   ] Safepoint "Cleanup", Time since last: 10001942542 ns, Reaching safepoint: 137025 ns, At safepoint: 11384 ns, Total: 148409 ns
[2022-07-22T13:24:56.402+0000][7][gc,start    ] GC(367) Pause Young (Concurrent Start) (G1 Evacuation Pause)
[2022-07-22T13:24:56.402+0000][7][gc,task     ] GC(367) Using 4 workers of 4 for evacuation
[2022-07-22T13:24:56.402+0000][7][gc,age      ] GC(367) Desired survivor size 6291456 bytes, new threshold 15 (max threshold 15)
[2022-07-22T13:24:56.406+0000][7][gc,age      ] GC(367) Age table with threshold 15 (max threshold 15)
[2022-07-22T13:24:56.406+0000][7][gc,age      ] GC(367) - age   1:    1321576 bytes,    1321576 total
[2022-07-22T13:24:56.406+0000][7][gc,age      ] GC(367) - age   2:     164840 bytes,    1486416 total
[2022-07-22T13:24:56.406+0000][7][gc,age      ] GC(367) - age   3:       2616 bytes,    1489032 total
[2022-07-22T13:24:56.406+0000][7][gc,age      ] GC(367) - age   4:       6448 bytes,    1495480 total
[2022-07-22T13:24:56.406+0000][7][gc,age      ] GC(367) - age   5:       1096 bytes,    1496576 total
[2022-07-22T13:24:56.406+0000][7][gc,age      ] GC(367) - age   6:       3104 bytes,    1499680 total
[2022-07-22T13:24:56.406+0000][7][gc,age      ] GC(367) - age   7:        512 bytes,    1500192 total
[2022-07-22T13:24:56.406+0000][7][gc,age      ] GC(367) - age   8:        880 bytes,    1501072 total
[2022-07-22T13:24:56.406+0000][7][gc,age      ] GC(367) - age   9:      17472 bytes,    1518544 total
[2022-07-22T13:24:56.406+0000][7][gc,age      ] GC(367) - age  10:        144 bytes,    1518688 total
[2022-07-22T13:24:56.406+0000][7][gc,age      ] GC(367) - age  11:      14032 bytes,    1532720 total
[2022-07-22T13:24:56.406+0000][7][gc,age      ] GC(367) - age  12:      59368 bytes,    1592088 total
[2022-07-22T13:24:56.406+0000][7][gc,age      ] GC(367) - age  13:       1072 bytes,    1593160 total
[2022-07-22T13:24:56.406+0000][7][gc,age      ] GC(367) - age  14:        904 bytes,    1594064 total
[2022-07-22T13:24:56.406+0000][7][gc,age      ] GC(367) - age  15:        296 bytes,    1594360 total
[2022-07-22T13:24:56.406+0000][7][gc,phases   ] GC(367)   Pre Evacuate Collection Set: 0.1ms
[2022-07-22T13:24:56.406+0000][7][gc,phases   ] GC(367)   Merge Heap Roots: 0.0ms
[2022-07-22T13:24:56.406+0000][7][gc,phases   ] GC(367)   Evacuate Collection Set: 2.4ms
[2022-07-22T13:24:56.406+0000][7][gc,phases   ] GC(367)   Post Evacuate Collection Set: 0.5ms
[2022-07-22T13:24:56.406+0000][7][gc,phases   ] GC(367)   Other: 0.4ms
[2022-07-22T13:24:56.406+0000][7][gc,heap     ] GC(367) Eden regions: 22->0(22)
[2022-07-22T13:24:56.406+0000][7][gc,heap     ] GC(367) Survivor regions: 1->1(3)
[2022-07-22T13:24:56.406+0000][7][gc,heap     ] GC(367) Old regions: 25->25
[2022-07-22T13:24:56.406+0000][7][gc,heap     ] GC(367) Archive regions: 2->2
[2022-07-22T13:24:56.406+0000][7][gc,heap     ] GC(367) Humongous regions: 2->2
[2022-07-22T13:24:56.406+0000][7][gc,metaspace] GC(367) Metaspace: 112747K(117624K)->112747K(117624K) NonClass: 98563K(102060K)->98563K(102060K) Class: 14183K(15564K)->14183K(15564K)
[2022-07-22T13:24:56.406+0000][7][gc          ] GC(367) Pause Young (Concurrent Start) (G1 Evacuation Pause) 201M->113M(256M) 3.667ms
[2022-07-22T13:24:56.406+0000][7][gc,cpu      ] GC(367) User=0.01s Sys=0.00s Real=0.00s
[2022-07-22T13:24:56.406+0000][7][gc          ] GC(368) Concurrent Cycle
[2022-07-22T13:24:56.406+0000][7][gc,marking  ] GC(368) Concurrent Clear Claimed Marks
[2022-07-22T13:24:56.406+0000][7][gc,marking  ] GC(368) Concurrent Clear Claimed Marks 0.098ms
[2022-07-22T13:24:56.406+0000][7][gc,marking  ] GC(368) Concurrent Scan Root Regions
[2022-07-22T13:24:56.409+0000][7][gc,marking  ] GC(368) Concurrent Scan Root Regions 2.745ms
[2022-07-22T13:24:56.409+0000][7][gc,marking  ] GC(368) Concurrent Mark (8219.635s)
[2022-07-22T13:24:56.409+0000][7][gc,marking  ] GC(368) Concurrent Mark From Roots
[2022-07-22T13:24:56.409+0000][7][gc,task     ] GC(368) Using 1 workers of 1 for marking
[2022-07-22T13:24:56.406+0000][7][safepoint   ] Safepoint "G1CollectForAllocation", Time since last: 942696846 ns, Reaching safepoint: 2213823 ns, At safepoint: 3772701 ns, Total: 5986524 ns
[2022-07-22T13:24:56.567+0000][7][gc,marking  ] GC(368) Concurrent Mark From Roots 157.641ms
[2022-07-22T13:24:56.567+0000][7][gc,marking  ] GC(368) Concurrent Preclean
[2022-07-22T13:24:56.567+0000][7][gc,marking  ] GC(368) Concurrent Preclean 0.196ms
[2022-07-22T13:24:56.567+0000][7][gc,marking  ] GC(368) Concurrent Mark (8219.635s, 8219.793s) 157.928ms
[2022-07-22T13:24:56.567+0000][7][gc,start    ] GC(368) Pause Remark
[2022-07-22T13:24:56.581+0000][7][gc          ] GC(368) Pause Remark 119M->119M(256M) 13.386ms
[2022-07-22T13:24:56.581+0000][7][gc,cpu      ] GC(368) User=0.04s Sys=0.00s Real=0.01s
[2022-07-22T13:24:56.581+0000][7][safepoint   ] Safepoint "G1Concurrent", Time since last: 160904306 ns, Reaching safepoint: 143692 ns, At safepoint: 13489165 ns, Total: 13632857 ns
[2022-07-22T13:24:56.581+0000][7][gc,marking  ] GC(368) Concurrent Rebuild Remembered Sets
[2022-07-22T13:24:56.671+0000][7][gc,marking  ] GC(368) Concurrent Rebuild Remembered Sets 90.575ms
[2022-07-22T13:24:56.672+0000][7][gc,start    ] GC(368) Pause Cleanup
[2022-07-22T13:24:56.672+0000][7][gc          ] GC(368) Pause Cleanup 120M->120M(256M) 0.095ms
[2022-07-22T13:24:56.672+0000][7][gc,cpu      ] GC(368) User=0.00s Sys=0.00s Real=0.00s
[2022-07-22T13:24:56.672+0000][7][safepoint   ] Safepoint "G1Concurrent", Time since last: 90713324 ns, Reaching safepoint: 195064 ns, At safepoint: 159782 ns, Total: 354846 ns
[2022-07-22T13:24:56.672+0000][7][gc,marking  ] GC(368) Concurrent Cleanup for Next Mark
[2022-07-22T13:24:56.672+0000][7][gc,marking  ] GC(368) Concurrent Cleanup for Next Mark 0.256ms
[2022-07-22T13:24:56.672+0000][7][gc          ] GC(368) Concurrent Cycle 265.953ms
[2022-07-22T13:25:05.674+0000][7][safepoint   ] Safepoint "Cleanup", Time since last: 9001676009 ns, Reaching safepoint: 110790 ns, At safepoint: 10310 ns, Total: 121100 ns
[2022-07-22T13:25:24.677+0000][7][safepoint   ] Safepoint "Cleanup", Time since last: 19003154773 ns, Reaching safepoint: 110676 ns, At safepoint: 6206 ns, Total: 116882 ns
[2022-07-22T13:25:32.381+0000][7][gc,start    ] GC(369) Pause Young (Normal) (G1 Evacuation Pause)
[2022-07-22T13:25:32.381+0000][7][gc,task     ] GC(369) Using 4 workers of 4 for evacuation
[2022-07-22T13:25:32.381+0000][7][gc,age      ] GC(369) Desired survivor size 6291456 bytes, new threshold 15 (max threshold 15)
[2022-07-22T13:25:32.384+0000][7][gc,age      ] GC(369) Age table with threshold 15 (max threshold 15)
[2022-07-22T13:25:32.384+0000][7][gc,age      ] GC(369) - age   1:     658520 bytes,     658520 total
[2022-07-22T13:25:32.384+0000][7][gc,age      ] GC(369) - age   2:     229904 bytes,     888424 total
[2022-07-22T13:25:32.384+0000][7][gc,age      ] GC(369) - age   3:       2664 bytes,     891088 total
[2022-07-22T13:25:32.384+0000][7][gc,age      ] GC(369) - age   4:       2232 bytes,     893320 total
[2022-07-22T13:25:32.384+0000][7][gc,age      ] GC(369) - age   5:       5912 bytes,     899232 total
[2022-07-22T13:25:32.384+0000][7][gc,age      ] GC(369) - age   6:        840 bytes,     900072 total
[2022-07-22T13:25:32.384+0000][7][gc,age      ] GC(369) - age   7:       3104 bytes,     903176 total
[2022-07-22T13:25:32.384+0000][7][gc,age      ] GC(369) - age   8:        512 bytes,     903688 total
[2022-07-22T13:25:32.384+0000][7][gc,age      ] GC(369) - age   9:        752 bytes,     904440 total
[2022-07-22T13:25:32.384+0000][7][gc,age      ] GC(369) - age  10:      17472 bytes,     921912 total
[2022-07-22T13:25:32.384+0000][7][gc,age      ] GC(369) - age  11:         80 bytes,     921992 total
[2022-07-22T13:25:32.384+0000][7][gc,age      ] GC(369) - age  12:      14032 bytes,     936024 total
[2022-07-22T13:25:32.384+0000][7][gc,age      ] GC(369) - age  13:      59368 bytes,     995392 total
[2022-07-22T13:25:32.384+0000][7][gc,age      ] GC(369) - age  14:       1072 bytes,     996464 total
[2022-07-22T13:25:32.384+0000][7][gc,age      ] GC(369) - age  15:        904 bytes,     997368 total
[2022-07-22T13:25:32.384+0000][7][gc,phases   ] GC(369)   Pre Evacuate Collection Set: 0.1ms
[2022-07-22T13:25:32.384+0000][7][gc,phases   ] GC(369)   Merge Heap Roots: 0.1ms
[2022-07-22T13:25:32.384+0000][7][gc,phases   ] GC(369)   Evacuate Collection Set: 2.0ms
[2022-07-22T13:25:32.384+0000][7][gc,phases   ] GC(369)   Post Evacuate Collection Set: 1.1ms
[2022-07-22T13:25:32.384+0000][7][gc,phases   ] GC(369)   Other: 0.4ms
[2022-07-22T13:25:32.384+0000][7][gc,heap     ] GC(369) Eden regions: 22->0(22)
[2022-07-22T13:25:32.385+0000][7][gc,heap     ] GC(369) Survivor regions: 1->1(3)
[2022-07-22T13:25:32.385+0000][7][gc,heap     ] GC(369) Old regions: 25->25
[2022-07-22T13:25:32.385+0000][7][gc,heap     ] GC(369) Archive regions: 2->2
[2022-07-22T13:25:32.385+0000][7][gc,heap     ] GC(369) Humongous regions: 2->2
[2022-07-22T13:25:32.385+0000][7][gc,metaspace] GC(369) Metaspace: 112749K(117624K)->112749K(117624K) NonClass: 98565K(102060K)->98565K(102060K) Class: 14184K(15564K)->14184K(15564K)
[2022-07-22T13:25:32.385+0000][7][gc          ] GC(369) Pause Young (Normal) (G1 Evacuation Pause) 201M->112M(256M) 3.779ms
[2022-07-22T13:25:32.385+0000][7][gc,cpu      ] GC(369) User=0.01s Sys=0.01s Real=0.01s
[2022-07-22T13:25:32.385+0000][7][safepoint   ] Safepoint "G1CollectForAllocation", Time since last: 7703807847 ns, Reaching safepoint: 119701 ns, At safepoint: 3871734 ns, Total: 3991435 ns
[2022-07-22T13:25:47.386+0000][7][safepoint   ] Safepoint "Cleanup", Time since last: 15001660054 ns, Reaching safepoint: 100599 ns, At safepoint: 8578 ns, Total: 109177 ns
[2022-07-22T13:26:05.463+0000][7][gc,start    ] GC(370) Pause Young (Concurrent Start) (G1 Evacuation Pause)
[2022-07-22T13:26:05.463+0000][7][gc,task     ] GC(370) Using 4 workers of 4 for evacuation
[2022-07-22T13:26:05.463+0000][7][gc,age      ] GC(370) Desired survivor size 6291456 bytes, new threshold 15 (max threshold 15)
[2022-07-22T13:26:05.467+0000][7][gc,age      ] GC(370) Age table with threshold 15 (max threshold 15)
[2022-07-22T13:26:05.467+0000][7][gc,age      ] GC(370) - age   1:    1229000 bytes,    1229000 total
[2022-07-22T13:26:05.467+0000][7][gc,age      ] GC(370) - age   2:     438352 bytes,    1667352 total
[2022-07-22T13:26:05.467+0000][7][gc,age      ] GC(370) - age   3:     213520 bytes,    1880872 total
[2022-07-22T13:26:05.467+0000][7][gc,age      ] GC(370) - age   4:       2160 bytes,    1883032 total
[2022-07-22T13:26:05.467+0000][7][gc,age      ] GC(370) - age   5:       1904 bytes,    1884936 total
[2022-07-22T13:26:05.467+0000][7][gc,age      ] GC(370) - age   6:       5728 bytes,    1890664 total
[2022-07-22T13:26:05.467+0000][7][gc,age      ] GC(370) - age   7:        840 bytes,    1891504 total
[2022-07-22T13:26:05.467+0000][7][gc,age      ] GC(370) - age   8:       3104 bytes,    1894608 total
[2022-07-22T13:26:05.467+0000][7][gc,age      ] GC(370) - age   9:        512 bytes,    1895120 total
[2022-07-22T13:26:05.467+0000][7][gc,age      ] GC(370) - age  10:        688 bytes,    1895808 total
[2022-07-22T13:26:05.467+0000][7][gc,age      ] GC(370) - age  11:      17344 bytes,    1913152 total
[2022-07-22T13:26:05.467+0000][7][gc,age      ] GC(370) - age  12:         80 bytes,    1913232 total
[2022-07-22T13:26:05.467+0000][7][gc,age      ] GC(370) - age  13:      14032 bytes,    1927264 total
[2022-07-22T13:26:05.467+0000][7][gc,age      ] GC(370) - age  14:      59368 bytes,    1986632 total
[2022-07-22T13:26:05.467+0000][7][gc,age      ] GC(370) - age  15:       1008 bytes,    1987640 total
[2022-07-22T13:26:05.467+0000][7][gc,phases   ] GC(370)   Pre Evacuate Collection Set: 0.2ms
[2022-07-22T13:26:05.467+0000][7][gc,phases   ] GC(370)   Merge Heap Roots: 0.1ms
[2022-07-22T13:26:05.467+0000][7][gc,phases   ] GC(370)   Evacuate Collection Set: 2.6ms
[2022-07-22T13:26:05.467+0000][7][gc,phases   ] GC(370)   Post Evacuate Collection Set: 0.7ms
[2022-07-22T13:26:05.467+0000][7][gc,phases   ] GC(370)   Other: 0.4ms
[2022-07-22T13:26:05.467+0000][7][gc,heap     ] GC(370) Eden regions: 22->0(22)
[2022-07-22T13:26:05.467+0000][7][gc,heap     ] GC(370) Survivor regions: 1->1(3)
[2022-07-22T13:26:05.467+0000][7][gc,heap     ] GC(370) Old regions: 25->25
[2022-07-22T13:26:05.467+0000][7][gc,heap     ] GC(370) Archive regions: 2->2
[2022-07-22T13:26:05.467+0000][7][gc,heap     ] GC(370) Humongous regions: 2->2
[2022-07-22T13:26:05.467+0000][7][gc,metaspace] GC(370) Metaspace: 112749K(117624K)->112749K(117624K) NonClass: 98565K(102060K)->98565K(102060K) Class: 14184K(15564K)->14184K(15564K)
[2022-07-22T13:26:05.467+0000][7][gc          ] GC(370) Pause Young (Concurrent Start) (G1 Evacuation Pause) 200M->113M(256M) 4.081ms
[2022-07-22T13:26:05.468+0000][7][gc,cpu      ] GC(370) User=0.01s Sys=0.00s Real=0.00s
[2022-07-22T13:26:05.468+0000][7][gc          ] GC(371) Concurrent Cycle
[2022-07-22T13:26:05.468+0000][7][safepoint   ] Safepoint "G1CollectForAllocation", Time since last: 18076861658 ns, Reaching safepoint: 118834 ns, At safepoint: 4175571 ns, Total: 4294405 ns
[2022-07-22T13:26:05.468+0000][7][gc,marking  ] GC(371) Concurrent Clear Claimed Marks
[2022-07-22T13:26:05.468+0000][7][gc,marking  ] GC(371) Concurrent Clear Claimed Marks 0.104ms
[2022-07-22T13:26:05.468+0000][7][gc,marking  ] GC(371) Concurrent Scan Root Regions
[2022-07-22T13:26:05.470+0000][7][gc,marking  ] GC(371) Concurrent Scan Root Regions 2.392ms
[2022-07-22T13:26:05.470+0000][7][gc,marking  ] GC(371) Concurrent Mark (8288.696s)
[2022-07-22T13:26:05.470+0000][7][gc,marking  ] GC(371) Concurrent Mark From Roots
[2022-07-22T13:26:05.470+0000][7][gc,task     ] GC(371) Using 1 workers of 1 for marking
[2022-07-22T13:26:05.635+0000][7][gc,marking  ] GC(371) Concurrent Mark From Roots 165.051ms
[2022-07-22T13:26:05.635+0000][7][gc,marking  ] GC(371) Concurrent Preclean
[2022-07-22T13:26:05.635+0000][7][gc,marking  ] GC(371) Concurrent Preclean 0.195ms
[2022-07-22T13:26:05.635+0000][7][gc,marking  ] GC(371) Concurrent Mark (8288.696s, 8288.861s) 165.315ms
[2022-07-22T13:26:05.636+0000][7][gc,start    ] GC(371) Pause Remark
[2022-07-22T13:26:05.650+0000][7][gc          ] GC(371) Pause Remark 115M->115M(256M) 14.382ms
[2022-07-22T13:26:05.650+0000][7][gc,cpu      ] GC(371) User=0.05s Sys=0.00s Real=0.02s
[2022-07-22T13:26:05.650+0000][7][safepoint   ] Safepoint "G1Concurrent", Time since last: 167931932 ns, Reaching safepoint: 132032 ns, At safepoint: 14511890 ns, Total: 14643922 ns
[2022-07-22T13:26:05.650+0000][7][gc,marking  ] GC(371) Concurrent Rebuild Remembered Sets
[2022-07-22T13:26:05.758+0000][7][gc,marking  ] GC(371) Concurrent Rebuild Remembered Sets 107.450ms
[2022-07-22T13:26:05.758+0000][7][gc,start    ] GC(371) Pause Cleanup
[2022-07-22T13:26:05.758+0000][7][gc          ] GC(371) Pause Cleanup 115M->115M(256M) 0.116ms
[2022-07-22T13:26:05.758+0000][7][gc,cpu      ] GC(371) User=0.00s Sys=0.00s Real=0.00s
[2022-07-22T13:26:05.758+0000][7][safepoint   ] Safepoint "G1Concurrent", Time since last: 107740047 ns, Reaching safepoint: 145120 ns, At safepoint: 170617 ns, Total: 315737 ns
[2022-07-22T13:26:05.758+0000][7][gc,marking  ] GC(371) Concurrent Cleanup for Next Mark
[2022-07-22T13:26:05.758+0000][7][gc,marking  ] GC(371) Concurrent Cleanup for Next Mark 0.263ms
[2022-07-22T13:26:05.758+0000][7][gc          ] GC(371) Concurrent Cycle 290.963ms
[2022-07-22T13:26:17.760+0000][7][safepoint   ] Safepoint "Cleanup", Time since last: 12001804719 ns, Reaching safepoint: 94151 ns, At safepoint: 5605 ns, Total: 99756 ns
[2022-07-22T13:26:53.827+0000][7][gc,start    ] GC(372) Pause Young (Normal) (G1 Evacuation Pause)
[2022-07-22T13:26:53.827+0000][7][gc,task     ] GC(372) Using 4 workers of 4 for evacuation
[2022-07-22T13:26:53.827+0000][7][gc,age      ] GC(372) Desired survivor size 6291456 bytes, new threshold 15 (max threshold 15)
[2022-07-22T13:26:53.832+0000][7][gc,age      ] GC(372) Age table with threshold 15 (max threshold 15)
[2022-07-22T13:26:53.832+0000][7][gc,age      ] GC(372) - age   1:    2469784 bytes,    2469784 total
[2022-07-22T13:26:53.832+0000][7][gc,age      ] GC(372) - age   2:      65416 bytes,    2535200 total
[2022-07-22T13:26:53.832+0000][7][gc,age      ] GC(372) - age   3:     166320 bytes,    2701520 total
[2022-07-22T13:26:53.832+0000][7][gc,age      ] GC(372) - age   4:      25968 bytes,    2727488 total
[2022-07-22T13:26:53.832+0000][7][gc,age      ] GC(372) - age   5:       2096 bytes,    2729584 total
[2022-07-22T13:26:53.832+0000][7][gc,age      ] GC(372) - age   6:       1840 bytes,    2731424 total
[2022-07-22T13:26:53.832+0000][7][gc,age      ] GC(372) - age   7:       5728 bytes,    2737152 total
[2022-07-22T13:26:53.832+0000][7][gc,age      ] GC(372) - age   8:        528 bytes,    2737680 total
[2022-07-22T13:26:53.832+0000][7][gc,age      ] GC(372) - age   9:       3072 bytes,    2740752 total
[2022-07-22T13:26:53.832+0000][7][gc,age      ] GC(372) - age  10:        512 bytes,    2741264 total
[2022-07-22T13:26:53.832+0000][7][gc,age      ] GC(372) - age  11:        272 bytes,    2741536 total
[2022-07-22T13:26:53.832+0000][7][gc,age      ] GC(372) - age  12:      17344 bytes,    2758880 total
[2022-07-22T13:26:53.832+0000][7][gc,age      ] GC(372) - age  13:         80 bytes,    2758960 total
[2022-07-22T13:26:53.832+0000][7][gc,age      ] GC(372) - age  14:      14032 bytes,    2772992 total
[2022-07-22T13:26:53.832+0000][7][gc,age      ] GC(372) - age  15:      59368 bytes,    2832360 total
[2022-07-22T13:26:53.832+0000][7][gc,phases   ] GC(372)   Pre Evacuate Collection Set: 0.1ms
[2022-07-22T13:26:53.832+0000][7][gc,phases   ] GC(372)   Merge Heap Roots: 0.0ms
[2022-07-22T13:26:53.832+0000][7][gc,phases   ] GC(372)   Evacuate Collection Set: 3.9ms
[2022-07-22T13:26:53.832+0000][7][gc,phases   ] GC(372)   Post Evacuate Collection Set: 0.8ms
[2022-07-22T13:26:53.832+0000][7][gc,phases   ] GC(372)   Other: 0.4ms
[2022-07-22T13:26:53.833+0000][7][gc,heap     ] GC(372) Eden regions: 22->0(22)
[2022-07-22T13:26:53.833+0000][7][gc,heap     ] GC(372) Survivor regions: 1->1(3)
[2022-07-22T13:26:53.833+0000][7][gc,heap     ] GC(372) Old regions: 25->25
[2022-07-22T13:26:53.833+0000][7][gc,heap     ] GC(372) Archive regions: 2->2
[2022-07-22T13:26:53.833+0000][7][gc,heap     ] GC(372) Humongous regions: 2->2
[2022-07-22T13:26:53.833+0000][7][gc,metaspace] GC(372) Metaspace: 112749K(117624K)->112749K(117624K) NonClass: 98565K(102060K)->98565K(102060K) Class: 14184K(15564K)->14184K(15564K)
[2022-07-22T13:26:53.833+0000][7][gc          ] GC(372) Pause Young (Normal) (G1 Evacuation Pause) 201M->114M(256M) 5.546ms
[2022-07-22T13:26:53.833+0000][7][gc,cpu      ] GC(372) User=0.01s Sys=0.00s Real=0.01s
[2022-07-22T13:26:53.833+0000][7][safepoint   ] Safepoint "G1CollectForAllocation", Time since last: 36066944682 ns, Reaching safepoint: 118352 ns, At safepoint: 5681992 ns, Total: 5800344 ns
[2022-07-22T13:27:23.837+0000][7][safepoint   ] Safepoint "Cleanup", Time since last: 30004485247 ns, Reaching safepoint: 111071 ns, At safepoint: 7048 ns, Total: 118119 ns
[2022-07-22T13:27:29.419+0000][7][gc,start    ] GC(373) Pause Young (Concurrent Start) (G1 Evacuation Pause)
[2022-07-22T13:27:29.419+0000][7][gc,task     ] GC(373) Using 4 workers of 4 for evacuation
[2022-07-22T13:27:29.419+0000][7][gc,age      ] GC(373) Desired survivor size 6291456 bytes, new threshold 15 (max threshold 15)
[2022-07-22T13:27:29.423+0000][7][gc,age      ] GC(373) Age table with threshold 15 (max threshold 15)
[2022-07-22T13:27:29.423+0000][7][gc,age      ] GC(373) - age   1:    1345760 bytes,    1345760 total
[2022-07-22T13:27:29.423+0000][7][gc,age      ] GC(373) - age   2:       6152 bytes,    1351912 total
[2022-07-22T13:27:29.423+0000][7][gc,age      ] GC(373) - age   3:      19376 bytes,    1371288 total
[2022-07-22T13:27:29.423+0000][7][gc,age      ] GC(373) - age   4:     165936 bytes,    1537224 total
[2022-07-22T13:27:29.423+0000][7][gc,age      ] GC(373) - age   5:       1264 bytes,    1538488 total
[2022-07-22T13:27:29.423+0000][7][gc,age      ] GC(373) - age   6:       1576 bytes,    1540064 total
[2022-07-22T13:27:29.423+0000][7][gc,age      ] GC(373) - age   7:       1840 bytes,    1541904 total
[2022-07-22T13:27:29.423+0000][7][gc,age      ] GC(373) - age   8:       5664 bytes,    1547568 total
[2022-07-22T13:27:29.423+0000][7][gc,age      ] GC(373) - age   9:        528 bytes,    1548096 total
[2022-07-22T13:27:29.423+0000][7][gc,age      ] GC(373) - age  10:       3072 bytes,    1551168 total
[2022-07-22T13:27:29.423+0000][7][gc,age      ] GC(373) - age  11:        512 bytes,    1551680 total
[2022-07-22T13:27:29.423+0000][7][gc,age      ] GC(373) - age  12:        272 bytes,    1551952 total
[2022-07-22T13:27:29.423+0000][7][gc,age      ] GC(373) - age  13:      17344 bytes,    1569296 total
[2022-07-22T13:27:29.423+0000][7][gc,age      ] GC(373) - age  14:         80 bytes,    1569376 total
[2022-07-22T13:27:29.423+0000][7][gc,age      ] GC(373) - age  15:      14032 bytes,    1583408 total
[2022-07-22T13:27:29.423+0000][7][gc,phases   ] GC(373)   Pre Evacuate Collection Set: 0.1ms
[2022-07-22T13:27:29.423+0000][7][gc,phases   ] GC(373)   Merge Heap Roots: 0.0ms
[2022-07-22T13:27:29.423+0000][7][gc,phases   ] GC(373)   Evacuate Collection Set: 2.5ms
[2022-07-22T13:27:29.423+0000][7][gc,phases   ] GC(373)   Post Evacuate Collection Set: 0.7ms
[2022-07-22T13:27:29.423+0000][7][gc,phases   ] GC(373)   Other: 0.4ms
[2022-07-22T13:27:29.423+0000][7][gc,heap     ] GC(373) Eden regions: 22->0(22)
[2022-07-22T13:27:29.423+0000][7][gc,heap     ] GC(373) Survivor regions: 1->1(3)
[2022-07-22T13:27:29.423+0000][7][gc,heap     ] GC(373) Old regions: 25->25
[2022-07-22T13:27:29.423+0000][7][gc,heap     ] GC(373) Archive regions: 2->2
[2022-07-22T13:27:29.423+0000][7][gc,heap     ] GC(373) Humongous regions: 2->2
[2022-07-22T13:27:29.423+0000][7][gc,metaspace] GC(373) Metaspace: 112749K(117624K)->112749K(117624K) NonClass: 98565K(102060K)->98565K(102060K) Class: 14184K(15564K)->14184K(15564K)
[2022-07-22T13:27:29.423+0000][7][gc          ] GC(373) Pause Young (Concurrent Start) (G1 Evacuation Pause) 202M->113M(256M) 3.744ms
[2022-07-22T13:27:29.423+0000][7][gc,cpu      ] GC(373) User=0.00s Sys=0.00s Real=0.01s
[2022-07-22T13:27:29.423+0000][7][gc          ] GC(374) Concurrent Cycle
[2022-07-22T13:27:29.423+0000][7][safepoint   ] Safepoint "G1CollectForAllocation", Time since last: 5581845790 ns, Reaching safepoint: 95018 ns, At safepoint: 3850066 ns, Total: 3945084 ns
[2022-07-22T13:27:29.423+0000][7][gc,marking  ] GC(374) Concurrent Clear Claimed Marks
[2022-07-22T13:27:29.423+0000][7][gc,marking  ] GC(374) Concurrent Clear Claimed Marks 0.163ms
[2022-07-22T13:27:29.423+0000][7][gc,marking  ] GC(374) Concurrent Scan Root Regions
[2022-07-22T13:27:29.426+0000][7][gc,marking  ] GC(374) Concurrent Scan Root Regions 2.283ms
[2022-07-22T13:27:29.426+0000][7][gc,marking  ] GC(374) Concurrent Mark (8372.651s)
[2022-07-22T13:27:29.426+0000][7][gc,marking  ] GC(374) Concurrent Mark From Roots
[2022-07-22T13:27:29.426+0000][7][gc,task     ] GC(374) Using 1 workers of 1 for marking
[2022-07-22T13:27:29.584+0000][7][gc,marking  ] GC(374) Concurrent Mark From Roots 158.661ms
[2022-07-22T13:27:29.584+0000][7][gc,marking  ] GC(374) Concurrent Preclean
[2022-07-22T13:27:29.585+0000][7][gc,marking  ] GC(374) Concurrent Preclean 0.282ms
[2022-07-22T13:27:29.585+0000][7][gc,marking  ] GC(374) Concurrent Mark (8372.651s, 8372.810s) 159.042ms
[2022-07-22T13:27:29.585+0000][7][gc,start    ] GC(374) Pause Remark
[2022-07-22T13:27:29.599+0000][7][gc          ] GC(374) Pause Remark 117M->117M(256M) 14.031ms
[2022-07-22T13:27:29.599+0000][7][gc,cpu      ] GC(374) User=0.05s Sys=0.00s Real=0.01s
[2022-07-22T13:27:29.599+0000][7][safepoint   ] Safepoint "G1Concurrent", Time since last: 161606001 ns, Reaching safepoint: 154521 ns, At safepoint: 14155666 ns, Total: 14310187 ns
[2022-07-22T13:27:29.599+0000][7][gc,marking  ] GC(374) Concurrent Rebuild Remembered Sets
[2022-07-22T13:27:29.705+0000][7][gc,marking  ] GC(374) Concurrent Rebuild Remembered Sets 106.275ms
[2022-07-22T13:27:29.706+0000][7][gc,start    ] GC(374) Pause Cleanup
[2022-07-22T13:27:29.706+0000][7][gc          ] GC(374) Pause Cleanup 117M->117M(256M) 0.112ms
[2022-07-22T13:27:29.706+0000][7][gc,cpu      ] GC(374) User=0.00s Sys=0.00s Real=0.00s
[2022-07-22T13:27:29.706+0000][7][safepoint   ] Safepoint "G1Concurrent", Time since last: 106443224 ns, Reaching safepoint: 136559 ns, At safepoint: 176147 ns, Total: 312706 ns
[2022-07-22T13:27:29.706+0000][7][gc,marking  ] GC(374) Concurrent Cleanup for Next Mark
[2022-07-22T13:27:29.706+0000][7][gc,marking  ] GC(374) Concurrent Cleanup for Next Mark 0.285ms
[2022-07-22T13:27:29.706+0000][7][gc          ] GC(374) Concurrent Cycle 283.052ms
[2022-07-22T13:27:43.709+0000][7][safepoint   ] Safepoint "Cleanup", Time since last: 14002743787 ns, Reaching safepoint: 138211 ns, At safepoint: 5143 ns, Total: 143354 ns
[2022-07-22T13:27:46.710+0000][7][safepoint   ] Safepoint "Cleanup", Time since last: 3000652132 ns, Reaching safepoint: 123217 ns, At safepoint: 8741 ns, Total: 131958 ns
[2022-07-22T13:28:05.912+0000][7][gc,start    ] GC(375) Pause Young (Normal) (G1 Evacuation Pause)
[2022-07-22T13:28:05.912+0000][7][gc,task     ] GC(375) Using 4 workers of 4 for evacuation
[2022-07-22T13:28:05.912+0000][7][gc,age      ] GC(375) Desired survivor size 6291456 bytes, new threshold 15 (max threshold 15)
[2022-07-22T13:28:05.916+0000][7][gc,age      ] GC(375) Age table with threshold 15 (max threshold 15)
[2022-07-22T13:28:05.916+0000][7][gc,age      ] GC(375) - age   1:    1244416 bytes,    1244416 total
[2022-07-22T13:28:05.916+0000][7][gc,age      ] GC(375) - age   2:     204704 bytes,    1449120 total
[2022-07-22T13:28:05.916+0000][7][gc,age      ] GC(375) - age   3:       3656 bytes,    1452776 total
[2022-07-22T13:28:05.916+0000][7][gc,age      ] GC(375) - age   4:       2096 bytes,    1454872 total
[2022-07-22T13:28:05.916+0000][7][gc,age      ] GC(375) - age   5:       1544 bytes,    1456416 total
[2022-07-22T13:28:05.916+0000][7][gc,age      ] GC(375) - age   6:       1200 bytes,    1457616 total
[2022-07-22T13:28:05.916+0000][7][gc,age      ] GC(375) - age   7:       1096 bytes,    1458712 total
[2022-07-22T13:28:05.916+0000][7][gc,age      ] GC(375) - age   8:       1840 bytes,    1460552 total
[2022-07-22T13:28:05.916+0000][7][gc,age      ] GC(375) - age   9:       5664 bytes,    1466216 total
[2022-07-22T13:28:05.916+0000][7][gc,age      ] GC(375) - age  10:        528 bytes,    1466744 total
[2022-07-22T13:28:05.916+0000][7][gc,age      ] GC(375) - age  11:       3072 bytes,    1469816 total
[2022-07-22T13:28:05.916+0000][7][gc,age      ] GC(375) - age  12:        512 bytes,    1470328 total
[2022-07-22T13:28:05.916+0000][7][gc,age      ] GC(375) - age  13:        272 bytes,    1470600 total
[2022-07-22T13:28:05.916+0000][7][gc,age      ] GC(375) - age  14:      17344 bytes,    1487944 total
[2022-07-22T13:28:05.916+0000][7][gc,age      ] GC(375) - age  15:         80 bytes,    1488024 total
[2022-07-22T13:28:05.916+0000][7][gc,phases   ] GC(375)   Pre Evacuate Collection Set: 0.1ms
[2022-07-22T13:28:05.916+0000][7][gc,phases   ] GC(375)   Merge Heap Roots: 0.1ms
[2022-07-22T13:28:05.916+0000][7][gc,phases   ] GC(375)   Evacuate Collection Set: 3.4ms
[2022-07-22T13:28:05.916+0000][7][gc,phases   ] GC(375)   Post Evacuate Collection Set: 0.7ms
[2022-07-22T13:28:05.916+0000][7][gc,phases   ] GC(375)   Other: 0.3ms
[2022-07-22T13:28:05.916+0000][7][gc,heap     ] GC(375) Eden regions: 22->0(22)
[2022-07-22T13:28:05.916+0000][7][gc,heap     ] GC(375) Survivor regions: 1->1(3)
[2022-07-22T13:28:05.916+0000][7][gc,heap     ] GC(375) Old regions: 25->25
[2022-07-22T13:28:05.916+0000][7][gc,heap     ] GC(375) Archive regions: 2->2
[2022-07-22T13:28:05.916+0000][7][gc,heap     ] GC(375) Humongous regions: 2->2
[2022-07-22T13:28:05.916+0000][7][gc,metaspace] GC(375) Metaspace: 112751K(117624K)->112751K(117624K) NonClass: 98566K(102060K)->98566K(102060K) Class: 14184K(15564K)->14184K(15564K)
[2022-07-22T13:28:05.916+0000][7][gc          ] GC(375) Pause Young (Normal) (G1 Evacuation Pause) 200M->112M(256M) 4.680ms
[2022-07-22T13:28:05.916+0000][7][gc,cpu      ] GC(375) User=0.02s Sys=0.00s Real=0.00s
[2022-07-22T13:28:05.917+0000][7][safepoint   ] Safepoint "G1CollectForAllocation", Time since last: 19202048359 ns, Reaching safepoint: 141655 ns, At safepoint: 4779012 ns, Total: 4920667 ns
[2022-07-22T13:28:17.919+0000][7][safepoint   ] Safepoint "Cleanup", Time since last: 12001873521 ns, Reaching safepoint: 150483 ns, At safepoint: 7869 ns, Total: 158352 ns
[2022-07-22T13:28:44.968+0000][7][gc,start    ] GC(376) Pause Young (Concurrent Start) (G1 Evacuation Pause)
[2022-07-22T13:28:44.968+0000][7][gc,task     ] GC(376) Using 4 workers of 4 for evacuation
[2022-07-22T13:28:44.968+0000][7][gc,age      ] GC(376) Desired survivor size 6291456 bytes, new threshold 15 (max threshold 15)
[2022-07-22T13:28:44.970+0000][7][gc,age      ] GC(376) Age table with threshold 15 (max threshold 15)
[2022-07-22T13:28:44.970+0000][7][gc,age      ] GC(376) - age   1:     644608 bytes,     644608 total
[2022-07-22T13:28:44.970+0000][7][gc,age      ] GC(376) - age   2:     205216 bytes,     849824 total
[2022-07-22T13:28:44.970+0000][7][gc,age      ] GC(376) - age   3:        928 bytes,     850752 total
[2022-07-22T13:28:44.970+0000][7][gc,age      ] GC(376) - age   4:       2760 bytes,     853512 total
[2022-07-22T13:28:44.970+0000][7][gc,age      ] GC(376) - age   5:       2096 bytes,     855608 total
[2022-07-22T13:28:44.970+0000][7][gc,age      ] GC(376) - age   6:       1448 bytes,     857056 total
[2022-07-22T13:28:44.970+0000][7][gc,age      ] GC(376) - age   7:       1104 bytes,     858160 total
[2022-07-22T13:28:44.970+0000][7][gc,age      ] GC(376) - age   8:       1024 bytes,     859184 total
[2022-07-22T13:28:44.970+0000][7][gc,age      ] GC(376) - age   9:       1544 bytes,     860728 total
[2022-07-22T13:28:44.970+0000][7][gc,age      ] GC(376) - age  10:       5632 bytes,     866360 total
[2022-07-22T13:28:44.970+0000][7][gc,age      ] GC(376) - age  11:        400 bytes,     866760 total
[2022-07-22T13:28:44.970+0000][7][gc,age      ] GC(376) - age  12:       3072 bytes,     869832 total
[2022-07-22T13:28:44.970+0000][7][gc,age      ] GC(376) - age  13:        512 bytes,     870344 total
[2022-07-22T13:28:44.970+0000][7][gc,age      ] GC(376) - age  14:        272 bytes,     870616 total
[2022-07-22T13:28:44.970+0000][7][gc,age      ] GC(376) - age  15:      17344 bytes,     887960 total
[2022-07-22T13:28:44.971+0000][7][gc,phases   ] GC(376)   Pre Evacuate Collection Set: 0.2ms
[2022-07-22T13:28:44.971+0000][7][gc,phases   ] GC(376)   Merge Heap Roots: 0.1ms
[2022-07-22T13:28:44.971+0000][7][gc,phases   ] GC(376)   Evacuate Collection Set: 1.7ms
[2022-07-22T13:28:44.971+0000][7][gc,phases   ] GC(376)   Post Evacuate Collection Set: 0.6ms
[2022-07-22T13:28:44.971+0000][7][gc,phases   ] GC(376)   Other: 0.5ms
[2022-07-22T13:28:44.971+0000][7][gc,heap     ] GC(376) Eden regions: 22->0(22)
[2022-07-22T13:28:44.971+0000][7][gc,heap     ] GC(376) Survivor regions: 1->1(3)
[2022-07-22T13:28:44.971+0000][7][gc,heap     ] GC(376) Old regions: 25->25
[2022-07-22T13:28:44.971+0000][7][gc,heap     ] GC(376) Archive regions: 2->2
[2022-07-22T13:28:44.971+0000][7][gc,heap     ] GC(376) Humongous regions: 2->2
[2022-07-22T13:28:44.971+0000][7][gc,metaspace] GC(376) Metaspace: 112751K(117624K)->112751K(117624K) NonClass: 98566K(102060K)->98566K(102060K) Class: 14184K(15564K)->14184K(15564K)
[2022-07-22T13:28:44.971+0000][7][gc          ] GC(376) Pause Young (Concurrent Start) (G1 Evacuation Pause) 200M->112M(256M) 3.077ms
[2022-07-22T13:28:44.971+0000][7][gc,cpu      ] GC(376) User=0.01s Sys=0.00s Real=0.01s
[2022-07-22T13:28:44.971+0000][7][gc          ] GC(377) Concurrent Cycle
[2022-07-22T13:28:44.971+0000][7][safepoint   ] Safepoint "G1CollectForAllocation", Time since last: 27048898422 ns, Reaching safepoint: 100518 ns, At safepoint: 3176358 ns, Total: 3276876 ns
[2022-07-22T13:28:44.971+0000][7][gc,marking  ] GC(377) Concurrent Clear Claimed Marks
[2022-07-22T13:28:44.971+0000][7][gc,marking  ] GC(377) Concurrent Clear Claimed Marks 0.123ms
[2022-07-22T13:28:44.971+0000][7][gc,marking  ] GC(377) Concurrent Scan Root Regions
[2022-07-22T13:28:44.972+0000][7][gc,marking  ] GC(377) Concurrent Scan Root Regions 1.558ms
[2022-07-22T13:28:44.972+0000][7][gc,marking  ] GC(377) Concurrent Mark (8448.198s)
[2022-07-22T13:28:44.972+0000][7][gc,marking  ] GC(377) Concurrent Mark From Roots
[2022-07-22T13:28:44.972+0000][7][gc,task     ] GC(377) Using 1 workers of 1 for marking
[2022-07-22T13:28:45.181+0000][7][gc,marking  ] GC(377) Concurrent Mark From Roots 207.996ms
[2022-07-22T13:28:45.181+0000][7][gc,marking  ] GC(377) Concurrent Preclean
[2022-07-22T13:28:45.181+0000][7][gc,marking  ] GC(377) Concurrent Preclean 0.500ms
[2022-07-22T13:28:45.181+0000][7][gc,marking  ] GC(377) Concurrent Mark (8448.198s, 8448.407s) 208.635ms
[2022-07-22T13:28:45.181+0000][7][gc,start    ] GC(377) Pause Remark
[2022-07-22T13:28:45.198+0000][7][gc          ] GC(377) Pause Remark 114M->114M(256M) 16.857ms
[2022-07-22T13:28:45.198+0000][7][gc,cpu      ] GC(377) User=0.05s Sys=0.01s Real=0.01s
[2022-07-22T13:28:45.198+0000][7][safepoint   ] Safepoint "G1Concurrent", Time since last: 210442637 ns, Reaching safepoint: 152307 ns, At safepoint: 17016496 ns, Total: 17168803 ns
[2022-07-22T13:28:45.198+0000][7][gc,marking  ] GC(377) Concurrent Rebuild Remembered Sets
[2022-07-22T13:28:45.291+0000][7][gc,marking  ] GC(377) Concurrent Rebuild Remembered Sets 92.786ms
[2022-07-22T13:28:45.291+0000][7][gc,start    ] GC(377) Pause Cleanup
[2022-07-22T13:28:45.292+0000][7][gc          ] GC(377) Pause Cleanup 114M->114M(256M) 0.109ms
[2022-07-22T13:28:45.292+0000][7][gc,cpu      ] GC(377) User=0.00s Sys=0.00s Real=0.00s
[2022-07-22T13:28:45.292+0000][7][safepoint   ] Safepoint "G1Concurrent", Time since last: 92947173 ns, Reaching safepoint: 140004 ns, At safepoint: 195358 ns, Total: 335362 ns
[2022-07-22T13:28:45.292+0000][7][gc,marking  ] GC(377) Concurrent Cleanup for Next Mark
[2022-07-22T13:28:45.292+0000][7][gc,marking  ] GC(377) Concurrent Cleanup for Next Mark 0.306ms
[2022-07-22T13:28:45.292+0000][7][gc          ] GC(377) Concurrent Cycle 321.295ms
[2022-07-22T13:28:57.294+0000][7][safepoint   ] Safepoint "Cleanup", Time since last: 12002216711 ns, Reaching safepoint: 132332 ns, At safepoint: 9297 ns, Total: 141629 ns
[2022-07-22T13:29:17.506+0000][7][gc,start    ] GC(378) Pause Young (Normal) (G1 Evacuation Pause)
[2022-07-22T13:29:17.506+0000][7][gc,task     ] GC(378) Using 4 workers of 4 for evacuation
[2022-07-22T13:29:17.506+0000][7][gc,age      ] GC(378) Desired survivor size 6291456 bytes, new threshold 15 (max threshold 15)
[2022-07-22T13:29:17.510+0000][7][gc,age      ] GC(378) Age table with threshold 15 (max threshold 15)
[2022-07-22T13:29:17.510+0000][7][gc,age      ] GC(378) - age   1:    2277256 bytes,    2277256 total
[2022-07-22T13:29:17.510+0000][7][gc,age      ] GC(378) - age   2:     485336 bytes,    2762592 total
[2022-07-22T13:29:17.510+0000][7][gc,age      ] GC(378) - age   3:     190888 bytes,    2953480 total
[2022-07-22T13:29:17.510+0000][7][gc,age      ] GC(378) - age   4:        632 bytes,    2954112 total
[2022-07-22T13:29:17.510+0000][7][gc,age      ] GC(378) - age   5:       2288 bytes,    2956400 total
[2022-07-22T13:29:17.510+0000][7][gc,age      ] GC(378) - age   6:       1776 bytes,    2958176 total
[2022-07-22T13:29:17.510+0000][7][gc,age      ] GC(378) - age   7:       1320 bytes,    2959496 total
[2022-07-22T13:29:17.510+0000][7][gc,age      ] GC(378) - age   8:       1104 bytes,    2960600 total
[2022-07-22T13:29:17.510+0000][7][gc,age      ] GC(378) - age   9:        960 bytes,    2961560 total
[2022-07-22T13:29:17.510+0000][7][gc,age      ] GC(378) - age  10:       1544 bytes,    2963104 total
[2022-07-22T13:29:17.510+0000][7][gc,age      ] GC(378) - age  11:       5600 bytes,    2968704 total
[2022-07-22T13:29:17.510+0000][7][gc,age      ] GC(378) - age  12:        400 bytes,    2969104 total
[2022-07-22T13:29:17.510+0000][7][gc,age      ] GC(378) - age  13:       3072 bytes,    2972176 total
[2022-07-22T13:29:17.510+0000][7][gc,age      ] GC(378) - age  14:        512 bytes,    2972688 total
[2022-07-22T13:29:17.510+0000][7][gc,age      ] GC(378) - age  15:        272 bytes,    2972960 total
[2022-07-22T13:29:17.510+0000][7][gc,phases   ] GC(378)   Pre Evacuate Collection Set: 0.1ms
[2022-07-22T13:29:17.510+0000][7][gc,phases   ] GC(378)   Merge Heap Roots: 0.0ms
[2022-07-22T13:29:17.510+0000][7][gc,phases   ] GC(378)   Evacuate Collection Set: 3.0ms
[2022-07-22T13:29:17.510+0000][7][gc,phases   ] GC(378)   Post Evacuate Collection Set: 0.5ms
[2022-07-22T13:29:17.510+0000][7][gc,phases   ] GC(378)   Other: 0.4ms
[2022-07-22T13:29:17.510+0000][7][gc,heap     ] GC(378) Eden regions: 22->0(22)
[2022-07-22T13:29:17.510+0000][7][gc,heap     ] GC(378) Survivor regions: 1->1(3)
[2022-07-22T13:29:17.510+0000][7][gc,heap     ] GC(378) Old regions: 25->25
[2022-07-22T13:29:17.510+0000][7][gc,heap     ] GC(378) Archive regions: 2->2
[2022-07-22T13:29:17.510+0000][7][gc,heap     ] GC(378) Humongous regions: 2->2
[2022-07-22T13:29:17.510+0000][7][gc,metaspace] GC(378) Metaspace: 112751K(117624K)->112751K(117624K) NonClass: 98566K(102060K)->98566K(102060K) Class: 14184K(15564K)->14184K(15564K)
[2022-07-22T13:29:17.510+0000][7][gc          ] GC(378) Pause Young (Normal) (G1 Evacuation Pause) 200M->114M(256M) 4.043ms
[2022-07-22T13:29:17.510+0000][7][gc,cpu      ] GC(378) User=0.01s Sys=0.00s Real=0.01s
[2022-07-22T13:29:17.510+0000][7][safepoint   ] Safepoint "G1CollectForAllocation", Time since last: 20211774968 ns, Reaching safepoint: 88787 ns, At safepoint: 4146714 ns, Total: 4235501 ns
[2022-07-22T13:29:45.514+0000][7][safepoint   ] Safepoint "Cleanup", Time since last: 28003829382 ns, Reaching safepoint: 135991 ns, At safepoint: 8731 ns, Total: 144722 ns
[2022-07-22T13:29:54.046+0000][7][gc,start    ] GC(379) Pause Young (Concurrent Start) (G1 Evacuation Pause)
[2022-07-22T13:29:54.046+0000][7][gc,task     ] GC(379) Using 4 workers of 4 for evacuation
[2022-07-22T13:29:54.046+0000][7][gc,age      ] GC(379) Desired survivor size 6291456 bytes, new threshold 15 (max threshold 15)
[2022-07-22T13:29:54.050+0000][7][gc,age      ] GC(379) Age table with threshold 15 (max threshold 15)
[2022-07-22T13:29:54.050+0000][7][gc,age      ] GC(379) - age   1:    1558856 bytes,    1558856 total
[2022-07-22T13:29:54.050+0000][7][gc,age      ] GC(379) - age   2:     108896 bytes,    1667752 total
[2022-07-22T13:29:54.050+0000][7][gc,age      ] GC(379) - age   3:     192872 bytes,    1860624 total
[2022-07-22T13:29:54.050+0000][7][gc,age      ] GC(379) - age   4:      25024 bytes,    1885648 total
[2022-07-22T13:29:54.050+0000][7][gc,age      ] GC(379) - age   5:        568 bytes,    1886216 total
[2022-07-22T13:29:54.050+0000][7][gc,age      ] GC(379) - age   6:       2192 bytes,    1888408 total
[2022-07-22T13:29:54.050+0000][7][gc,age      ] GC(379) - age   7:       1584 bytes,    1889992 total
[2022-07-22T13:29:54.050+0000][7][gc,age      ] GC(379) - age   8:       1320 bytes,    1891312 total
[2022-07-22T13:29:54.050+0000][7][gc,age      ] GC(379) - age   9:       1104 bytes,    1892416 total
[2022-07-22T13:29:54.050+0000][7][gc,age      ] GC(379) - age  10:        960 bytes,    1893376 total
[2022-07-22T13:29:54.050+0000][7][gc,age      ] GC(379) - age  11:       1544 bytes,    1894920 total
[2022-07-22T13:29:54.050+0000][7][gc,age      ] GC(379) - age  12:       5600 bytes,    1900520 total
[2022-07-22T13:29:54.050+0000][7][gc,age      ] GC(379) - age  13:        400 bytes,    1900920 total
[2022-07-22T13:29:54.050+0000][7][gc,age      ] GC(379) - age  14:       3072 bytes,    1903992 total
[2022-07-22T13:29:54.050+0000][7][gc,age      ] GC(379) - age  15:        512 bytes,    1904504 total
[2022-07-22T13:29:54.050+0000][7][gc,phases   ] GC(379)   Pre Evacuate Collection Set: 0.2ms
[2022-07-22T13:29:54.050+0000][7][gc,phases   ] GC(379)   Merge Heap Roots: 0.1ms
[2022-07-22T13:29:54.050+0000][7][gc,phases   ] GC(379)   Evacuate Collection Set: 2.4ms
[2022-07-22T13:29:54.050+0000][7][gc,phases   ] GC(379)   Post Evacuate Collection Set: 0.5ms
[2022-07-22T13:29:54.050+0000][7][gc,phases   ] GC(379)   Other: 0.4ms
[2022-07-22T13:29:54.050+0000][7][gc,heap     ] GC(379) Eden regions: 22->0(22)
[2022-07-22T13:29:54.050+0000][7][gc,heap     ] GC(379) Survivor regions: 1->1(3)
[2022-07-22T13:29:54.050+0000][7][gc,heap     ] GC(379) Old regions: 25->25
[2022-07-22T13:29:54.050+0000][7][gc,heap     ] GC(379) Archive regions: 2->2
[2022-07-22T13:29:54.050+0000][7][gc,heap     ] GC(379) Humongous regions: 2->2
[2022-07-22T13:29:54.050+0000][7][gc,metaspace] GC(379) Metaspace: 112751K(117624K)->112751K(117624K) NonClass: 98566K(102060K)->98566K(102060K) Class: 14184K(15564K)->14184K(15564K)
[2022-07-22T13:29:54.050+0000][7][gc          ] GC(379) Pause Young (Concurrent Start) (G1 Evacuation Pause) 202M->113M(256M) 3.756ms
[2022-07-22T13:29:54.050+0000][7][gc,cpu      ] GC(379) User=0.01s Sys=0.00s Real=0.01s
[2022-07-22T13:29:54.050+0000][7][gc          ] GC(380) Concurrent Cycle
[2022-07-22T13:29:54.050+0000][7][safepoint   ] Safepoint "G1CollectForAllocation", Time since last: 8532197650 ns, Reaching safepoint: 137397 ns, At safepoint: 3865212 ns, Total: 4002609 ns
[2022-07-22T13:29:54.050+0000][7][gc,marking  ] GC(380) Concurrent Clear Claimed Marks
[2022-07-22T13:29:54.050+0000][7][gc,marking  ] GC(380) Concurrent Clear Claimed Marks 0.097ms
[2022-07-22T13:29:54.050+0000][7][gc,marking  ] GC(380) Concurrent Scan Root Regions
[2022-07-22T13:29:54.052+0000][7][gc,marking  ] GC(380) Concurrent Scan Root Regions 2.012ms
[2022-07-22T13:29:54.052+0000][7][gc,marking  ] GC(380) Concurrent Mark (8517.278s)
[2022-07-22T13:29:54.052+0000][7][gc,marking  ] GC(380) Concurrent Mark From Roots
[2022-07-22T13:29:54.052+0000][7][gc,task     ] GC(380) Using 1 workers of 1 for marking
[2022-07-22T13:29:54.201+0000][7][gc,marking  ] GC(380) Concurrent Mark From Roots 148.329ms
[2022-07-22T13:29:54.201+0000][7][gc,marking  ] GC(380) Concurrent Preclean
[2022-07-22T13:29:54.201+0000][7][gc,marking  ] GC(380) Concurrent Preclean 0.224ms
[2022-07-22T13:29:54.201+0000][7][gc,marking  ] GC(380) Concurrent Mark (8517.278s, 8517.427s) 148.721ms
[2022-07-22T13:29:54.201+0000][7][gc,start    ] GC(380) Pause Remark
[2022-07-22T13:29:54.214+0000][7][gc          ] GC(380) Pause Remark 128M->128M(256M) 12.883ms
[2022-07-22T13:29:54.214+0000][7][gc,cpu      ] GC(380) User=0.04s Sys=0.00s Real=0.01s
[2022-07-22T13:29:54.214+0000][7][safepoint   ] Safepoint "G1Concurrent", Time since last: 150983752 ns, Reaching safepoint: 113470 ns, At safepoint: 13029523 ns, Total: 13142993 ns
[2022-07-22T13:29:54.214+0000][7][gc,marking  ] GC(380) Concurrent Rebuild Remembered Sets
[2022-07-22T13:29:54.306+0000][7][gc,marking  ] GC(380) Concurrent Rebuild Remembered Sets 91.862ms
[2022-07-22T13:29:54.306+0000][7][gc,start    ] GC(380) Pause Cleanup
[2022-07-22T13:29:54.306+0000][7][gc          ] GC(380) Pause Cleanup 128M->128M(256M) 0.069ms
[2022-07-22T13:29:54.307+0000][7][gc,cpu      ] GC(380) User=0.00s Sys=0.00s Real=0.00s
[2022-07-22T13:29:54.307+0000][7][safepoint   ] Safepoint "G1Concurrent", Time since last: 91977585 ns, Reaching safepoint: 133820 ns, At safepoint: 121528 ns, Total: 255348 ns
[2022-07-22T13:29:54.307+0000][7][gc,marking  ] GC(380) Concurrent Cleanup for Next Mark
[2022-07-22T13:29:54.307+0000][7][gc,marking  ] GC(380) Concurrent Cleanup for Next Mark 0.227ms
[2022-07-22T13:29:54.307+0000][7][gc          ] GC(380) Concurrent Cycle 256.644ms
[2022-07-22T13:30:30.087+0000][7][gc,start    ] GC(381) Pause Young (Normal) (G1 Evacuation Pause)
[2022-07-22T13:30:30.087+0000][7][gc,task     ] GC(381) Using 4 workers of 4 for evacuation
[2022-07-22T13:30:30.087+0000][7][gc,age      ] GC(381) Desired survivor size 6291456 bytes, new threshold 15 (max threshold 15)
[2022-07-22T13:30:30.090+0000][7][gc,age      ] GC(381) Age table with threshold 15 (max threshold 15)
[2022-07-22T13:30:30.091+0000][7][gc,age      ] GC(381) - age   1:    1938648 bytes,    1938648 total
[2022-07-22T13:30:30.091+0000][7][gc,age      ] GC(381) - age   2:       2944 bytes,    1941592 total
[2022-07-22T13:30:30.091+0000][7][gc,age      ] GC(381) - age   3:      62232 bytes,    2003824 total
[2022-07-22T13:30:30.091+0000][7][gc,age      ] GC(381) - age   4:     192488 bytes,    2196312 total
[2022-07-22T13:30:30.091+0000][7][gc,age      ] GC(381) - age   5:      23096 bytes,    2219408 total
[2022-07-22T13:30:30.091+0000][7][gc,age      ] GC(381) - age   6:        440 bytes,    2219848 total
[2022-07-22T13:30:30.091+0000][7][gc,age      ] GC(381) - age   7:       2096 bytes,    2221944 total
[2022-07-22T13:30:30.091+0000][7][gc,age      ] GC(381) - age   8:       1584 bytes,    2223528 total
[2022-07-22T13:30:30.091+0000][7][gc,age      ] GC(381) - age   9:       1256 bytes,    2224784 total
[2022-07-22T13:30:30.091+0000][7][gc,age      ] GC(381) - age  10:       1104 bytes,    2225888 total
[2022-07-22T13:30:30.091+0000][7][gc,age      ] GC(381) - age  11:        960 bytes,    2226848 total
[2022-07-22T13:30:30.091+0000][7][gc,age      ] GC(381) - age  12:       1544 bytes,    2228392 total
[2022-07-22T13:30:30.091+0000][7][gc,age      ] GC(381) - age  13:       5600 bytes,    2233992 total
[2022-07-22T13:30:30.091+0000][7][gc,age      ] GC(381) - age  14:        400 bytes,    2234392 total
[2022-07-22T13:30:30.091+0000][7][gc,age      ] GC(381) - age  15:       3072 bytes,    2237464 total
[2022-07-22T13:30:30.091+0000][7][gc,phases   ] GC(381)   Pre Evacuate Collection Set: 0.0ms
[2022-07-22T13:30:30.091+0000][7][gc,phases   ] GC(381)   Merge Heap Roots: 0.0ms
[2022-07-22T13:30:30.091+0000][7][gc,phases   ] GC(381)   Evacuate Collection Set: 2.7ms
[2022-07-22T13:30:30.091+0000][7][gc,phases   ] GC(381)   Post Evacuate Collection Set: 0.5ms
[2022-07-22T13:30:30.091+0000][7][gc,phases   ] GC(381)   Other: 0.4ms
[2022-07-22T13:30:30.091+0000][7][gc,heap     ] GC(381) Eden regions: 22->0(22)
[2022-07-22T13:30:30.091+0000][7][gc,heap     ] GC(381) Survivor regions: 1->1(3)
[2022-07-22T13:30:30.091+0000][7][gc,heap     ] GC(381) Old regions: 25->25
[2022-07-22T13:30:30.091+0000][7][gc,heap     ] GC(381) Archive regions: 2->2
[2022-07-22T13:30:30.091+0000][7][gc,heap     ] GC(381) Humongous regions: 2->2
[2022-07-22T13:30:30.091+0000][7][gc,metaspace] GC(381) Metaspace: 112752K(117624K)->112752K(117624K) NonClass: 98567K(102060K)->98567K(102060K) Class: 14184K(15564K)->14184K(15564K)
[2022-07-22T13:30:30.091+0000][7][gc          ] GC(381) Pause Young (Normal) (G1 Evacuation Pause) 201M->113M(256M) 3.819ms
[2022-07-22T13:30:30.091+0000][7][gc,cpu      ] GC(381) User=0.01s Sys=0.00s Real=0.01s
[2022-07-22T13:30:30.091+0000][7][safepoint   ] Safepoint "G1CollectForAllocation", Time since last: 35780345369 ns, Reaching safepoint: 136441 ns, At safepoint: 3932858 ns, Total: 4069299 ns
[2022-07-22T13:30:45.093+0000][7][safepoint   ] Safepoint "Cleanup", Time since last: 15002028719 ns, Reaching safepoint: 179955 ns, At safepoint: 10566 ns, Total: 190521 ns
[2022-07-22T13:30:48.094+0000][7][safepoint   ] Safepoint "Cleanup", Time since last: 3000732096 ns, Reaching safepoint: 139349 ns, At safepoint: 9622 ns, Total: 148971 ns
[2022-07-22T13:30:51.095+0000][7][safepoint   ] Safepoint "Cleanup", Time since last: 3000342331 ns, Reaching safepoint: 151671 ns, At safepoint: 12552 ns, Total: 164223 ns
[2022-07-22T13:31:14.434+0000][7][gc,start    ] GC(382) Pause Young (Concurrent Start) (G1 Evacuation Pause)
[2022-07-22T13:31:14.434+0000][7][gc,task     ] GC(382) Using 4 workers of 4 for evacuation
[2022-07-22T13:31:14.434+0000][7][gc,age      ] GC(382) Desired survivor size 6291456 bytes, new threshold 15 (max threshold 15)
[2022-07-22T13:31:14.438+0000][7][gc,age      ] GC(382) Age table with threshold 15 (max threshold 15)
[2022-07-22T13:31:14.438+0000][7][gc,age      ] GC(382) - age   1:    1560072 bytes,    1560072 total
[2022-07-22T13:31:14.438+0000][7][gc,age      ] GC(382) - age   2:     182384 bytes,    1742456 total
[2022-07-22T13:31:14.438+0000][7][gc,age      ] GC(382) - age   3:       1136 bytes,    1743592 total
[2022-07-22T13:31:14.438+0000][7][gc,age      ] GC(382) - age   4:        888 bytes,    1744480 total
[2022-07-22T13:31:14.438+0000][7][gc,age      ] GC(382) - age   5:       2312 bytes,    1746792 total
[2022-07-22T13:31:14.438+0000][7][gc,age      ] GC(382) - age   6:      22872 bytes,    1769664 total
[2022-07-22T13:31:14.438+0000][7][gc,age      ] GC(382) - age   7:        440 bytes,    1770104 total
[2022-07-22T13:31:14.438+0000][7][gc,age      ] GC(382) - age   8:       1936 bytes,    1772040 total
[2022-07-22T13:31:14.438+0000][7][gc,age      ] GC(382) - age   9:       1584 bytes,    1773624 total
[2022-07-22T13:31:14.438+0000][7][gc,age      ] GC(382) - age  10:       1256 bytes,    1774880 total
[2022-07-22T13:31:14.438+0000][7][gc,age      ] GC(382) - age  11:       1104 bytes,    1775984 total
[2022-07-22T13:31:14.438+0000][7][gc,age      ] GC(382) - age  12:        960 bytes,    1776944 total
[2022-07-22T13:31:14.438+0000][7][gc,age      ] GC(382) - age  13:       1544 bytes,    1778488 total
[2022-07-22T13:31:14.438+0000][7][gc,age      ] GC(382) - age  14:       5600 bytes,    1784088 total
[2022-07-22T13:31:14.438+0000][7][gc,age      ] GC(382) - age  15:        400 bytes,    1784488 total
[2022-07-22T13:31:14.438+0000][7][gc,phases   ] GC(382)   Pre Evacuate Collection Set: 0.1ms
[2022-07-22T13:31:14.438+0000][7][gc,phases   ] GC(382)   Merge Heap Roots: 0.0ms
[2022-07-22T13:31:14.438+0000][7][gc,phases   ] GC(382)   Evacuate Collection Set: 2.2ms
[2022-07-22T13:31:14.438+0000][7][gc,phases   ] GC(382)   Post Evacuate Collection Set: 1.2ms
[2022-07-22T13:31:14.438+0000][7][gc,phases   ] GC(382)   Other: 0.4ms
[2022-07-22T13:31:14.438+0000][7][gc,heap     ] GC(382) Eden regions: 22->0(22)
[2022-07-22T13:31:14.438+0000][7][gc,heap     ] GC(382) Survivor regions: 1->1(3)
[2022-07-22T13:31:14.438+0000][7][gc,heap     ] GC(382) Old regions: 25->25
[2022-07-22T13:31:14.438+0000][7][gc,heap     ] GC(382) Archive regions: 2->2
[2022-07-22T13:31:14.438+0000][7][gc,heap     ] GC(382) Humongous regions: 2->2
[2022-07-22T13:31:14.438+0000][7][gc,metaspace] GC(382) Metaspace: 112756K(117624K)->112756K(117624K) NonClass: 98571K(102060K)->98571K(102060K) Class: 14184K(15564K)->14184K(15564K)
[2022-07-22T13:31:14.438+0000][7][gc          ] GC(382) Pause Young (Concurrent Start) (G1 Evacuation Pause) 201M->113M(256M) 4.088ms
[2022-07-22T13:31:14.438+0000][7][gc,cpu      ] GC(382) User=0.01s Sys=0.00s Real=0.00s
[2022-07-22T13:31:14.438+0000][7][safepoint   ] Safepoint "G1CollectForAllocation", Time since last: 23339599307 ns, Reaching safepoint: 121525 ns, At safepoint: 4208022 ns, Total: 4329547 ns
[2022-07-22T13:31:14.438+0000][7][gc          ] GC(383) Concurrent Cycle
[2022-07-22T13:31:14.439+0000][7][gc,marking  ] GC(383) Concurrent Clear Claimed Marks
[2022-07-22T13:31:14.439+0000][7][gc,marking  ] GC(383) Concurrent Clear Claimed Marks 0.096ms
[2022-07-22T13:31:14.439+0000][7][gc,marking  ] GC(383) Concurrent Scan Root Regions
[2022-07-22T13:31:14.441+0000][7][gc,marking  ] GC(383) Concurrent Scan Root Regions 2.004ms
[2022-07-22T13:31:14.441+0000][7][gc,marking  ] GC(383) Concurrent Mark (8597.666s)
[2022-07-22T13:31:14.441+0000][7][gc,marking  ] GC(383) Concurrent Mark From Roots
[2022-07-22T13:31:14.441+0000][7][gc,task     ] GC(383) Using 1 workers of 1 for marking
[2022-07-22T13:31:14.607+0000][7][gc,marking  ] GC(383) Concurrent Mark From Roots 166.647ms
[2022-07-22T13:31:14.607+0000][7][gc,marking  ] GC(383) Concurrent Preclean
[2022-07-22T13:31:14.608+0000][7][gc,marking  ] GC(383) Concurrent Preclean 0.176ms
[2022-07-22T13:31:14.608+0000][7][gc,marking  ] GC(383) Concurrent Mark (8597.666s, 8597.833s) 166.917ms
[2022-07-22T13:31:14.608+0000][7][gc,start    ] GC(383) Pause Remark
[2022-07-22T13:31:14.622+0000][7][gc          ] GC(383) Pause Remark 123M->123M(256M) 14.295ms
[2022-07-22T13:31:14.622+0000][7][gc,cpu      ] GC(383) User=0.05s Sys=0.00s Real=0.02s
[2022-07-22T13:31:14.622+0000][7][safepoint   ] Safepoint "G1Concurrent", Time since last: 169156821 ns, Reaching safepoint: 131974 ns, At safepoint: 14420654 ns, Total: 14552628 ns
[2022-07-22T13:31:14.622+0000][7][gc,marking  ] GC(383) Concurrent Rebuild Remembered Sets
[2022-07-22T13:31:14.715+0000][7][gc,marking  ] GC(383) Concurrent Rebuild Remembered Sets 93.083ms
[2022-07-22T13:31:14.716+0000][7][gc,start    ] GC(383) Pause Cleanup
[2022-07-22T13:31:14.716+0000][7][gc          ] GC(383) Pause Cleanup 123M->123M(256M) 0.098ms
[2022-07-22T13:31:14.716+0000][7][gc,cpu      ] GC(383) User=0.00s Sys=0.00s Real=0.00s
[2022-07-22T13:31:14.716+0000][7][safepoint   ] Safepoint "G1Concurrent", Time since last: 93243222 ns, Reaching safepoint: 133711 ns, At safepoint: 200098 ns, Total: 333809 ns
[2022-07-22T13:31:14.716+0000][7][gc,marking  ] GC(383) Concurrent Cleanup for Next Mark
[2022-07-22T13:31:14.716+0000][7][gc,marking  ] GC(383) Concurrent Cleanup for Next Mark 0.248ms
[2022-07-22T13:31:14.716+0000][7][gc          ] GC(383) Concurrent Cycle 277.618ms
[2022-07-22T13:31:42.765+0000][7][gc,start    ] GC(384) Pause Young (Normal) (G1 Evacuation Pause)
[2022-07-22T13:31:42.765+0000][7][gc,task     ] GC(384) Using 4 workers of 4 for evacuation
[2022-07-22T13:31:42.765+0000][7][gc,age      ] GC(384) Desired survivor size 6291456 bytes, new threshold 15 (max threshold 15)
[2022-07-22T13:31:42.767+0000][7][gc,age      ] GC(384) Age table with threshold 15 (max threshold 15)
[2022-07-22T13:31:42.767+0000][7][gc,age      ] GC(384) - age   1:     922040 bytes,     922040 total
[2022-07-22T13:31:42.768+0000][7][gc,age      ] GC(384) - age   2:       4872 bytes,     926912 total
[2022-07-22T13:31:42.768+0000][7][gc,age      ] GC(384) - age   3:     181728 bytes,    1108640 total
[2022-07-22T13:31:42.768+0000][7][gc,age      ] GC(384) - age   4:        944 bytes,    1109584 total
[2022-07-22T13:31:42.768+0000][7][gc,age      ] GC(384) - age   5:        376 bytes,    1109960 total
[2022-07-22T13:31:42.768+0000][7][gc,age      ] GC(384) - age   6:       2152 bytes,    1112112 total
[2022-07-22T13:31:42.768+0000][7][gc,age      ] GC(384) - age   7:      22744 bytes,    1134856 total
[2022-07-22T13:31:42.768+0000][7][gc,age      ] GC(384) - age   9:       1936 bytes,    1136792 total
[2022-07-22T13:31:42.768+0000][7][gc,age      ] GC(384) - age  10:       1520 bytes,    1138312 total
[2022-07-22T13:31:42.768+0000][7][gc,age      ] GC(384) - age  11:       1256 bytes,    1139568 total
[2022-07-22T13:31:42.768+0000][7][gc,age      ] GC(384) - age  12:       1104 bytes,    1140672 total
[2022-07-22T13:31:42.768+0000][7][gc,age      ] GC(384) - age  13:        960 bytes,    1141632 total
[2022-07-22T13:31:42.768+0000][7][gc,age      ] GC(384) - age  14:       1544 bytes,    1143176 total
[2022-07-22T13:31:42.768+0000][7][gc,age      ] GC(384) - age  15:       5184 bytes,    1148360 total
[2022-07-22T13:31:42.768+0000][7][gc,phases   ] GC(384)   Pre Evacuate Collection Set: 0.1ms
[2022-07-22T13:31:42.768+0000][7][gc,phases   ] GC(384)   Merge Heap Roots: 0.0ms
[2022-07-22T13:31:42.768+0000][7][gc,phases   ] GC(384)   Evacuate Collection Set: 2.2ms
[2022-07-22T13:31:42.768+0000][7][gc,phases   ] GC(384)   Post Evacuate Collection Set: 0.5ms
[2022-07-22T13:31:42.768+0000][7][gc,phases   ] GC(384)   Other: 0.4ms
[2022-07-22T13:31:42.768+0000][7][gc,heap     ] GC(384) Eden regions: 22->0(22)
[2022-07-22T13:31:42.768+0000][7][gc,heap     ] GC(384) Survivor regions: 1->1(3)
[2022-07-22T13:31:42.768+0000][7][gc,heap     ] GC(384) Old regions: 25->25
[2022-07-22T13:31:42.768+0000][7][gc,heap     ] GC(384) Archive regions: 2->2
[2022-07-22T13:31:42.768+0000][7][gc,heap     ] GC(384) Humongous regions: 2->2
[2022-07-22T13:31:42.768+0000][7][gc,metaspace] GC(384) Metaspace: 112758K(117624K)->112758K(117624K) NonClass: 98574K(102060K)->98574K(102060K) Class: 14184K(15564K)->14184K(15564K)
[2022-07-22T13:31:42.768+0000][7][gc          ] GC(384) Pause Young (Normal) (G1 Evacuation Pause) 201M->112M(256M) 3.305ms
[2022-07-22T13:31:42.768+0000][7][gc,cpu      ] GC(384) User=0.01s Sys=0.00s Real=0.00s
[2022-07-22T13:31:42.768+0000][7][safepoint   ] Safepoint "G1CollectForAllocation", Time since last: 28048603438 ns, Reaching safepoint: 123559 ns, At safepoint: 3404819 ns, Total: 3528378 ns
[2022-07-22T13:31:46.769+0000][7][safepoint   ] Safepoint "Cleanup", Time since last: 4000885490 ns, Reaching safepoint: 139839 ns, At safepoint: 13807 ns, Total: 153646 ns
[2022-07-22T13:32:11.774+0000][7][safepoint   ] Safepoint "Cleanup", Time since last: 25004855324 ns, Reaching safepoint: 160029 ns, At safepoint: 10722 ns, Total: 170751 ns
[2022-07-22T13:32:29.436+0000][7][gc,start    ] GC(385) Pause Young (Concurrent Start) (G1 Evacuation Pause)
[2022-07-22T13:32:29.436+0000][7][gc,task     ] GC(385) Using 4 workers of 4 for evacuation
[2022-07-22T13:32:29.436+0000][7][gc,age      ] GC(385) Desired survivor size 6291456 bytes, new threshold 15 (max threshold 15)
[2022-07-22T13:32:29.438+0000][7][gc,age      ] GC(385) Age table with threshold 15 (max threshold 15)
[2022-07-22T13:32:29.438+0000][7][gc,age      ] GC(385) - age   1:     425936 bytes,     425936 total
[2022-07-22T13:32:29.438+0000][7][gc,age      ] GC(385) - age   2:       4088 bytes,     430024 total
[2022-07-22T13:32:29.438+0000][7][gc,age      ] GC(385) - age   3:       4024 bytes,     434048 total
[2022-07-22T13:32:29.438+0000][7][gc,age      ] GC(385) - age   4:     181216 bytes,     615264 total
[2022-07-22T13:32:29.438+0000][7][gc,age      ] GC(385) - age   5:        880 bytes,     616144 total
[2022-07-22T13:32:29.438+0000][7][gc,age      ] GC(385) - age   6:        120 bytes,     616264 total
[2022-07-22T13:32:29.438+0000][7][gc,age      ] GC(385) - age   7:       2088 bytes,     618352 total
[2022-07-22T13:32:29.438+0000][7][gc,age      ] GC(385) - age   8:      22744 bytes,     641096 total
[2022-07-22T13:32:29.438+0000][7][gc,age      ] GC(385) - age  10:       1936 bytes,     643032 total
[2022-07-22T13:32:29.438+0000][7][gc,age      ] GC(385) - age  11:       1208 bytes,     644240 total
[2022-07-22T13:32:29.438+0000][7][gc,age      ] GC(385) - age  12:       1256 bytes,     645496 total
[2022-07-22T13:32:29.438+0000][7][gc,age      ] GC(385) - age  13:       1104 bytes,     646600 total
[2022-07-22T13:32:29.438+0000][7][gc,age      ] GC(385) - age  14:        960 bytes,     647560 total
[2022-07-22T13:32:29.438+0000][7][gc,age      ] GC(385) - age  15:       1504 bytes,     649064 total
[2022-07-22T13:32:29.438+0000][7][gc,phases   ] GC(385)   Pre Evacuate Collection Set: 0.2ms
[2022-07-22T13:32:29.438+0000][7][gc,phases   ] GC(385)   Merge Heap Roots: 0.1ms
[2022-07-22T13:32:29.438+0000][7][gc,phases   ] GC(385)   Evacuate Collection Set: 1.4ms
[2022-07-22T13:32:29.438+0000][7][gc,phases   ] GC(385)   Post Evacuate Collection Set: 0.6ms
[2022-07-22T13:32:29.438+0000][7][gc,phases   ] GC(385)   Other: 0.3ms
[2022-07-22T13:32:29.438+0000][7][gc,heap     ] GC(385) Eden regions: 22->0(23)
[2022-07-22T13:32:29.438+0000][7][gc,heap     ] GC(385) Survivor regions: 1->1(3)
[2022-07-22T13:32:29.438+0000][7][gc,heap     ] GC(385) Old regions: 25->25
[2022-07-22T13:32:29.438+0000][7][gc,heap     ] GC(385) Archive regions: 2->2
[2022-07-22T13:32:29.438+0000][7][gc,heap     ] GC(385) Humongous regions: 2->2
[2022-07-22T13:32:29.438+0000][7][gc,metaspace] GC(385) Metaspace: 112758K(117624K)->112758K(117624K) NonClass: 98574K(102060K)->98574K(102060K) Class: 14184K(15564K)->14184K(15564K)
[2022-07-22T13:32:29.438+0000][7][gc          ] GC(385) Pause Young (Concurrent Start) (G1 Evacuation Pause) 200M->112M(256M) 2.580ms
[2022-07-22T13:32:29.438+0000][7][gc,cpu      ] GC(385) User=0.01s Sys=0.00s Real=0.00s
[2022-07-22T13:32:29.438+0000][7][safepoint   ] Safepoint "G1CollectForAllocation", Time since last: 17661344641 ns, Reaching safepoint: 185100 ns, At safepoint: 2660647 ns, Total: 2845747 ns
[2022-07-22T13:32:29.438+0000][7][gc          ] GC(386) Concurrent Cycle
[2022-07-22T13:32:29.438+0000][7][gc,marking  ] GC(386) Concurrent Clear Claimed Marks
[2022-07-22T13:32:29.438+0000][7][gc,marking  ] GC(386) Concurrent Clear Claimed Marks 0.073ms
[2022-07-22T13:32:29.438+0000][7][gc,marking  ] GC(386) Concurrent Scan Root Regions
[2022-07-22T13:32:29.440+0000][7][gc,marking  ] GC(386) Concurrent Scan Root Regions 1.422ms
[2022-07-22T13:32:29.440+0000][7][gc,marking  ] GC(386) Concurrent Mark (8672.665s)
[2022-07-22T13:32:29.440+0000][7][gc,marking  ] GC(386) Concurrent Mark From Roots
[2022-07-22T13:32:29.440+0000][7][gc,task     ] GC(386) Using 1 workers of 1 for marking
[2022-07-22T13:32:29.591+0000][7][gc,marking  ] GC(386) Concurrent Mark From Roots 151.714ms
[2022-07-22T13:32:29.591+0000][7][gc,marking  ] GC(386) Concurrent Preclean
[2022-07-22T13:32:29.592+0000][7][gc,marking  ] GC(386) Concurrent Preclean 0.224ms
[2022-07-22T13:32:29.592+0000][7][gc,marking  ] GC(386) Concurrent Mark (8672.665s, 8672.817s) 152.006ms
[2022-07-22T13:32:29.592+0000][7][gc,start    ] GC(386) Pause Remark
[2022-07-22T13:32:29.605+0000][7][gc          ] GC(386) Pause Remark 121M->121M(256M) 12.929ms
[2022-07-22T13:32:29.605+0000][7][gc,cpu      ] GC(386) User=0.04s Sys=0.00s Real=0.01s
[2022-07-22T13:32:29.605+0000][7][safepoint   ] Safepoint "G1Concurrent", Time since last: 153637494 ns, Reaching safepoint: 104138 ns, At safepoint: 13036753 ns, Total: 13140891 ns
[2022-07-22T13:32:29.605+0000][7][gc,marking  ] GC(386) Concurrent Rebuild Remembered Sets
[2022-07-22T13:32:29.697+0000][7][gc,marking  ] GC(386) Concurrent Rebuild Remembered Sets 91.619ms
[2022-07-22T13:32:29.697+0000][7][gc,start    ] GC(386) Pause Cleanup
[2022-07-22T13:32:29.697+0000][7][gc          ] GC(386) Pause Cleanup 121M->121M(256M) 0.107ms
[2022-07-22T13:32:29.697+0000][7][gc,cpu      ] GC(386) User=0.00s Sys=0.00s Real=0.00s
[2022-07-22T13:32:29.697+0000][7][safepoint   ] Safepoint "G1Concurrent", Time since last: 91778351 ns, Reaching safepoint: 98233 ns, At safepoint: 169862 ns, Total: 268095 ns
[2022-07-22T13:32:29.697+0000][7][gc,marking  ] GC(386) Concurrent Cleanup for Next Mark
[2022-07-22T13:32:29.697+0000][7][gc,marking  ] GC(386) Concurrent Cleanup for Next Mark 0.246ms
[2022-07-22T13:32:29.697+0000][7][gc          ] GC(386) Concurrent Cycle 259.131ms
[2022-07-22T13:32:38.699+0000][7][safepoint   ] Safepoint "Cleanup", Time since last: 9001422230 ns, Reaching safepoint: 168258 ns, At safepoint: 9754 ns, Total: 178012 ns
[2022-07-22T13:33:06.264+0000][7][gc,start    ] GC(387) Pause Young (Normal) (G1 Evacuation Pause)
[2022-07-22T13:33:06.264+0000][7][gc,task     ] GC(387) Using 4 workers of 4 for evacuation
[2022-07-22T13:33:06.264+0000][7][gc,age      ] GC(387) Desired survivor size 6291456 bytes, new threshold 15 (max threshold 15)
[2022-07-22T13:33:06.267+0000][7][gc,age      ] GC(387) Age table with threshold 15 (max threshold 15)
[2022-07-22T13:33:06.267+0000][7][gc,age      ] GC(387) - age   1:    2209648 bytes,    2209648 total
[2022-07-22T13:33:06.267+0000][7][gc,age      ] GC(387) - age   2:     300032 bytes,    2509680 total
[2022-07-22T13:33:06.267+0000][7][gc,age      ] GC(387) - age   3:       2440 bytes,    2512120 total
[2022-07-22T13:33:06.267+0000][7][gc,age      ] GC(387) - age   4:       3000 bytes,    2515120 total
[2022-07-22T13:33:06.267+0000][7][gc,age      ] GC(387) - age   5:     181216 bytes,    2696336 total
[2022-07-22T13:33:06.267+0000][7][gc,age      ] GC(387) - age   6:        656 bytes,    2696992 total
[2022-07-22T13:33:06.267+0000][7][gc,age      ] GC(387) - age   7:        120 bytes,    2697112 total
[2022-07-22T13:33:06.267+0000][7][gc,age      ] GC(387) - age   8:       2024 bytes,    2699136 total
[2022-07-22T13:33:06.267+0000][7][gc,age      ] GC(387) - age   9:      22744 bytes,    2721880 total
[2022-07-22T13:33:06.267+0000][7][gc,age      ] GC(387) - age  11:       1936 bytes,    2723816 total
[2022-07-22T13:33:06.267+0000][7][gc,age      ] GC(387) - age  12:       1208 bytes,    2725024 total
[2022-07-22T13:33:06.267+0000][7][gc,age      ] GC(387) - age  13:       1256 bytes,    2726280 total
[2022-07-22T13:33:06.267+0000][7][gc,age      ] GC(387) - age  14:       1104 bytes,    2727384 total
[2022-07-22T13:33:06.267+0000][7][gc,age      ] GC(387) - age  15:        960 bytes,    2728344 total
[2022-07-22T13:33:06.267+0000][7][gc,phases   ] GC(387)   Pre Evacuate Collection Set: 0.1ms
[2022-07-22T13:33:06.267+0000][7][gc,phases   ] GC(387)   Merge Heap Roots: 0.0ms
[2022-07-22T13:33:06.267+0000][7][gc,phases   ] GC(387)   Evacuate Collection Set: 2.8ms
[2022-07-22T13:33:06.267+0000][7][gc,phases   ] GC(387)   Post Evacuate Collection Set: 0.4ms
[2022-07-22T13:33:06.267+0000][7][gc,phases   ] GC(387)   Other: 0.3ms
[2022-07-22T13:33:06.267+0000][7][gc,heap     ] GC(387) Eden regions: 23->0(22)
[2022-07-22T13:33:06.267+0000][7][gc,heap     ] GC(387) Survivor regions: 1->1(3)
[2022-07-22T13:33:06.267+0000][7][gc,heap     ] GC(387) Old regions: 25->25
[2022-07-22T13:33:06.267+0000][7][gc,heap     ] GC(387) Archive regions: 2->2
[2022-07-22T13:33:06.267+0000][7][gc,heap     ] GC(387) Humongous regions: 2->2
[2022-07-22T13:33:06.268+0000][7][gc,metaspace] GC(387) Metaspace: 112764K(117624K)->112764K(117624K) NonClass: 98579K(102060K)->98579K(102060K) Class: 14184K(15564K)->14184K(15564K)
[2022-07-22T13:33:06.268+0000][7][gc          ] GC(387) Pause Young (Normal) (G1 Evacuation Pause) 204M->114M(256M) 3.750ms
[2022-07-22T13:33:06.268+0000][7][gc,cpu      ] GC(387) User=0.01s Sys=0.00s Real=0.00s
[2022-07-22T13:33:06.268+0000][7][safepoint   ] Safepoint "G1CollectForAllocation", Time since last: 27565042961 ns, Reaching safepoint: 117104 ns, At safepoint: 3843422 ns, Total: 3960526 ns
[2022-07-22T13:33:42.275+0000][7][safepoint   ] Safepoint "Cleanup", Time since last: 36006997156 ns, Reaching safepoint: 178965 ns, At safepoint: 9820 ns, Total: 188785 ns
[2022-07-22T13:33:44.745+0000][7][gc,start    ] GC(388) Pause Young (Concurrent Start) (G1 Evacuation Pause)
[2022-07-22T13:33:44.746+0000][7][gc,task     ] GC(388) Using 4 workers of 4 for evacuation
[2022-07-22T13:33:44.746+0000][7][gc,age      ] GC(388) Desired survivor size 6291456 bytes, new threshold 15 (max threshold 15)
[2022-07-22T13:33:44.750+0000][7][gc,age      ] GC(388) Age table with threshold 15 (max threshold 15)
[2022-07-22T13:33:44.750+0000][7][gc,age      ] GC(388) - age   1:    1634392 bytes,    1634392 total
[2022-07-22T13:33:44.750+0000][7][gc,age      ] GC(388) - age   2:       5488 bytes,    1639880 total
[2022-07-22T13:33:44.750+0000][7][gc,age      ] GC(388) - age   3:     159944 bytes,    1799824 total
[2022-07-22T13:33:44.750+0000][7][gc,age      ] GC(388) - age   4:       1040 bytes,    1800864 total
[2022-07-22T13:33:44.750+0000][7][gc,age      ] GC(388) - age   5:       1504 bytes,    1802368 total
[2022-07-22T13:33:44.750+0000][7][gc,age      ] GC(388) - age   6:        424 bytes,    1802792 total
[2022-07-22T13:33:44.750+0000][7][gc,age      ] GC(388) - age   7:        272 bytes,    1803064 total
[2022-07-22T13:33:44.750+0000][7][gc,age      ] GC(388) - age   8:         64 bytes,    1803128 total
[2022-07-22T13:33:44.750+0000][7][gc,age      ] GC(388) - age   9:       1992 bytes,    1805120 total
[2022-07-22T13:33:44.750+0000][7][gc,age      ] GC(388) - age  10:      22680 bytes,    1827800 total
[2022-07-22T13:33:44.750+0000][7][gc,age      ] GC(388) - age  12:       1608 bytes,    1829408 total
[2022-07-22T13:33:44.750+0000][7][gc,age      ] GC(388) - age  13:       1208 bytes,    1830616 total
[2022-07-22T13:33:44.750+0000][7][gc,age      ] GC(388) - age  14:       1256 bytes,    1831872 total
[2022-07-22T13:33:44.750+0000][7][gc,age      ] GC(388) - age  15:       1104 bytes,    1832976 total
[2022-07-22T13:33:44.750+0000][7][gc,phases   ] GC(388)   Pre Evacuate Collection Set: 0.1ms
[2022-07-22T13:33:44.750+0000][7][gc,phases   ] GC(388)   Merge Heap Roots: 0.0ms
[2022-07-22T13:33:44.750+0000][7][gc,phases   ] GC(388)   Evacuate Collection Set: 3.0ms
[2022-07-22T13:33:44.750+0000][7][gc,phases   ] GC(388)   Post Evacuate Collection Set: 1.2ms
[2022-07-22T13:33:44.750+0000][7][gc,phases   ] GC(388)   Other: 0.4ms
[2022-07-22T13:33:44.750+0000][7][gc,heap     ] GC(388) Eden regions: 22->0(22)
[2022-07-22T13:33:44.750+0000][7][gc,heap     ] GC(388) Survivor regions: 1->1(3)
[2022-07-22T13:33:44.750+0000][7][gc,heap     ] GC(388) Old regions: 25->25
[2022-07-22T13:33:44.750+0000][7][gc,heap     ] GC(388) Archive regions: 2->2
[2022-07-22T13:33:44.750+0000][7][gc,heap     ] GC(388) Humongous regions: 2->2
[2022-07-22T13:33:44.750+0000][7][gc,metaspace] GC(388) Metaspace: 112773K(117624K)->112773K(117624K) NonClass: 98588K(102060K)->98588K(102060K) Class: 14184K(15564K)->14184K(15564K)
[2022-07-22T13:33:44.750+0000][7][gc          ] GC(388) Pause Young (Concurrent Start) (G1 Evacuation Pause) 202M->113M(256M) 4.916ms
[2022-07-22T13:33:44.750+0000][7][gc,cpu      ] GC(388) User=0.00s Sys=0.00s Real=0.01s
[2022-07-22T13:33:44.750+0000][7][gc          ] GC(389) Concurrent Cycle
[2022-07-22T13:33:44.750+0000][7][safepoint   ] Safepoint "G1CollectForAllocation", Time since last: 2470540776 ns, Reaching safepoint: 128733 ns, At safepoint: 5023283 ns, Total: 5152016 ns
[2022-07-22T13:33:44.750+0000][7][gc,marking  ] GC(389) Concurrent Clear Claimed Marks
[2022-07-22T13:33:44.751+0000][7][gc,marking  ] GC(389) Concurrent Clear Claimed Marks 0.123ms
[2022-07-22T13:33:44.751+0000][7][gc,marking  ] GC(389) Concurrent Scan Root Regions
[2022-07-22T13:33:44.753+0000][7][gc,marking  ] GC(389) Concurrent Scan Root Regions 2.051ms
[2022-07-22T13:33:44.753+0000][7][gc,marking  ] GC(389) Concurrent Mark (8747.978s)
[2022-07-22T13:33:44.753+0000][7][gc,marking  ] GC(389) Concurrent Mark From Roots
[2022-07-22T13:33:44.753+0000][7][gc,task     ] GC(389) Using 1 workers of 1 for marking
[2022-07-22T13:33:44.902+0000][7][gc,marking  ] GC(389) Concurrent Mark From Roots 148.886ms
[2022-07-22T13:33:44.902+0000][7][gc,marking  ] GC(389) Concurrent Preclean
[2022-07-22T13:33:44.902+0000][7][gc,marking  ] GC(389) Concurrent Preclean 0.230ms
[2022-07-22T13:33:44.902+0000][7][gc,marking  ] GC(389) Concurrent Mark (8747.978s, 8748.128s) 149.207ms
[2022-07-22T13:33:44.902+0000][7][gc,start    ] GC(389) Pause Remark
[2022-07-22T13:33:44.915+0000][7][gc          ] GC(389) Pause Remark 115M->115M(256M) 12.934ms
[2022-07-22T13:33:44.915+0000][7][gc,cpu      ] GC(389) User=0.05s Sys=0.00s Real=0.01s
[2022-07-22T13:33:44.915+0000][7][safepoint   ] Safepoint "G1Concurrent", Time since last: 151502072 ns, Reaching safepoint: 183531 ns, At safepoint: 13064932 ns, Total: 13248463 ns
[2022-07-22T13:33:44.915+0000][7][gc,marking  ] GC(389) Concurrent Rebuild Remembered Sets
[2022-07-22T13:33:45.010+0000][7][gc,marking  ] GC(389) Concurrent Rebuild Remembered Sets 94.496ms
[2022-07-22T13:33:45.010+0000][7][gc,start    ] GC(389) Pause Cleanup
[2022-07-22T13:33:45.010+0000][7][gc          ] GC(389) Pause Cleanup 117M->117M(256M) 0.105ms
[2022-07-22T13:33:45.010+0000][7][gc,cpu      ] GC(389) User=0.00s Sys=0.00s Real=0.00s
[2022-07-22T13:33:45.010+0000][7][safepoint   ] Safepoint "G1Concurrent", Time since last: 94706447 ns, Reaching safepoint: 96175 ns, At safepoint: 185367 ns, Total: 281542 ns
[2022-07-22T13:33:45.010+0000][7][gc,marking  ] GC(389) Concurrent Cleanup for Next Mark
[2022-07-22T13:33:45.010+0000][7][gc,marking  ] GC(389) Concurrent Cleanup for Next Mark 0.237ms
[2022-07-22T13:33:45.010+0000][7][gc          ] GC(389) Concurrent Cycle 260.047ms
[2022-07-22T13:33:54.013+0000][7][safepoint   ] Safepoint "Cleanup", Time since last: 9002254502 ns, Reaching safepoint: 136841 ns, At safepoint: 10087 ns, Total: 146928 ns
[2022-07-22T13:33:55.013+0000][7][safepoint   ] Safepoint "Cleanup", Time since last: 1000327282 ns, Reaching safepoint: 227023 ns, At safepoint: 8085 ns, Total: 235108 ns
[2022-07-22T13:34:23.470+0000][7][gc,start    ] GC(390) Pause Young (Normal) (G1 Evacuation Pause)
[2022-07-22T13:34:23.470+0000][7][gc,task     ] GC(390) Using 4 workers of 4 for evacuation
[2022-07-22T13:34:23.470+0000][7][gc,age      ] GC(390) Desired survivor size 6291456 bytes, new threshold 15 (max threshold 15)
[2022-07-22T13:34:23.474+0000][7][gc,age      ] GC(390) Age table with threshold 15 (max threshold 15)
[2022-07-22T13:34:23.474+0000][7][gc,age      ] GC(390) - age   1:    1598584 bytes,    1598584 total
[2022-07-22T13:34:23.474+0000][7][gc,age      ] GC(390) - age   2:     207752 bytes,    1806336 total
[2022-07-22T13:34:23.474+0000][7][gc,age      ] GC(390) - age   3:       3752 bytes,    1810088 total
[2022-07-22T13:34:23.474+0000][7][gc,age      ] GC(390) - age   4:        720 bytes,    1810808 total
[2022-07-22T13:34:23.474+0000][7][gc,age      ] GC(390) - age   5:        880 bytes,    1811688 total
[2022-07-22T13:34:23.474+0000][7][gc,age      ] GC(390) - age   6:       1216 bytes,    1812904 total
[2022-07-22T13:34:23.474+0000][7][gc,age      ] GC(390) - age   7:        424 bytes,    1813328 total
[2022-07-22T13:34:23.474+0000][7][gc,age      ] GC(390) - age   8:        272 bytes,    1813600 total
[2022-07-22T13:34:23.474+0000][7][gc,age      ] GC(390) - age   9:         64 bytes,    1813664 total
[2022-07-22T13:34:23.474+0000][7][gc,age      ] GC(390) - age  10:       1992 bytes,    1815656 total
[2022-07-22T13:34:23.474+0000][7][gc,age      ] GC(390) - age  11:      22680 bytes,    1838336 total
[2022-07-22T13:34:23.474+0000][7][gc,age      ] GC(390) - age  13:       1608 bytes,    1839944 total
[2022-07-22T13:34:23.474+0000][7][gc,age      ] GC(390) - age  14:       1208 bytes,    1841152 total
[2022-07-22T13:34:23.474+0000][7][gc,age      ] GC(390) - age  15:       1256 bytes,    1842408 total
[2022-07-22T13:34:23.474+0000][7][gc,phases   ] GC(390)   Pre Evacuate Collection Set: 0.1ms
[2022-07-22T13:34:23.474+0000][7][gc,phases   ] GC(390)   Merge Heap Roots: 0.0ms
[2022-07-22T13:34:23.474+0000][7][gc,phases   ] GC(390)   Evacuate Collection Set: 2.6ms
[2022-07-22T13:34:23.474+0000][7][gc,phases   ] GC(390)   Post Evacuate Collection Set: 0.5ms
[2022-07-22T13:34:23.474+0000][7][gc,phases   ] GC(390)   Other: 0.3ms
[2022-07-22T13:34:23.474+0000][7][gc,heap     ] GC(390) Eden regions: 22->0(22)
[2022-07-22T13:34:23.474+0000][7][gc,heap     ] GC(390) Survivor regions: 1->1(3)
[2022-07-22T13:34:23.474+0000][7][gc,heap     ] GC(390) Old regions: 25->25
[2022-07-22T13:34:23.474+0000][7][gc,heap     ] GC(390) Archive regions: 2->2
[2022-07-22T13:34:23.474+0000][7][gc,heap     ] GC(390) Humongous regions: 2->2
[2022-07-22T13:34:23.474+0000][7][gc,metaspace] GC(390) Metaspace: 112774K(117624K)->112774K(117624K) NonClass: 98589K(102060K)->98589K(102060K) Class: 14184K(15564K)->14184K(15564K)
[2022-07-22T13:34:23.474+0000][7][gc          ] GC(390) Pause Young (Normal) (G1 Evacuation Pause) 201M->113M(256M) 3.612ms
[2022-07-22T13:34:23.474+0000][7][gc,cpu      ] GC(390) User=0.01s Sys=0.00s Real=0.00s
[2022-07-22T13:34:23.474+0000][7][safepoint   ] Safepoint "G1CollectForAllocation", Time since last: 28456932661 ns, Reaching safepoint: 121257 ns, At safepoint: 3712847 ns, Total: 3834104 ns
[2022-07-22T13:34:30.475+0000][7][safepoint   ] Safepoint "Cleanup", Time since last: 7001016703 ns, Reaching safepoint: 162901 ns, At safepoint: 10385 ns, Total: 173286 ns
[2022-07-22T13:34:42.478+0000][7][safepoint   ] Safepoint "Cleanup", Time since last: 12002295099 ns, Reaching safepoint: 155901 ns, At safepoint: 6936 ns, Total: 162837 ns
[2022-07-22T13:34:43.478+0000][7][safepoint   ] Safepoint "Cleanup", Time since last: 1000432178 ns, Reaching safepoint: 157963 ns, At safepoint: 10920 ns, Total: 168883 ns
[2022-07-22T13:34:50.466+0000][7][gc,start    ] GC(391) Pause Young (Concurrent Start) (G1 Evacuation Pause)
[2022-07-22T13:34:50.466+0000][7][gc,task     ] GC(391) Using 4 workers of 4 for evacuation
[2022-07-22T13:34:50.466+0000][7][gc,age      ] GC(391) Desired survivor size 6291456 bytes, new threshold 15 (max threshold 15)
[2022-07-22T13:34:50.468+0000][7][gc,age      ] GC(391) Age table with threshold 15 (max threshold 15)
[2022-07-22T13:34:50.469+0000][7][gc,age      ] GC(391) - age   1:    1040816 bytes,    1040816 total
[2022-07-22T13:34:50.469+0000][7][gc,age      ] GC(391) - age   2:     193792 bytes,    1234608 total
[2022-07-22T13:34:50.469+0000][7][gc,age      ] GC(391) - age   3:       2672 bytes,    1237280 total
[2022-07-22T13:34:50.469+0000][7][gc,age      ] GC(391) - age   4:       1480 bytes,    1238760 total
[2022-07-22T13:34:50.469+0000][7][gc,age      ] GC(391) - age   5:        720 bytes,    1239480 total
[2022-07-22T13:34:50.469+0000][7][gc,age      ] GC(391) - age   6:        688 bytes,    1240168 total
[2022-07-22T13:34:50.469+0000][7][gc,age      ] GC(391) - age   7:       1152 bytes,    1241320 total
[2022-07-22T13:34:50.469+0000][7][gc,age      ] GC(391) - age   8:        360 bytes,    1241680 total
[2022-07-22T13:34:50.469+0000][7][gc,age      ] GC(391) - age   9:        272 bytes,    1241952 total
[2022-07-22T13:34:50.469+0000][7][gc,age      ] GC(391) - age  10:         64 bytes,    1242016 total
[2022-07-22T13:34:50.469+0000][7][gc,age      ] GC(391) - age  11:       1992 bytes,    1244008 total
[2022-07-22T13:34:50.469+0000][7][gc,age      ] GC(391) - age  12:      22680 bytes,    1266688 total
[2022-07-22T13:34:50.469+0000][7][gc,age      ] GC(391) - age  14:       1608 bytes,    1268296 total
[2022-07-22T13:34:50.469+0000][7][gc,age      ] GC(391) - age  15:       1208 bytes,    1269504 total
[2022-07-22T13:34:50.469+0000][7][gc,phases   ] GC(391)   Pre Evacuate Collection Set: 0.2ms
[2022-07-22T13:34:50.469+0000][7][gc,phases   ] GC(391)   Merge Heap Roots: 0.0ms
[2022-07-22T13:34:50.469+0000][7][gc,phases   ] GC(391)   Evacuate Collection Set: 2.0ms
[2022-07-22T13:34:50.469+0000][7][gc,phases   ] GC(391)   Post Evacuate Collection Set: 0.5ms
[2022-07-22T13:34:50.469+0000][7][gc,phases   ] GC(391)   Other: 0.3ms
[2022-07-22T13:34:50.469+0000][7][gc,heap     ] GC(391) Eden regions: 22->0(22)
[2022-07-22T13:34:50.469+0000][7][gc,heap     ] GC(391) Survivor regions: 1->1(3)
[2022-07-22T13:34:50.469+0000][7][gc,heap     ] GC(391) Old regions: 25->25
[2022-07-22T13:34:50.469+0000][7][gc,heap     ] GC(391) Archive regions: 2->2
[2022-07-22T13:34:50.469+0000][7][gc,heap     ] GC(391) Humongous regions: 2->2
[2022-07-22T13:34:50.469+0000][7][gc,metaspace] GC(391) Metaspace: 112774K(117624K)->112774K(117624K) NonClass: 98589K(102060K)->98589K(102060K) Class: 14184K(15564K)->14184K(15564K)
[2022-07-22T13:34:50.469+0000][7][gc          ] GC(391) Pause Young (Concurrent Start) (G1 Evacuation Pause) 201M->112M(256M) 3.134ms
[2022-07-22T13:34:50.469+0000][7][gc,cpu      ] GC(391) User=0.00s Sys=0.00s Real=0.00s
[2022-07-22T13:34:50.469+0000][7][safepoint   ] Safepoint "G1CollectForAllocation", Time since last: 6987310871 ns, Reaching safepoint: 131447 ns, At safepoint: 3242369 ns, Total: 3373816 ns
[2022-07-22T13:34:50.469+0000][7][gc          ] GC(392) Concurrent Cycle
[2022-07-22T13:34:50.469+0000][7][gc,marking  ] GC(392) Concurrent Clear Claimed Marks
[2022-07-22T13:34:50.469+0000][7][gc,marking  ] GC(392) Concurrent Clear Claimed Marks 0.095ms
[2022-07-22T13:34:50.469+0000][7][gc,marking  ] GC(392) Concurrent Scan Root Regions
[2022-07-22T13:34:50.471+0000][7][gc,marking  ] GC(392) Concurrent Scan Root Regions 1.720ms
[2022-07-22T13:34:50.471+0000][7][gc,marking  ] GC(392) Concurrent Mark (8813.696s)
[2022-07-22T13:34:50.471+0000][7][gc,marking  ] GC(392) Concurrent Mark From Roots
[2022-07-22T13:34:50.471+0000][7][gc,task     ] GC(392) Using 1 workers of 1 for marking
[2022-07-22T13:34:50.613+0000][7][gc,marking  ] GC(392) Concurrent Mark From Roots 141.879ms
[2022-07-22T13:34:50.613+0000][7][gc,marking  ] GC(392) Concurrent Preclean
[2022-07-22T13:34:50.613+0000][7][gc,marking  ] GC(392) Concurrent Preclean 0.281ms
[2022-07-22T13:34:50.613+0000][7][gc,marking  ] GC(392) Concurrent Mark (8813.696s, 8813.839s) 142.232ms
[2022-07-22T13:34:50.613+0000][7][gc,start    ] GC(392) Pause Remark
[2022-07-22T13:34:50.626+0000][7][gc          ] GC(392) Pause Remark 113M->113M(256M) 12.481ms
[2022-07-22T13:34:50.626+0000][7][gc,cpu      ] GC(392) User=0.05s Sys=0.00s Real=0.01s
[2022-07-22T13:34:50.626+0000][7][safepoint   ] Safepoint "G1Concurrent", Time since last: 144193119 ns, Reaching safepoint: 135967 ns, At safepoint: 12601799 ns, Total: 12737766 ns
[2022-07-22T13:34:50.626+0000][7][gc,marking  ] GC(392) Concurrent Rebuild Remembered Sets
[2022-07-22T13:34:50.716+0000][7][gc,marking  ] GC(392) Concurrent Rebuild Remembered Sets 90.186ms
[2022-07-22T13:34:50.716+0000][7][gc,start    ] GC(392) Pause Cleanup
[2022-07-22T13:34:50.716+0000][7][gc          ] GC(392) Pause Cleanup 113M->113M(256M) 0.095ms
[2022-07-22T13:34:50.716+0000][7][gc,cpu      ] GC(392) User=0.00s Sys=0.00s Real=0.00s
[2022-07-22T13:34:50.716+0000][7][safepoint   ] Safepoint "G1Concurrent", Time since last: 90319559 ns, Reaching safepoint: 197760 ns, At safepoint: 172358 ns, Total: 370118 ns
[2022-07-22T13:34:50.717+0000][7][gc,marking  ] GC(392) Concurrent Cleanup for Next Mark
[2022-07-22T13:34:50.717+0000][7][gc,marking  ] GC(392) Concurrent Cleanup for Next Mark 0.250ms
[2022-07-22T13:34:50.717+0000][7][gc          ] GC(392) Concurrent Cycle 247.950ms
[2022-07-22T13:35:26.553+0000][7][gc,start    ] GC(393) Pause Young (Normal) (G1 Evacuation Pause)
[2022-07-22T13:35:26.553+0000][7][gc,task     ] GC(393) Using 4 workers of 4 for evacuation
[2022-07-22T13:35:26.553+0000][7][gc,age      ] GC(393) Desired survivor size 6291456 bytes, new threshold 15 (max threshold 15)
[2022-07-22T13:35:26.556+0000][7][gc,age      ] GC(393) Age table with threshold 15 (max threshold 15)
[2022-07-22T13:35:26.556+0000][7][gc,age      ] GC(393) - age   1:    1216904 bytes,    1216904 total
[2022-07-22T13:35:26.556+0000][7][gc,age      ] GC(393) - age   2:     195936 bytes,    1412840 total
[2022-07-22T13:35:26.556+0000][7][gc,age      ] GC(393) - age   3:       1208 bytes,    1414048 total
[2022-07-22T13:35:26.556+0000][7][gc,age      ] GC(393) - age   4:       2008 bytes,    1416056 total
[2022-07-22T13:35:26.556+0000][7][gc,age      ] GC(393) - age   5:       1320 bytes,    1417376 total
[2022-07-22T13:35:26.556+0000][7][gc,age      ] GC(393) - age   6:        528 bytes,    1417904 total
[2022-07-22T13:35:26.556+0000][7][gc,age      ] GC(393) - age   7:        624 bytes,    1418528 total
[2022-07-22T13:35:26.556+0000][7][gc,age      ] GC(393) - age   8:       1152 bytes,    1419680 total
[2022-07-22T13:35:26.556+0000][7][gc,age      ] GC(393) - age   9:        360 bytes,    1420040 total
[2022-07-22T13:35:26.556+0000][7][gc,age      ] GC(393) - age  10:        272 bytes,    1420312 total
[2022-07-22T13:35:26.557+0000][7][gc,age      ] GC(393) - age  11:         64 bytes,    1420376 total
[2022-07-22T13:35:26.557+0000][7][gc,age      ] GC(393) - age  12:       1992 bytes,    1422368 total
[2022-07-22T13:35:26.557+0000][7][gc,age      ] GC(393) - age  13:      22680 bytes,    1445048 total
[2022-07-22T13:35:26.557+0000][7][gc,age      ] GC(393) - age  15:       1608 bytes,    1446656 total
[2022-07-22T13:35:26.557+0000][7][gc,phases   ] GC(393)   Pre Evacuate Collection Set: 0.0ms
[2022-07-22T13:35:26.557+0000][7][gc,phases   ] GC(393)   Merge Heap Roots: 0.1ms
[2022-07-22T13:35:26.557+0000][7][gc,phases   ] GC(393)   Evacuate Collection Set: 3.0ms
[2022-07-22T13:35:26.557+0000][7][gc,phases   ] GC(393)   Post Evacuate Collection Set: 0.5ms
[2022-07-22T13:35:26.557+0000][7][gc,phases   ] GC(393)   Other: 0.4ms
[2022-07-22T13:35:26.557+0000][7][gc,heap     ] GC(393) Eden regions: 22->0(22)
[2022-07-22T13:35:26.557+0000][7][gc,heap     ] GC(393) Survivor regions: 1->1(3)
[2022-07-22T13:35:26.557+0000][7][gc,heap     ] GC(393) Old regions: 25->25
[2022-07-22T13:35:26.557+0000][7][gc,heap     ] GC(393) Archive regions: 2->2
[2022-07-22T13:35:26.557+0000][7][gc,heap     ] GC(393) Humongous regions: 2->2
[2022-07-22T13:35:26.557+0000][7][gc,metaspace] GC(393) Metaspace: 112776K(117624K)->112776K(117624K) NonClass: 98591K(102060K)->98591K(102060K) Class: 14184K(15564K)->14184K(15564K)
[2022-07-22T13:35:26.557+0000][7][gc          ] GC(393) Pause Young (Normal) (G1 Evacuation Pause) 200M->112M(256M) 4.103ms
[2022-07-22T13:35:26.557+0000][7][gc,cpu      ] GC(393) User=0.00s Sys=0.00s Real=0.00s
[2022-07-22T13:35:26.557+0000][7][safepoint   ] Safepoint "G1CollectForAllocation", Time since last: 35835965846 ns, Reaching safepoint: 147851 ns, At safepoint: 4191200 ns, Total: 4339051 ns
