[2022-07-20T09:39:30.229+0000][7][gc] Using G1
[2022-07-20T09:39:30.276+0000][7][gc,init] Version: 17.0.1+12 (release)
[2022-07-20T09:39:30.276+0000][7][gc,init] CPUs: 4 total, 4 available
[2022-07-20T09:39:30.276+0000][7][gc,init] Memory: 7848M
[2022-07-20T09:39:30.276+0000][7][gc,init] Large Page Support: Disabled
[2022-07-20T09:39:30.276+0000][7][gc,init] NUMA Support: Disabled
[2022-07-20T09:39:30.277+0000][7][gc,init] Compressed Oops: Enabled (32-bit)
[2022-07-20T09:39:30.277+0000][7][gc,init] Heap Region Size: 4M
[2022-07-20T09:39:30.277+0000][7][gc,init] Heap Min Capacity: 256M
[2022-07-20T09:39:30.277+0000][7][gc,init] Heap Initial Capacity: 256M
[2022-07-20T09:39:30.277+0000][7][gc,init] Heap Max Capacity: 256M
[2022-07-20T09:39:30.277+0000][7][gc,init] Pre-touch: Enabled
[2022-07-20T09:39:30.277+0000][7][gc,init] Parallel Workers: 4
[2022-07-20T09:39:30.277+0000][7][gc,init] Concurrent Workers: 1
[2022-07-20T09:39:30.277+0000][7][gc,init] Concurrent Refinement Workers: 4
[2022-07-20T09:39:30.277+0000][7][gc,init] Periodic GC: Disabled
[2022-07-20T09:39:30.277+0000][7][gc,metaspace] CDS archive(s) mapped at: [0x0000000800000000-0x0000000800bd1000-0x0000000800bd1000), size 12390400, SharedBaseAddress: 0x0000000800000000, ArchiveRelocationMode: 0.
[2022-07-20T09:39:30.277+0000][7][gc,metaspace] Compressed class space mapped at: 0x0000000800c00000-0x0000000840c00000, reserved size: 1073741824
[2022-07-20T09:39:30.277+0000][7][gc,metaspace] Narrow klass base: 0x0000000800000000, Narrow klass shift: 0, Narrow klass range: 0x100000000
[2022-07-20T09:39:30.571+0000][7][safepoint   ] Safepoint "ICBufferFull", Time since last: 288824710 ns, Reaching safepoint: 105855 ns, At safepoint: 4927 ns, Total: 110782 ns
[2022-07-20T09:39:30.572+0000][7][safepoint   ] Safepoint "ICBufferFull", Time since last: 1185315 ns, Reaching safepoint: 25818 ns, At safepoint: 3355 ns, Total: 29173 ns
[2022-07-20T09:39:30.604+0000][7][gc,start    ] GC(0) Pause Young (Normal) (G1 Evacuation Pause)
[2022-07-20T09:39:30.604+0000][7][gc,task     ] GC(0) Using 4 workers of 4 for evacuation
[2022-07-20T09:39:30.604+0000][7][gc,age      ] GC(0) Desired survivor size 2097152 bytes, new threshold 15 (max threshold 15)
[2022-07-20T09:39:30.607+0000][7][gc,age      ] GC(0) Age table with threshold 15 (max threshold 15)
[2022-07-20T09:39:30.608+0000][7][gc,age      ] GC(0) - age   1:    2797456 bytes,    2797456 total
[2022-07-20T09:39:30.608+0000][7][gc,phases   ] GC(0)   Pre Evacuate Collection Set: 0.0ms
[2022-07-20T09:39:30.608+0000][7][gc,phases   ] GC(0)   Merge Heap Roots: 0.0ms
[2022-07-20T09:39:30.608+0000][7][gc,phases   ] GC(0)   Evacuate Collection Set: 2.5ms
[2022-07-20T09:39:30.608+0000][7][gc,phases   ] GC(0)   Post Evacuate Collection Set: 0.5ms
[2022-07-20T09:39:30.608+0000][7][gc,phases   ] GC(0)   Other: 0.2ms
[2022-07-20T09:39:30.608+0000][7][gc,heap     ] GC(0) Eden regions: 3->0(2)
[2022-07-20T09:39:30.608+0000][7][gc,heap     ] GC(0) Survivor regions: 0->1(1)
[2022-07-20T09:39:30.608+0000][7][gc,heap     ] GC(0) Old regions: 0->0
[2022-07-20T09:39:30.608+0000][7][gc,heap     ] GC(0) Archive regions: 2->2
[2022-07-20T09:39:30.608+0000][7][gc,heap     ] GC(0) Humongous regions: 0->0
[2022-07-20T09:39:30.608+0000][7][gc,metaspace] GC(0) Metaspace: 3504K(3648K)->3504K(3648K) NonClass: 3156K(3200K)->3156K(3200K) Class: 348K(448K)->348K(448K)
[2022-07-20T09:39:30.608+0000][7][gc          ] GC(0) Pause Young (Normal) (G1 Evacuation Pause) 15M->6M(256M) 3.419ms
[2022-07-20T09:39:30.608+0000][7][gc,cpu      ] GC(0) User=0.00s Sys=0.01s Real=0.01s
[2022-07-20T09:39:30.608+0000][7][safepoint   ] Safepoint "G1CollectForAllocation", Time since last: 32024551 ns, Reaching safepoint: 46448 ns, At safepoint: 3535220 ns, Total: 3581668 ns
[2022-07-20T09:39:31.035+0000][7][gc,start    ] GC(1) Pause Young (Normal) (G1 Evacuation Pause)
[2022-07-20T09:39:31.035+0000][7][gc,task     ] GC(1) Using 4 workers of 4 for evacuation
[2022-07-20T09:39:31.035+0000][7][gc,age      ] GC(1) Desired survivor size 2097152 bytes, new threshold 1 (max threshold 15)
[2022-07-20T09:39:31.038+0000][7][gc,age      ] GC(1) Age table with threshold 1 (max threshold 15)
[2022-07-20T09:39:31.038+0000][7][gc,age      ] GC(1) - age   1:    1016128 bytes,    1016128 total
[2022-07-20T09:39:31.038+0000][7][gc,phases   ] GC(1)   Pre Evacuate Collection Set: 0.0ms
[2022-07-20T09:39:31.038+0000][7][gc,phases   ] GC(1)   Merge Heap Roots: 0.0ms
[2022-07-20T09:39:31.038+0000][7][gc,phases   ] GC(1)   Evacuate Collection Set: 2.5ms
[2022-07-20T09:39:31.038+0000][7][gc,phases   ] GC(1)   Post Evacuate Collection Set: 0.2ms
[2022-07-20T09:39:31.038+0000][7][gc,phases   ] GC(1)   Other: 0.2ms
[2022-07-20T09:39:31.038+0000][7][gc,heap     ] GC(1) Eden regions: 2->0(6)
[2022-07-20T09:39:31.038+0000][7][gc,heap     ] GC(1) Survivor regions: 1->1(1)
[2022-07-20T09:39:31.038+0000][7][gc,heap     ] GC(1) Old regions: 0->1
[2022-07-20T09:39:31.038+0000][7][gc,heap     ] GC(1) Archive regions: 2->2
[2022-07-20T09:39:31.038+0000][7][gc,heap     ] GC(1) Humongous regions: 0->0
[2022-07-20T09:39:31.038+0000][7][gc,metaspace] GC(1) Metaspace: 6436K(6592K)->6436K(6592K) NonClass: 5730K(5824K)->5730K(5824K) Class: 706K(768K)->706K(768K)
[2022-07-20T09:39:31.038+0000][7][gc          ] GC(1) Pause Young (Normal) (G1 Evacuation Pause) 14M->7M(256M) 3.038ms
[2022-07-20T09:39:31.038+0000][7][gc,cpu      ] GC(1) User=0.01s Sys=0.00s Real=0.00s
[2022-07-20T09:39:31.038+0000][7][safepoint   ] Safepoint "G1CollectForAllocation", Time since last: 426834327 ns, Reaching safepoint: 93107 ns, At safepoint: 3101954 ns, Total: 3195061 ns
[2022-07-20T09:39:31.674+0000][7][gc,start    ] GC(2) Pause Young (Normal) (G1 Evacuation Pause)
[2022-07-20T09:39:31.674+0000][7][gc,task     ] GC(2) Using 4 workers of 4 for evacuation
[2022-07-20T09:39:31.674+0000][7][gc,age      ] GC(2) Desired survivor size 2097152 bytes, new threshold 15 (max threshold 15)
[2022-07-20T09:39:31.686+0000][7][gc,age      ] GC(2) Age table with threshold 15 (max threshold 15)
[2022-07-20T09:39:31.686+0000][7][gc,age      ] GC(2) - age   1:    1999664 bytes,    1999664 total
[2022-07-20T09:39:31.686+0000][7][gc,age      ] GC(2) - age   2:     943424 bytes,    2943088 total
[2022-07-20T09:39:31.686+0000][7][gc,phases   ] GC(2)   Pre Evacuate Collection Set: 0.1ms
[2022-07-20T09:39:31.686+0000][7][gc,phases   ] GC(2)   Merge Heap Roots: 0.1ms
[2022-07-20T09:39:31.686+0000][7][gc,phases   ] GC(2)   Evacuate Collection Set: 10.7ms
[2022-07-20T09:39:31.686+0000][7][gc,phases   ] GC(2)   Post Evacuate Collection Set: 0.7ms
[2022-07-20T09:39:31.686+0000][7][gc,phases   ] GC(2)   Other: 0.4ms
[2022-07-20T09:39:31.686+0000][7][gc,heap     ] GC(2) Eden regions: 6->0(37)
[2022-07-20T09:39:31.686+0000][7][gc,heap     ] GC(2) Survivor regions: 1->1(1)
[2022-07-20T09:39:31.686+0000][7][gc,heap     ] GC(2) Old regions: 1->1
[2022-07-20T09:39:31.686+0000][7][gc,heap     ] GC(2) Archive regions: 2->2
[2022-07-20T09:39:31.686+0000][7][gc,heap     ] GC(2) Humongous regions: 0->0
[2022-07-20T09:39:31.686+0000][7][gc,metaspace] GC(2) Metaspace: 11180K(11392K)->11180K(11392K) NonClass: 9786K(9920K)->9786K(9920K) Class: 1394K(1472K)->1394K(1472K)
[2022-07-20T09:39:31.686+0000][7][gc          ] GC(2) Pause Young (Normal) (G1 Evacuation Pause) 31M->9M(256M) 12.073ms
[2022-07-20T09:39:31.686+0000][7][gc,cpu      ] GC(2) User=0.02s Sys=0.00s Real=0.01s
[2022-07-20T09:39:31.686+0000][7][safepoint   ] Safepoint "G1CollectForAllocation", Time since last: 635807061 ns, Reaching safepoint: 170636 ns, At safepoint: 12201133 ns, Total: 12371769 ns
[2022-07-20T09:39:32.633+0000][7][safepoint   ] Safepoint "ICBufferFull", Time since last: 947118605 ns, Reaching safepoint: 150323 ns, At safepoint: 9405 ns, Total: 159728 ns
[2022-07-20T09:39:33.371+0000][7][gc,start    ] GC(3) Pause Young (Normal) (G1 Evacuation Pause)
[2022-07-20T09:39:33.371+0000][7][gc,task     ] GC(3) Using 4 workers of 4 for evacuation
[2022-07-20T09:39:33.371+0000][7][gc,age      ] GC(3) Desired survivor size 10485760 bytes, new threshold 15 (max threshold 15)
[2022-07-20T09:39:33.381+0000][7][gc,age      ] GC(3) Age table with threshold 15 (max threshold 15)
[2022-07-20T09:39:33.381+0000][7][gc,age      ] GC(3) - age   1:    3929048 bytes,    3929048 total
[2022-07-20T09:39:33.381+0000][7][gc,age      ] GC(3) - age   2:    1875432 bytes,    5804480 total
[2022-07-20T09:39:33.381+0000][7][gc,age      ] GC(3) - age   3:     937896 bytes,    6742376 total
[2022-07-20T09:39:33.381+0000][7][gc,phases   ] GC(3)   Pre Evacuate Collection Set: 0.0ms
[2022-07-20T09:39:33.381+0000][7][gc,phases   ] GC(3)   Merge Heap Roots: 0.0ms
[2022-07-20T09:39:33.381+0000][7][gc,phases   ] GC(3)   Evacuate Collection Set: 8.0ms
[2022-07-20T09:39:33.381+0000][7][gc,phases   ] GC(3)   Post Evacuate Collection Set: 1.7ms
[2022-07-20T09:39:33.381+0000][7][gc,phases   ] GC(3)   Other: 0.2ms
[2022-07-20T09:39:33.381+0000][7][gc,heap     ] GC(3) Eden regions: 37->0(36)
[2022-07-20T09:39:33.381+0000][7][gc,heap     ] GC(3) Survivor regions: 1->2(5)
[2022-07-20T09:39:33.381+0000][7][gc,heap     ] GC(3) Old regions: 1->1
[2022-07-20T09:39:33.381+0000][7][gc,heap     ] GC(3) Archive regions: 2->2
[2022-07-20T09:39:33.381+0000][7][gc,heap     ] GC(3) Humongous regions: 0->0
[2022-07-20T09:39:33.381+0000][7][gc,metaspace] GC(3) Metaspace: 16652K(16960K)->16652K(16960K) NonClass: 14687K(14848K)->14687K(14848K) Class: 1965K(2112K)->1965K(2112K)
[2022-07-20T09:39:33.381+0000][7][gc          ] GC(3) Pause Young (Normal) (G1 Evacuation Pause) 157M->13M(256M) 10.021ms
[2022-07-20T09:39:33.381+0000][7][gc,cpu      ] GC(3) User=0.04s Sys=0.00s Real=0.01s
[2022-07-20T09:39:33.381+0000][7][safepoint   ] Safepoint "G1CollectForAllocation", Time since last: 737450116 ns, Reaching safepoint: 90897 ns, At safepoint: 10081463 ns, Total: 10172360 ns
[2022-07-20T09:39:33.853+0000][7][gc,start    ] GC(4) Pause Young (Normal) (G1 Evacuation Pause)
[2022-07-20T09:39:33.853+0000][7][gc,task     ] GC(4) Using 4 workers of 4 for evacuation
[2022-07-20T09:39:33.853+0000][7][gc,age      ] GC(4) Desired survivor size 10485760 bytes, new threshold 15 (max threshold 15)
[2022-07-20T09:39:33.864+0000][7][gc,age      ] GC(4) Age table with threshold 15 (max threshold 15)
[2022-07-20T09:39:33.864+0000][7][gc,age      ] GC(4) - age   1:    4078424 bytes,    4078424 total
[2022-07-20T09:39:33.864+0000][7][gc,age      ] GC(4) - age   2:    3233056 bytes,    7311480 total
[2022-07-20T09:39:33.864+0000][7][gc,age      ] GC(4) - age   3:    1875336 bytes,    9186816 total
[2022-07-20T09:39:33.864+0000][7][gc,age      ] GC(4) - age   4:     937896 bytes,   10124712 total
[2022-07-20T09:39:33.864+0000][7][gc,phases   ] GC(4)   Pre Evacuate Collection Set: 0.0ms
[2022-07-20T09:39:33.864+0000][7][gc,phases   ] GC(4)   Merge Heap Roots: 0.0ms
[2022-07-20T09:39:33.864+0000][7][gc,phases   ] GC(4)   Evacuate Collection Set: 9.9ms
[2022-07-20T09:39:33.864+0000][7][gc,phases   ] GC(4)   Post Evacuate Collection Set: 0.5ms
[2022-07-20T09:39:33.864+0000][7][gc,phases   ] GC(4)   Other: 0.2ms
[2022-07-20T09:39:33.864+0000][7][gc,heap     ] GC(4) Eden regions: 36->0(35)
[2022-07-20T09:39:33.864+0000][7][gc,heap     ] GC(4) Survivor regions: 2->3(5)
[2022-07-20T09:39:33.864+0000][7][gc,heap     ] GC(4) Old regions: 1->1
[2022-07-20T09:39:33.864+0000][7][gc,heap     ] GC(4) Archive regions: 2->2
[2022-07-20T09:39:33.864+0000][7][gc,heap     ] GC(4) Humongous regions: 0->0
[2022-07-20T09:39:33.864+0000][7][gc,metaspace] GC(4) Metaspace: 20794K(21248K)->20794K(21248K) NonClass: 18304K(18560K)->18304K(18560K) Class: 2490K(2688K)->2490K(2688K)
[2022-07-20T09:39:33.864+0000][7][gc          ] GC(4) Pause Young (Normal) (G1 Evacuation Pause) 157M->16M(256M) 10.823ms
[2022-07-20T09:39:33.864+0000][7][gc,cpu      ] GC(4) User=0.03s Sys=0.00s Real=0.00s
[2022-07-20T09:39:33.864+0000][7][safepoint   ] Safepoint "G1CollectForAllocation", Time since last: 472224202 ns, Reaching safepoint: 143067 ns, At safepoint: 10896484 ns, Total: 11039551 ns
[2022-07-20T09:39:34.027+0000][7][gc,start    ] GC(5) Pause Young (Concurrent Start) (Metadata GC Threshold)
[2022-07-20T09:39:34.027+0000][7][gc,task     ] GC(5) Using 4 workers of 4 for evacuation
[2022-07-20T09:39:34.027+0000][7][gc,age      ] GC(5) Desired survivor size 10485760 bytes, new threshold 15 (max threshold 15)
[2022-07-20T09:39:34.037+0000][7][gc,age      ] GC(5) Age table with threshold 15 (max threshold 15)
[2022-07-20T09:39:34.037+0000][7][gc,age      ] GC(5) - age   1:     728448 bytes,     728448 total
[2022-07-20T09:39:34.037+0000][7][gc,age      ] GC(5) - age   2:    2820936 bytes,    3549384 total
[2022-07-20T09:39:34.037+0000][7][gc,age      ] GC(5) - age   3:    3231144 bytes,    6780528 total
[2022-07-20T09:39:34.037+0000][7][gc,age      ] GC(5) - age   4:    1875336 bytes,    8655864 total
[2022-07-20T09:39:34.037+0000][7][gc,age      ] GC(5) - age   5:     937896 bytes,    9593760 total
[2022-07-20T09:39:34.037+0000][7][gc,phases   ] GC(5)   Pre Evacuate Collection Set: 0.1ms
[2022-07-20T09:39:34.037+0000][7][gc,phases   ] GC(5)   Merge Heap Roots: 0.0ms
[2022-07-20T09:39:34.037+0000][7][gc,phases   ] GC(5)   Evacuate Collection Set: 9.1ms
[2022-07-20T09:39:34.037+0000][7][gc,phases   ] GC(5)   Post Evacuate Collection Set: 0.5ms
[2022-07-20T09:39:34.037+0000][7][gc,phases   ] GC(5)   Other: 0.4ms
[2022-07-20T09:39:34.037+0000][7][gc,heap     ] GC(5) Eden regions: 18->0(35)
[2022-07-20T09:39:34.037+0000][7][gc,heap     ] GC(5) Survivor regions: 3->3(5)
[2022-07-20T09:39:34.037+0000][7][gc,heap     ] GC(5) Old regions: 1->1
[2022-07-20T09:39:34.037+0000][7][gc,heap     ] GC(5) Archive regions: 2->2
[2022-07-20T09:39:34.037+0000][7][gc,heap     ] GC(5) Humongous regions: 0->0
[2022-07-20T09:39:34.037+0000][7][gc,metaspace] GC(5) Metaspace: 21115K(21504K)->21115K(21504K) NonClass: 18563K(18752K)->18563K(18752K) Class: 2551K(2752K)->2551K(2752K)
[2022-07-20T09:39:34.037+0000][7][gc          ] GC(5) Pause Young (Concurrent Start) (Metadata GC Threshold) 88M->16M(256M) 10.192ms
[2022-07-20T09:39:34.037+0000][7][gc,cpu      ] GC(5) User=0.04s Sys=0.00s Real=0.01s
[2022-07-20T09:39:34.037+0000][7][gc          ] GC(6) Concurrent Mark Cycle
[2022-07-20T09:39:34.037+0000][7][gc,marking  ] GC(6) Concurrent Clear Claimed Marks
[2022-07-20T09:39:34.037+0000][7][safepoint   ] Safepoint "CollectForMetadataAllocation", Time since last: 162497167 ns, Reaching safepoint: 53750 ns, At safepoint: 10331921 ns, Total: 10385671 ns
[2022-07-20T09:39:34.037+0000][7][gc,marking  ] GC(6) Concurrent Clear Claimed Marks 0.032ms
[2022-07-20T09:39:34.037+0000][7][gc,marking  ] GC(6) Concurrent Scan Root Regions
[2022-07-20T09:39:34.043+0000][7][gc,marking  ] GC(6) Concurrent Scan Root Regions 6.290ms
[2022-07-20T09:39:34.043+0000][7][gc,marking  ] GC(6) Concurrent Mark
[2022-07-20T09:39:34.043+0000][7][gc,marking  ] GC(6) Concurrent Mark From Roots
[2022-07-20T09:39:34.043+0000][7][gc,task     ] GC(6) Using 1 workers of 1 for marking
[2022-07-20T09:39:34.047+0000][7][gc,marking  ] GC(6) Concurrent Mark From Roots 3.819ms
[2022-07-20T09:39:34.047+0000][7][gc,marking  ] GC(6) Concurrent Preclean
[2022-07-20T09:39:34.047+0000][7][gc,marking  ] GC(6) Concurrent Preclean 0.090ms
[2022-07-20T09:39:34.047+0000][7][gc,start    ] GC(6) Pause Remark
[2022-07-20T09:39:34.052+0000][7][gc          ] GC(6) Pause Remark 18M->18M(256M) 4.597ms
[2022-07-20T09:39:34.052+0000][7][gc,cpu      ] GC(6) User=0.02s Sys=0.00s Real=0.00s
[2022-07-20T09:39:34.052+0000][7][safepoint   ] Safepoint "G1Concurrent", Time since last: 10382507 ns, Reaching safepoint: 90578 ns, At safepoint: 4668341 ns, Total: 4758919 ns
[2022-07-20T09:39:34.052+0000][7][gc,marking  ] GC(6) Concurrent Mark 8.795ms
[2022-07-20T09:39:34.052+0000][7][gc,marking  ] GC(6) Concurrent Rebuild Remembered Sets
[2022-07-20T09:39:34.055+0000][7][gc,marking  ] GC(6) Concurrent Rebuild Remembered Sets 2.590ms
[2022-07-20T09:39:34.055+0000][7][gc,start    ] GC(6) Pause Cleanup
[2022-07-20T09:39:34.055+0000][7][gc          ] GC(6) Pause Cleanup 18M->18M(256M) 0.066ms
[2022-07-20T09:39:34.055+0000][7][gc,cpu      ] GC(6) User=0.00s Sys=0.00s Real=0.00s
[2022-07-20T09:39:34.055+0000][7][safepoint   ] Safepoint "G1Concurrent", Time since last: 2708522 ns, Reaching safepoint: 298660 ns, At safepoint: 127795 ns, Total: 426455 ns
[2022-07-20T09:39:34.055+0000][7][gc,marking  ] GC(6) Concurrent Cleanup for Next Mark
[2022-07-20T09:39:34.056+0000][7][gc,marking  ] GC(6) Concurrent Cleanup for Next Mark 0.317ms
[2022-07-20T09:39:34.056+0000][7][gc          ] GC(6) Concurrent Mark Cycle 18.840ms
[2022-07-20T09:39:34.126+0000][7][safepoint   ] Safepoint "ICBufferFull", Time since last: 70478404 ns, Reaching safepoint: 45846 ns, At safepoint: 3220 ns, Total: 49066 ns
[2022-07-20T09:39:34.129+0000][7][safepoint   ] Safepoint "ICBufferFull", Time since last: 3242391 ns, Reaching safepoint: 31959 ns, At safepoint: 2821 ns, Total: 34780 ns
[2022-07-20T09:39:34.131+0000][7][safepoint   ] Safepoint "ICBufferFull", Time since last: 1934478 ns, Reaching safepoint: 23039 ns, At safepoint: 2733 ns, Total: 25772 ns
[2022-07-20T09:39:34.132+0000][7][safepoint   ] Safepoint "ICBufferFull", Time since last: 1198412 ns, Reaching safepoint: 28586 ns, At safepoint: 3339 ns, Total: 31925 ns
[2022-07-20T09:39:34.134+0000][7][safepoint   ] Safepoint "ICBufferFull", Time since last: 1271276 ns, Reaching safepoint: 35893 ns, At safepoint: 2530 ns, Total: 38423 ns
[2022-07-20T09:39:34.446+0000][7][gc,start    ] GC(7) Pause Young (Normal) (G1 Evacuation Pause)
[2022-07-20T09:39:34.446+0000][7][gc,task     ] GC(7) Using 4 workers of 4 for evacuation
[2022-07-20T09:39:34.446+0000][7][gc,age      ] GC(7) Desired survivor size 10485760 bytes, new threshold 15 (max threshold 15)
[2022-07-20T09:39:34.456+0000][7][gc,age      ] GC(7) Age table with threshold 15 (max threshold 15)
[2022-07-20T09:39:34.456+0000][7][gc,age      ] GC(7) - age   1:    2743448 bytes,    2743448 total
[2022-07-20T09:39:34.456+0000][7][gc,age      ] GC(7) - age   2:     720648 bytes,    3464096 total
[2022-07-20T09:39:34.456+0000][7][gc,age      ] GC(7) - age   3:    2819800 bytes,    6283896 total
[2022-07-20T09:39:34.456+0000][7][gc,age      ] GC(7) - age   4:    3225064 bytes,    9508960 total
[2022-07-20T09:39:34.456+0000][7][gc,age      ] GC(7) - age   5:    1872536 bytes,   11381496 total
[2022-07-20T09:39:34.456+0000][7][gc,age      ] GC(7) - age   6:     935912 bytes,   12317408 total
[2022-07-20T09:39:34.456+0000][7][gc,phases   ] GC(7)   Pre Evacuate Collection Set: 0.0ms
[2022-07-20T09:39:34.456+0000][7][gc,phases   ] GC(7)   Merge Heap Roots: 0.0ms
[2022-07-20T09:39:34.456+0000][7][gc,phases   ] GC(7)   Evacuate Collection Set: 8.7ms
[2022-07-20T09:39:34.456+0000][7][gc,phases   ] GC(7)   Post Evacuate Collection Set: 0.6ms
[2022-07-20T09:39:34.456+0000][7][gc,phases   ] GC(7)   Other: 0.2ms
[2022-07-20T09:39:34.456+0000][7][gc,heap     ] GC(7) Eden regions: 35->0(34)
[2022-07-20T09:39:34.456+0000][7][gc,heap     ] GC(7) Survivor regions: 3->4(5)
[2022-07-20T09:39:34.456+0000][7][gc,heap     ] GC(7) Old regions: 1->1
[2022-07-20T09:39:34.456+0000][7][gc,heap     ] GC(7) Archive regions: 2->2
[2022-07-20T09:39:34.456+0000][7][gc,heap     ] GC(7) Humongous regions: 0->0
[2022-07-20T09:39:34.456+0000][7][gc,metaspace] GC(7) Metaspace: 22666K(23104K)->22666K(23104K) NonClass: 19911K(20160K)->19911K(20160K) Class: 2755K(2944K)->2755K(2944K)
[2022-07-20T09:39:34.456+0000][7][gc          ] GC(7) Pause Young (Normal) (G1 Evacuation Pause) 156M->19M(256M) 9.693ms
[2022-07-20T09:39:34.456+0000][7][gc,cpu      ] GC(7) User=0.03s Sys=0.01s Real=0.01s
[2022-07-20T09:39:34.456+0000][7][safepoint   ] Safepoint "G1CollectForAllocation", Time since last: 312566489 ns, Reaching safepoint: 54591 ns, At safepoint: 9757032 ns, Total: 9811623 ns
[2022-07-20T09:39:34.663+0000][7][gc,start    ] GC(8) Pause Young (Normal) (G1 Evacuation Pause)
[2022-07-20T09:39:34.663+0000][7][gc,task     ] GC(8) Using 4 workers of 4 for evacuation
[2022-07-20T09:39:34.663+0000][7][gc,age      ] GC(8) Desired survivor size 10485760 bytes, new threshold 5 (max threshold 15)
[2022-07-20T09:39:34.675+0000][7][gc,age      ] GC(8) Age table with threshold 5 (max threshold 15)
[2022-07-20T09:39:34.675+0000][7][gc,age      ] GC(8) - age   1:    1580464 bytes,    1580464 total
[2022-07-20T09:39:34.675+0000][7][gc,age      ] GC(8) - age   2:    2002664 bytes,    3583128 total
[2022-07-20T09:39:34.675+0000][7][gc,age      ] GC(8) - age   3:     719976 bytes,    4303104 total
[2022-07-20T09:39:34.675+0000][7][gc,age      ] GC(8) - age   4:    2819800 bytes,    7122904 total
[2022-07-20T09:39:34.675+0000][7][gc,age      ] GC(8) - age   5:    3224936 bytes,   10347840 total
[2022-07-20T09:39:34.675+0000][7][gc,phases   ] GC(8)   Pre Evacuate Collection Set: 0.0ms
[2022-07-20T09:39:34.675+0000][7][gc,phases   ] GC(8)   Merge Heap Roots: 0.0ms
[2022-07-20T09:39:34.675+0000][7][gc,phases   ] GC(8)   Evacuate Collection Set: 11.0ms
[2022-07-20T09:39:34.675+0000][7][gc,phases   ] GC(8)   Post Evacuate Collection Set: 0.7ms
[2022-07-20T09:39:34.675+0000][7][gc,phases   ] GC(8)   Other: 0.3ms
[2022-07-20T09:39:34.675+0000][7][gc,heap     ] GC(8) Eden regions: 34->0(35)
[2022-07-20T09:39:34.675+0000][7][gc,heap     ] GC(8) Survivor regions: 4->3(5)
[2022-07-20T09:39:34.675+0000][7][gc,heap     ] GC(8) Old regions: 1->2
[2022-07-20T09:39:34.675+0000][7][gc,heap     ] GC(8) Archive regions: 2->2
[2022-07-20T09:39:34.675+0000][7][gc,heap     ] GC(8) Humongous regions: 0->0
[2022-07-20T09:39:34.675+0000][7][gc,metaspace] GC(8) Metaspace: 23022K(23488K)->23022K(23488K) NonClass: 20228K(20480K)->20228K(20480K) Class: 2793K(3008K)->2793K(3008K)
[2022-07-20T09:39:34.675+0000][7][gc          ] GC(8) Pause Young (Normal) (G1 Evacuation Pause) 155M->19M(256M) 12.159ms
[2022-07-20T09:39:34.675+0000][7][gc,cpu      ] GC(8) User=0.04s Sys=0.00s Real=0.02s
[2022-07-20T09:39:34.675+0000][7][safepoint   ] Safepoint "G1CollectForAllocation", Time since last: 207005369 ns, Reaching safepoint: 56351 ns, At safepoint: 12235585 ns, Total: 12291936 ns
[2022-07-20T09:39:34.871+0000][7][gc,start    ] GC(9) Pause Young (Normal) (G1 Evacuation Pause)
[2022-07-20T09:39:34.871+0000][7][gc,task     ] GC(9) Using 4 workers of 4 for evacuation
[2022-07-20T09:39:34.871+0000][7][gc,age      ] GC(9) Desired survivor size 10485760 bytes, new threshold 15 (max threshold 15)
[2022-07-20T09:39:34.877+0000][7][gc,age      ] GC(9) Age table with threshold 15 (max threshold 15)
[2022-07-20T09:39:34.878+0000][7][gc,age      ] GC(9) - age   1:     405376 bytes,     405376 total
[2022-07-20T09:39:34.878+0000][7][gc,age      ] GC(9) - age   2:     997888 bytes,    1403264 total
[2022-07-20T09:39:34.878+0000][7][gc,age      ] GC(9) - age   3:    2002376 bytes,    3405640 total
[2022-07-20T09:39:34.878+0000][7][gc,age      ] GC(9) - age   4:     719976 bytes,    4125616 total
[2022-07-20T09:39:34.878+0000][7][gc,age      ] GC(9) - age   5:    2819512 bytes,    6945128 total
[2022-07-20T09:39:34.878+0000][7][gc,age      ] GC(9) - age   6:    3224936 bytes,   10170064 total
[2022-07-20T09:39:34.878+0000][7][gc,phases   ] GC(9)   Pre Evacuate Collection Set: 0.0ms
[2022-07-20T09:39:34.878+0000][7][gc,phases   ] GC(9)   Merge Heap Roots: 0.0ms
[2022-07-20T09:39:34.878+0000][7][gc,phases   ] GC(9)   Evacuate Collection Set: 5.8ms
[2022-07-20T09:39:34.878+0000][7][gc,phases   ] GC(9)   Post Evacuate Collection Set: 0.5ms
[2022-07-20T09:39:34.878+0000][7][gc,phases   ] GC(9)   Other: 0.3ms
[2022-07-20T09:39:34.878+0000][7][gc,heap     ] GC(9) Eden regions: 35->0(35)
[2022-07-20T09:39:34.878+0000][7][gc,heap     ] GC(9) Survivor regions: 3->3(5)
[2022-07-20T09:39:34.878+0000][7][gc,heap     ] GC(9) Old regions: 2->2
[2022-07-20T09:39:34.878+0000][7][gc,heap     ] GC(9) Archive regions: 2->2
[2022-07-20T09:39:34.878+0000][7][gc,heap     ] GC(9) Humongous regions: 0->0
[2022-07-20T09:39:34.878+0000][7][gc,metaspace] GC(9) Metaspace: 23286K(23808K)->23286K(23808K) NonClass: 20452K(20736K)->20452K(20736K) Class: 2834K(3072K)->2834K(3072K)
[2022-07-20T09:39:34.878+0000][7][gc          ] GC(9) Pause Young (Normal) (G1 Evacuation Pause) 159M->20M(256M) 6.753ms
[2022-07-20T09:39:34.878+0000][7][gc,cpu      ] GC(9) User=0.03s Sys=0.00s Real=0.01s
[2022-07-20T09:39:34.878+0000][7][safepoint   ] Safepoint "G1CollectForAllocation", Time since last: 195629071 ns, Reaching safepoint: 106617 ns, At safepoint: 6822716 ns, Total: 6929333 ns
[2022-07-20T09:39:35.370+0000][7][gc,start    ] GC(10) Pause Young (Normal) (G1 Evacuation Pause)
[2022-07-20T09:39:35.370+0000][7][gc,task     ] GC(10) Using 4 workers of 4 for evacuation
[2022-07-20T09:39:35.370+0000][7][gc,age      ] GC(10) Desired survivor size 10485760 bytes, new threshold 15 (max threshold 15)
[2022-07-20T09:39:35.379+0000][7][gc,age      ] GC(10) Age table with threshold 15 (max threshold 15)
[2022-07-20T09:39:35.379+0000][7][gc,age      ] GC(10) - age   1:    3085592 bytes,    3085592 total
[2022-07-20T09:39:35.379+0000][7][gc,age      ] GC(10) - age   2:     249504 bytes,    3335096 total
[2022-07-20T09:39:35.379+0000][7][gc,age      ] GC(10) - age   3:     997704 bytes,    4332800 total
[2022-07-20T09:39:35.379+0000][7][gc,age      ] GC(10) - age   4:    2000848 bytes,    6333648 total
[2022-07-20T09:39:35.379+0000][7][gc,age      ] GC(10) - age   5:     716952 bytes,    7050600 total
[2022-07-20T09:39:35.379+0000][7][gc,age      ] GC(10) - age   6:    2817512 bytes,    9868112 total
[2022-07-20T09:39:35.379+0000][7][gc,age      ] GC(10) - age   7:    3201232 bytes,   13069344 total
[2022-07-20T09:39:35.379+0000][7][gc,phases   ] GC(10)   Pre Evacuate Collection Set: 0.0ms
[2022-07-20T09:39:35.379+0000][7][gc,phases   ] GC(10)   Merge Heap Roots: 0.0ms
[2022-07-20T09:39:35.379+0000][7][gc,phases   ] GC(10)   Evacuate Collection Set: 8.1ms
[2022-07-20T09:39:35.379+0000][7][gc,phases   ] GC(10)   Post Evacuate Collection Set: 0.5ms
[2022-07-20T09:39:35.379+0000][7][gc,phases   ] GC(10)   Other: 0.3ms
[2022-07-20T09:39:35.379+0000][7][gc,heap     ] GC(10) Eden regions: 35->0(34)
[2022-07-20T09:39:35.379+0000][7][gc,heap     ] GC(10) Survivor regions: 3->4(5)
[2022-07-20T09:39:35.379+0000][7][gc,heap     ] GC(10) Old regions: 2->2
[2022-07-20T09:39:35.379+0000][7][gc,heap     ] GC(10) Archive regions: 2->2
[2022-07-20T09:39:35.379+0000][7][gc,heap     ] GC(10) Humongous regions: 0->0
[2022-07-20T09:39:35.379+0000][7][gc,metaspace] GC(10) Metaspace: 28073K(28608K)->28073K(28608K) NonClass: 24685K(25024K)->24685K(25024K) Class: 3387K(3584K)->3387K(3584K)
[2022-07-20T09:39:35.379+0000][7][gc          ] GC(10) Pause Young (Normal) (G1 Evacuation Pause) 160M->23M(256M) 9.048ms
[2022-07-20T09:39:35.379+0000][7][gc,cpu      ] GC(10) User=0.02s Sys=0.00s Real=0.01s
[2022-07-20T09:39:35.379+0000][7][safepoint   ] Safepoint "G1CollectForAllocation", Time since last: 492369262 ns, Reaching safepoint: 139186 ns, At safepoint: 9119836 ns, Total: 9259022 ns
[2022-07-20T09:39:35.574+0000][7][gc,start    ] GC(11) Pause Young (Normal) (G1 Evacuation Pause)
[2022-07-20T09:39:35.574+0000][7][gc,task     ] GC(11) Using 4 workers of 4 for evacuation
[2022-07-20T09:39:35.574+0000][7][gc,age      ] GC(11) Desired survivor size 10485760 bytes, new threshold 7 (max threshold 15)
[2022-07-20T09:39:35.582+0000][7][gc,age      ] GC(11) Age table with threshold 7 (max threshold 15)
[2022-07-20T09:39:35.582+0000][7][gc,age      ] GC(11) - age   1:     677360 bytes,     677360 total
[2022-07-20T09:39:35.582+0000][7][gc,age      ] GC(11) - age   2:    2752784 bytes,    3430144 total
[2022-07-20T09:39:35.582+0000][7][gc,age      ] GC(11) - age   3:     249504 bytes,    3679648 total
[2022-07-20T09:39:35.582+0000][7][gc,age      ] GC(11) - age   4:     997704 bytes,    4677352 total
[2022-07-20T09:39:35.582+0000][7][gc,age      ] GC(11) - age   5:    2000848 bytes,    6678200 total
[2022-07-20T09:39:35.582+0000][7][gc,age      ] GC(11) - age   6:     716952 bytes,    7395152 total
[2022-07-20T09:39:35.582+0000][7][gc,age      ] GC(11) - age   7:    2817512 bytes,   10212664 total
[2022-07-20T09:39:35.582+0000][7][gc,phases   ] GC(11)   Pre Evacuate Collection Set: 0.0ms
[2022-07-20T09:39:35.582+0000][7][gc,phases   ] GC(11)   Merge Heap Roots: 0.0ms
[2022-07-20T09:39:35.582+0000][7][gc,phases   ] GC(11)   Evacuate Collection Set: 7.5ms
[2022-07-20T09:39:35.582+0000][7][gc,phases   ] GC(11)   Post Evacuate Collection Set: 0.5ms
[2022-07-20T09:39:35.582+0000][7][gc,phases   ] GC(11)   Other: 0.3ms
[2022-07-20T09:39:35.582+0000][7][gc,heap     ] GC(11) Eden regions: 34->0(35)
[2022-07-20T09:39:35.582+0000][7][gc,heap     ] GC(11) Survivor regions: 4->3(5)
[2022-07-20T09:39:35.582+0000][7][gc,heap     ] GC(11) Old regions: 2->3
[2022-07-20T09:39:35.582+0000][7][gc,heap     ] GC(11) Archive regions: 2->2
[2022-07-20T09:39:35.582+0000][7][gc,heap     ] GC(11) Humongous regions: 0->0
[2022-07-20T09:39:35.582+0000][7][gc,metaspace] GC(11) Metaspace: 28150K(28736K)->28150K(28736K) NonClass: 24746K(25088K)->24746K(25088K) Class: 3403K(3648K)->3403K(3648K)
[2022-07-20T09:39:35.582+0000][7][gc          ] GC(11) Pause Young (Normal) (G1 Evacuation Pause) 159M->23M(256M) 8.470ms
[2022-07-20T09:39:35.582+0000][7][gc,cpu      ] GC(11) User=0.03s Sys=0.00s Real=0.00s
[2022-07-20T09:39:35.582+0000][7][safepoint   ] Safepoint "G1CollectForAllocation", Time since last: 194055657 ns, Reaching safepoint: 59621 ns, At safepoint: 8540141 ns, Total: 8599762 ns
[2022-07-20T09:39:35.938+0000][7][gc,start    ] GC(12) Pause Young (Normal) (G1 Evacuation Pause)
[2022-07-20T09:39:35.938+0000][7][gc,task     ] GC(12) Using 4 workers of 4 for evacuation
[2022-07-20T09:39:35.938+0000][7][gc,age      ] GC(12) Desired survivor size 10485760 bytes, new threshold 15 (max threshold 15)
[2022-07-20T09:39:35.945+0000][7][gc,age      ] GC(12) Age table with threshold 15 (max threshold 15)
[2022-07-20T09:39:35.945+0000][7][gc,age      ] GC(12) - age   1:    2555168 bytes,    2555168 total
[2022-07-20T09:39:35.945+0000][7][gc,age      ] GC(12) - age   2:     348504 bytes,    2903672 total
[2022-07-20T09:39:35.945+0000][7][gc,age      ] GC(12) - age   3:    2752784 bytes,    5656456 total
[2022-07-20T09:39:35.945+0000][7][gc,age      ] GC(12) - age   4:     248960 bytes,    5905416 total
[2022-07-20T09:39:35.945+0000][7][gc,age      ] GC(12) - age   5:     996648 bytes,    6902064 total
[2022-07-20T09:39:35.945+0000][7][gc,age      ] GC(12) - age   6:    2000784 bytes,    8902848 total
[2022-07-20T09:39:35.945+0000][7][gc,age      ] GC(12) - age   7:     716864 bytes,    9619712 total
[2022-07-20T09:39:35.945+0000][7][gc,age      ] GC(12) - age   8:    2817448 bytes,   12437160 total
[2022-07-20T09:39:35.945+0000][7][gc,phases   ] GC(12)   Pre Evacuate Collection Set: 0.1ms
[2022-07-20T09:39:35.945+0000][7][gc,phases   ] GC(12)   Merge Heap Roots: 0.0ms
[2022-07-20T09:39:35.945+0000][7][gc,phases   ] GC(12)   Evacuate Collection Set: 6.0ms
[2022-07-20T09:39:35.945+0000][7][gc,phases   ] GC(12)   Post Evacuate Collection Set: 0.5ms
[2022-07-20T09:39:35.945+0000][7][gc,phases   ] GC(12)   Other: 0.3ms
[2022-07-20T09:39:35.945+0000][7][gc,heap     ] GC(12) Eden regions: 35->0(34)
[2022-07-20T09:39:35.945+0000][7][gc,heap     ] GC(12) Survivor regions: 3->4(5)
[2022-07-20T09:39:35.945+0000][7][gc,heap     ] GC(12) Old regions: 3->3
[2022-07-20T09:39:35.945+0000][7][gc,heap     ] GC(12) Archive regions: 2->2
[2022-07-20T09:39:35.945+0000][7][gc,heap     ] GC(12) Humongous regions: 0->0
[2022-07-20T09:39:35.945+0000][7][gc,metaspace] GC(12) Metaspace: 29117K(29760K)->29117K(29760K) NonClass: 25580K(25984K)->25580K(25984K) Class: 3537K(3776K)->3537K(3776K)
[2022-07-20T09:39:35.945+0000][7][gc          ] GC(12) Pause Young (Normal) (G1 Evacuation Pause) 163M->25M(256M) 6.934ms
[2022-07-20T09:39:35.945+0000][7][gc,cpu      ] GC(12) User=0.03s Sys=0.00s Real=0.01s
[2022-07-20T09:39:35.945+0000][7][safepoint   ] Safepoint "G1CollectForAllocation", Time since last: 356211204 ns, Reaching safepoint: 47025 ns, At safepoint: 7006552 ns, Total: 7053577 ns
[2022-07-20T09:39:36.104+0000][7][gc,start    ] GC(13) Pause Young (Normal) (G1 Evacuation Pause)
[2022-07-20T09:39:36.104+0000][7][gc,task     ] GC(13) Using 4 workers of 4 for evacuation
[2022-07-20T09:39:36.104+0000][7][gc,age      ] GC(13) Desired survivor size 10485760 bytes, new threshold 8 (max threshold 15)
[2022-07-20T09:39:36.112+0000][7][gc,age      ] GC(13) Age table with threshold 8 (max threshold 15)
[2022-07-20T09:39:36.112+0000][7][gc,age      ] GC(13) - age   1:     701056 bytes,     701056 total
[2022-07-20T09:39:36.112+0000][7][gc,age      ] GC(13) - age   2:    2124840 bytes,    2825896 total
[2022-07-20T09:39:36.112+0000][7][gc,age      ] GC(13) - age   3:     348504 bytes,    3174400 total
[2022-07-20T09:39:36.112+0000][7][gc,age      ] GC(13) - age   4:    2752568 bytes,    5926968 total
[2022-07-20T09:39:36.112+0000][7][gc,age      ] GC(13) - age   5:     248416 bytes,    6175384 total
[2022-07-20T09:39:36.112+0000][7][gc,age      ] GC(13) - age   6:     996648 bytes,    7172032 total
[2022-07-20T09:39:36.112+0000][7][gc,age      ] GC(13) - age   7:    2000784 bytes,    9172816 total
[2022-07-20T09:39:36.112+0000][7][gc,age      ] GC(13) - age   8:     716864 bytes,    9889680 total
[2022-07-20T09:39:36.112+0000][7][gc,phases   ] GC(13)   Pre Evacuate Collection Set: 0.0ms
[2022-07-20T09:39:36.112+0000][7][gc,phases   ] GC(13)   Merge Heap Roots: 0.0ms
[2022-07-20T09:39:36.112+0000][7][gc,phases   ] GC(13)   Evacuate Collection Set: 7.3ms
[2022-07-20T09:39:36.112+0000][7][gc,phases   ] GC(13)   Post Evacuate Collection Set: 0.5ms
[2022-07-20T09:39:36.112+0000][7][gc,phases   ] GC(13)   Other: 0.2ms
[2022-07-20T09:39:36.112+0000][7][gc,heap     ] GC(13) Eden regions: 34->0(35)
[2022-07-20T09:39:36.112+0000][7][gc,heap     ] GC(13) Survivor regions: 4->3(5)
[2022-07-20T09:39:36.112+0000][7][gc,heap     ] GC(13) Old regions: 3->3
[2022-07-20T09:39:36.112+0000][7][gc,heap     ] GC(13) Archive regions: 2->2
[2022-07-20T09:39:36.112+0000][7][gc,heap     ] GC(13) Humongous regions: 0->0
[2022-07-20T09:39:36.112+0000][7][gc,metaspace] GC(13) Metaspace: 29359K(29952K)->29359K(29952K) NonClass: 25778K(26112K)->25778K(26112K) Class: 3580K(3840K)->3580K(3840K)
[2022-07-20T09:39:36.112+0000][7][gc          ] GC(13) Pause Young (Normal) (G1 Evacuation Pause) 161M->25M(256M) 8.211ms
[2022-07-20T09:39:36.112+0000][7][gc,cpu      ] GC(13) User=0.03s Sys=0.00s Real=0.01s
[2022-07-20T09:39:36.112+0000][7][safepoint   ] Safepoint "G1CollectForAllocation", Time since last: 158498501 ns, Reaching safepoint: 76413 ns, At safepoint: 8278329 ns, Total: 8354742 ns
[2022-07-20T09:39:36.285+0000][7][gc,start    ] GC(14) Pause Young (Normal) (G1 Evacuation Pause)
[2022-07-20T09:39:36.285+0000][7][gc,task     ] GC(14) Using 4 workers of 4 for evacuation
[2022-07-20T09:39:36.285+0000][7][gc,age      ] GC(14) Desired survivor size 10485760 bytes, new threshold 15 (max threshold 15)
[2022-07-20T09:39:36.290+0000][7][gc,age      ] GC(14) Age table with threshold 15 (max threshold 15)
[2022-07-20T09:39:36.290+0000][7][gc,age      ] GC(14) - age   1:     519608 bytes,     519608 total
[2022-07-20T09:39:36.290+0000][7][gc,age      ] GC(14) - age   2:     156352 bytes,     675960 total
[2022-07-20T09:39:36.290+0000][7][gc,age      ] GC(14) - age   3:    2124840 bytes,    2800800 total
[2022-07-20T09:39:36.290+0000][7][gc,age      ] GC(14) - age   4:     348504 bytes,    3149304 total
[2022-07-20T09:39:36.290+0000][7][gc,age      ] GC(14) - age   5:    2752376 bytes,    5901680 total
[2022-07-20T09:39:36.290+0000][7][gc,age      ] GC(14) - age   6:     248320 bytes,    6150000 total
[2022-07-20T09:39:36.290+0000][7][gc,age      ] GC(14) - age   7:     996616 bytes,    7146616 total
[2022-07-20T09:39:36.290+0000][7][gc,age      ] GC(14) - age   8:    2000384 bytes,    9147000 total
[2022-07-20T09:39:36.290+0000][7][gc,age      ] GC(14) - age   9:     716736 bytes,    9863736 total
[2022-07-20T09:39:36.290+0000][7][gc,phases   ] GC(14)   Pre Evacuate Collection Set: 0.0ms
[2022-07-20T09:39:36.290+0000][7][gc,phases   ] GC(14)   Merge Heap Roots: 0.0ms
[2022-07-20T09:39:36.290+0000][7][gc,phases   ] GC(14)   Evacuate Collection Set: 4.4ms
[2022-07-20T09:39:36.290+0000][7][gc,phases   ] GC(14)   Post Evacuate Collection Set: 0.4ms
[2022-07-20T09:39:36.290+0000][7][gc,phases   ] GC(14)   Other: 0.2ms
[2022-07-20T09:39:36.290+0000][7][gc,heap     ] GC(14) Eden regions: 35->0(35)
[2022-07-20T09:39:36.290+0000][7][gc,heap     ] GC(14) Survivor regions: 3->3(5)
[2022-07-20T09:39:36.290+0000][7][gc,heap     ] GC(14) Old regions: 3->3
[2022-07-20T09:39:36.290+0000][7][gc,heap     ] GC(14) Archive regions: 2->2
[2022-07-20T09:39:36.290+0000][7][gc,heap     ] GC(14) Humongous regions: 0->0
[2022-07-20T09:39:36.290+0000][7][gc,metaspace] GC(14) Metaspace: 29426K(30016K)->29426K(30016K) NonClass: 25832K(26176K)->25832K(26176K) Class: 3593K(3840K)->3593K(3840K)
[2022-07-20T09:39:36.290+0000][7][gc          ] GC(14) Pause Young (Normal) (G1 Evacuation Pause) 165M->25M(256M) 5.267ms
[2022-07-20T09:39:36.290+0000][7][gc,cpu      ] GC(14) User=0.02s Sys=0.00s Real=0.00s
[2022-07-20T09:39:36.290+0000][7][safepoint   ] Safepoint "G1CollectForAllocation", Time since last: 172625411 ns, Reaching safepoint: 58981 ns, At safepoint: 5335654 ns, Total: 5394635 ns
[2022-07-20T09:39:36.810+0000][7][gc,heap,exit] Heap
[2022-07-20T09:39:36.810+0000][7][gc,heap,exit]  garbage-first heap   total 262144K, used 141160K [0x00000000f0000000, 0x0000000100000000)
[2022-07-20T09:39:36.811+0000][7][gc,heap,exit]   region size 4096K, 32 young (131072K), 3 survivors (12288K)
[2022-07-20T09:39:36.811+0000][7][gc,heap,exit]  Metaspace       used 31293K, committed 32000K, reserved 1081344K
[2022-07-20T09:39:36.811+0000][7][gc,heap,exit]   class space    used 3830K, committed 4160K, reserved 1048576K
