[2022-07-20T09:39:00.199+0000][7][gc] Using G1
[2022-07-20T09:39:00.247+0000][7][gc,init] Version: 17.0.1+12 (release)
[2022-07-20T09:39:00.247+0000][7][gc,init] CPUs: 4 total, 4 available
[2022-07-20T09:39:00.247+0000][7][gc,init] Memory: 7848M
[2022-07-20T09:39:00.247+0000][7][gc,init] Large Page Support: Disabled
[2022-07-20T09:39:00.247+0000][7][gc,init] NUMA Support: Disabled
[2022-07-20T09:39:00.247+0000][7][gc,init] Compressed Oops: Enabled (32-bit)
[2022-07-20T09:39:00.247+0000][7][gc,init] Heap Region Size: 4M
[2022-07-20T09:39:00.247+0000][7][gc,init] Heap Min Capacity: 256M
[2022-07-20T09:39:00.247+0000][7][gc,init] Heap Initial Capacity: 256M
[2022-07-20T09:39:00.247+0000][7][gc,init] Heap Max Capacity: 256M
[2022-07-20T09:39:00.247+0000][7][gc,init] Pre-touch: Enabled
[2022-07-20T09:39:00.248+0000][7][gc,init] Parallel Workers: 4
[2022-07-20T09:39:00.248+0000][7][gc,init] Concurrent Workers: 1
[2022-07-20T09:39:00.248+0000][7][gc,init] Concurrent Refinement Workers: 4
[2022-07-20T09:39:00.248+0000][7][gc,init] Periodic GC: Disabled
[2022-07-20T09:39:00.248+0000][7][gc,metaspace] CDS archive(s) mapped at: [0x0000000800000000-0x0000000800bd1000-0x0000000800bd1000), size 12390400, SharedBaseAddress: 0x0000000800000000, ArchiveRelocationMode: 0.
[2022-07-20T09:39:00.248+0000][7][gc,metaspace] Compressed class space mapped at: 0x0000000800c00000-0x0000000840c00000, reserved size: 1073741824
[2022-07-20T09:39:00.248+0000][7][gc,metaspace] Narrow klass base: 0x0000000800000000, Narrow klass shift: 0, Narrow klass range: 0x100000000
[2022-07-20T09:39:00.504+0000][7][safepoint   ] Safepoint "ICBufferFull", Time since last: 250738938 ns, Reaching safepoint: 60877 ns, At safepoint: 4981 ns, Total: 65858 ns
[2022-07-20T09:39:00.505+0000][7][safepoint   ] Safepoint "ICBufferFull", Time since last: 1332905 ns, Reaching safepoint: 23586 ns, At safepoint: 3108 ns, Total: 26694 ns
[2022-07-20T09:39:00.537+0000][7][gc,start    ] GC(0) Pause Young (Normal) (G1 Evacuation Pause)
[2022-07-20T09:39:00.537+0000][7][gc,task     ] GC(0) Using 4 workers of 4 for evacuation
[2022-07-20T09:39:00.538+0000][7][gc,age      ] GC(0) Desired survivor size 2097152 bytes, new threshold 15 (max threshold 15)
[2022-07-20T09:39:00.539+0000][7][gc,age      ] GC(0) Age table with threshold 15 (max threshold 15)
[2022-07-20T09:39:00.540+0000][7][gc,age      ] GC(0) - age   1:    2797456 bytes,    2797456 total
[2022-07-20T09:39:00.540+0000][7][gc,phases   ] GC(0)   Pre Evacuate Collection Set: 0.0ms
[2022-07-20T09:39:00.540+0000][7][gc,phases   ] GC(0)   Merge Heap Roots: 0.0ms
[2022-07-20T09:39:00.540+0000][7][gc,phases   ] GC(0)   Evacuate Collection Set: 1.6ms
[2022-07-20T09:39:00.540+0000][7][gc,phases   ] GC(0)   Post Evacuate Collection Set: 0.3ms
[2022-07-20T09:39:00.540+0000][7][gc,phases   ] GC(0)   Other: 0.2ms
[2022-07-20T09:39:00.540+0000][7][gc,heap     ] GC(0) Eden regions: 3->0(2)
[2022-07-20T09:39:00.540+0000][7][gc,heap     ] GC(0) Survivor regions: 0->1(1)
[2022-07-20T09:39:00.540+0000][7][gc,heap     ] GC(0) Old regions: 0->0
[2022-07-20T09:39:00.540+0000][7][gc,heap     ] GC(0) Archive regions: 2->2
[2022-07-20T09:39:00.540+0000][7][gc,heap     ] GC(0) Humongous regions: 0->0
[2022-07-20T09:39:00.540+0000][7][gc,metaspace] GC(0) Metaspace: 3490K(3648K)->3490K(3648K) NonClass: 3141K(3200K)->3141K(3200K) Class: 348K(448K)->348K(448K)
[2022-07-20T09:39:00.540+0000][7][gc          ] GC(0) Pause Young (Normal) (G1 Evacuation Pause) 15M->6M(256M) 2.247ms
[2022-07-20T09:39:00.540+0000][7][gc,cpu      ] GC(0) User=0.00s Sys=0.00s Real=0.00s
[2022-07-20T09:39:00.540+0000][7][safepoint   ] Safepoint "G1CollectForAllocation", Time since last: 32221163 ns, Reaching safepoint: 36090 ns, At safepoint: 2350178 ns, Total: 2386268 ns
[2022-07-20T09:39:00.949+0000][7][gc,start    ] GC(1) Pause Young (Normal) (G1 Evacuation Pause)
[2022-07-20T09:39:00.950+0000][7][gc,task     ] GC(1) Using 4 workers of 4 for evacuation
[2022-07-20T09:39:00.950+0000][7][gc,age      ] GC(1) Desired survivor size 2097152 bytes, new threshold 1 (max threshold 15)
[2022-07-20T09:39:00.954+0000][7][gc,age      ] GC(1) Age table with threshold 1 (max threshold 15)
[2022-07-20T09:39:00.954+0000][7][gc,age      ] GC(1) - age   1:    1072792 bytes,    1072792 total
[2022-07-20T09:39:00.954+0000][7][gc,phases   ] GC(1)   Pre Evacuate Collection Set: 0.0ms
[2022-07-20T09:39:00.954+0000][7][gc,phases   ] GC(1)   Merge Heap Roots: 0.0ms
[2022-07-20T09:39:00.954+0000][7][gc,phases   ] GC(1)   Evacuate Collection Set: 3.7ms
[2022-07-20T09:39:00.954+0000][7][gc,phases   ] GC(1)   Post Evacuate Collection Set: 0.3ms
[2022-07-20T09:39:00.954+0000][7][gc,phases   ] GC(1)   Other: 0.3ms
[2022-07-20T09:39:00.954+0000][7][gc,heap     ] GC(1) Eden regions: 2->0(6)
[2022-07-20T09:39:00.954+0000][7][gc,heap     ] GC(1) Survivor regions: 1->1(1)
[2022-07-20T09:39:00.954+0000][7][gc,heap     ] GC(1) Old regions: 0->1
[2022-07-20T09:39:00.954+0000][7][gc,heap     ] GC(1) Archive regions: 2->2
[2022-07-20T09:39:00.954+0000][7][gc,heap     ] GC(1) Humongous regions: 0->0
[2022-07-20T09:39:00.954+0000][7][gc,metaspace] GC(1) Metaspace: 6509K(6720K)->6509K(6720K) NonClass: 5791K(5888K)->5791K(5888K) Class: 717K(832K)->717K(832K)
[2022-07-20T09:39:00.954+0000][7][gc          ] GC(1) Pause Young (Normal) (G1 Evacuation Pause) 14M->7M(256M) 4.491ms
[2022-07-20T09:39:00.954+0000][7][gc,cpu      ] GC(1) User=0.01s Sys=0.00s Real=0.01s
[2022-07-20T09:39:00.954+0000][7][safepoint   ] Safepoint "G1CollectForAllocation", Time since last: 409637079 ns, Reaching safepoint: 71416 ns, At safepoint: 4554940 ns, Total: 4626356 ns
[2022-07-20T09:39:01.682+0000][7][gc,start    ] GC(2) Pause Young (Normal) (G1 Evacuation Pause)
[2022-07-20T09:39:01.682+0000][7][gc,task     ] GC(2) Using 4 workers of 4 for evacuation
[2022-07-20T09:39:01.682+0000][7][gc,age      ] GC(2) Desired survivor size 2097152 bytes, new threshold 15 (max threshold 15)
[2022-07-20T09:39:01.691+0000][7][gc,age      ] GC(2) Age table with threshold 15 (max threshold 15)
[2022-07-20T09:39:01.691+0000][7][gc,age      ] GC(2) - age   1:    1990976 bytes,    1990976 total
[2022-07-20T09:39:01.691+0000][7][gc,age      ] GC(2) - age   2:    1000624 bytes,    2991600 total
[2022-07-20T09:39:01.691+0000][7][gc,phases   ] GC(2)   Pre Evacuate Collection Set: 0.1ms
[2022-07-20T09:39:01.691+0000][7][gc,phases   ] GC(2)   Merge Heap Roots: 0.1ms
[2022-07-20T09:39:01.691+0000][7][gc,phases   ] GC(2)   Evacuate Collection Set: 7.8ms
[2022-07-20T09:39:01.691+0000][7][gc,phases   ] GC(2)   Post Evacuate Collection Set: 0.7ms
[2022-07-20T09:39:01.691+0000][7][gc,phases   ] GC(2)   Other: 0.4ms
[2022-07-20T09:39:01.691+0000][7][gc,heap     ] GC(2) Eden regions: 6->0(37)
[2022-07-20T09:39:01.691+0000][7][gc,heap     ] GC(2) Survivor regions: 1->1(1)
[2022-07-20T09:39:01.691+0000][7][gc,heap     ] GC(2) Old regions: 1->1
[2022-07-20T09:39:01.691+0000][7][gc,heap     ] GC(2) Archive regions: 2->2
[2022-07-20T09:39:01.691+0000][7][gc,heap     ] GC(2) Humongous regions: 0->0
[2022-07-20T09:39:01.691+0000][7][gc,metaspace] GC(2) Metaspace: 11257K(11520K)->11257K(11520K) NonClass: 9853K(9984K)->9853K(9984K) Class: 1404K(1536K)->1404K(1536K)
[2022-07-20T09:39:01.691+0000][7][gc          ] GC(2) Pause Young (Normal) (G1 Evacuation Pause) 31M->9M(256M) 9.220ms
[2022-07-20T09:39:01.691+0000][7][gc,cpu      ] GC(2) User=0.03s Sys=0.00s Real=0.01s
[2022-07-20T09:39:01.691+0000][7][safepoint   ] Safepoint "G1CollectForAllocation", Time since last: 727485359 ns, Reaching safepoint: 181207 ns, At safepoint: 9352220 ns, Total: 9533427 ns
[2022-07-20T09:39:02.412+0000][7][safepoint   ] Safepoint "ICBufferFull", Time since last: 720889124 ns, Reaching safepoint: 122504 ns, At safepoint: 6906 ns, Total: 129410 ns
[2022-07-20T09:39:03.100+0000][7][gc,start    ] GC(3) Pause Young (Normal) (G1 Evacuation Pause)
[2022-07-20T09:39:03.100+0000][7][gc,task     ] GC(3) Using 4 workers of 4 for evacuation
[2022-07-20T09:39:03.100+0000][7][gc,age      ] GC(3) Desired survivor size 10485760 bytes, new threshold 15 (max threshold 15)
[2022-07-20T09:39:03.109+0000][7][gc,age      ] GC(3) Age table with threshold 15 (max threshold 15)
[2022-07-20T09:39:03.109+0000][7][gc,age      ] GC(3) - age   1:    4423208 bytes,    4423208 total
[2022-07-20T09:39:03.109+0000][7][gc,age      ] GC(3) - age   2:    1866728 bytes,    6289936 total
[2022-07-20T09:39:03.109+0000][7][gc,age      ] GC(3) - age   3:     994808 bytes,    7284744 total
[2022-07-20T09:39:03.109+0000][7][gc,phases   ] GC(3)   Pre Evacuate Collection Set: 0.0ms
[2022-07-20T09:39:03.110+0000][7][gc,phases   ] GC(3)   Merge Heap Roots: 0.0ms
[2022-07-20T09:39:03.110+0000][7][gc,phases   ] GC(3)   Evacuate Collection Set: 8.7ms
[2022-07-20T09:39:03.110+0000][7][gc,phases   ] GC(3)   Post Evacuate Collection Set: 0.6ms
[2022-07-20T09:39:03.110+0000][7][gc,phases   ] GC(3)   Other: 0.3ms
[2022-07-20T09:39:03.110+0000][7][gc,heap     ] GC(3) Eden regions: 37->0(36)
[2022-07-20T09:39:03.110+0000][7][gc,heap     ] GC(3) Survivor regions: 1->2(5)
[2022-07-20T09:39:03.110+0000][7][gc,heap     ] GC(3) Old regions: 1->1
[2022-07-20T09:39:03.110+0000][7][gc,heap     ] GC(3) Archive regions: 2->2
[2022-07-20T09:39:03.110+0000][7][gc,heap     ] GC(3) Humongous regions: 0->0
[2022-07-20T09:39:03.110+0000][7][gc,metaspace] GC(3) Metaspace: 16757K(17024K)->16757K(17024K) NonClass: 14782K(14912K)->14782K(14912K) Class: 1974K(2112K)->1974K(2112K)
[2022-07-20T09:39:03.110+0000][7][gc          ] GC(3) Pause Young (Normal) (G1 Evacuation Pause) 157M->13M(256M) 9.744ms
[2022-07-20T09:39:03.110+0000][7][gc,cpu      ] GC(3) User=0.04s Sys=0.00s Real=0.01s
[2022-07-20T09:39:03.110+0000][7][safepoint   ] Safepoint "G1CollectForAllocation", Time since last: 687728985 ns, Reaching safepoint: 115250 ns, At safepoint: 9817071 ns, Total: 9932321 ns
[2022-07-20T09:39:03.723+0000][7][gc,start    ] GC(4) Pause Young (Normal) (G1 Evacuation Pause)
[2022-07-20T09:39:03.723+0000][7][gc,task     ] GC(4) Using 4 workers of 4 for evacuation
[2022-07-20T09:39:03.723+0000][7][gc,age      ] GC(4) Desired survivor size 10485760 bytes, new threshold 15 (max threshold 15)
[2022-07-20T09:39:03.732+0000][7][gc,age      ] GC(4) Age table with threshold 15 (max threshold 15)
[2022-07-20T09:39:03.732+0000][7][gc,age      ] GC(4) - age   1:    4598424 bytes,    4598424 total
[2022-07-20T09:39:03.732+0000][7][gc,age      ] GC(4) - age   2:    3240480 bytes,    7838904 total
[2022-07-20T09:39:03.732+0000][7][gc,age      ] GC(4) - age   3:    1866344 bytes,    9705248 total
[2022-07-20T09:39:03.732+0000][7][gc,age      ] GC(4) - age   4:     994808 bytes,   10700056 total
[2022-07-20T09:39:03.732+0000][7][gc,phases   ] GC(4)   Pre Evacuate Collection Set: 0.0ms
[2022-07-20T09:39:03.732+0000][7][gc,phases   ] GC(4)   Merge Heap Roots: 0.0ms
[2022-07-20T09:39:03.732+0000][7][gc,phases   ] GC(4)   Evacuate Collection Set: 8.0ms
[2022-07-20T09:39:03.732+0000][7][gc,phases   ] GC(4)   Post Evacuate Collection Set: 0.4ms
[2022-07-20T09:39:03.732+0000][7][gc,phases   ] GC(4)   Other: 0.2ms
[2022-07-20T09:39:03.732+0000][7][gc,heap     ] GC(4) Eden regions: 36->0(35)
[2022-07-20T09:39:03.732+0000][7][gc,heap     ] GC(4) Survivor regions: 2->3(5)
[2022-07-20T09:39:03.732+0000][7][gc,heap     ] GC(4) Old regions: 1->1
[2022-07-20T09:39:03.732+0000][7][gc,heap     ] GC(4) Archive regions: 2->2
[2022-07-20T09:39:03.732+0000][7][gc,heap     ] GC(4) Humongous regions: 0->0
[2022-07-20T09:39:03.732+0000][7][gc,metaspace] GC(4) Metaspace: 20907K(21312K)->20907K(21312K) NonClass: 18404K(18624K)->18404K(18624K) Class: 2502K(2688K)->2502K(2688K)
[2022-07-20T09:39:03.732+0000][7][gc          ] GC(4) Pause Young (Normal) (G1 Evacuation Pause) 157M->17M(256M) 8.870ms
[2022-07-20T09:39:03.732+0000][7][gc,cpu      ] GC(4) User=0.03s Sys=0.00s Real=0.01s
[2022-07-20T09:39:03.732+0000][7][safepoint   ] Safepoint "G1CollectForAllocation", Time since last: 613127485 ns, Reaching safepoint: 141812 ns, At safepoint: 8938202 ns, Total: 9080014 ns
[2022-07-20T09:39:03.876+0000][7][gc,start    ] GC(5) Pause Young (Concurrent Start) (Metadata GC Threshold)
[2022-07-20T09:39:03.876+0000][7][gc,task     ] GC(5) Using 4 workers of 4 for evacuation
[2022-07-20T09:39:03.876+0000][7][gc,age      ] GC(5) Desired survivor size 10485760 bytes, new threshold 4 (max threshold 15)
[2022-07-20T09:39:03.884+0000][7][gc,age      ] GC(5) Age table with threshold 4 (max threshold 15)
[2022-07-20T09:39:03.884+0000][7][gc,age      ] GC(5) - age   1:     690904 bytes,     690904 total
[2022-07-20T09:39:03.884+0000][7][gc,age      ] GC(5) - age   2:    2822560 bytes,    3513464 total
[2022-07-20T09:39:03.884+0000][7][gc,age      ] GC(5) - age   3:    3240376 bytes,    6753840 total
[2022-07-20T09:39:03.884+0000][7][gc,age      ] GC(5) - age   4:    1866344 bytes,    8620184 total
[2022-07-20T09:39:03.884+0000][7][gc,phases   ] GC(5)   Pre Evacuate Collection Set: 0.1ms
[2022-07-20T09:39:03.884+0000][7][gc,phases   ] GC(5)   Merge Heap Roots: 0.0ms
[2022-07-20T09:39:03.884+0000][7][gc,phases   ] GC(5)   Evacuate Collection Set: 7.3ms
[2022-07-20T09:39:03.884+0000][7][gc,phases   ] GC(5)   Post Evacuate Collection Set: 0.4ms
[2022-07-20T09:39:03.884+0000][7][gc,phases   ] GC(5)   Other: 0.3ms
[2022-07-20T09:39:03.884+0000][7][gc,heap     ] GC(5) Eden regions: 18->0(35)
[2022-07-20T09:39:03.884+0000][7][gc,heap     ] GC(5) Survivor regions: 3->3(5)
[2022-07-20T09:39:03.884+0000][7][gc,heap     ] GC(5) Old regions: 1->1
[2022-07-20T09:39:03.884+0000][7][gc,heap     ] GC(5) Archive regions: 2->2
[2022-07-20T09:39:03.884+0000][7][gc,heap     ] GC(5) Humongous regions: 0->0
[2022-07-20T09:39:03.884+0000][7][gc,metaspace] GC(5) Metaspace: 21134K(21504K)->21134K(21504K) NonClass: 18599K(18816K)->18599K(18816K) Class: 2534K(2688K)->2534K(2688K)
[2022-07-20T09:39:03.884+0000][7][gc          ] GC(5) Pause Young (Concurrent Start) (Metadata GC Threshold) 87M->16M(256M) 8.220ms
[2022-07-20T09:39:03.884+0000][7][gc,cpu      ] GC(5) User=0.03s Sys=0.01s Real=0.00s
[2022-07-20T09:39:03.884+0000][7][gc          ] GC(6) Concurrent Mark Cycle
[2022-07-20T09:39:03.884+0000][7][gc,marking  ] GC(6) Concurrent Clear Claimed Marks
[2022-07-20T09:39:03.884+0000][7][safepoint   ] Safepoint "CollectForMetadataAllocation", Time since last: 143949384 ns, Reaching safepoint: 47711 ns, At safepoint: 8361061 ns, Total: 8408772 ns
[2022-07-20T09:39:03.884+0000][7][gc,marking  ] GC(6) Concurrent Clear Claimed Marks 0.026ms
[2022-07-20T09:39:03.884+0000][7][gc,marking  ] GC(6) Concurrent Scan Root Regions
[2022-07-20T09:39:03.893+0000][7][gc,marking  ] GC(6) Concurrent Scan Root Regions 8.749ms
[2022-07-20T09:39:03.893+0000][7][gc,marking  ] GC(6) Concurrent Mark
[2022-07-20T09:39:03.893+0000][7][gc,marking  ] GC(6) Concurrent Mark From Roots
[2022-07-20T09:39:03.893+0000][7][gc,task     ] GC(6) Using 1 workers of 1 for marking
[2022-07-20T09:39:03.898+0000][7][gc,marking  ] GC(6) Concurrent Mark From Roots 5.275ms
[2022-07-20T09:39:03.898+0000][7][gc,marking  ] GC(6) Concurrent Preclean
[2022-07-20T09:39:03.899+0000][7][gc,marking  ] GC(6) Concurrent Preclean 0.107ms
[2022-07-20T09:39:03.899+0000][7][gc,start    ] GC(6) Pause Remark
[2022-07-20T09:39:03.901+0000][7][gc          ] GC(6) Pause Remark 18M->18M(256M) 2.612ms
[2022-07-20T09:39:03.901+0000][7][gc,cpu      ] GC(6) User=0.00s Sys=0.00s Real=0.00s
[2022-07-20T09:39:03.901+0000][7][safepoint   ] Safepoint "G1Concurrent", Time since last: 14399276 ns, Reaching safepoint: 152632 ns, At safepoint: 2677367 ns, Total: 2829999 ns
[2022-07-20T09:39:03.902+0000][7][gc,marking  ] GC(6) Concurrent Mark 8.394ms
[2022-07-20T09:39:03.902+0000][7][gc,marking  ] GC(6) Concurrent Rebuild Remembered Sets
[2022-07-20T09:39:03.902+0000][7][gc,marking  ] GC(6) Concurrent Rebuild Remembered Sets 0.010ms
[2022-07-20T09:39:03.902+0000][7][gc,start    ] GC(6) Pause Cleanup
[2022-07-20T09:39:03.902+0000][7][gc          ] GC(6) Pause Cleanup 18M->18M(256M) 0.019ms
[2022-07-20T09:39:03.902+0000][7][gc,cpu      ] GC(6) User=0.00s Sys=0.00s Real=0.00s
[2022-07-20T09:39:03.902+0000][7][safepoint   ] Safepoint "G1Concurrent", Time since last: 93472 ns, Reaching safepoint: 83187 ns, At safepoint: 47929 ns, Total: 131116 ns
[2022-07-20T09:39:03.902+0000][7][gc,marking  ] GC(6) Concurrent Cleanup for Next Mark
[2022-07-20T09:39:03.902+0000][7][gc,marking  ] GC(6) Concurrent Cleanup for Next Mark 0.316ms
[2022-07-20T09:39:03.902+0000][7][gc          ] GC(6) Concurrent Mark Cycle 17.913ms
[2022-07-20T09:39:03.981+0000][7][safepoint   ] Safepoint "ICBufferFull", Time since last: 79609388 ns, Reaching safepoint: 54495 ns, At safepoint: 4189 ns, Total: 58684 ns
[2022-07-20T09:39:03.985+0000][7][safepoint   ] Safepoint "ICBufferFull", Time since last: 3177793 ns, Reaching safepoint: 22762 ns, At safepoint: 6293 ns, Total: 29055 ns
[2022-07-20T09:39:03.986+0000][7][safepoint   ] Safepoint "ICBufferFull", Time since last: 1794738 ns, Reaching safepoint: 24977 ns, At safepoint: 3067 ns, Total: 28044 ns
[2022-07-20T09:39:03.987+0000][7][safepoint   ] Safepoint "ICBufferFull", Time since last: 806489 ns, Reaching safepoint: 37608 ns, At safepoint: 3040 ns, Total: 40648 ns
[2022-07-20T09:39:03.988+0000][7][safepoint   ] Safepoint "ICBufferFull", Time since last: 842103 ns, Reaching safepoint: 27713 ns, At safepoint: 2105 ns, Total: 29818 ns
[2022-07-20T09:39:04.195+0000][7][gc,start    ] GC(7) Pause Young (Normal) (G1 Evacuation Pause)
[2022-07-20T09:39:04.195+0000][7][gc,task     ] GC(7) Using 4 workers of 4 for evacuation
[2022-07-20T09:39:04.195+0000][7][gc,age      ] GC(7) Desired survivor size 10485760 bytes, new threshold 15 (max threshold 15)
[2022-07-20T09:39:04.203+0000][7][gc,age      ] GC(7) Age table with threshold 15 (max threshold 15)
[2022-07-20T09:39:04.203+0000][7][gc,age      ] GC(7) - age   1:    2783728 bytes,    2783728 total
[2022-07-20T09:39:04.203+0000][7][gc,age      ] GC(7) - age   2:     680016 bytes,    3463744 total
[2022-07-20T09:39:04.203+0000][7][gc,age      ] GC(7) - age   3:    2821392 bytes,    6285136 total
[2022-07-20T09:39:04.203+0000][7][gc,age      ] GC(7) - age   4:    3232560 bytes,    9517696 total
[2022-07-20T09:39:04.203+0000][7][gc,age      ] GC(7) - age   5:    1864032 bytes,   11381728 total
[2022-07-20T09:39:04.203+0000][7][gc,phases   ] GC(7)   Pre Evacuate Collection Set: 0.0ms
[2022-07-20T09:39:04.203+0000][7][gc,phases   ] GC(7)   Merge Heap Roots: 0.0ms
[2022-07-20T09:39:04.203+0000][7][gc,phases   ] GC(7)   Evacuate Collection Set: 7.3ms
[2022-07-20T09:39:04.203+0000][7][gc,phases   ] GC(7)   Post Evacuate Collection Set: 0.5ms
[2022-07-20T09:39:04.203+0000][7][gc,phases   ] GC(7)   Other: 0.2ms
[2022-07-20T09:39:04.203+0000][7][gc,heap     ] GC(7) Eden regions: 35->0(35)
[2022-07-20T09:39:04.203+0000][7][gc,heap     ] GC(7) Survivor regions: 3->3(5)
[2022-07-20T09:39:04.203+0000][7][gc,heap     ] GC(7) Old regions: 1->1
[2022-07-20T09:39:04.203+0000][7][gc,heap     ] GC(7) Archive regions: 2->2
[2022-07-20T09:39:04.203+0000][7][gc,heap     ] GC(7) Humongous regions: 0->0
[2022-07-20T09:39:04.203+0000][7][gc,metaspace] GC(7) Metaspace: 22773K(23168K)->22773K(23168K) NonClass: 20006K(20224K)->20006K(20224K) Class: 2767K(2944K)->2767K(2944K)
[2022-07-20T09:39:04.203+0000][7][gc          ] GC(7) Pause Young (Normal) (G1 Evacuation Pause) 156M->19M(256M) 8.209ms
[2022-07-20T09:39:04.204+0000][7][gc,cpu      ] GC(7) User=0.03s Sys=0.00s Real=0.00s
[2022-07-20T09:39:04.204+0000][7][safepoint   ] Safepoint "G1CollectForAllocation", Time since last: 207062982 ns, Reaching safepoint: 73155 ns, At safepoint: 8276486 ns, Total: 8349641 ns
[2022-07-20T09:39:04.510+0000][7][gc,start    ] GC(8) Pause Young (Normal) (G1 Evacuation Pause)
[2022-07-20T09:39:04.510+0000][7][gc,task     ] GC(8) Using 4 workers of 4 for evacuation
[2022-07-20T09:39:04.510+0000][7][gc,age      ] GC(8) Desired survivor size 10485760 bytes, new threshold 5 (max threshold 15)
[2022-07-20T09:39:04.519+0000][7][gc,age      ] GC(8) Age table with threshold 5 (max threshold 15)
[2022-07-20T09:39:04.519+0000][7][gc,age      ] GC(8) - age   1:    1392104 bytes,    1392104 total
[2022-07-20T09:39:04.519+0000][7][gc,age      ] GC(8) - age   2:    2042896 bytes,    3435000 total
[2022-07-20T09:39:04.519+0000][7][gc,age      ] GC(8) - age   3:     680016 bytes,    4115016 total
[2022-07-20T09:39:04.519+0000][7][gc,age      ] GC(8) - age   4:    2821392 bytes,    6936408 total
[2022-07-20T09:39:04.519+0000][7][gc,age      ] GC(8) - age   5:    3232496 bytes,   10168904 total
[2022-07-20T09:39:04.519+0000][7][gc,phases   ] GC(8)   Pre Evacuate Collection Set: 0.0ms
[2022-07-20T09:39:04.519+0000][7][gc,phases   ] GC(8)   Merge Heap Roots: 0.0ms
[2022-07-20T09:39:04.519+0000][7][gc,phases   ] GC(8)   Evacuate Collection Set: 8.0ms
[2022-07-20T09:39:04.519+0000][7][gc,phases   ] GC(8)   Post Evacuate Collection Set: 0.5ms
[2022-07-20T09:39:04.519+0000][7][gc,phases   ] GC(8)   Other: 0.2ms
[2022-07-20T09:39:04.519+0000][7][gc,heap     ] GC(8) Eden regions: 35->0(35)
[2022-07-20T09:39:04.519+0000][7][gc,heap     ] GC(8) Survivor regions: 3->3(5)
[2022-07-20T09:39:04.519+0000][7][gc,heap     ] GC(8) Old regions: 1->2
[2022-07-20T09:39:04.519+0000][7][gc,heap     ] GC(8) Archive regions: 2->2
[2022-07-20T09:39:04.519+0000][7][gc,heap     ] GC(8) Humongous regions: 0->0
[2022-07-20T09:39:04.519+0000][7][gc,metaspace] GC(8) Metaspace: 23127K(23552K)->23127K(23552K) NonClass: 20321K(20608K)->20321K(20608K) Class: 2805K(2944K)->2805K(2944K)
[2022-07-20T09:39:04.519+0000][7][gc          ] GC(8) Pause Young (Normal) (G1 Evacuation Pause) 159M->20M(256M) 8.888ms
[2022-07-20T09:39:04.519+0000][7][gc,cpu      ] GC(8) User=0.03s Sys=0.00s Real=0.01s
[2022-07-20T09:39:04.519+0000][7][safepoint   ] Safepoint "G1CollectForAllocation", Time since last: 306774649 ns, Reaching safepoint: 57204 ns, At safepoint: 8951942 ns, Total: 9009146 ns
[2022-07-20T09:39:04.709+0000][7][gc,start    ] GC(9) Pause Young (Normal) (G1 Evacuation Pause)
[2022-07-20T09:39:04.709+0000][7][gc,task     ] GC(9) Using 4 workers of 4 for evacuation
[2022-07-20T09:39:04.709+0000][7][gc,age      ] GC(9) Desired survivor size 10485760 bytes, new threshold 15 (max threshold 15)
[2022-07-20T09:39:04.717+0000][7][gc,age      ] GC(9) Age table with threshold 15 (max threshold 15)
[2022-07-20T09:39:04.717+0000][7][gc,age      ] GC(9) - age   1:     266952 bytes,     266952 total
[2022-07-20T09:39:04.717+0000][7][gc,age      ] GC(9) - age   2:     997936 bytes,    1264888 total
[2022-07-20T09:39:04.717+0000][7][gc,age      ] GC(9) - age   3:    2042608 bytes,    3307496 total
[2022-07-20T09:39:04.717+0000][7][gc,age      ] GC(9) - age   4:     680016 bytes,    3987512 total
[2022-07-20T09:39:04.717+0000][7][gc,age      ] GC(9) - age   5:    2821104 bytes,    6808616 total
[2022-07-20T09:39:04.717+0000][7][gc,age      ] GC(9) - age   6:    3232496 bytes,   10041112 total
[2022-07-20T09:39:04.718+0000][7][gc,phases   ] GC(9)   Pre Evacuate Collection Set: 0.0ms
[2022-07-20T09:39:04.718+0000][7][gc,phases   ] GC(9)   Merge Heap Roots: 0.0ms
[2022-07-20T09:39:04.718+0000][7][gc,phases   ] GC(9)   Evacuate Collection Set: 7.7ms
[2022-07-20T09:39:04.718+0000][7][gc,phases   ] GC(9)   Post Evacuate Collection Set: 0.4ms
[2022-07-20T09:39:04.718+0000][7][gc,phases   ] GC(9)   Other: 0.3ms
[2022-07-20T09:39:04.718+0000][7][gc,heap     ] GC(9) Eden regions: 35->0(35)
[2022-07-20T09:39:04.718+0000][7][gc,heap     ] GC(9) Survivor regions: 3->3(5)
[2022-07-20T09:39:04.718+0000][7][gc,heap     ] GC(9) Old regions: 2->2
[2022-07-20T09:39:04.718+0000][7][gc,heap     ] GC(9) Archive regions: 2->2
[2022-07-20T09:39:04.718+0000][7][gc,heap     ] GC(9) Humongous regions: 0->0
[2022-07-20T09:39:04.718+0000][7][gc,metaspace] GC(9) Metaspace: 23371K(23872K)->23371K(23872K) NonClass: 20525K(20864K)->20525K(20864K) Class: 2846K(3008K)->2846K(3008K)
[2022-07-20T09:39:04.718+0000][7][gc          ] GC(9) Pause Young (Normal) (G1 Evacuation Pause) 160M->20M(256M) 8.548ms
[2022-07-20T09:39:04.718+0000][7][gc,cpu      ] GC(9) User=0.03s Sys=0.00s Real=0.01s
[2022-07-20T09:39:04.718+0000][7][safepoint   ] Safepoint "G1CollectForAllocation", Time since last: 189695653 ns, Reaching safepoint: 66862 ns, At safepoint: 8629549 ns, Total: 8696411 ns
[2022-07-20T09:39:05.155+0000][7][gc,start    ] GC(10) Pause Young (Normal) (G1 Evacuation Pause)
[2022-07-20T09:39:05.155+0000][7][gc,task     ] GC(10) Using 4 workers of 4 for evacuation
[2022-07-20T09:39:05.155+0000][7][gc,age      ] GC(10) Desired survivor size 10485760 bytes, new threshold 15 (max threshold 15)
[2022-07-20T09:39:05.165+0000][7][gc,age      ] GC(10) Age table with threshold 15 (max threshold 15)
[2022-07-20T09:39:05.165+0000][7][gc,age      ] GC(10) - age   1:    3938408 bytes,    3938408 total
[2022-07-20T09:39:05.165+0000][7][gc,age      ] GC(10) - age   2:     249504 bytes,    4187912 total
[2022-07-20T09:39:05.165+0000][7][gc,age      ] GC(10) - age   3:     997752 bytes,    5185664 total
[2022-07-20T09:39:05.165+0000][7][gc,age      ] GC(10) - age   4:    2038408 bytes,    7224072 total
[2022-07-20T09:39:05.165+0000][7][gc,age      ] GC(10) - age   5:     679664 bytes,    7903736 total
[2022-07-20T09:39:05.165+0000][7][gc,age      ] GC(10) - age   6:    2819104 bytes,   10722840 total
[2022-07-20T09:39:05.165+0000][7][gc,age      ] GC(10) - age   7:    3208792 bytes,   13931632 total
[2022-07-20T09:39:05.165+0000][7][gc,phases   ] GC(10)   Pre Evacuate Collection Set: 0.0ms
[2022-07-20T09:39:05.165+0000][7][gc,phases   ] GC(10)   Merge Heap Roots: 0.0ms
[2022-07-20T09:39:05.165+0000][7][gc,phases   ] GC(10)   Evacuate Collection Set: 9.0ms
[2022-07-20T09:39:05.165+0000][7][gc,phases   ] GC(10)   Post Evacuate Collection Set: 0.6ms
[2022-07-20T09:39:05.165+0000][7][gc,phases   ] GC(10)   Other: 0.3ms
[2022-07-20T09:39:05.165+0000][7][gc,heap     ] GC(10) Eden regions: 35->0(34)
[2022-07-20T09:39:05.165+0000][7][gc,heap     ] GC(10) Survivor regions: 3->4(5)
[2022-07-20T09:39:05.165+0000][7][gc,heap     ] GC(10) Old regions: 2->2
[2022-07-20T09:39:05.165+0000][7][gc,heap     ] GC(10) Archive regions: 2->2
[2022-07-20T09:39:05.165+0000][7][gc,heap     ] GC(10) Humongous regions: 0->0
[2022-07-20T09:39:05.165+0000][7][gc,metaspace] GC(10) Metaspace: 28153K(28736K)->28153K(28736K) NonClass: 24752K(25088K)->24752K(25088K) Class: 3400K(3648K)->3400K(3648K)
[2022-07-20T09:39:05.165+0000][7][gc          ] GC(10) Pause Young (Normal) (G1 Evacuation Pause) 160M->23M(256M) 10.026ms
[2022-07-20T09:39:05.165+0000][7][gc,cpu      ] GC(10) User=0.03s Sys=0.00s Real=0.01s
[2022-07-20T09:39:05.165+0000][7][safepoint   ] Safepoint "G1CollectForAllocation", Time since last: 437484995 ns, Reaching safepoint: 138366 ns, At safepoint: 10112468 ns, Total: 10250834 ns
[2022-07-20T09:39:05.450+0000][7][gc,start    ] GC(11) Pause Young (Normal) (G1 Evacuation Pause)
[2022-07-20T09:39:05.450+0000][7][gc,task     ] GC(11) Using 4 workers of 4 for evacuation
[2022-07-20T09:39:05.450+0000][7][gc,age      ] GC(11) Desired survivor size 10485760 bytes, new threshold 6 (max threshold 15)
[2022-07-20T09:39:05.459+0000][7][gc,age      ] GC(11) Age table with threshold 6 (max threshold 15)
[2022-07-20T09:39:05.459+0000][7][gc,age      ] GC(11) - age   1:     598248 bytes,     598248 total
[2022-07-20T09:39:05.459+0000][7][gc,age      ] GC(11) - age   2:    2752768 bytes,    3351016 total
[2022-07-20T09:39:05.459+0000][7][gc,age      ] GC(11) - age   3:     249504 bytes,    3600520 total
[2022-07-20T09:39:05.459+0000][7][gc,age      ] GC(11) - age   4:     997752 bytes,    4598272 total
[2022-07-20T09:39:05.459+0000][7][gc,age      ] GC(11) - age   5:    2038408 bytes,    6636680 total
[2022-07-20T09:39:05.459+0000][7][gc,age      ] GC(11) - age   6:     679664 bytes,    7316344 total
[2022-07-20T09:39:05.459+0000][7][gc,phases   ] GC(11)   Pre Evacuate Collection Set: 0.0ms
[2022-07-20T09:39:05.459+0000][7][gc,phases   ] GC(11)   Merge Heap Roots: 0.0ms
[2022-07-20T09:39:05.460+0000][7][gc,phases   ] GC(11)   Evacuate Collection Set: 8.6ms
[2022-07-20T09:39:05.460+0000][7][gc,phases   ] GC(11)   Post Evacuate Collection Set: 0.5ms
[2022-07-20T09:39:05.460+0000][7][gc,phases   ] GC(11)   Other: 0.3ms
[2022-07-20T09:39:05.460+0000][7][gc,heap     ] GC(11) Eden regions: 34->0(35)
[2022-07-20T09:39:05.460+0000][7][gc,heap     ] GC(11) Survivor regions: 4->3(5)
[2022-07-20T09:39:05.460+0000][7][gc,heap     ] GC(11) Old regions: 2->3
[2022-07-20T09:39:05.460+0000][7][gc,heap     ] GC(11) Archive regions: 2->2
[2022-07-20T09:39:05.460+0000][7][gc,heap     ] GC(11) Humongous regions: 0->0
[2022-07-20T09:39:05.460+0000][7][gc,metaspace] GC(11) Metaspace: 28230K(28800K)->28230K(28800K) NonClass: 24814K(25152K)->24814K(25152K) Class: 3416K(3648K)->3416K(3648K)
[2022-07-20T09:39:05.460+0000][7][gc          ] GC(11) Pause Young (Normal) (G1 Evacuation Pause) 159M->23M(256M) 9.622ms
[2022-07-20T09:39:05.460+0000][7][gc,cpu      ] GC(11) User=0.03s Sys=0.00s Real=0.01s
[2022-07-20T09:39:05.460+0000][7][safepoint   ] Safepoint "G1CollectForAllocation", Time since last: 284477125 ns, Reaching safepoint: 58242 ns, At safepoint: 9734035 ns, Total: 9792277 ns
[2022-07-20T09:39:05.824+0000][7][gc,start    ] GC(12) Pause Young (Normal) (G1 Evacuation Pause)
[2022-07-20T09:39:05.824+0000][7][gc,task     ] GC(12) Using 4 workers of 4 for evacuation
[2022-07-20T09:39:05.824+0000][7][gc,age      ] GC(12) Desired survivor size 10485760 bytes, new threshold 15 (max threshold 15)
[2022-07-20T09:39:05.830+0000][7][gc,age      ] GC(12) Age table with threshold 15 (max threshold 15)
[2022-07-20T09:39:05.830+0000][7][gc,age      ] GC(12) - age   1:    2618256 bytes,    2618256 total
[2022-07-20T09:39:05.830+0000][7][gc,age      ] GC(12) - age   2:     348520 bytes,    2966776 total
[2022-07-20T09:39:05.830+0000][7][gc,age      ] GC(12) - age   3:    2752768 bytes,    5719544 total
[2022-07-20T09:39:05.830+0000][7][gc,age      ] GC(12) - age   4:     248960 bytes,    5968504 total
[2022-07-20T09:39:05.830+0000][7][gc,age      ] GC(12) - age   5:     996696 bytes,    6965200 total
[2022-07-20T09:39:05.830+0000][7][gc,age      ] GC(12) - age   6:    2038408 bytes,    9003608 total
[2022-07-20T09:39:05.830+0000][7][gc,age      ] GC(12) - age   7:     679576 bytes,    9683184 total
[2022-07-20T09:39:05.830+0000][7][gc,phases   ] GC(12)   Pre Evacuate Collection Set: 0.0ms
[2022-07-20T09:39:05.830+0000][7][gc,phases   ] GC(12)   Merge Heap Roots: 0.0ms
[2022-07-20T09:39:05.830+0000][7][gc,phases   ] GC(12)   Evacuate Collection Set: 5.4ms
[2022-07-20T09:39:05.830+0000][7][gc,phases   ] GC(12)   Post Evacuate Collection Set: 0.7ms
[2022-07-20T09:39:05.830+0000][7][gc,phases   ] GC(12)   Other: 0.2ms
[2022-07-20T09:39:05.830+0000][7][gc,heap     ] GC(12) Eden regions: 35->0(35)
[2022-07-20T09:39:05.830+0000][7][gc,heap     ] GC(12) Survivor regions: 3->3(5)
[2022-07-20T09:39:05.830+0000][7][gc,heap     ] GC(12) Old regions: 3->3
[2022-07-20T09:39:05.830+0000][7][gc,heap     ] GC(12) Archive regions: 2->2
[2022-07-20T09:39:05.830+0000][7][gc,heap     ] GC(12) Humongous regions: 0->0
[2022-07-20T09:39:05.830+0000][7][gc,metaspace] GC(12) Metaspace: 29207K(29760K)->29207K(29760K) NonClass: 25659K(25984K)->25659K(25984K) Class: 3548K(3776K)->3548K(3776K)
[2022-07-20T09:39:05.830+0000][7][gc          ] GC(12) Pause Young (Normal) (G1 Evacuation Pause) 163M->25M(256M) 6.545ms
[2022-07-20T09:39:05.830+0000][7][gc,cpu      ] GC(12) User=0.01s Sys=0.00s Real=0.01s
[2022-07-20T09:39:05.830+0000][7][safepoint   ] Safepoint "G1CollectForAllocation", Time since last: 364030936 ns, Reaching safepoint: 46506 ns, At safepoint: 6617424 ns, Total: 6663930 ns
[2022-07-20T09:39:06.012+0000][7][gc,start    ] GC(13) Pause Young (Normal) (G1 Evacuation Pause)
[2022-07-20T09:39:06.013+0000][7][gc,task     ] GC(13) Using 4 workers of 4 for evacuation
[2022-07-20T09:39:06.013+0000][7][gc,age      ] GC(13) Desired survivor size 10485760 bytes, new threshold 15 (max threshold 15)
[2022-07-20T09:39:06.021+0000][7][gc,age      ] GC(13) Age table with threshold 15 (max threshold 15)
[2022-07-20T09:39:06.021+0000][7][gc,age      ] GC(13) - age   1:     646624 bytes,     646624 total
[2022-07-20T09:39:06.021+0000][7][gc,age      ] GC(13) - age   2:    2125032 bytes,    2771656 total
[2022-07-20T09:39:06.021+0000][7][gc,age      ] GC(13) - age   3:     348520 bytes,    3120176 total
[2022-07-20T09:39:06.021+0000][7][gc,age      ] GC(13) - age   4:    2752360 bytes,    5872536 total
[2022-07-20T09:39:06.021+0000][7][gc,age      ] GC(13) - age   5:     248352 bytes,    6120888 total
[2022-07-20T09:39:06.021+0000][7][gc,age      ] GC(13) - age   6:     996664 bytes,    7117552 total
[2022-07-20T09:39:06.021+0000][7][gc,age      ] GC(13) - age   7:    2038184 bytes,    9155736 total
[2022-07-20T09:39:06.021+0000][7][gc,age      ] GC(13) - age   8:     679512 bytes,    9835248 total
[2022-07-20T09:39:06.021+0000][7][gc,phases   ] GC(13)   Pre Evacuate Collection Set: 0.1ms
[2022-07-20T09:39:06.021+0000][7][gc,phases   ] GC(13)   Merge Heap Roots: 0.1ms
[2022-07-20T09:39:06.021+0000][7][gc,phases   ] GC(13)   Evacuate Collection Set: 7.3ms
[2022-07-20T09:39:06.021+0000][7][gc,phases   ] GC(13)   Post Evacuate Collection Set: 0.6ms
[2022-07-20T09:39:06.021+0000][7][gc,phases   ] GC(13)   Other: 0.4ms
[2022-07-20T09:39:06.021+0000][7][gc,heap     ] GC(13) Eden regions: 35->0(35)
[2022-07-20T09:39:06.021+0000][7][gc,heap     ] GC(13) Survivor regions: 3->3(5)
[2022-07-20T09:39:06.021+0000][7][gc,heap     ] GC(13) Old regions: 3->3
[2022-07-20T09:39:06.021+0000][7][gc,heap     ] GC(13) Archive regions: 2->2
[2022-07-20T09:39:06.021+0000][7][gc,heap     ] GC(13) Humongous regions: 0->0
[2022-07-20T09:39:06.021+0000][7][gc,metaspace] GC(13) Metaspace: 29476K(30080K)->29476K(30080K) NonClass: 25882K(26240K)->25882K(26240K) Class: 3593K(3840K)->3593K(3840K)
[2022-07-20T09:39:06.021+0000][7][gc          ] GC(13) Pause Young (Normal) (G1 Evacuation Pause) 165M->25M(256M) 8.504ms
[2022-07-20T09:39:06.021+0000][7][gc,cpu      ] GC(13) User=0.02s Sys=0.00s Real=0.00s
[2022-07-20T09:39:06.021+0000][7][safepoint   ] Safepoint "G1CollectForAllocation", Time since last: 181971805 ns, Reaching safepoint: 36988 ns, At safepoint: 8575443 ns, Total: 8612431 ns
[2022-07-20T09:39:06.292+0000][7][gc,start    ] GC(14) Pause Young (Normal) (G1 Evacuation Pause)
[2022-07-20T09:39:06.292+0000][7][gc,task     ] GC(14) Using 4 workers of 4 for evacuation
[2022-07-20T09:39:06.292+0000][7][gc,age      ] GC(14) Desired survivor size 10485760 bytes, new threshold 15 (max threshold 15)
[2022-07-20T09:39:06.305+0000][7][gc,age      ] GC(14) Age table with threshold 15 (max threshold 15)
[2022-07-20T09:39:06.305+0000][7][gc,age      ] GC(14) - age   1:     612656 bytes,     612656 total
[2022-07-20T09:39:06.305+0000][7][gc,age      ] GC(14) - age   2:     343280 bytes,     955936 total
[2022-07-20T09:39:06.305+0000][7][gc,age      ] GC(14) - age   3:    2125032 bytes,    3080968 total
[2022-07-20T09:39:06.305+0000][7][gc,age      ] GC(14) - age   4:     348520 bytes,    3429488 total
[2022-07-20T09:39:06.305+0000][7][gc,age      ] GC(14) - age   5:    2752360 bytes,    6181848 total
[2022-07-20T09:39:06.305+0000][7][gc,age      ] GC(14) - age   6:     248352 bytes,    6430200 total
[2022-07-20T09:39:06.305+0000][7][gc,age      ] GC(14) - age   7:     996664 bytes,    7426864 total
[2022-07-20T09:39:06.305+0000][7][gc,age      ] GC(14) - age   8:    2037944 bytes,    9464808 total
[2022-07-20T09:39:06.305+0000][7][gc,age      ] GC(14) - age   9:     679512 bytes,   10144320 total
[2022-07-20T09:39:06.305+0000][7][gc,phases   ] GC(14)   Pre Evacuate Collection Set: 0.1ms
[2022-07-20T09:39:06.306+0000][7][gc,phases   ] GC(14)   Merge Heap Roots: 0.1ms
[2022-07-20T09:39:06.306+0000][7][gc,phases   ] GC(14)   Evacuate Collection Set: 11.7ms
[2022-07-20T09:39:06.306+0000][7][gc,phases   ] GC(14)   Post Evacuate Collection Set: 1.1ms
[2022-07-20T09:39:06.306+0000][7][gc,phases   ] GC(14)   Other: 0.6ms
[2022-07-20T09:39:06.306+0000][7][gc,heap     ] GC(14) Eden regions: 35->0(35)
[2022-07-20T09:39:06.306+0000][7][gc,heap     ] GC(14) Survivor regions: 3->3(5)
[2022-07-20T09:39:06.306+0000][7][gc,heap     ] GC(14) Old regions: 3->3
[2022-07-20T09:39:06.306+0000][7][gc,heap     ] GC(14) Archive regions: 2->2
[2022-07-20T09:39:06.306+0000][7][gc,heap     ] GC(14) Humongous regions: 0->0
[2022-07-20T09:39:06.306+0000][7][gc,metaspace] GC(14) Metaspace: 29523K(30144K)->29523K(30144K) NonClass: 25918K(26304K)->25918K(26304K) Class: 3605K(3840K)->3605K(3840K)
[2022-07-20T09:39:06.306+0000][7][gc          ] GC(14) Pause Young (Normal) (G1 Evacuation Pause) 165M->25M(256M) 13.879ms
[2022-07-20T09:39:06.306+0000][7][gc,cpu      ] GC(14) User=0.03s Sys=0.00s Real=0.02s
[2022-07-20T09:39:06.306+0000][7][safepoint   ] Safepoint "G1CollectForAllocation", Time since last: 270796404 ns, Reaching safepoint: 75129 ns, At safepoint: 14055785 ns, Total: 14130914 ns
[2022-07-20T09:39:06.952+0000][7][gc,heap,exit] Heap
[2022-07-20T09:39:06.953+0000][7][gc,heap,exit]  garbage-first heap   total 262144K, used 128476K [0x00000000f0000000, 0x0000000100000000)
[2022-07-20T09:39:06.953+0000][7][gc,heap,exit]   region size 4096K, 29 young (118784K), 3 survivors (12288K)
[2022-07-20T09:39:06.953+0000][7][gc,heap,exit]  Metaspace       used 31388K, committed 32128K, reserved 1081344K
[2022-07-20T09:39:06.953+0000][7][gc,heap,exit]   class space    used 3840K, committed 4160K, reserved 1048576K
